../Core/M4lib/include/builtin_interfaces/msg/detail/duration__functions.c:15:1:builtin_interfaces__msg__Duration__init	16	static
../Core/M4lib/include/builtin_interfaces/msg/detail/duration__functions.c:26:1:builtin_interfaces__msg__Duration__fini	16	static
../Core/M4lib/include/builtin_interfaces/msg/detail/duration__functions.c:36:1:builtin_interfaces__msg__Duration__are_equal	16	static
../Core/M4lib/include/builtin_interfaces/msg/detail/duration__functions.c:53:1:builtin_interfaces__msg__Duration__copy	16	static
../Core/M4lib/include/builtin_interfaces/msg/detail/duration__functions.c:68:1:builtin_interfaces__msg__Duration__create	40	static
../Core/M4lib/include/builtin_interfaces/msg/detail/duration__functions.c:85:1:builtin_interfaces__msg__Duration__destroy	40	static
../Core/M4lib/include/builtin_interfaces/msg/detail/duration__functions.c:96:1:builtin_interfaces__msg__Duration__Sequence__init	48	static
../Core/M4lib/include/builtin_interfaces/msg/detail/duration__functions.c:133:1:builtin_interfaces__msg__Duration__Sequence__fini	40	static
../Core/M4lib/include/builtin_interfaces/msg/detail/duration__functions.c:159:1:builtin_interfaces__msg__Duration__Sequence__create	48	static
../Core/M4lib/include/builtin_interfaces/msg/detail/duration__functions.c:175:1:builtin_interfaces__msg__Duration__Sequence__destroy	40	static
../Core/M4lib/include/builtin_interfaces/msg/detail/duration__functions.c:185:1:builtin_interfaces__msg__Duration__Sequence__are_equal	24	static
../Core/M4lib/include/builtin_interfaces/msg/detail/duration__functions.c:202:1:builtin_interfaces__msg__Duration__Sequence__copy	56	static
