../Core/M4lib/include/action_msgs/srv/detail/cancel_goal__description.c:9:1:action_msgs__srv__CancelGoal__get_type_hash	16	static
../Core/M4lib/include/action_msgs/srv/detail/cancel_goal__description.c:24:1:action_msgs__srv__CancelGoal_Request__get_type_hash	16	static
../Core/M4lib/include/action_msgs/srv/detail/cancel_goal__description.c:39:1:action_msgs__srv__CancelGoal_Response__get_type_hash	16	static
../Core/M4lib/include/action_msgs/srv/detail/cancel_goal__description.c:54:1:action_msgs__srv__CancelGoal_Event__get_type_hash	16	static
../Core/M4lib/include/action_msgs/srv/detail/cancel_goal__description.c:183:1:action_msgs__srv__CancelGoal__get_type_description	16	static
../Core/M4lib/include/action_msgs/srv/detail/cancel_goal__description.c:243:1:action_msgs__srv__CancelGoal_Request__get_type_description	16	static
../Core/M4lib/include/action_msgs/srv/detail/cancel_goal__description.c:309:1:action_msgs__srv__CancelGoal_Response__get_type_description	16	static
../Core/M4lib/include/action_msgs/srv/detail/cancel_goal__description.c:398:1:action_msgs__srv__CancelGoal_Event__get_type_description	16	static
../Core/M4lib/include/action_msgs/srv/detail/cancel_goal__description.c:480:1:action_msgs__srv__CancelGoal__get_individual_type_description_source	16	static
../Core/M4lib/include/action_msgs/srv/detail/cancel_goal__description.c:493:1:action_msgs__srv__CancelGoal_Request__get_individual_type_description_source	16	static
../Core/M4lib/include/action_msgs/srv/detail/cancel_goal__description.c:506:1:action_msgs__srv__CancelGoal_Response__get_individual_type_description_source	16	static
../Core/M4lib/include/action_msgs/srv/detail/cancel_goal__description.c:519:1:action_msgs__srv__CancelGoal_Event__get_individual_type_description_source	16	static
../Core/M4lib/include/action_msgs/srv/detail/cancel_goal__description.c:532:1:action_msgs__srv__CancelGoal__get_type_description_sources	24	static
../Core/M4lib/include/action_msgs/srv/detail/cancel_goal__description.c:554:1:action_msgs__srv__CancelGoal_Request__get_type_description_sources	24	static
../Core/M4lib/include/action_msgs/srv/detail/cancel_goal__description.c:572:1:action_msgs__srv__CancelGoal_Response__get_type_description_sources	24	static
../Core/M4lib/include/action_msgs/srv/detail/cancel_goal__description.c:590:1:action_msgs__srv__CancelGoal_Event__get_type_description_sources	24	static
