../Core/M4lib/include/composition_interfaces/srv/detail/list_nodes__functions.c:14:1:composition_interfaces__srv__ListNodes_Request__init	16	static
../Core/M4lib/include/composition_interfaces/srv/detail/list_nodes__functions.c:24:1:composition_interfaces__srv__ListNodes_Request__fini	16	static
../Core/M4lib/include/composition_interfaces/srv/detail/list_nodes__functions.c:33:1:composition_interfaces__srv__ListNodes_Request__are_equal	16	static
../Core/M4lib/include/composition_interfaces/srv/detail/list_nodes__functions.c:46:1:composition_interfaces__srv__ListNodes_Request__copy	16	static
../Core/M4lib/include/composition_interfaces/srv/detail/list_nodes__functions.c:59:1:composition_interfaces__srv__ListNodes_Request__create	40	static
../Core/M4lib/include/composition_interfaces/srv/detail/list_nodes__functions.c:76:1:composition_interfaces__srv__ListNodes_Request__destroy	40	static
../Core/M4lib/include/composition_interfaces/srv/detail/list_nodes__functions.c:87:1:composition_interfaces__srv__ListNodes_Request__Sequence__init	48	static
../Core/M4lib/include/composition_interfaces/srv/detail/list_nodes__functions.c:124:1:composition_interfaces__srv__ListNodes_Request__Sequence__fini	40	static
../Core/M4lib/include/composition_interfaces/srv/detail/list_nodes__functions.c:150:1:composition_interfaces__srv__ListNodes_Request__Sequence__create	48	static
../Core/M4lib/include/composition_interfaces/srv/detail/list_nodes__functions.c:166:1:composition_interfaces__srv__ListNodes_Request__Sequence__destroy	40	static
../Core/M4lib/include/composition_interfaces/srv/detail/list_nodes__functions.c:176:1:composition_interfaces__srv__ListNodes_Request__Sequence__are_equal	24	static
../Core/M4lib/include/composition_interfaces/srv/detail/list_nodes__functions.c:193:1:composition_interfaces__srv__ListNodes_Request__Sequence__copy	56	static
../Core/M4lib/include/composition_interfaces/srv/detail/list_nodes__functions.c:245:1:composition_interfaces__srv__ListNodes_Response__init	16	static
../Core/M4lib/include/composition_interfaces/srv/detail/list_nodes__functions.c:264:1:composition_interfaces__srv__ListNodes_Response__fini	16	static
../Core/M4lib/include/composition_interfaces/srv/detail/list_nodes__functions.c:276:1:composition_interfaces__srv__ListNodes_Response__are_equal	16	static
../Core/M4lib/include/composition_interfaces/srv/detail/list_nodes__functions.c:297:1:composition_interfaces__srv__ListNodes_Response__copy	16	static
../Core/M4lib/include/composition_interfaces/srv/detail/list_nodes__functions.c:320:1:composition_interfaces__srv__ListNodes_Response__create	40	static
../Core/M4lib/include/composition_interfaces/srv/detail/list_nodes__functions.c:337:1:composition_interfaces__srv__ListNodes_Response__destroy	40	static
../Core/M4lib/include/composition_interfaces/srv/detail/list_nodes__functions.c:348:1:composition_interfaces__srv__ListNodes_Response__Sequence__init	48	static
../Core/M4lib/include/composition_interfaces/srv/detail/list_nodes__functions.c:385:1:composition_interfaces__srv__ListNodes_Response__Sequence__fini	40	static
../Core/M4lib/include/composition_interfaces/srv/detail/list_nodes__functions.c:411:1:composition_interfaces__srv__ListNodes_Response__Sequence__create	48	static
../Core/M4lib/include/composition_interfaces/srv/detail/list_nodes__functions.c:427:1:composition_interfaces__srv__ListNodes_Response__Sequence__destroy	40	static
../Core/M4lib/include/composition_interfaces/srv/detail/list_nodes__functions.c:437:1:composition_interfaces__srv__ListNodes_Response__Sequence__are_equal	24	static
../Core/M4lib/include/composition_interfaces/srv/detail/list_nodes__functions.c:454:1:composition_interfaces__srv__ListNodes_Response__Sequence__copy	56	static
../Core/M4lib/include/composition_interfaces/srv/detail/list_nodes__functions.c:508:1:composition_interfaces__srv__ListNodes_Event__init	16	static
../Core/M4lib/include/composition_interfaces/srv/detail/list_nodes__functions.c:532:1:composition_interfaces__srv__ListNodes_Event__fini	16	static
../Core/M4lib/include/composition_interfaces/srv/detail/list_nodes__functions.c:546:1:composition_interfaces__srv__ListNodes_Event__are_equal	16	static
../Core/M4lib/include/composition_interfaces/srv/detail/list_nodes__functions.c:573:1:composition_interfaces__srv__ListNodes_Event__copy	16	static
../Core/M4lib/include/composition_interfaces/srv/detail/list_nodes__functions.c:602:1:composition_interfaces__srv__ListNodes_Event__create	40	static
../Core/M4lib/include/composition_interfaces/srv/detail/list_nodes__functions.c:619:1:composition_interfaces__srv__ListNodes_Event__destroy	40	static
../Core/M4lib/include/composition_interfaces/srv/detail/list_nodes__functions.c:630:1:composition_interfaces__srv__ListNodes_Event__Sequence__init	48	static
../Core/M4lib/include/composition_interfaces/srv/detail/list_nodes__functions.c:667:1:composition_interfaces__srv__ListNodes_Event__Sequence__fini	40	static
../Core/M4lib/include/composition_interfaces/srv/detail/list_nodes__functions.c:693:1:composition_interfaces__srv__ListNodes_Event__Sequence__create	48	static
../Core/M4lib/include/composition_interfaces/srv/detail/list_nodes__functions.c:709:1:composition_interfaces__srv__ListNodes_Event__Sequence__destroy	40	static
../Core/M4lib/include/composition_interfaces/srv/detail/list_nodes__functions.c:719:1:composition_interfaces__srv__ListNodes_Event__Sequence__are_equal	24	static
../Core/M4lib/include/composition_interfaces/srv/detail/list_nodes__functions.c:736:1:composition_interfaces__srv__ListNodes_Event__Sequence__copy	56	static
