../Core/M4lib/include/composition_interfaces/srv/detail/load_node__description.c:9:1:composition_interfaces__srv__LoadNode__get_type_hash	16	static
../Core/M4lib/include/composition_interfaces/srv/detail/load_node__description.c:24:1:composition_interfaces__srv__LoadNode_Request__get_type_hash	16	static
../Core/M4lib/include/composition_interfaces/srv/detail/load_node__description.c:39:1:composition_interfaces__srv__LoadNode_Response__get_type_hash	16	static
../Core/M4lib/include/composition_interfaces/srv/detail/load_node__description.c:54:1:composition_interfaces__srv__LoadNode_Event__get_type_hash	16	static
../Core/M4lib/include/composition_interfaces/srv/detail/load_node__description.c:183:1:composition_interfaces__srv__LoadNode__get_type_description	16	static
../Core/M4lib/include/composition_interfaces/srv/detail/load_node__description.c:316:1:composition_interfaces__srv__LoadNode_Request__get_type_description	16	static
../Core/M4lib/include/composition_interfaces/srv/detail/load_node__description.c:387:1:composition_interfaces__srv__LoadNode_Response__get_type_description	16	static
../Core/M4lib/include/composition_interfaces/srv/detail/load_node__description.c:470:1:composition_interfaces__srv__LoadNode_Event__get_type_description	16	static
../Core/M4lib/include/composition_interfaces/srv/detail/load_node__description.c:548:1:composition_interfaces__srv__LoadNode__get_individual_type_description_source	16	static
../Core/M4lib/include/composition_interfaces/srv/detail/load_node__description.c:561:1:composition_interfaces__srv__LoadNode_Request__get_individual_type_description_source	16	static
../Core/M4lib/include/composition_interfaces/srv/detail/load_node__description.c:574:1:composition_interfaces__srv__LoadNode_Response__get_individual_type_description_source	16	static
../Core/M4lib/include/composition_interfaces/srv/detail/load_node__description.c:587:1:composition_interfaces__srv__LoadNode_Event__get_individual_type_description_source	16	static
../Core/M4lib/include/composition_interfaces/srv/detail/load_node__description.c:600:1:composition_interfaces__srv__LoadNode__get_type_description_sources	24	static
../Core/M4lib/include/composition_interfaces/srv/detail/load_node__description.c:622:1:composition_interfaces__srv__LoadNode_Request__get_type_description_sources	24	static
../Core/M4lib/include/composition_interfaces/srv/detail/load_node__description.c:639:1:composition_interfaces__srv__LoadNode_Response__get_type_description_sources	24	static
../Core/M4lib/include/composition_interfaces/srv/detail/load_node__description.c:654:1:composition_interfaces__srv__LoadNode_Event__get_type_description_sources	24	static
