../Core/M4lib/include/composition_interfaces/srv/detail/load_node__functions.c:25:1:composition_interfaces__srv__LoadNode_Request__init	16	static
../Core/M4lib/include/composition_interfaces/srv/detail/load_node__functions.c:70:1:composition_interfaces__srv__LoadNode_Request__fini	16	static
../Core/M4lib/include/composition_interfaces/srv/detail/load_node__functions.c:93:1:composition_interfaces__srv__LoadNode_Request__are_equal	16	static
../Core/M4lib/include/composition_interfaces/srv/detail/load_node__functions.c:148:1:composition_interfaces__srv__LoadNode_Request__copy	16	static
../Core/M4lib/include/composition_interfaces/srv/detail/load_node__functions.c:203:1:composition_interfaces__srv__LoadNode_Request__create	40	static
../Core/M4lib/include/composition_interfaces/srv/detail/load_node__functions.c:220:1:composition_interfaces__srv__LoadNode_Request__destroy	40	static
../Core/M4lib/include/composition_interfaces/srv/detail/load_node__functions.c:231:1:composition_interfaces__srv__LoadNode_Request__Sequence__init	48	static
../Core/M4lib/include/composition_interfaces/srv/detail/load_node__functions.c:268:1:composition_interfaces__srv__LoadNode_Request__Sequence__fini	40	static
../Core/M4lib/include/composition_interfaces/srv/detail/load_node__functions.c:294:1:composition_interfaces__srv__LoadNode_Request__Sequence__create	48	static
../Core/M4lib/include/composition_interfaces/srv/detail/load_node__functions.c:310:1:composition_interfaces__srv__LoadNode_Request__Sequence__destroy	40	static
../Core/M4lib/include/composition_interfaces/srv/detail/load_node__functions.c:320:1:composition_interfaces__srv__LoadNode_Request__Sequence__are_equal	24	static
../Core/M4lib/include/composition_interfaces/srv/detail/load_node__functions.c:337:1:composition_interfaces__srv__LoadNode_Request__Sequence__copy	56	static
../Core/M4lib/include/composition_interfaces/srv/detail/load_node__functions.c:389:1:composition_interfaces__srv__LoadNode_Response__init	16	static
../Core/M4lib/include/composition_interfaces/srv/detail/load_node__functions.c:410:1:composition_interfaces__srv__LoadNode_Response__fini	16	static
../Core/M4lib/include/composition_interfaces/srv/detail/load_node__functions.c:424:1:composition_interfaces__srv__LoadNode_Response__are_equal	16	static
../Core/M4lib/include/composition_interfaces/srv/detail/load_node__functions.c:453:1:composition_interfaces__srv__LoadNode_Response__copy	16	static
../Core/M4lib/include/composition_interfaces/srv/detail/load_node__functions.c:480:1:composition_interfaces__srv__LoadNode_Response__create	40	static
../Core/M4lib/include/composition_interfaces/srv/detail/load_node__functions.c:497:1:composition_interfaces__srv__LoadNode_Response__destroy	40	static
../Core/M4lib/include/composition_interfaces/srv/detail/load_node__functions.c:508:1:composition_interfaces__srv__LoadNode_Response__Sequence__init	48	static
../Core/M4lib/include/composition_interfaces/srv/detail/load_node__functions.c:545:1:composition_interfaces__srv__LoadNode_Response__Sequence__fini	40	static
../Core/M4lib/include/composition_interfaces/srv/detail/load_node__functions.c:571:1:composition_interfaces__srv__LoadNode_Response__Sequence__create	48	static
../Core/M4lib/include/composition_interfaces/srv/detail/load_node__functions.c:587:1:composition_interfaces__srv__LoadNode_Response__Sequence__destroy	40	static
../Core/M4lib/include/composition_interfaces/srv/detail/load_node__functions.c:597:1:composition_interfaces__srv__LoadNode_Response__Sequence__are_equal	24	static
../Core/M4lib/include/composition_interfaces/srv/detail/load_node__functions.c:614:1:composition_interfaces__srv__LoadNode_Response__Sequence__copy	56	static
../Core/M4lib/include/composition_interfaces/srv/detail/load_node__functions.c:668:1:composition_interfaces__srv__LoadNode_Event__init	16	static
../Core/M4lib/include/composition_interfaces/srv/detail/load_node__functions.c:692:1:composition_interfaces__srv__LoadNode_Event__fini	16	static
../Core/M4lib/include/composition_interfaces/srv/detail/load_node__functions.c:706:1:composition_interfaces__srv__LoadNode_Event__are_equal	16	static
../Core/M4lib/include/composition_interfaces/srv/detail/load_node__functions.c:733:1:composition_interfaces__srv__LoadNode_Event__copy	16	static
../Core/M4lib/include/composition_interfaces/srv/detail/load_node__functions.c:762:1:composition_interfaces__srv__LoadNode_Event__create	40	static
../Core/M4lib/include/composition_interfaces/srv/detail/load_node__functions.c:779:1:composition_interfaces__srv__LoadNode_Event__destroy	40	static
../Core/M4lib/include/composition_interfaces/srv/detail/load_node__functions.c:790:1:composition_interfaces__srv__LoadNode_Event__Sequence__init	48	static
../Core/M4lib/include/composition_interfaces/srv/detail/load_node__functions.c:827:1:composition_interfaces__srv__LoadNode_Event__Sequence__fini	40	static
../Core/M4lib/include/composition_interfaces/srv/detail/load_node__functions.c:853:1:composition_interfaces__srv__LoadNode_Event__Sequence__create	48	static
../Core/M4lib/include/composition_interfaces/srv/detail/load_node__functions.c:869:1:composition_interfaces__srv__LoadNode_Event__Sequence__destroy	40	static
../Core/M4lib/include/composition_interfaces/srv/detail/load_node__functions.c:879:1:composition_interfaces__srv__LoadNode_Event__Sequence__are_equal	24	static
../Core/M4lib/include/composition_interfaces/srv/detail/load_node__functions.c:896:1:composition_interfaces__srv__LoadNode_Event__Sequence__copy	56	static
