../Core/M4lib/include/type_description_interfaces/msg/detail/individual_type_description__type_support.c:28:6:type_description_interfaces__msg__IndividualTypeDescription__rosidl_typesupport_introspection_c__IndividualTypeDescription_init_function	16	static
../Core/M4lib/include/type_description_interfaces/msg/detail/individual_type_description__type_support.c:37:6:type_description_interfaces__msg__IndividualTypeDescription__rosidl_typesupport_introspection_c__IndividualTypeDescription_fini_function	16	static
../Core/M4lib/include/type_description_interfaces/msg/detail/individual_type_description__type_support.c:42:8:type_description_interfaces__msg__IndividualTypeDescription__rosidl_typesupport_introspection_c__size_function__IndividualTypeDescription__fields	24	static
../Core/M4lib/include/type_description_interfaces/msg/detail/individual_type_description__type_support.c:50:14:type_description_interfaces__msg__IndividualTypeDescription__rosidl_typesupport_introspection_c__get_const_function__IndividualTypeDescription__fields	24	static
../Core/M4lib/include/type_description_interfaces/msg/detail/individual_type_description__type_support.c:58:8:type_description_interfaces__msg__IndividualTypeDescription__rosidl_typesupport_introspection_c__get_function__IndividualTypeDescription__fields	24	static
../Core/M4lib/include/type_description_interfaces/msg/detail/individual_type_description__type_support.c:66:6:type_description_interfaces__msg__IndividualTypeDescription__rosidl_typesupport_introspection_c__fetch_function__IndividualTypeDescription__fields	32	static
../Core/M4lib/include/type_description_interfaces/msg/detail/individual_type_description__type_support.c:77:6:type_description_interfaces__msg__IndividualTypeDescription__rosidl_typesupport_introspection_c__assign_function__IndividualTypeDescription__fields	32	static
../Core/M4lib/include/type_description_interfaces/msg/detail/individual_type_description__type_support.c:88:6:type_description_interfaces__msg__IndividualTypeDescription__rosidl_typesupport_introspection_c__resize_function__IndividualTypeDescription__fields	24	static
../Core/M4lib/include/type_description_interfaces/msg/detail/individual_type_description__type_support.c:157:1:rosidl_typesupport_introspection_c__get_message_type_support_handle__type_description_interfaces__msg__IndividualTypeDescription	8	static
