../Core/M4lib/include/rcl_interfaces/srv/detail/set_logger_levels__description.c:9:1:rcl_interfaces__srv__SetLoggerLevels__get_type_hash	16	static
../Core/M4lib/include/rcl_interfaces/srv/detail/set_logger_levels__description.c:24:1:rcl_interfaces__srv__SetLoggerLevels_Request__get_type_hash	16	static
../Core/M4lib/include/rcl_interfaces/srv/detail/set_logger_levels__description.c:39:1:rcl_interfaces__srv__SetLoggerLevels_Response__get_type_hash	16	static
../Core/M4lib/include/rcl_interfaces/srv/detail/set_logger_levels__description.c:54:1:rcl_interfaces__srv__SetLoggerLevels_Event__get_type_hash	16	static
../Core/M4lib/include/rcl_interfaces/srv/detail/set_logger_levels__description.c:183:1:rcl_interfaces__srv__SetLoggerLevels__get_type_description	16	static
../Core/M4lib/include/rcl_interfaces/srv/detail/set_logger_levels__description.c:235:1:rcl_interfaces__srv__SetLoggerLevels_Request__get_type_description	16	static
../Core/M4lib/include/rcl_interfaces/srv/detail/set_logger_levels__description.c:278:1:rcl_interfaces__srv__SetLoggerLevels_Response__get_type_description	16	static
../Core/M4lib/include/rcl_interfaces/srv/detail/set_logger_levels__description.c:363:1:rcl_interfaces__srv__SetLoggerLevels_Event__get_type_description	16	static
../Core/M4lib/include/rcl_interfaces/srv/detail/set_logger_levels__description.c:405:1:rcl_interfaces__srv__SetLoggerLevels__get_individual_type_description_source	16	static
../Core/M4lib/include/rcl_interfaces/srv/detail/set_logger_levels__description.c:418:1:rcl_interfaces__srv__SetLoggerLevels_Request__get_individual_type_description_source	16	static
../Core/M4lib/include/rcl_interfaces/srv/detail/set_logger_levels__description.c:431:1:rcl_interfaces__srv__SetLoggerLevels_Response__get_individual_type_description_source	16	static
../Core/M4lib/include/rcl_interfaces/srv/detail/set_logger_levels__description.c:444:1:rcl_interfaces__srv__SetLoggerLevels_Event__get_individual_type_description_source	16	static
../Core/M4lib/include/rcl_interfaces/srv/detail/set_logger_levels__description.c:457:1:rcl_interfaces__srv__SetLoggerLevels__get_type_description_sources	24	static
../Core/M4lib/include/rcl_interfaces/srv/detail/set_logger_levels__description.c:479:1:rcl_interfaces__srv__SetLoggerLevels_Request__get_type_description_sources	24	static
../Core/M4lib/include/rcl_interfaces/srv/detail/set_logger_levels__description.c:495:1:rcl_interfaces__srv__SetLoggerLevels_Response__get_type_description_sources	24	static
../Core/M4lib/include/rcl_interfaces/srv/detail/set_logger_levels__description.c:511:1:rcl_interfaces__srv__SetLoggerLevels_Event__get_type_description_sources	24	static
