../Core/BSP/oled/oled.c:34:6:OLED_Init	16	static
../Core/BSP/oled/oled.c:59:6:OLED_WR_CMD	32	static
../Core/BSP/oled/oled.c:70:6:OLED_WR_DATA	32	static
../Core/BSP/oled/oled.c:81:6:OLED_On	16	static
../Core/BSP/oled/oled.c:100:6:OLED_Clear	16	static
../Core/BSP/oled/oled.c:118:6:OLED_Display_On	8	static
../Core/BSP/oled/oled.c:131:6:OLED_Display_Off	8	static
../Core/BSP/oled/oled.c:144:6:OLED_Set_Pos	16	static
../Core/BSP/oled/oled.c:158:14:oled_pow	24	static
../Core/BSP/oled/oled.c:175:6:OLED_ShowChar	32	static
../Core/BSP/oled/oled.c:223:6:OLED_ShowString	40	static
../Core/BSP/oled/oled.c:258:6:OLED_ShowNum	40	static
../Core/BSP/oled/oled.c:291:6:OLED_Showdecimal	56	static
../Core/BSP/oled/oled.c:347:6:OLED_ShowCHinese	32	static
../Core/BSP/oled/oled.c:381:6:OLED_DrawBMP	32	static
../Core/BSP/oled/oled.c:411:6:OLED_HorizontalShift	16	static
../Core/BSP/oled/oled.c:434:6:OLED_Some_HorizontalShift	16	static
../Core/BSP/oled/oled.c:455:6:OLED_VerticalAndHorizontalShift	16	static
../Core/BSP/oled/oled.c:476:6:OLED_DisplayMode	16	static
../Core/BSP/oled/oled.c:487:6:OLED_IntensityControl	16	static
