../Core/M4lib/include/nav_msgs/srv/detail/get_plan__functions.c:19:1:nav_msgs__srv__GetPlan_Request__init	16	static
../Core/M4lib/include/nav_msgs/srv/detail/get_plan__functions.c:39:1:nav_msgs__srv__GetPlan_Request__fini	16	static
../Core/M4lib/include/nav_msgs/srv/detail/get_plan__functions.c:52:1:nav_msgs__srv__GetPlan_Request__are_equal	16	static
../Core/M4lib/include/nav_msgs/srv/detail/get_plan__functions.c:77:1:nav_msgs__srv__GetPlan_Request__copy	16	static
../Core/M4lib/include/nav_msgs/srv/detail/get_plan__functions.c:102:1:nav_msgs__srv__GetPlan_Request__create	40	static
../Core/M4lib/include/nav_msgs/srv/detail/get_plan__functions.c:119:1:nav_msgs__srv__GetPlan_Request__destroy	40	static
../Core/M4lib/include/nav_msgs/srv/detail/get_plan__functions.c:130:1:nav_msgs__srv__GetPlan_Request__Sequence__init	48	static
../Core/M4lib/include/nav_msgs/srv/detail/get_plan__functions.c:167:1:nav_msgs__srv__GetPlan_Request__Sequence__fini	40	static
../Core/M4lib/include/nav_msgs/srv/detail/get_plan__functions.c:193:1:nav_msgs__srv__GetPlan_Request__Sequence__create	48	static
../Core/M4lib/include/nav_msgs/srv/detail/get_plan__functions.c:209:1:nav_msgs__srv__GetPlan_Request__Sequence__destroy	40	static
../Core/M4lib/include/nav_msgs/srv/detail/get_plan__functions.c:219:1:nav_msgs__srv__GetPlan_Request__Sequence__are_equal	24	static
../Core/M4lib/include/nav_msgs/srv/detail/get_plan__functions.c:236:1:nav_msgs__srv__GetPlan_Request__Sequence__copy	56	static
../Core/M4lib/include/nav_msgs/srv/detail/get_plan__functions.c:286:1:nav_msgs__srv__GetPlan_Response__init	16	static
../Core/M4lib/include/nav_msgs/srv/detail/get_plan__functions.c:300:1:nav_msgs__srv__GetPlan_Response__fini	16	static
../Core/M4lib/include/nav_msgs/srv/detail/get_plan__functions.c:310:1:nav_msgs__srv__GetPlan_Response__are_equal	16	static
../Core/M4lib/include/nav_msgs/srv/detail/get_plan__functions.c:325:1:nav_msgs__srv__GetPlan_Response__copy	16	static
../Core/M4lib/include/nav_msgs/srv/detail/get_plan__functions.c:342:1:nav_msgs__srv__GetPlan_Response__create	40	static
../Core/M4lib/include/nav_msgs/srv/detail/get_plan__functions.c:359:1:nav_msgs__srv__GetPlan_Response__destroy	40	static
../Core/M4lib/include/nav_msgs/srv/detail/get_plan__functions.c:370:1:nav_msgs__srv__GetPlan_Response__Sequence__init	48	static
../Core/M4lib/include/nav_msgs/srv/detail/get_plan__functions.c:407:1:nav_msgs__srv__GetPlan_Response__Sequence__fini	40	static
../Core/M4lib/include/nav_msgs/srv/detail/get_plan__functions.c:433:1:nav_msgs__srv__GetPlan_Response__Sequence__create	48	static
../Core/M4lib/include/nav_msgs/srv/detail/get_plan__functions.c:449:1:nav_msgs__srv__GetPlan_Response__Sequence__destroy	40	static
../Core/M4lib/include/nav_msgs/srv/detail/get_plan__functions.c:459:1:nav_msgs__srv__GetPlan_Response__Sequence__are_equal	24	static
../Core/M4lib/include/nav_msgs/srv/detail/get_plan__functions.c:476:1:nav_msgs__srv__GetPlan_Response__Sequence__copy	56	static
../Core/M4lib/include/nav_msgs/srv/detail/get_plan__functions.c:530:1:nav_msgs__srv__GetPlan_Event__init	16	static
../Core/M4lib/include/nav_msgs/srv/detail/get_plan__functions.c:554:1:nav_msgs__srv__GetPlan_Event__fini	16	static
../Core/M4lib/include/nav_msgs/srv/detail/get_plan__functions.c:568:1:nav_msgs__srv__GetPlan_Event__are_equal	16	static
../Core/M4lib/include/nav_msgs/srv/detail/get_plan__functions.c:595:1:nav_msgs__srv__GetPlan_Event__copy	16	static
../Core/M4lib/include/nav_msgs/srv/detail/get_plan__functions.c:624:1:nav_msgs__srv__GetPlan_Event__create	40	static
../Core/M4lib/include/nav_msgs/srv/detail/get_plan__functions.c:641:1:nav_msgs__srv__GetPlan_Event__destroy	40	static
../Core/M4lib/include/nav_msgs/srv/detail/get_plan__functions.c:652:1:nav_msgs__srv__GetPlan_Event__Sequence__init	48	static
../Core/M4lib/include/nav_msgs/srv/detail/get_plan__functions.c:689:1:nav_msgs__srv__GetPlan_Event__Sequence__fini	40	static
../Core/M4lib/include/nav_msgs/srv/detail/get_plan__functions.c:715:1:nav_msgs__srv__GetPlan_Event__Sequence__create	48	static
../Core/M4lib/include/nav_msgs/srv/detail/get_plan__functions.c:731:1:nav_msgs__srv__GetPlan_Event__Sequence__destroy	40	static
../Core/M4lib/include/nav_msgs/srv/detail/get_plan__functions.c:741:1:nav_msgs__srv__GetPlan_Event__Sequence__are_equal	24	static
../Core/M4lib/include/nav_msgs/srv/detail/get_plan__functions.c:758:1:nav_msgs__srv__GetPlan_Event__Sequence__copy	56	static
