../Core/M4lib/include/nav_msgs/srv/detail/load_map__type_support.c:24:6:nav_msgs__srv__LoadMap_Request__rosidl_typesupport_introspection_c__LoadMap_Request_init_function	16	static
../Core/M4lib/include/nav_msgs/srv/detail/load_map__type_support.c:33:6:nav_msgs__srv__LoadMap_Request__rosidl_typesupport_introspection_c__LoadMap_Request_fini_function	16	static
../Core/M4lib/include/nav_msgs/srv/detail/load_map__type_support.c:81:1:rosidl_typesupport_introspection_c__get_message_type_support_handle__nav_msgs__srv__LoadMap_Request	4	static
../Core/M4lib/include/nav_msgs/srv/detail/load_map__type_support.c:121:6:nav_msgs__srv__LoadMap_Response__rosidl_typesupport_introspection_c__LoadMap_Response_init_function	16	static
../Core/M4lib/include/nav_msgs/srv/detail/load_map__type_support.c:130:6:nav_msgs__srv__LoadMap_Response__rosidl_typesupport_introspection_c__LoadMap_Response_fini_function	16	static
../Core/M4lib/include/nav_msgs/srv/detail/load_map__type_support.c:195:1:rosidl_typesupport_introspection_c__get_message_type_support_handle__nav_msgs__srv__LoadMap_Response	8	static
../Core/M4lib/include/nav_msgs/srv/detail/load_map__type_support.c:244:6:nav_msgs__srv__LoadMap_Event__rosidl_typesupport_introspection_c__LoadMap_Event_init_function	16	static
../Core/M4lib/include/nav_msgs/srv/detail/load_map__type_support.c:253:6:nav_msgs__srv__LoadMap_Event__rosidl_typesupport_introspection_c__LoadMap_Event_fini_function	16	static
../Core/M4lib/include/nav_msgs/srv/detail/load_map__type_support.c:258:8:nav_msgs__srv__LoadMap_Event__rosidl_typesupport_introspection_c__size_function__LoadMap_Event__request	24	static
../Core/M4lib/include/nav_msgs/srv/detail/load_map__type_support.c:266:14:nav_msgs__srv__LoadMap_Event__rosidl_typesupport_introspection_c__get_const_function__LoadMap_Event__request	24	static
../Core/M4lib/include/nav_msgs/srv/detail/load_map__type_support.c:274:8:nav_msgs__srv__LoadMap_Event__rosidl_typesupport_introspection_c__get_function__LoadMap_Event__request	24	static
../Core/M4lib/include/nav_msgs/srv/detail/load_map__type_support.c:282:6:nav_msgs__srv__LoadMap_Event__rosidl_typesupport_introspection_c__fetch_function__LoadMap_Event__request	32	static
../Core/M4lib/include/nav_msgs/srv/detail/load_map__type_support.c:293:6:nav_msgs__srv__LoadMap_Event__rosidl_typesupport_introspection_c__assign_function__LoadMap_Event__request	32	static
../Core/M4lib/include/nav_msgs/srv/detail/load_map__type_support.c:304:6:nav_msgs__srv__LoadMap_Event__rosidl_typesupport_introspection_c__resize_function__LoadMap_Event__request	24	static
../Core/M4lib/include/nav_msgs/srv/detail/load_map__type_support.c:313:8:nav_msgs__srv__LoadMap_Event__rosidl_typesupport_introspection_c__size_function__LoadMap_Event__response	24	static
../Core/M4lib/include/nav_msgs/srv/detail/load_map__type_support.c:321:14:nav_msgs__srv__LoadMap_Event__rosidl_typesupport_introspection_c__get_const_function__LoadMap_Event__response	24	static
../Core/M4lib/include/nav_msgs/srv/detail/load_map__type_support.c:329:8:nav_msgs__srv__LoadMap_Event__rosidl_typesupport_introspection_c__get_function__LoadMap_Event__response	24	static
../Core/M4lib/include/nav_msgs/srv/detail/load_map__type_support.c:337:6:nav_msgs__srv__LoadMap_Event__rosidl_typesupport_introspection_c__fetch_function__LoadMap_Event__response	32	static
../Core/M4lib/include/nav_msgs/srv/detail/load_map__type_support.c:348:6:nav_msgs__srv__LoadMap_Event__rosidl_typesupport_introspection_c__assign_function__LoadMap_Event__response	32	static
../Core/M4lib/include/nav_msgs/srv/detail/load_map__type_support.c:359:6:nav_msgs__srv__LoadMap_Event__rosidl_typesupport_introspection_c__resize_function__LoadMap_Event__response	24	static
../Core/M4lib/include/nav_msgs/srv/detail/load_map__type_support.c:445:1:rosidl_typesupport_introspection_c__get_message_type_support_handle__nav_msgs__srv__LoadMap_Event	8	static
../Core/M4lib/include/nav_msgs/srv/detail/load_map__type_support.c:521:1:rosidl_typesupport_introspection_c__get_service_type_support_handle__nav_msgs__srv__LoadMap	16	static
