../Core/M4lib/include/rcl_interfaces/msg/detail/parameter_descriptor__functions.c:25:1:rcl_interfaces__msg__ParameterDescriptor__init	16	static
../Core/M4lib/include/rcl_interfaces/msg/detail/parameter_descriptor__functions.c:64:1:rcl_interfaces__msg__ParameterDescriptor__fini	16	static
../Core/M4lib/include/rcl_interfaces/msg/detail/parameter_descriptor__functions.c:85:1:rcl_interfaces__msg__ParameterDescriptor__are_equal	16	static
../Core/M4lib/include/rcl_interfaces/msg/detail/parameter_descriptor__functions.c:136:1:rcl_interfaces__msg__ParameterDescriptor__copy	16	static
../Core/M4lib/include/rcl_interfaces/msg/detail/parameter_descriptor__functions.c:183:1:rcl_interfaces__msg__ParameterDescriptor__create	40	static
../Core/M4lib/include/rcl_interfaces/msg/detail/parameter_descriptor__functions.c:200:1:rcl_interfaces__msg__ParameterDescriptor__destroy	40	static
../Core/M4lib/include/rcl_interfaces/msg/detail/parameter_descriptor__functions.c:211:1:rcl_interfaces__msg__ParameterDescriptor__Sequence__init	48	static
../Core/M4lib/include/rcl_interfaces/msg/detail/parameter_descriptor__functions.c:248:1:rcl_interfaces__msg__ParameterDescriptor__Sequence__fini	40	static
../Core/M4lib/include/rcl_interfaces/msg/detail/parameter_descriptor__functions.c:274:1:rcl_interfaces__msg__ParameterDescriptor__Sequence__create	48	static
../Core/M4lib/include/rcl_interfaces/msg/detail/parameter_descriptor__functions.c:290:1:rcl_interfaces__msg__ParameterDescriptor__Sequence__destroy	40	static
../Core/M4lib/include/rcl_interfaces/msg/detail/parameter_descriptor__functions.c:300:1:rcl_interfaces__msg__ParameterDescriptor__Sequence__are_equal	24	static
../Core/M4lib/include/rcl_interfaces/msg/detail/parameter_descriptor__functions.c:317:1:rcl_interfaces__msg__ParameterDescriptor__Sequence__copy	56	static
