../Core/M4lib/include/nav_msgs/msg/detail/path__type_support.c:30:6:nav_msgs__msg__Path__rosidl_typesupport_introspection_c__Path_init_function	16	static
../Core/M4lib/include/nav_msgs/msg/detail/path__type_support.c:39:6:nav_msgs__msg__Path__rosidl_typesupport_introspection_c__Path_fini_function	16	static
../Core/M4lib/include/nav_msgs/msg/detail/path__type_support.c:44:8:nav_msgs__msg__Path__rosidl_typesupport_introspection_c__size_function__Path__poses	24	static
../Core/M4lib/include/nav_msgs/msg/detail/path__type_support.c:52:14:nav_msgs__msg__Path__rosidl_typesupport_introspection_c__get_const_function__Path__poses	24	static
../Core/M4lib/include/nav_msgs/msg/detail/path__type_support.c:60:8:nav_msgs__msg__Path__rosidl_typesupport_introspection_c__get_function__Path__poses	24	static
../Core/M4lib/include/nav_msgs/msg/detail/path__type_support.c:68:6:nav_msgs__msg__Path__rosidl_typesupport_introspection_c__fetch_function__Path__poses	32	static
../Core/M4lib/include/nav_msgs/msg/detail/path__type_support.c:79:6:nav_msgs__msg__Path__rosidl_typesupport_introspection_c__assign_function__Path__poses	32	static
../Core/M4lib/include/nav_msgs/msg/detail/path__type_support.c:90:6:nav_msgs__msg__Path__rosidl_typesupport_introspection_c__resize_function__Path__poses	24	static
../Core/M4lib/include/nav_msgs/msg/detail/path__type_support.c:159:1:rosidl_typesupport_introspection_c__get_message_type_support_handle__nav_msgs__msg__Path	8	static
