../Core/M4lib/include/action_msgs/msg/detail/goal_status_array__type_support.c:26:6:action_msgs__msg__GoalStatusArray__rosidl_typesupport_introspection_c__GoalStatusArray_init_function	16	static
../Core/M4lib/include/action_msgs/msg/detail/goal_status_array__type_support.c:35:6:action_msgs__msg__GoalStatusArray__rosidl_typesupport_introspection_c__GoalStatusArray_fini_function	16	static
../Core/M4lib/include/action_msgs/msg/detail/goal_status_array__type_support.c:40:8:action_msgs__msg__GoalStatusArray__rosidl_typesupport_introspection_c__size_function__GoalStatusArray__status_list	24	static
../Core/M4lib/include/action_msgs/msg/detail/goal_status_array__type_support.c:48:14:action_msgs__msg__GoalStatusArray__rosidl_typesupport_introspection_c__get_const_function__GoalStatusArray__status_list	24	static
../Core/M4lib/include/action_msgs/msg/detail/goal_status_array__type_support.c:56:8:action_msgs__msg__GoalStatusArray__rosidl_typesupport_introspection_c__get_function__GoalStatusArray__status_list	24	static
../Core/M4lib/include/action_msgs/msg/detail/goal_status_array__type_support.c:64:6:action_msgs__msg__GoalStatusArray__rosidl_typesupport_introspection_c__fetch_function__GoalStatusArray__status_list	40	static
../Core/M4lib/include/action_msgs/msg/detail/goal_status_array__type_support.c:75:6:action_msgs__msg__GoalStatusArray__rosidl_typesupport_introspection_c__assign_function__GoalStatusArray__status_list	40	static
../Core/M4lib/include/action_msgs/msg/detail/goal_status_array__type_support.c:86:6:action_msgs__msg__GoalStatusArray__rosidl_typesupport_introspection_c__resize_function__GoalStatusArray__status_list	24	static
../Core/M4lib/include/action_msgs/msg/detail/goal_status_array__type_support.c:138:1:rosidl_typesupport_introspection_c__get_message_type_support_handle__action_msgs__msg__GoalStatusArray	8	static
