../Core/M4lib/include/example_interfaces/msg/detail/byte_multi_array__functions.c:21:1:example_interfaces__msg__ByteMultiArray__init	16	static
../Core/M4lib/include/example_interfaces/msg/detail/byte_multi_array__functions.c:40:1:example_interfaces__msg__ByteMultiArray__fini	16	static
../Core/M4lib/include/example_interfaces/msg/detail/byte_multi_array__functions.c:52:1:example_interfaces__msg__ByteMultiArray__are_equal	16	static
../Core/M4lib/include/example_interfaces/msg/detail/byte_multi_array__functions.c:73:1:example_interfaces__msg__ByteMultiArray__copy	16	static
../Core/M4lib/include/example_interfaces/msg/detail/byte_multi_array__functions.c:96:1:example_interfaces__msg__ByteMultiArray__create	40	static
../Core/M4lib/include/example_interfaces/msg/detail/byte_multi_array__functions.c:113:1:example_interfaces__msg__ByteMultiArray__destroy	40	static
../Core/M4lib/include/example_interfaces/msg/detail/byte_multi_array__functions.c:124:1:example_interfaces__msg__ByteMultiArray__Sequence__init	48	static
../Core/M4lib/include/example_interfaces/msg/detail/byte_multi_array__functions.c:161:1:example_interfaces__msg__ByteMultiArray__Sequence__fini	40	static
../Core/M4lib/include/example_interfaces/msg/detail/byte_multi_array__functions.c:187:1:example_interfaces__msg__ByteMultiArray__Sequence__create	48	static
../Core/M4lib/include/example_interfaces/msg/detail/byte_multi_array__functions.c:203:1:example_interfaces__msg__ByteMultiArray__Sequence__destroy	40	static
../Core/M4lib/include/example_interfaces/msg/detail/byte_multi_array__functions.c:213:1:example_interfaces__msg__ByteMultiArray__Sequence__are_equal	24	static
../Core/M4lib/include/example_interfaces/msg/detail/byte_multi_array__functions.c:230:1:example_interfaces__msg__ByteMultiArray__Sequence__copy	56	static
