../Drivers/CMSIS/Include/core_cm4.h:1938:34:__NVIC_SystemReset	4	static,ignoring_inline_asm
../Core/Src/freertos.c:200:7:PID_Incremental_Calc	24	static
../Core/Src/freertos.c:218:6:PID_Init	32	static
../Core/Src/freertos.c:231:1:__io_putchar	16	static
../Core/Src/freertos.c:237:6:Uart6_SendStr	16	static
../Core/Src/freertos.c:247:6:subscription_callback	24	static
../Core/Src/freertos.c:254:6:subscription_callback_arm	24	static
../Core/Src/freertos.c:261:6:subscription_callback_cmd	24	static
../Core/Src/freertos.c:291:6:MX_FREERTOS_Init	8	static
../Core/Src/freertos.c:342:6:StartDefaultTask	160	static
../Core/Src/freertos.c:394:6:StartImuTask	16	static
../Core/Src/freertos.c:417:6:StartMotorTask	24	static
../Core/Src/freertos.c:468:6:StartOledTask	16	static
../Core/Src/freertos.c:485:6:micro_ros_init	72	static
../Core/Src/freertos.c:514:6:hx_ros_init	32	static
../Core/Src/freertos.c:539:6:imu_ros_init	8	static
../Core/Src/freertos.c:552:6:arm_ros_init	32	static
../Core/Src/freertos.c:574:6:cmd_ros_init	56	static
../Core/Src/freertos.c:604:6:odom_getandsend	64	static
../Core/Src/freertos.c:624:6:PID_oled	16	static
../Core/Src/freertos.c:677:6:odom_oled	16	static
