../Core/M4lib/include/rcl_interfaces/srv/detail/get_parameter_types__description.c:9:1:rcl_interfaces__srv__GetParameterTypes__get_type_hash	16	static
../Core/M4lib/include/rcl_interfaces/srv/detail/get_parameter_types__description.c:24:1:rcl_interfaces__srv__GetParameterTypes_Request__get_type_hash	16	static
../Core/M4lib/include/rcl_interfaces/srv/detail/get_parameter_types__description.c:39:1:rcl_interfaces__srv__GetParameterTypes_Response__get_type_hash	16	static
../Core/M4lib/include/rcl_interfaces/srv/detail/get_parameter_types__description.c:54:1:rcl_interfaces__srv__GetParameterTypes_Event__get_type_hash	16	static
../Core/M4lib/include/rcl_interfaces/srv/detail/get_parameter_types__description.c:159:1:rcl_interfaces__srv__GetParameterTypes__get_type_description	16	static
../Core/M4lib/include/rcl_interfaces/srv/detail/get_parameter_types__description.c:200:1:rcl_interfaces__srv__GetParameterTypes_Request__get_type_description	16	static
../Core/M4lib/include/rcl_interfaces/srv/detail/get_parameter_types__description.c:234:1:rcl_interfaces__srv__GetParameterTypes_Response__get_type_description	16	static
../Core/M4lib/include/rcl_interfaces/srv/detail/get_parameter_types__description.c:309:1:rcl_interfaces__srv__GetParameterTypes_Event__get_type_description	16	static
../Core/M4lib/include/rcl_interfaces/srv/detail/get_parameter_types__description.c:351:1:rcl_interfaces__srv__GetParameterTypes__get_individual_type_description_source	16	static
../Core/M4lib/include/rcl_interfaces/srv/detail/get_parameter_types__description.c:364:1:rcl_interfaces__srv__GetParameterTypes_Request__get_individual_type_description_source	16	static
../Core/M4lib/include/rcl_interfaces/srv/detail/get_parameter_types__description.c:377:1:rcl_interfaces__srv__GetParameterTypes_Response__get_individual_type_description_source	16	static
../Core/M4lib/include/rcl_interfaces/srv/detail/get_parameter_types__description.c:390:1:rcl_interfaces__srv__GetParameterTypes_Event__get_individual_type_description_source	16	static
../Core/M4lib/include/rcl_interfaces/srv/detail/get_parameter_types__description.c:403:1:rcl_interfaces__srv__GetParameterTypes__get_type_description_sources	24	static
../Core/M4lib/include/rcl_interfaces/srv/detail/get_parameter_types__description.c:423:1:rcl_interfaces__srv__GetParameterTypes_Request__get_type_description_sources	24	static
../Core/M4lib/include/rcl_interfaces/srv/detail/get_parameter_types__description.c:438:1:rcl_interfaces__srv__GetParameterTypes_Response__get_type_description_sources	24	static
../Core/M4lib/include/rcl_interfaces/srv/detail/get_parameter_types__description.c:453:1:rcl_interfaces__srv__GetParameterTypes_Event__get_type_description_sources	24	static
