../Core/M4lib/include/visualization_msgs/msg/detail/image_marker__functions.c:30:1:visualization_msgs__msg__ImageMarker__init	16	static
../Core/M4lib/include/visualization_msgs/msg/detail/image_marker__functions.c:84:1:visualization_msgs__msg__ImageMarker__fini	16	static
../Core/M4lib/include/visualization_msgs/msg/detail/image_marker__functions.c:113:1:visualization_msgs__msg__ImageMarker__are_equal	16	static
../Core/M4lib/include/visualization_msgs/msg/detail/image_marker__functions.c:190:1:visualization_msgs__msg__ImageMarker__copy	16	static
../Core/M4lib/include/visualization_msgs/msg/detail/image_marker__functions.c:259:1:visualization_msgs__msg__ImageMarker__create	40	static
../Core/M4lib/include/visualization_msgs/msg/detail/image_marker__functions.c:276:1:visualization_msgs__msg__ImageMarker__destroy	40	static
../Core/M4lib/include/visualization_msgs/msg/detail/image_marker__functions.c:287:1:visualization_msgs__msg__ImageMarker__Sequence__init	48	static
../Core/M4lib/include/visualization_msgs/msg/detail/image_marker__functions.c:324:1:visualization_msgs__msg__ImageMarker__Sequence__fini	40	static
../Core/M4lib/include/visualization_msgs/msg/detail/image_marker__functions.c:350:1:visualization_msgs__msg__ImageMarker__Sequence__create	48	static
../Core/M4lib/include/visualization_msgs/msg/detail/image_marker__functions.c:366:1:visualization_msgs__msg__ImageMarker__Sequence__destroy	40	static
../Core/M4lib/include/visualization_msgs/msg/detail/image_marker__functions.c:376:1:visualization_msgs__msg__ImageMarker__Sequence__are_equal	24	static
../Core/M4lib/include/visualization_msgs/msg/detail/image_marker__functions.c:393:1:visualization_msgs__msg__ImageMarker__Sequence__copy	56	static
