../Core/M4lib/include/visualization_msgs/msg/detail/interactive_marker_update__type_support.c:33:6:visualization_msgs__msg__InteractiveMarkerUpdate__rosidl_typesupport_introspection_c__InteractiveMarkerUpdate_init_function	16	static
../Core/M4lib/include/visualization_msgs/msg/detail/interactive_marker_update__type_support.c:42:6:visualization_msgs__msg__InteractiveMarkerUpdate__rosidl_typesupport_introspection_c__InteractiveMarkerUpdate_fini_function	16	static
../Core/M4lib/include/visualization_msgs/msg/detail/interactive_marker_update__type_support.c:47:8:visualization_msgs__msg__InteractiveMarkerUpdate__rosidl_typesupport_introspection_c__size_function__InteractiveMarkerUpdate__markers	24	static
../Core/M4lib/include/visualization_msgs/msg/detail/interactive_marker_update__type_support.c:55:14:visualization_msgs__msg__InteractiveMarkerUpdate__rosidl_typesupport_introspection_c__get_const_function__InteractiveMarkerUpdate__markers	24	static
../Core/M4lib/include/visualization_msgs/msg/detail/interactive_marker_update__type_support.c:63:8:visualization_msgs__msg__InteractiveMarkerUpdate__rosidl_typesupport_introspection_c__get_function__InteractiveMarkerUpdate__markers	24	static
../Core/M4lib/include/visualization_msgs/msg/detail/interactive_marker_update__type_support.c:71:6:visualization_msgs__msg__InteractiveMarkerUpdate__rosidl_typesupport_introspection_c__fetch_function__InteractiveMarkerUpdate__markers	32	static
../Core/M4lib/include/visualization_msgs/msg/detail/interactive_marker_update__type_support.c:82:6:visualization_msgs__msg__InteractiveMarkerUpdate__rosidl_typesupport_introspection_c__assign_function__InteractiveMarkerUpdate__markers	32	static
../Core/M4lib/include/visualization_msgs/msg/detail/interactive_marker_update__type_support.c:93:6:visualization_msgs__msg__InteractiveMarkerUpdate__rosidl_typesupport_introspection_c__resize_function__InteractiveMarkerUpdate__markers	24	static
../Core/M4lib/include/visualization_msgs/msg/detail/interactive_marker_update__type_support.c:102:8:visualization_msgs__msg__InteractiveMarkerUpdate__rosidl_typesupport_introspection_c__size_function__InteractiveMarkerUpdate__poses	24	static
../Core/M4lib/include/visualization_msgs/msg/detail/interactive_marker_update__type_support.c:110:14:visualization_msgs__msg__InteractiveMarkerUpdate__rosidl_typesupport_introspection_c__get_const_function__InteractiveMarkerUpdate__poses	24	static
../Core/M4lib/include/visualization_msgs/msg/detail/interactive_marker_update__type_support.c:118:8:visualization_msgs__msg__InteractiveMarkerUpdate__rosidl_typesupport_introspection_c__get_function__InteractiveMarkerUpdate__poses	24	static
../Core/M4lib/include/visualization_msgs/msg/detail/interactive_marker_update__type_support.c:126:6:visualization_msgs__msg__InteractiveMarkerUpdate__rosidl_typesupport_introspection_c__fetch_function__InteractiveMarkerUpdate__poses	32	static
../Core/M4lib/include/visualization_msgs/msg/detail/interactive_marker_update__type_support.c:137:6:visualization_msgs__msg__InteractiveMarkerUpdate__rosidl_typesupport_introspection_c__assign_function__InteractiveMarkerUpdate__poses	32	static
../Core/M4lib/include/visualization_msgs/msg/detail/interactive_marker_update__type_support.c:148:6:visualization_msgs__msg__InteractiveMarkerUpdate__rosidl_typesupport_introspection_c__resize_function__InteractiveMarkerUpdate__poses	24	static
../Core/M4lib/include/visualization_msgs/msg/detail/interactive_marker_update__type_support.c:157:8:visualization_msgs__msg__InteractiveMarkerUpdate__rosidl_typesupport_introspection_c__size_function__InteractiveMarkerUpdate__erases	24	static
../Core/M4lib/include/visualization_msgs/msg/detail/interactive_marker_update__type_support.c:165:14:visualization_msgs__msg__InteractiveMarkerUpdate__rosidl_typesupport_introspection_c__get_const_function__InteractiveMarkerUpdate__erases	24	static
../Core/M4lib/include/visualization_msgs/msg/detail/interactive_marker_update__type_support.c:173:8:visualization_msgs__msg__InteractiveMarkerUpdate__rosidl_typesupport_introspection_c__get_function__InteractiveMarkerUpdate__erases	24	static
../Core/M4lib/include/visualization_msgs/msg/detail/interactive_marker_update__type_support.c:181:6:visualization_msgs__msg__InteractiveMarkerUpdate__rosidl_typesupport_introspection_c__fetch_function__InteractiveMarkerUpdate__erases	32	static
../Core/M4lib/include/visualization_msgs/msg/detail/interactive_marker_update__type_support.c:192:6:visualization_msgs__msg__InteractiveMarkerUpdate__rosidl_typesupport_introspection_c__assign_function__InteractiveMarkerUpdate__erases	32	static
../Core/M4lib/include/visualization_msgs/msg/detail/interactive_marker_update__type_support.c:203:6:visualization_msgs__msg__InteractiveMarkerUpdate__rosidl_typesupport_introspection_c__resize_function__InteractiveMarkerUpdate__erases	24	static
../Core/M4lib/include/visualization_msgs/msg/detail/interactive_marker_update__type_support.c:340:1:rosidl_typesupport_introspection_c__get_message_type_support_handle__visualization_msgs__msg__InteractiveMarkerUpdate	8	static
