../Core/M4lib/include/visualization_msgs/msg/detail/interactive_marker_control__type_support.c:33:6:visualization_msgs__msg__InteractiveMarkerControl__rosidl_typesupport_introspection_c__InteractiveMarkerControl_init_function	16	static
../Core/M4lib/include/visualization_msgs/msg/detail/interactive_marker_control__type_support.c:42:6:visualization_msgs__msg__InteractiveMarkerControl__rosidl_typesupport_introspection_c__InteractiveMarkerControl_fini_function	16	static
../Core/M4lib/include/visualization_msgs/msg/detail/interactive_marker_control__type_support.c:47:8:visualization_msgs__msg__InteractiveMarkerControl__rosidl_typesupport_introspection_c__size_function__InteractiveMarkerControl__markers	24	static
../Core/M4lib/include/visualization_msgs/msg/detail/interactive_marker_control__type_support.c:55:14:visualization_msgs__msg__InteractiveMarkerControl__rosidl_typesupport_introspection_c__get_const_function__InteractiveMarkerControl__markers	24	static
../Core/M4lib/include/visualization_msgs/msg/detail/interactive_marker_control__type_support.c:63:8:visualization_msgs__msg__InteractiveMarkerControl__rosidl_typesupport_introspection_c__get_function__InteractiveMarkerControl__markers	24	static
../Core/M4lib/include/visualization_msgs/msg/detail/interactive_marker_control__type_support.c:71:6:visualization_msgs__msg__InteractiveMarkerControl__rosidl_typesupport_introspection_c__fetch_function__InteractiveMarkerControl__markers	32	static
../Core/M4lib/include/visualization_msgs/msg/detail/interactive_marker_control__type_support.c:82:6:visualization_msgs__msg__InteractiveMarkerControl__rosidl_typesupport_introspection_c__assign_function__InteractiveMarkerControl__markers	32	static
../Core/M4lib/include/visualization_msgs/msg/detail/interactive_marker_control__type_support.c:93:6:visualization_msgs__msg__InteractiveMarkerControl__rosidl_typesupport_introspection_c__resize_function__InteractiveMarkerControl__markers	24	static
../Core/M4lib/include/visualization_msgs/msg/detail/interactive_marker_control__type_support.c:264:1:rosidl_typesupport_introspection_c__get_message_type_support_handle__visualization_msgs__msg__InteractiveMarkerControl	8	static
