../Core/M4lib/include/visualization_msgs/msg/detail/uv_coordinate__functions.c:15:1:visualization_msgs__msg__UVCoordinate__init	16	static
../Core/M4lib/include/visualization_msgs/msg/detail/uv_coordinate__functions.c:26:1:visualization_msgs__msg__UVCoordinate__fini	16	static
../Core/M4lib/include/visualization_msgs/msg/detail/uv_coordinate__functions.c:36:1:visualization_msgs__msg__UVCoordinate__are_equal	16	static
../Core/M4lib/include/visualization_msgs/msg/detail/uv_coordinate__functions.c:53:1:visualization_msgs__msg__UVCoordinate__copy	16	static
../Core/M4lib/include/visualization_msgs/msg/detail/uv_coordinate__functions.c:68:1:visualization_msgs__msg__UVCoordinate__create	40	static
../Core/M4lib/include/visualization_msgs/msg/detail/uv_coordinate__functions.c:85:1:visualization_msgs__msg__UVCoordinate__destroy	40	static
../Core/M4lib/include/visualization_msgs/msg/detail/uv_coordinate__functions.c:96:1:visualization_msgs__msg__UVCoordinate__Sequence__init	48	static
../Core/M4lib/include/visualization_msgs/msg/detail/uv_coordinate__functions.c:133:1:visualization_msgs__msg__UVCoordinate__Sequence__fini	40	static
../Core/M4lib/include/visualization_msgs/msg/detail/uv_coordinate__functions.c:159:1:visualization_msgs__msg__UVCoordinate__Sequence__create	48	static
../Core/M4lib/include/visualization_msgs/msg/detail/uv_coordinate__functions.c:175:1:visualization_msgs__msg__UVCoordinate__Sequence__destroy	40	static
../Core/M4lib/include/visualization_msgs/msg/detail/uv_coordinate__functions.c:185:1:visualization_msgs__msg__UVCoordinate__Sequence__are_equal	24	static
../Core/M4lib/include/visualization_msgs/msg/detail/uv_coordinate__functions.c:202:1:visualization_msgs__msg__UVCoordinate__Sequence__copy	56	static
