../Core/M4lib/include/composition_interfaces/srv/detail/load_node__type_support.c:34:6:composition_interfaces__srv__LoadNode_Request__rosidl_typesupport_introspection_c__LoadNode_Request_init_function	16	static
../Core/M4lib/include/composition_interfaces/srv/detail/load_node__type_support.c:43:6:composition_interfaces__srv__LoadNode_Request__rosidl_typesupport_introspection_c__LoadNode_Request_fini_function	16	static
../Core/M4lib/include/composition_interfaces/srv/detail/load_node__type_support.c:48:8:composition_interfaces__srv__LoadNode_Request__rosidl_typesupport_introspection_c__size_function__LoadNode_Request__remap_rules	24	static
../Core/M4lib/include/composition_interfaces/srv/detail/load_node__type_support.c:56:14:composition_interfaces__srv__LoadNode_Request__rosidl_typesupport_introspection_c__get_const_function__LoadNode_Request__remap_rules	24	static
../Core/M4lib/include/composition_interfaces/srv/detail/load_node__type_support.c:64:8:composition_interfaces__srv__LoadNode_Request__rosidl_typesupport_introspection_c__get_function__LoadNode_Request__remap_rules	24	static
../Core/M4lib/include/composition_interfaces/srv/detail/load_node__type_support.c:72:6:composition_interfaces__srv__LoadNode_Request__rosidl_typesupport_introspection_c__fetch_function__LoadNode_Request__remap_rules	32	static
../Core/M4lib/include/composition_interfaces/srv/detail/load_node__type_support.c:83:6:composition_interfaces__srv__LoadNode_Request__rosidl_typesupport_introspection_c__assign_function__LoadNode_Request__remap_rules	32	static
../Core/M4lib/include/composition_interfaces/srv/detail/load_node__type_support.c:94:6:composition_interfaces__srv__LoadNode_Request__rosidl_typesupport_introspection_c__resize_function__LoadNode_Request__remap_rules	24	static
../Core/M4lib/include/composition_interfaces/srv/detail/load_node__type_support.c:103:8:composition_interfaces__srv__LoadNode_Request__rosidl_typesupport_introspection_c__size_function__LoadNode_Request__parameters	24	static
../Core/M4lib/include/composition_interfaces/srv/detail/load_node__type_support.c:111:14:composition_interfaces__srv__LoadNode_Request__rosidl_typesupport_introspection_c__get_const_function__LoadNode_Request__parameters	24	static
../Core/M4lib/include/composition_interfaces/srv/detail/load_node__type_support.c:119:8:composition_interfaces__srv__LoadNode_Request__rosidl_typesupport_introspection_c__get_function__LoadNode_Request__parameters	24	static
../Core/M4lib/include/composition_interfaces/srv/detail/load_node__type_support.c:127:6:composition_interfaces__srv__LoadNode_Request__rosidl_typesupport_introspection_c__fetch_function__LoadNode_Request__parameters	32	static
../Core/M4lib/include/composition_interfaces/srv/detail/load_node__type_support.c:138:6:composition_interfaces__srv__LoadNode_Request__rosidl_typesupport_introspection_c__assign_function__LoadNode_Request__parameters	32	static
../Core/M4lib/include/composition_interfaces/srv/detail/load_node__type_support.c:149:6:composition_interfaces__srv__LoadNode_Request__rosidl_typesupport_introspection_c__resize_function__LoadNode_Request__parameters	24	static
../Core/M4lib/include/composition_interfaces/srv/detail/load_node__type_support.c:158:8:composition_interfaces__srv__LoadNode_Request__rosidl_typesupport_introspection_c__size_function__LoadNode_Request__extra_arguments	24	static
../Core/M4lib/include/composition_interfaces/srv/detail/load_node__type_support.c:166:14:composition_interfaces__srv__LoadNode_Request__rosidl_typesupport_introspection_c__get_const_function__LoadNode_Request__extra_arguments	24	static
../Core/M4lib/include/composition_interfaces/srv/detail/load_node__type_support.c:174:8:composition_interfaces__srv__LoadNode_Request__rosidl_typesupport_introspection_c__get_function__LoadNode_Request__extra_arguments	24	static
../Core/M4lib/include/composition_interfaces/srv/detail/load_node__type_support.c:182:6:composition_interfaces__srv__LoadNode_Request__rosidl_typesupport_introspection_c__fetch_function__LoadNode_Request__extra_arguments	32	static
../Core/M4lib/include/composition_interfaces/srv/detail/load_node__type_support.c:193:6:composition_interfaces__srv__LoadNode_Request__rosidl_typesupport_introspection_c__assign_function__LoadNode_Request__extra_arguments	32	static
../Core/M4lib/include/composition_interfaces/srv/detail/load_node__type_support.c:204:6:composition_interfaces__srv__LoadNode_Request__rosidl_typesupport_introspection_c__resize_function__LoadNode_Request__extra_arguments	24	static
../Core/M4lib/include/composition_interfaces/srv/detail/load_node__type_support.c:375:1:rosidl_typesupport_introspection_c__get_message_type_support_handle__composition_interfaces__srv__LoadNode_Request	8	static
../Core/M4lib/include/composition_interfaces/srv/detail/load_node__type_support.c:419:6:composition_interfaces__srv__LoadNode_Response__rosidl_typesupport_introspection_c__LoadNode_Response_init_function	16	static
../Core/M4lib/include/composition_interfaces/srv/detail/load_node__type_support.c:428:6:composition_interfaces__srv__LoadNode_Response__rosidl_typesupport_introspection_c__LoadNode_Response_fini_function	16	static
../Core/M4lib/include/composition_interfaces/srv/detail/load_node__type_support.c:527:1:rosidl_typesupport_introspection_c__get_message_type_support_handle__composition_interfaces__srv__LoadNode_Response	4	static
../Core/M4lib/include/composition_interfaces/srv/detail/load_node__type_support.c:574:6:composition_interfaces__srv__LoadNode_Event__rosidl_typesupport_introspection_c__LoadNode_Event_init_function	16	static
../Core/M4lib/include/composition_interfaces/srv/detail/load_node__type_support.c:583:6:composition_interfaces__srv__LoadNode_Event__rosidl_typesupport_introspection_c__LoadNode_Event_fini_function	16	static
../Core/M4lib/include/composition_interfaces/srv/detail/load_node__type_support.c:588:8:composition_interfaces__srv__LoadNode_Event__rosidl_typesupport_introspection_c__size_function__LoadNode_Event__request	24	static
../Core/M4lib/include/composition_interfaces/srv/detail/load_node__type_support.c:596:14:composition_interfaces__srv__LoadNode_Event__rosidl_typesupport_introspection_c__get_const_function__LoadNode_Event__request	24	static
../Core/M4lib/include/composition_interfaces/srv/detail/load_node__type_support.c:604:8:composition_interfaces__srv__LoadNode_Event__rosidl_typesupport_introspection_c__get_function__LoadNode_Event__request	24	static
../Core/M4lib/include/composition_interfaces/srv/detail/load_node__type_support.c:612:6:composition_interfaces__srv__LoadNode_Event__rosidl_typesupport_introspection_c__fetch_function__LoadNode_Event__request	32	static
../Core/M4lib/include/composition_interfaces/srv/detail/load_node__type_support.c:623:6:composition_interfaces__srv__LoadNode_Event__rosidl_typesupport_introspection_c__assign_function__LoadNode_Event__request	32	static
../Core/M4lib/include/composition_interfaces/srv/detail/load_node__type_support.c:634:6:composition_interfaces__srv__LoadNode_Event__rosidl_typesupport_introspection_c__resize_function__LoadNode_Event__request	24	static
../Core/M4lib/include/composition_interfaces/srv/detail/load_node__type_support.c:643:8:composition_interfaces__srv__LoadNode_Event__rosidl_typesupport_introspection_c__size_function__LoadNode_Event__response	24	static
../Core/M4lib/include/composition_interfaces/srv/detail/load_node__type_support.c:651:14:composition_interfaces__srv__LoadNode_Event__rosidl_typesupport_introspection_c__get_const_function__LoadNode_Event__response	24	static
../Core/M4lib/include/composition_interfaces/srv/detail/load_node__type_support.c:659:8:composition_interfaces__srv__LoadNode_Event__rosidl_typesupport_introspection_c__get_function__LoadNode_Event__response	24	static
../Core/M4lib/include/composition_interfaces/srv/detail/load_node__type_support.c:667:6:composition_interfaces__srv__LoadNode_Event__rosidl_typesupport_introspection_c__fetch_function__LoadNode_Event__response	40	static
../Core/M4lib/include/composition_interfaces/srv/detail/load_node__type_support.c:678:6:composition_interfaces__srv__LoadNode_Event__rosidl_typesupport_introspection_c__assign_function__LoadNode_Event__response	40	static
../Core/M4lib/include/composition_interfaces/srv/detail/load_node__type_support.c:689:6:composition_interfaces__srv__LoadNode_Event__rosidl_typesupport_introspection_c__resize_function__LoadNode_Event__response	24	static
../Core/M4lib/include/composition_interfaces/srv/detail/load_node__type_support.c:775:1:rosidl_typesupport_introspection_c__get_message_type_support_handle__composition_interfaces__srv__LoadNode_Event	8	static
../Core/M4lib/include/composition_interfaces/srv/detail/load_node__type_support.c:851:1:rosidl_typesupport_introspection_c__get_service_type_support_handle__composition_interfaces__srv__LoadNode	16	static
