../Core/M4lib/include/diagnostic_msgs/msg/detail/diagnostic_status__type_support.c:30:6:diagnostic_msgs__msg__DiagnosticStatus__rosidl_typesupport_introspection_c__DiagnosticStatus_init_function	16	static
../Core/M4lib/include/diagnostic_msgs/msg/detail/diagnostic_status__type_support.c:39:6:diagnostic_msgs__msg__DiagnosticStatus__rosidl_typesupport_introspection_c__DiagnosticStatus_fini_function	16	static
../Core/M4lib/include/diagnostic_msgs/msg/detail/diagnostic_status__type_support.c:44:8:diagnostic_msgs__msg__DiagnosticStatus__rosidl_typesupport_introspection_c__size_function__DiagnosticStatus__values	24	static
../Core/M4lib/include/diagnostic_msgs/msg/detail/diagnostic_status__type_support.c:52:14:diagnostic_msgs__msg__DiagnosticStatus__rosidl_typesupport_introspection_c__get_const_function__DiagnosticStatus__values	24	static
../Core/M4lib/include/diagnostic_msgs/msg/detail/diagnostic_status__type_support.c:60:8:diagnostic_msgs__msg__DiagnosticStatus__rosidl_typesupport_introspection_c__get_function__DiagnosticStatus__values	24	static
../Core/M4lib/include/diagnostic_msgs/msg/detail/diagnostic_status__type_support.c:68:6:diagnostic_msgs__msg__DiagnosticStatus__rosidl_typesupport_introspection_c__fetch_function__DiagnosticStatus__values	40	static
../Core/M4lib/include/diagnostic_msgs/msg/detail/diagnostic_status__type_support.c:79:6:diagnostic_msgs__msg__DiagnosticStatus__rosidl_typesupport_introspection_c__assign_function__DiagnosticStatus__values	40	static
../Core/M4lib/include/diagnostic_msgs/msg/detail/diagnostic_status__type_support.c:90:6:diagnostic_msgs__msg__DiagnosticStatus__rosidl_typesupport_introspection_c__resize_function__DiagnosticStatus__values	24	static
../Core/M4lib/include/diagnostic_msgs/msg/detail/diagnostic_status__type_support.c:210:1:rosidl_typesupport_introspection_c__get_message_type_support_handle__diagnostic_msgs__msg__DiagnosticStatus	8	static
