../Core/M4lib/include/sensor_msgs/msg/detail/compressed_image__type_support.c:30:6:sensor_msgs__msg__CompressedImage__rosidl_typesupport_introspection_c__CompressedImage_init_function	16	static
../Core/M4lib/include/sensor_msgs/msg/detail/compressed_image__type_support.c:39:6:sensor_msgs__msg__CompressedImage__rosidl_typesupport_introspection_c__CompressedImage_fini_function	16	static
../Core/M4lib/include/sensor_msgs/msg/detail/compressed_image__type_support.c:44:8:sensor_msgs__msg__CompressedImage__rosidl_typesupport_introspection_c__size_function__CompressedImage__data	24	static
../Core/M4lib/include/sensor_msgs/msg/detail/compressed_image__type_support.c:52:14:sensor_msgs__msg__CompressedImage__rosidl_typesupport_introspection_c__get_const_function__CompressedImage__data	24	static
../Core/M4lib/include/sensor_msgs/msg/detail/compressed_image__type_support.c:60:8:sensor_msgs__msg__CompressedImage__rosidl_typesupport_introspection_c__get_function__CompressedImage__data	24	static
../Core/M4lib/include/sensor_msgs/msg/detail/compressed_image__type_support.c:68:6:sensor_msgs__msg__CompressedImage__rosidl_typesupport_introspection_c__fetch_function__CompressedImage__data	32	static
../Core/M4lib/include/sensor_msgs/msg/detail/compressed_image__type_support.c:79:6:sensor_msgs__msg__CompressedImage__rosidl_typesupport_introspection_c__assign_function__CompressedImage__data	32	static
../Core/M4lib/include/sensor_msgs/msg/detail/compressed_image__type_support.c:90:6:sensor_msgs__msg__CompressedImage__rosidl_typesupport_introspection_c__resize_function__CompressedImage__data	24	static
../Core/M4lib/include/sensor_msgs/msg/detail/compressed_image__type_support.c:176:1:rosidl_typesupport_introspection_c__get_message_type_support_handle__sensor_msgs__msg__CompressedImage	8	static
