../Core/M4lib/include/sensor_msgs/msg/detail/fluid_pressure__functions.c:19:1:sensor_msgs__msg__FluidPressure__init	16	static
../Core/M4lib/include/sensor_msgs/msg/detail/fluid_pressure__functions.c:35:1:sensor_msgs__msg__FluidPressure__fini	16	static
../Core/M4lib/include/sensor_msgs/msg/detail/fluid_pressure__functions.c:47:1:sensor_msgs__msg__FluidPressure__are_equal	16	static
../Core/M4lib/include/sensor_msgs/msg/detail/fluid_pressure__functions.c:70:1:sensor_msgs__msg__FluidPressure__copy	16	static
../Core/M4lib/include/sensor_msgs/msg/detail/fluid_pressure__functions.c:91:1:sensor_msgs__msg__FluidPressure__create	40	static
../Core/M4lib/include/sensor_msgs/msg/detail/fluid_pressure__functions.c:108:1:sensor_msgs__msg__FluidPressure__destroy	40	static
../Core/M4lib/include/sensor_msgs/msg/detail/fluid_pressure__functions.c:119:1:sensor_msgs__msg__FluidPressure__Sequence__init	48	static
../Core/M4lib/include/sensor_msgs/msg/detail/fluid_pressure__functions.c:156:1:sensor_msgs__msg__FluidPressure__Sequence__fini	40	static
../Core/M4lib/include/sensor_msgs/msg/detail/fluid_pressure__functions.c:182:1:sensor_msgs__msg__FluidPressure__Sequence__create	48	static
../Core/M4lib/include/sensor_msgs/msg/detail/fluid_pressure__functions.c:198:1:sensor_msgs__msg__FluidPressure__Sequence__destroy	40	static
../Core/M4lib/include/sensor_msgs/msg/detail/fluid_pressure__functions.c:208:1:sensor_msgs__msg__FluidPressure__Sequence__are_equal	24	static
../Core/M4lib/include/sensor_msgs/msg/detail/fluid_pressure__functions.c:225:1:sensor_msgs__msg__FluidPressure__Sequence__copy	56	static
