../Core/M4lib/include/sensor_msgs/msg/detail/joy_feedback_array__type_support.c:26:6:sensor_msgs__msg__JoyFeedbackArray__rosidl_typesupport_introspection_c__JoyFeedbackArray_init_function	16	static
../Core/M4lib/include/sensor_msgs/msg/detail/joy_feedback_array__type_support.c:35:6:sensor_msgs__msg__JoyFeedbackArray__rosidl_typesupport_introspection_c__JoyFeedbackArray_fini_function	16	static
../Core/M4lib/include/sensor_msgs/msg/detail/joy_feedback_array__type_support.c:40:8:sensor_msgs__msg__JoyFeedbackArray__rosidl_typesupport_introspection_c__size_function__JoyFeedbackArray__array	24	static
../Core/M4lib/include/sensor_msgs/msg/detail/joy_feedback_array__type_support.c:48:14:sensor_msgs__msg__JoyFeedbackArray__rosidl_typesupport_introspection_c__get_const_function__JoyFeedbackArray__array	24	static
../Core/M4lib/include/sensor_msgs/msg/detail/joy_feedback_array__type_support.c:56:8:sensor_msgs__msg__JoyFeedbackArray__rosidl_typesupport_introspection_c__get_function__JoyFeedbackArray__array	24	static
../Core/M4lib/include/sensor_msgs/msg/detail/joy_feedback_array__type_support.c:64:6:sensor_msgs__msg__JoyFeedbackArray__rosidl_typesupport_introspection_c__fetch_function__JoyFeedbackArray__array	32	static
../Core/M4lib/include/sensor_msgs/msg/detail/joy_feedback_array__type_support.c:75:6:sensor_msgs__msg__JoyFeedbackArray__rosidl_typesupport_introspection_c__assign_function__JoyFeedbackArray__array	32	static
../Core/M4lib/include/sensor_msgs/msg/detail/joy_feedback_array__type_support.c:86:6:sensor_msgs__msg__JoyFeedbackArray__rosidl_typesupport_introspection_c__resize_function__JoyFeedbackArray__array	24	static
../Core/M4lib/include/sensor_msgs/msg/detail/joy_feedback_array__type_support.c:138:1:rosidl_typesupport_introspection_c__get_message_type_support_handle__sensor_msgs__msg__JoyFeedbackArray	8	static
