../Core/M4lib/include/diagnostic_msgs/srv/detail/self_test__description.c:9:1:diagnostic_msgs__srv__SelfTest__get_type_hash	16	static
../Core/M4lib/include/diagnostic_msgs/srv/detail/self_test__description.c:24:1:diagnostic_msgs__srv__SelfTest_Request__get_type_hash	16	static
../Core/M4lib/include/diagnostic_msgs/srv/detail/self_test__description.c:39:1:diagnostic_msgs__srv__SelfTest_Response__get_type_hash	16	static
../Core/M4lib/include/diagnostic_msgs/srv/detail/self_test__description.c:54:1:diagnostic_msgs__srv__SelfTest_Event__get_type_hash	16	static
../Core/M4lib/include/diagnostic_msgs/srv/detail/self_test__description.c:183:1:diagnostic_msgs__srv__SelfTest__get_type_description	16	static
../Core/M4lib/include/diagnostic_msgs/srv/detail/self_test__description.c:228:1:diagnostic_msgs__srv__SelfTest_Request__get_type_description	16	static
../Core/M4lib/include/diagnostic_msgs/srv/detail/self_test__description.c:295:1:diagnostic_msgs__srv__SelfTest_Response__get_type_description	16	static
../Core/M4lib/include/diagnostic_msgs/srv/detail/self_test__description.c:382:1:diagnostic_msgs__srv__SelfTest_Event__get_type_description	16	static
../Core/M4lib/include/diagnostic_msgs/srv/detail/self_test__description.c:422:1:diagnostic_msgs__srv__SelfTest__get_individual_type_description_source	16	static
../Core/M4lib/include/diagnostic_msgs/srv/detail/self_test__description.c:435:1:diagnostic_msgs__srv__SelfTest_Request__get_individual_type_description_source	16	static
../Core/M4lib/include/diagnostic_msgs/srv/detail/self_test__description.c:448:1:diagnostic_msgs__srv__SelfTest_Response__get_individual_type_description_source	16	static
../Core/M4lib/include/diagnostic_msgs/srv/detail/self_test__description.c:461:1:diagnostic_msgs__srv__SelfTest_Event__get_individual_type_description_source	16	static
../Core/M4lib/include/diagnostic_msgs/srv/detail/self_test__description.c:474:1:diagnostic_msgs__srv__SelfTest__get_type_description_sources	24	static
../Core/M4lib/include/diagnostic_msgs/srv/detail/self_test__description.c:496:1:diagnostic_msgs__srv__SelfTest_Request__get_type_description_sources	24	static
../Core/M4lib/include/diagnostic_msgs/srv/detail/self_test__description.c:511:1:diagnostic_msgs__srv__SelfTest_Response__get_type_description_sources	24	static
../Core/M4lib/include/diagnostic_msgs/srv/detail/self_test__description.c:528:1:diagnostic_msgs__srv__SelfTest_Event__get_type_description_sources	24	static
