../Core/M4lib/include/diagnostic_msgs/srv/detail/self_test__type_support.c:20:6:diagnostic_msgs__srv__SelfTest_Request__rosidl_typesupport_introspection_c__SelfTest_Request_init_function	16	static
../Core/M4lib/include/diagnostic_msgs/srv/detail/self_test__type_support.c:29:6:diagnostic_msgs__srv__SelfTest_Request__rosidl_typesupport_introspection_c__SelfTest_Request_fini_function	16	static
../Core/M4lib/include/diagnostic_msgs/srv/detail/self_test__type_support.c:77:1:rosidl_typesupport_introspection_c__get_message_type_support_handle__diagnostic_msgs__srv__SelfTest_Request	4	static
../Core/M4lib/include/diagnostic_msgs/srv/detail/self_test__type_support.c:119:6:diagnostic_msgs__srv__SelfTest_Response__rosidl_typesupport_introspection_c__SelfTest_Response_init_function	16	static
../Core/M4lib/include/diagnostic_msgs/srv/detail/self_test__type_support.c:128:6:diagnostic_msgs__srv__SelfTest_Response__rosidl_typesupport_introspection_c__SelfTest_Response_fini_function	16	static
../Core/M4lib/include/diagnostic_msgs/srv/detail/self_test__type_support.c:133:8:diagnostic_msgs__srv__SelfTest_Response__rosidl_typesupport_introspection_c__size_function__SelfTest_Response__status	24	static
../Core/M4lib/include/diagnostic_msgs/srv/detail/self_test__type_support.c:141:14:diagnostic_msgs__srv__SelfTest_Response__rosidl_typesupport_introspection_c__get_const_function__SelfTest_Response__status	24	static
../Core/M4lib/include/diagnostic_msgs/srv/detail/self_test__type_support.c:149:8:diagnostic_msgs__srv__SelfTest_Response__rosidl_typesupport_introspection_c__get_function__SelfTest_Response__status	24	static
../Core/M4lib/include/diagnostic_msgs/srv/detail/self_test__type_support.c:157:6:diagnostic_msgs__srv__SelfTest_Response__rosidl_typesupport_introspection_c__fetch_function__SelfTest_Response__status	40	static
../Core/M4lib/include/diagnostic_msgs/srv/detail/self_test__type_support.c:168:6:diagnostic_msgs__srv__SelfTest_Response__rosidl_typesupport_introspection_c__assign_function__SelfTest_Response__status	40	static
../Core/M4lib/include/diagnostic_msgs/srv/detail/self_test__type_support.c:179:6:diagnostic_msgs__srv__SelfTest_Response__rosidl_typesupport_introspection_c__resize_function__SelfTest_Response__status	24	static
../Core/M4lib/include/diagnostic_msgs/srv/detail/self_test__type_support.c:265:1:rosidl_typesupport_introspection_c__get_message_type_support_handle__diagnostic_msgs__srv__SelfTest_Response	8	static
../Core/M4lib/include/diagnostic_msgs/srv/detail/self_test__type_support.c:314:6:diagnostic_msgs__srv__SelfTest_Event__rosidl_typesupport_introspection_c__SelfTest_Event_init_function	16	static
../Core/M4lib/include/diagnostic_msgs/srv/detail/self_test__type_support.c:323:6:diagnostic_msgs__srv__SelfTest_Event__rosidl_typesupport_introspection_c__SelfTest_Event_fini_function	16	static
../Core/M4lib/include/diagnostic_msgs/srv/detail/self_test__type_support.c:328:8:diagnostic_msgs__srv__SelfTest_Event__rosidl_typesupport_introspection_c__size_function__SelfTest_Event__request	24	static
../Core/M4lib/include/diagnostic_msgs/srv/detail/self_test__type_support.c:336:14:diagnostic_msgs__srv__SelfTest_Event__rosidl_typesupport_introspection_c__get_const_function__SelfTest_Event__request	24	static
../Core/M4lib/include/diagnostic_msgs/srv/detail/self_test__type_support.c:344:8:diagnostic_msgs__srv__SelfTest_Event__rosidl_typesupport_introspection_c__get_function__SelfTest_Event__request	24	static
../Core/M4lib/include/diagnostic_msgs/srv/detail/self_test__type_support.c:352:6:diagnostic_msgs__srv__SelfTest_Event__rosidl_typesupport_introspection_c__fetch_function__SelfTest_Event__request	32	static
../Core/M4lib/include/diagnostic_msgs/srv/detail/self_test__type_support.c:363:6:diagnostic_msgs__srv__SelfTest_Event__rosidl_typesupport_introspection_c__assign_function__SelfTest_Event__request	32	static
../Core/M4lib/include/diagnostic_msgs/srv/detail/self_test__type_support.c:374:6:diagnostic_msgs__srv__SelfTest_Event__rosidl_typesupport_introspection_c__resize_function__SelfTest_Event__request	24	static
../Core/M4lib/include/diagnostic_msgs/srv/detail/self_test__type_support.c:383:8:diagnostic_msgs__srv__SelfTest_Event__rosidl_typesupport_introspection_c__size_function__SelfTest_Event__response	24	static
../Core/M4lib/include/diagnostic_msgs/srv/detail/self_test__type_support.c:391:14:diagnostic_msgs__srv__SelfTest_Event__rosidl_typesupport_introspection_c__get_const_function__SelfTest_Event__response	24	static
../Core/M4lib/include/diagnostic_msgs/srv/detail/self_test__type_support.c:399:8:diagnostic_msgs__srv__SelfTest_Event__rosidl_typesupport_introspection_c__get_function__SelfTest_Event__response	24	static
../Core/M4lib/include/diagnostic_msgs/srv/detail/self_test__type_support.c:407:6:diagnostic_msgs__srv__SelfTest_Event__rosidl_typesupport_introspection_c__fetch_function__SelfTest_Event__response	40	static
../Core/M4lib/include/diagnostic_msgs/srv/detail/self_test__type_support.c:418:6:diagnostic_msgs__srv__SelfTest_Event__rosidl_typesupport_introspection_c__assign_function__SelfTest_Event__response	40	static
../Core/M4lib/include/diagnostic_msgs/srv/detail/self_test__type_support.c:429:6:diagnostic_msgs__srv__SelfTest_Event__rosidl_typesupport_introspection_c__resize_function__SelfTest_Event__response	24	static
../Core/M4lib/include/diagnostic_msgs/srv/detail/self_test__type_support.c:515:1:rosidl_typesupport_introspection_c__get_message_type_support_handle__diagnostic_msgs__srv__SelfTest_Event	8	static
../Core/M4lib/include/diagnostic_msgs/srv/detail/self_test__type_support.c:591:1:rosidl_typesupport_introspection_c__get_service_type_support_handle__diagnostic_msgs__srv__SelfTest	16	static
