../Core/M4lib/include/service_msgs/msg/detail/service_event_info__type_support.c:26:6:service_msgs__msg__ServiceEventInfo__rosidl_typesupport_introspection_c__ServiceEventInfo_init_function	16	static
../Core/M4lib/include/service_msgs/msg/detail/service_event_info__type_support.c:35:6:service_msgs__msg__ServiceEventInfo__rosidl_typesupport_introspection_c__ServiceEventInfo_fini_function	16	static
../Core/M4lib/include/service_msgs/msg/detail/service_event_info__type_support.c:40:8:service_msgs__msg__ServiceEventInfo__rosidl_typesupport_introspection_c__size_function__ServiceEventInfo__client_gid	16	static
../Core/M4lib/include/service_msgs/msg/detail/service_event_info__type_support.c:47:14:service_msgs__msg__ServiceEventInfo__rosidl_typesupport_introspection_c__get_const_function__ServiceEventInfo__client_gid	24	static
../Core/M4lib/include/service_msgs/msg/detail/service_event_info__type_support.c:55:8:service_msgs__msg__ServiceEventInfo__rosidl_typesupport_introspection_c__get_function__ServiceEventInfo__client_gid	24	static
../Core/M4lib/include/service_msgs/msg/detail/service_event_info__type_support.c:63:6:service_msgs__msg__ServiceEventInfo__rosidl_typesupport_introspection_c__fetch_function__ServiceEventInfo__client_gid	32	static
../Core/M4lib/include/service_msgs/msg/detail/service_event_info__type_support.c:74:6:service_msgs__msg__ServiceEventInfo__rosidl_typesupport_introspection_c__assign_function__ServiceEventInfo__client_gid	32	static
../Core/M4lib/include/service_msgs/msg/detail/service_event_info__type_support.c:179:1:rosidl_typesupport_introspection_c__get_message_type_support_handle__service_msgs__msg__ServiceEventInfo	8	static
