../Core/M4lib/include/service_msgs/msg/detail/service_event_info__functions.c:19:1:service_msgs__msg__ServiceEventInfo__init	16	static
../Core/M4lib/include/service_msgs/msg/detail/service_event_info__functions.c:36:1:service_msgs__msg__ServiceEventInfo__fini	16	static
../Core/M4lib/include/service_msgs/msg/detail/service_event_info__functions.c:49:1:service_msgs__msg__ServiceEventInfo__are_equal	24	static
../Core/M4lib/include/service_msgs/msg/detail/service_event_info__functions.c:78:1:service_msgs__msg__ServiceEventInfo__copy	24	static
../Core/M4lib/include/service_msgs/msg/detail/service_event_info__functions.c:103:1:service_msgs__msg__ServiceEventInfo__create	40	static
../Core/M4lib/include/service_msgs/msg/detail/service_event_info__functions.c:120:1:service_msgs__msg__ServiceEventInfo__destroy	40	static
../Core/M4lib/include/service_msgs/msg/detail/service_event_info__functions.c:131:1:service_msgs__msg__ServiceEventInfo__Sequence__init	48	static
../Core/M4lib/include/service_msgs/msg/detail/service_event_info__functions.c:168:1:service_msgs__msg__ServiceEventInfo__Sequence__fini	40	static
../Core/M4lib/include/service_msgs/msg/detail/service_event_info__functions.c:194:1:service_msgs__msg__ServiceEventInfo__Sequence__create	48	static
../Core/M4lib/include/service_msgs/msg/detail/service_event_info__functions.c:210:1:service_msgs__msg__ServiceEventInfo__Sequence__destroy	40	static
../Core/M4lib/include/service_msgs/msg/detail/service_event_info__functions.c:220:1:service_msgs__msg__ServiceEventInfo__Sequence__are_equal	24	static
../Core/M4lib/include/service_msgs/msg/detail/service_event_info__functions.c:237:1:service_msgs__msg__ServiceEventInfo__Sequence__copy	56	static
