../Core/M4lib/include/sensor_msgs/msg/detail/channel_float32__functions.c:21:1:sensor_msgs__msg__ChannelFloat32__init	16	static
../Core/M4lib/include/sensor_msgs/msg/detail/channel_float32__functions.c:40:1:sensor_msgs__msg__ChannelFloat32__fini	16	static
../Core/M4lib/include/sensor_msgs/msg/detail/channel_float32__functions.c:52:1:sensor_msgs__msg__ChannelFloat32__are_equal	16	static
../Core/M4lib/include/sensor_msgs/msg/detail/channel_float32__functions.c:73:1:sensor_msgs__msg__ChannelFloat32__copy	16	static
../Core/M4lib/include/sensor_msgs/msg/detail/channel_float32__functions.c:96:1:sensor_msgs__msg__ChannelFloat32__create	40	static
../Core/M4lib/include/sensor_msgs/msg/detail/channel_float32__functions.c:113:1:sensor_msgs__msg__ChannelFloat32__destroy	40	static
../Core/M4lib/include/sensor_msgs/msg/detail/channel_float32__functions.c:124:1:sensor_msgs__msg__ChannelFloat32__Sequence__init	48	static
../Core/M4lib/include/sensor_msgs/msg/detail/channel_float32__functions.c:161:1:sensor_msgs__msg__ChannelFloat32__Sequence__fini	40	static
../Core/M4lib/include/sensor_msgs/msg/detail/channel_float32__functions.c:187:1:sensor_msgs__msg__ChannelFloat32__Sequence__create	48	static
../Core/M4lib/include/sensor_msgs/msg/detail/channel_float32__functions.c:203:1:sensor_msgs__msg__ChannelFloat32__Sequence__destroy	40	static
../Core/M4lib/include/sensor_msgs/msg/detail/channel_float32__functions.c:213:1:sensor_msgs__msg__ChannelFloat32__Sequence__are_equal	24	static
../Core/M4lib/include/sensor_msgs/msg/detail/channel_float32__functions.c:230:1:sensor_msgs__msg__ChannelFloat32__Sequence__copy	56	static
