../Core/M4lib/include/sensor_msgs/msg/detail/image__functions.c:23:1:sensor_msgs__msg__Image__init	16	static
../Core/M4lib/include/sensor_msgs/msg/detail/image__functions.c:51:1:sensor_msgs__msg__Image__fini	16	static
../Core/M4lib/include/sensor_msgs/msg/detail/image__functions.c:69:1:sensor_msgs__msg__Image__are_equal	16	static
../Core/M4lib/include/sensor_msgs/msg/detail/image__functions.c:112:1:sensor_msgs__msg__Image__copy	16	static
../Core/M4lib/include/sensor_msgs/msg/detail/image__functions.c:149:1:sensor_msgs__msg__Image__create	40	static
../Core/M4lib/include/sensor_msgs/msg/detail/image__functions.c:166:1:sensor_msgs__msg__Image__destroy	40	static
../Core/M4lib/include/sensor_msgs/msg/detail/image__functions.c:177:1:sensor_msgs__msg__Image__Sequence__init	48	static
../Core/M4lib/include/sensor_msgs/msg/detail/image__functions.c:214:1:sensor_msgs__msg__Image__Sequence__fini	40	static
../Core/M4lib/include/sensor_msgs/msg/detail/image__functions.c:240:1:sensor_msgs__msg__Image__Sequence__create	48	static
../Core/M4lib/include/sensor_msgs/msg/detail/image__functions.c:256:1:sensor_msgs__msg__Image__Sequence__destroy	40	static
../Core/M4lib/include/sensor_msgs/msg/detail/image__functions.c:266:1:sensor_msgs__msg__Image__Sequence__are_equal	24	static
../Core/M4lib/include/sensor_msgs/msg/detail/image__functions.c:283:1:sensor_msgs__msg__Image__Sequence__copy	56	static
