../Core/M4lib/include/sensor_msgs/msg/detail/imu__functions.c:24:1:sensor_msgs__msg__Imu__init	16	static
../Core/M4lib/include/sensor_msgs/msg/detail/imu__functions.c:56:1:sensor_msgs__msg__Imu__fini	16	static
../Core/M4lib/include/sensor_msgs/msg/detail/imu__functions.c:75:1:sensor_msgs__msg__Imu__are_equal	32	static
../Core/M4lib/include/sensor_msgs/msg/detail/imu__functions.c:126:1:sensor_msgs__msg__Imu__copy	32	static
../Core/M4lib/include/sensor_msgs/msg/detail/imu__functions.c:173:1:sensor_msgs__msg__Imu__create	40	static
../Core/M4lib/include/sensor_msgs/msg/detail/imu__functions.c:190:1:sensor_msgs__msg__Imu__destroy	40	static
../Core/M4lib/include/sensor_msgs/msg/detail/imu__functions.c:201:1:sensor_msgs__msg__Imu__Sequence__init	48	static
../Core/M4lib/include/sensor_msgs/msg/detail/imu__functions.c:238:1:sensor_msgs__msg__Imu__Sequence__fini	40	static
../Core/M4lib/include/sensor_msgs/msg/detail/imu__functions.c:264:1:sensor_msgs__msg__Imu__Sequence__create	48	static
../Core/M4lib/include/sensor_msgs/msg/detail/imu__functions.c:280:1:sensor_msgs__msg__Imu__Sequence__destroy	40	static
../Core/M4lib/include/sensor_msgs/msg/detail/imu__functions.c:290:1:sensor_msgs__msg__Imu__Sequence__are_equal	24	static
../Core/M4lib/include/sensor_msgs/msg/detail/imu__functions.c:307:1:sensor_msgs__msg__Imu__Sequence__copy	56	static
