../Core/M4lib/include/sensor_msgs/msg/detail/joint_state__type_support.c:32:6:sensor_msgs__msg__JointState__rosidl_typesupport_introspection_c__JointState_init_function	16	static
../Core/M4lib/include/sensor_msgs/msg/detail/joint_state__type_support.c:41:6:sensor_msgs__msg__JointState__rosidl_typesupport_introspection_c__JointState_fini_function	16	static
../Core/M4lib/include/sensor_msgs/msg/detail/joint_state__type_support.c:46:8:sensor_msgs__msg__JointState__rosidl_typesupport_introspection_c__size_function__JointState__name	24	static
../Core/M4lib/include/sensor_msgs/msg/detail/joint_state__type_support.c:54:14:sensor_msgs__msg__JointState__rosidl_typesupport_introspection_c__get_const_function__JointState__name	24	static
../Core/M4lib/include/sensor_msgs/msg/detail/joint_state__type_support.c:62:8:sensor_msgs__msg__JointState__rosidl_typesupport_introspection_c__get_function__JointState__name	24	static
../Core/M4lib/include/sensor_msgs/msg/detail/joint_state__type_support.c:70:6:sensor_msgs__msg__JointState__rosidl_typesupport_introspection_c__fetch_function__JointState__name	32	static
../Core/M4lib/include/sensor_msgs/msg/detail/joint_state__type_support.c:81:6:sensor_msgs__msg__JointState__rosidl_typesupport_introspection_c__assign_function__JointState__name	32	static
../Core/M4lib/include/sensor_msgs/msg/detail/joint_state__type_support.c:92:6:sensor_msgs__msg__JointState__rosidl_typesupport_introspection_c__resize_function__JointState__name	24	static
../Core/M4lib/include/sensor_msgs/msg/detail/joint_state__type_support.c:101:8:sensor_msgs__msg__JointState__rosidl_typesupport_introspection_c__size_function__JointState__position	24	static
../Core/M4lib/include/sensor_msgs/msg/detail/joint_state__type_support.c:109:14:sensor_msgs__msg__JointState__rosidl_typesupport_introspection_c__get_const_function__JointState__position	24	static
../Core/M4lib/include/sensor_msgs/msg/detail/joint_state__type_support.c:117:8:sensor_msgs__msg__JointState__rosidl_typesupport_introspection_c__get_function__JointState__position	24	static
../Core/M4lib/include/sensor_msgs/msg/detail/joint_state__type_support.c:125:6:sensor_msgs__msg__JointState__rosidl_typesupport_introspection_c__fetch_function__JointState__position	32	static
../Core/M4lib/include/sensor_msgs/msg/detail/joint_state__type_support.c:136:6:sensor_msgs__msg__JointState__rosidl_typesupport_introspection_c__assign_function__JointState__position	32	static
../Core/M4lib/include/sensor_msgs/msg/detail/joint_state__type_support.c:147:6:sensor_msgs__msg__JointState__rosidl_typesupport_introspection_c__resize_function__JointState__position	24	static
../Core/M4lib/include/sensor_msgs/msg/detail/joint_state__type_support.c:156:8:sensor_msgs__msg__JointState__rosidl_typesupport_introspection_c__size_function__JointState__velocity	24	static
../Core/M4lib/include/sensor_msgs/msg/detail/joint_state__type_support.c:164:14:sensor_msgs__msg__JointState__rosidl_typesupport_introspection_c__get_const_function__JointState__velocity	24	static
../Core/M4lib/include/sensor_msgs/msg/detail/joint_state__type_support.c:172:8:sensor_msgs__msg__JointState__rosidl_typesupport_introspection_c__get_function__JointState__velocity	24	static
../Core/M4lib/include/sensor_msgs/msg/detail/joint_state__type_support.c:180:6:sensor_msgs__msg__JointState__rosidl_typesupport_introspection_c__fetch_function__JointState__velocity	32	static
../Core/M4lib/include/sensor_msgs/msg/detail/joint_state__type_support.c:191:6:sensor_msgs__msg__JointState__rosidl_typesupport_introspection_c__assign_function__JointState__velocity	32	static
../Core/M4lib/include/sensor_msgs/msg/detail/joint_state__type_support.c:202:6:sensor_msgs__msg__JointState__rosidl_typesupport_introspection_c__resize_function__JointState__velocity	24	static
../Core/M4lib/include/sensor_msgs/msg/detail/joint_state__type_support.c:211:8:sensor_msgs__msg__JointState__rosidl_typesupport_introspection_c__size_function__JointState__effort	24	static
../Core/M4lib/include/sensor_msgs/msg/detail/joint_state__type_support.c:219:14:sensor_msgs__msg__JointState__rosidl_typesupport_introspection_c__get_const_function__JointState__effort	24	static
../Core/M4lib/include/sensor_msgs/msg/detail/joint_state__type_support.c:227:8:sensor_msgs__msg__JointState__rosidl_typesupport_introspection_c__get_function__JointState__effort	24	static
../Core/M4lib/include/sensor_msgs/msg/detail/joint_state__type_support.c:235:6:sensor_msgs__msg__JointState__rosidl_typesupport_introspection_c__fetch_function__JointState__effort	32	static
../Core/M4lib/include/sensor_msgs/msg/detail/joint_state__type_support.c:246:6:sensor_msgs__msg__JointState__rosidl_typesupport_introspection_c__assign_function__JointState__effort	32	static
../Core/M4lib/include/sensor_msgs/msg/detail/joint_state__type_support.c:257:6:sensor_msgs__msg__JointState__rosidl_typesupport_introspection_c__resize_function__JointState__effort	24	static
../Core/M4lib/include/sensor_msgs/msg/detail/joint_state__type_support.c:377:1:rosidl_typesupport_introspection_c__get_message_type_support_handle__sensor_msgs__msg__JointState	8	static
