../Core/M4lib/include/sensor_msgs/msg/detail/joy_feedback__functions.c:15:1:sensor_msgs__msg__JoyFeedback__init	16	static
../Core/M4lib/include/sensor_msgs/msg/detail/joy_feedback__functions.c:27:1:sensor_msgs__msg__JoyFeedback__fini	16	static
../Core/M4lib/include/sensor_msgs/msg/detail/joy_feedback__functions.c:38:1:sensor_msgs__msg__JoyFeedback__are_equal	16	static
../Core/M4lib/include/sensor_msgs/msg/detail/joy_feedback__functions.c:59:1:sensor_msgs__msg__JoyFeedback__copy	16	static
../Core/M4lib/include/sensor_msgs/msg/detail/joy_feedback__functions.c:76:1:sensor_msgs__msg__JoyFeedback__create	40	static
../Core/M4lib/include/sensor_msgs/msg/detail/joy_feedback__functions.c:93:1:sensor_msgs__msg__JoyFeedback__destroy	40	static
../Core/M4lib/include/sensor_msgs/msg/detail/joy_feedback__functions.c:104:1:sensor_msgs__msg__JoyFeedback__Sequence__init	48	static
../Core/M4lib/include/sensor_msgs/msg/detail/joy_feedback__functions.c:141:1:sensor_msgs__msg__JoyFeedback__Sequence__fini	40	static
../Core/M4lib/include/sensor_msgs/msg/detail/joy_feedback__functions.c:167:1:sensor_msgs__msg__JoyFeedback__Sequence__create	48	static
../Core/M4lib/include/sensor_msgs/msg/detail/joy_feedback__functions.c:183:1:sensor_msgs__msg__JoyFeedback__Sequence__destroy	40	static
../Core/M4lib/include/sensor_msgs/msg/detail/joy_feedback__functions.c:193:1:sensor_msgs__msg__JoyFeedback__Sequence__are_equal	24	static
../Core/M4lib/include/sensor_msgs/msg/detail/joy_feedback__functions.c:210:1:sensor_msgs__msg__JoyFeedback__Sequence__copy	56	static
