../Core/M4lib/include/sensor_msgs/msg/detail/magnetic_field__functions.c:21:1:sensor_msgs__msg__MagneticField__init	16	static
../Core/M4lib/include/sensor_msgs/msg/detail/magnetic_field__functions.c:41:1:sensor_msgs__msg__MagneticField__fini	16	static
../Core/M4lib/include/sensor_msgs/msg/detail/magnetic_field__functions.c:54:1:sensor_msgs__msg__MagneticField__are_equal	24	static
../Core/M4lib/include/sensor_msgs/msg/detail/magnetic_field__functions.c:81:1:sensor_msgs__msg__MagneticField__copy	24	static
../Core/M4lib/include/sensor_msgs/msg/detail/magnetic_field__functions.c:108:1:sensor_msgs__msg__MagneticField__create	40	static
../Core/M4lib/include/sensor_msgs/msg/detail/magnetic_field__functions.c:125:1:sensor_msgs__msg__MagneticField__destroy	40	static
../Core/M4lib/include/sensor_msgs/msg/detail/magnetic_field__functions.c:136:1:sensor_msgs__msg__MagneticField__Sequence__init	48	static
../Core/M4lib/include/sensor_msgs/msg/detail/magnetic_field__functions.c:173:1:sensor_msgs__msg__MagneticField__Sequence__fini	40	static
../Core/M4lib/include/sensor_msgs/msg/detail/magnetic_field__functions.c:199:1:sensor_msgs__msg__MagneticField__Sequence__create	48	static
../Core/M4lib/include/sensor_msgs/msg/detail/magnetic_field__functions.c:215:1:sensor_msgs__msg__MagneticField__Sequence__destroy	40	static
../Core/M4lib/include/sensor_msgs/msg/detail/magnetic_field__functions.c:225:1:sensor_msgs__msg__MagneticField__Sequence__are_equal	24	static
../Core/M4lib/include/sensor_msgs/msg/detail/magnetic_field__functions.c:242:1:sensor_msgs__msg__MagneticField__Sequence__copy	56	static
