../Core/M4lib/include/test_msgs/msg/detail/defaults__functions.c:15:1:test_msgs__msg__Defaults__init	16	static
../Core/M4lib/include/test_msgs/msg/detail/defaults__functions.c:50:1:test_msgs__msg__Defaults__fini	16	static
../Core/M4lib/include/test_msgs/msg/detail/defaults__functions.c:71:1:test_msgs__msg__Defaults__are_equal	16	static
../Core/M4lib/include/test_msgs/msg/detail/defaults__functions.c:132:1:test_msgs__msg__Defaults__copy	16	static
../Core/M4lib/include/test_msgs/msg/detail/defaults__functions.c:169:1:test_msgs__msg__Defaults__create	40	static
../Core/M4lib/include/test_msgs/msg/detail/defaults__functions.c:186:1:test_msgs__msg__Defaults__destroy	40	static
../Core/M4lib/include/test_msgs/msg/detail/defaults__functions.c:197:1:test_msgs__msg__Defaults__Sequence__init	48	static
../Core/M4lib/include/test_msgs/msg/detail/defaults__functions.c:234:1:test_msgs__msg__Defaults__Sequence__fini	40	static
../Core/M4lib/include/test_msgs/msg/detail/defaults__functions.c:260:1:test_msgs__msg__Defaults__Sequence__create	48	static
../Core/M4lib/include/test_msgs/msg/detail/defaults__functions.c:276:1:test_msgs__msg__Defaults__Sequence__destroy	40	static
../Core/M4lib/include/test_msgs/msg/detail/defaults__functions.c:286:1:test_msgs__msg__Defaults__Sequence__are_equal	24	static
../Core/M4lib/include/test_msgs/msg/detail/defaults__functions.c:303:1:test_msgs__msg__Defaults__Sequence__copy	56	static
