../Core/M4lib/include/test_msgs/msg/detail/multi_nested__type_support.c:46:6:test_msgs__msg__MultiNested__rosidl_typesupport_introspection_c__MultiNested_init_function	16	static
../Core/M4lib/include/test_msgs/msg/detail/multi_nested__type_support.c:55:6:test_msgs__msg__MultiNested__rosidl_typesupport_introspection_c__MultiNested_fini_function	16	static
../Core/M4lib/include/test_msgs/msg/detail/multi_nested__type_support.c:60:8:test_msgs__msg__MultiNested__rosidl_typesupport_introspection_c__size_function__MultiNested__array_of_arrays	16	static
../Core/M4lib/include/test_msgs/msg/detail/multi_nested__type_support.c:67:14:test_msgs__msg__MultiNested__rosidl_typesupport_introspection_c__get_const_function__MultiNested__array_of_arrays	24	static
../Core/M4lib/include/test_msgs/msg/detail/multi_nested__type_support.c:75:8:test_msgs__msg__MultiNested__rosidl_typesupport_introspection_c__get_function__MultiNested__array_of_arrays	24	static
../Core/M4lib/include/test_msgs/msg/detail/multi_nested__type_support.c:83:6:test_msgs__msg__MultiNested__rosidl_typesupport_introspection_c__fetch_function__MultiNested__array_of_arrays	32	static
../Core/M4lib/include/test_msgs/msg/detail/multi_nested__type_support.c:94:6:test_msgs__msg__MultiNested__rosidl_typesupport_introspection_c__assign_function__MultiNested__array_of_arrays	32	static
../Core/M4lib/include/test_msgs/msg/detail/multi_nested__type_support.c:105:8:test_msgs__msg__MultiNested__rosidl_typesupport_introspection_c__size_function__MultiNested__array_of_bounded_sequences	16	static
../Core/M4lib/include/test_msgs/msg/detail/multi_nested__type_support.c:112:14:test_msgs__msg__MultiNested__rosidl_typesupport_introspection_c__get_const_function__MultiNested__array_of_bounded_sequences	24	static
../Core/M4lib/include/test_msgs/msg/detail/multi_nested__type_support.c:120:8:test_msgs__msg__MultiNested__rosidl_typesupport_introspection_c__get_function__MultiNested__array_of_bounded_sequences	24	static
../Core/M4lib/include/test_msgs/msg/detail/multi_nested__type_support.c:128:6:test_msgs__msg__MultiNested__rosidl_typesupport_introspection_c__fetch_function__MultiNested__array_of_bounded_sequences	32	static
../Core/M4lib/include/test_msgs/msg/detail/multi_nested__type_support.c:139:6:test_msgs__msg__MultiNested__rosidl_typesupport_introspection_c__assign_function__MultiNested__array_of_bounded_sequences	32	static
../Core/M4lib/include/test_msgs/msg/detail/multi_nested__type_support.c:150:8:test_msgs__msg__MultiNested__rosidl_typesupport_introspection_c__size_function__MultiNested__array_of_unbounded_sequences	16	static
../Core/M4lib/include/test_msgs/msg/detail/multi_nested__type_support.c:157:14:test_msgs__msg__MultiNested__rosidl_typesupport_introspection_c__get_const_function__MultiNested__array_of_unbounded_sequences	24	static
../Core/M4lib/include/test_msgs/msg/detail/multi_nested__type_support.c:165:8:test_msgs__msg__MultiNested__rosidl_typesupport_introspection_c__get_function__MultiNested__array_of_unbounded_sequences	24	static
../Core/M4lib/include/test_msgs/msg/detail/multi_nested__type_support.c:173:6:test_msgs__msg__MultiNested__rosidl_typesupport_introspection_c__fetch_function__MultiNested__array_of_unbounded_sequences	32	static
../Core/M4lib/include/test_msgs/msg/detail/multi_nested__type_support.c:184:6:test_msgs__msg__MultiNested__rosidl_typesupport_introspection_c__assign_function__MultiNested__array_of_unbounded_sequences	32	static
../Core/M4lib/include/test_msgs/msg/detail/multi_nested__type_support.c:195:8:test_msgs__msg__MultiNested__rosidl_typesupport_introspection_c__size_function__MultiNested__bounded_sequence_of_arrays	24	static
../Core/M4lib/include/test_msgs/msg/detail/multi_nested__type_support.c:203:14:test_msgs__msg__MultiNested__rosidl_typesupport_introspection_c__get_const_function__MultiNested__bounded_sequence_of_arrays	24	static
../Core/M4lib/include/test_msgs/msg/detail/multi_nested__type_support.c:211:8:test_msgs__msg__MultiNested__rosidl_typesupport_introspection_c__get_function__MultiNested__bounded_sequence_of_arrays	24	static
../Core/M4lib/include/test_msgs/msg/detail/multi_nested__type_support.c:219:6:test_msgs__msg__MultiNested__rosidl_typesupport_introspection_c__fetch_function__MultiNested__bounded_sequence_of_arrays	32	static
../Core/M4lib/include/test_msgs/msg/detail/multi_nested__type_support.c:230:6:test_msgs__msg__MultiNested__rosidl_typesupport_introspection_c__assign_function__MultiNested__bounded_sequence_of_arrays	32	static
../Core/M4lib/include/test_msgs/msg/detail/multi_nested__type_support.c:241:6:test_msgs__msg__MultiNested__rosidl_typesupport_introspection_c__resize_function__MultiNested__bounded_sequence_of_arrays	24	static
../Core/M4lib/include/test_msgs/msg/detail/multi_nested__type_support.c:250:8:test_msgs__msg__MultiNested__rosidl_typesupport_introspection_c__size_function__MultiNested__bounded_sequence_of_bounded_sequences	24	static
../Core/M4lib/include/test_msgs/msg/detail/multi_nested__type_support.c:258:14:test_msgs__msg__MultiNested__rosidl_typesupport_introspection_c__get_const_function__MultiNested__bounded_sequence_of_bounded_sequences	24	static
../Core/M4lib/include/test_msgs/msg/detail/multi_nested__type_support.c:266:8:test_msgs__msg__MultiNested__rosidl_typesupport_introspection_c__get_function__MultiNested__bounded_sequence_of_bounded_sequences	24	static
../Core/M4lib/include/test_msgs/msg/detail/multi_nested__type_support.c:274:6:test_msgs__msg__MultiNested__rosidl_typesupport_introspection_c__fetch_function__MultiNested__bounded_sequence_of_bounded_sequences	32	static
../Core/M4lib/include/test_msgs/msg/detail/multi_nested__type_support.c:285:6:test_msgs__msg__MultiNested__rosidl_typesupport_introspection_c__assign_function__MultiNested__bounded_sequence_of_bounded_sequences	32	static
../Core/M4lib/include/test_msgs/msg/detail/multi_nested__type_support.c:296:6:test_msgs__msg__MultiNested__rosidl_typesupport_introspection_c__resize_function__MultiNested__bounded_sequence_of_bounded_sequences	24	static
../Core/M4lib/include/test_msgs/msg/detail/multi_nested__type_support.c:305:8:test_msgs__msg__MultiNested__rosidl_typesupport_introspection_c__size_function__MultiNested__bounded_sequence_of_unbounded_sequences	24	static
../Core/M4lib/include/test_msgs/msg/detail/multi_nested__type_support.c:313:14:test_msgs__msg__MultiNested__rosidl_typesupport_introspection_c__get_const_function__MultiNested__bounded_sequence_of_unbounded_sequences	24	static
../Core/M4lib/include/test_msgs/msg/detail/multi_nested__type_support.c:321:8:test_msgs__msg__MultiNested__rosidl_typesupport_introspection_c__get_function__MultiNested__bounded_sequence_of_unbounded_sequences	24	static
../Core/M4lib/include/test_msgs/msg/detail/multi_nested__type_support.c:329:6:test_msgs__msg__MultiNested__rosidl_typesupport_introspection_c__fetch_function__MultiNested__bounded_sequence_of_unbounded_sequences	32	static
../Core/M4lib/include/test_msgs/msg/detail/multi_nested__type_support.c:340:6:test_msgs__msg__MultiNested__rosidl_typesupport_introspection_c__assign_function__MultiNested__bounded_sequence_of_unbounded_sequences	32	static
../Core/M4lib/include/test_msgs/msg/detail/multi_nested__type_support.c:351:6:test_msgs__msg__MultiNested__rosidl_typesupport_introspection_c__resize_function__MultiNested__bounded_sequence_of_unbounded_sequences	24	static
../Core/M4lib/include/test_msgs/msg/detail/multi_nested__type_support.c:360:8:test_msgs__msg__MultiNested__rosidl_typesupport_introspection_c__size_function__MultiNested__unbounded_sequence_of_arrays	24	static
../Core/M4lib/include/test_msgs/msg/detail/multi_nested__type_support.c:368:14:test_msgs__msg__MultiNested__rosidl_typesupport_introspection_c__get_const_function__MultiNested__unbounded_sequence_of_arrays	24	static
../Core/M4lib/include/test_msgs/msg/detail/multi_nested__type_support.c:376:8:test_msgs__msg__MultiNested__rosidl_typesupport_introspection_c__get_function__MultiNested__unbounded_sequence_of_arrays	24	static
../Core/M4lib/include/test_msgs/msg/detail/multi_nested__type_support.c:384:6:test_msgs__msg__MultiNested__rosidl_typesupport_introspection_c__fetch_function__MultiNested__unbounded_sequence_of_arrays	32	static
../Core/M4lib/include/test_msgs/msg/detail/multi_nested__type_support.c:395:6:test_msgs__msg__MultiNested__rosidl_typesupport_introspection_c__assign_function__MultiNested__unbounded_sequence_of_arrays	32	static
../Core/M4lib/include/test_msgs/msg/detail/multi_nested__type_support.c:406:6:test_msgs__msg__MultiNested__rosidl_typesupport_introspection_c__resize_function__MultiNested__unbounded_sequence_of_arrays	24	static
../Core/M4lib/include/test_msgs/msg/detail/multi_nested__type_support.c:415:8:test_msgs__msg__MultiNested__rosidl_typesupport_introspection_c__size_function__MultiNested__unbounded_sequence_of_bounded_sequences	24	static
../Core/M4lib/include/test_msgs/msg/detail/multi_nested__type_support.c:423:14:test_msgs__msg__MultiNested__rosidl_typesupport_introspection_c__get_const_function__MultiNested__unbounded_sequence_of_bounded_sequences	24	static
../Core/M4lib/include/test_msgs/msg/detail/multi_nested__type_support.c:431:8:test_msgs__msg__MultiNested__rosidl_typesupport_introspection_c__get_function__MultiNested__unbounded_sequence_of_bounded_sequences	24	static
../Core/M4lib/include/test_msgs/msg/detail/multi_nested__type_support.c:439:6:test_msgs__msg__MultiNested__rosidl_typesupport_introspection_c__fetch_function__MultiNested__unbounded_sequence_of_bounded_sequences	32	static
../Core/M4lib/include/test_msgs/msg/detail/multi_nested__type_support.c:450:6:test_msgs__msg__MultiNested__rosidl_typesupport_introspection_c__assign_function__MultiNested__unbounded_sequence_of_bounded_sequences	32	static
../Core/M4lib/include/test_msgs/msg/detail/multi_nested__type_support.c:461:6:test_msgs__msg__MultiNested__rosidl_typesupport_introspection_c__resize_function__MultiNested__unbounded_sequence_of_bounded_sequences	24	static
../Core/M4lib/include/test_msgs/msg/detail/multi_nested__type_support.c:470:8:test_msgs__msg__MultiNested__rosidl_typesupport_introspection_c__size_function__MultiNested__unbounded_sequence_of_unbounded_sequences	24	static
../Core/M4lib/include/test_msgs/msg/detail/multi_nested__type_support.c:478:14:test_msgs__msg__MultiNested__rosidl_typesupport_introspection_c__get_const_function__MultiNested__unbounded_sequence_of_unbounded_sequences	24	static
../Core/M4lib/include/test_msgs/msg/detail/multi_nested__type_support.c:486:8:test_msgs__msg__MultiNested__rosidl_typesupport_introspection_c__get_function__MultiNested__unbounded_sequence_of_unbounded_sequences	24	static
../Core/M4lib/include/test_msgs/msg/detail/multi_nested__type_support.c:494:6:test_msgs__msg__MultiNested__rosidl_typesupport_introspection_c__fetch_function__MultiNested__unbounded_sequence_of_unbounded_sequences	32	static
../Core/M4lib/include/test_msgs/msg/detail/multi_nested__type_support.c:505:6:test_msgs__msg__MultiNested__rosidl_typesupport_introspection_c__assign_function__MultiNested__unbounded_sequence_of_unbounded_sequences	32	static
../Core/M4lib/include/test_msgs/msg/detail/multi_nested__type_support.c:516:6:test_msgs__msg__MultiNested__rosidl_typesupport_introspection_c__resize_function__MultiNested__unbounded_sequence_of_unbounded_sequences	24	static
../Core/M4lib/include/test_msgs/msg/detail/multi_nested__type_support.c:704:1:rosidl_typesupport_introspection_c__get_message_type_support_handle__test_msgs__msg__MultiNested	8	static
