../Core/M4lib/include/test_msgs/msg/detail/nested__functions.c:19:1:test_msgs__msg__Nested__init	16	static
../Core/M4lib/include/test_msgs/msg/detail/nested__functions.c:33:1:test_msgs__msg__Nested__fini	16	static
../Core/M4lib/include/test_msgs/msg/detail/nested__functions.c:43:1:test_msgs__msg__Nested__are_equal	16	static
../Core/M4lib/include/test_msgs/msg/detail/nested__functions.c:58:1:test_msgs__msg__Nested__copy	16	static
../Core/M4lib/include/test_msgs/msg/detail/nested__functions.c:75:1:test_msgs__msg__Nested__create	40	static
../Core/M4lib/include/test_msgs/msg/detail/nested__functions.c:92:1:test_msgs__msg__Nested__destroy	40	static
../Core/M4lib/include/test_msgs/msg/detail/nested__functions.c:103:1:test_msgs__msg__Nested__Sequence__init	48	static
../Core/M4lib/include/test_msgs/msg/detail/nested__functions.c:140:1:test_msgs__msg__Nested__Sequence__fini	40	static
../Core/M4lib/include/test_msgs/msg/detail/nested__functions.c:166:1:test_msgs__msg__Nested__Sequence__create	48	static
../Core/M4lib/include/test_msgs/msg/detail/nested__functions.c:182:1:test_msgs__msg__Nested__Sequence__destroy	40	static
../Core/M4lib/include/test_msgs/msg/detail/nested__functions.c:192:1:test_msgs__msg__Nested__Sequence__are_equal	24	static
../Core/M4lib/include/test_msgs/msg/detail/nested__functions.c:209:1:test_msgs__msg__Nested__Sequence__copy	56	static
