../Core/M4lib/include/test_msgs/msg/detail/unbounded_sequences__type_support.c:64:6:test_msgs__msg__UnboundedSequences__rosidl_typesupport_introspection_c__UnboundedSequences_init_function	16	static
../Core/M4lib/include/test_msgs/msg/detail/unbounded_sequences__type_support.c:73:6:test_msgs__msg__UnboundedSequences__rosidl_typesupport_introspection_c__UnboundedSequences_fini_function	16	static
../Core/M4lib/include/test_msgs/msg/detail/unbounded_sequences__type_support.c:78:8:test_msgs__msg__UnboundedSequences__rosidl_typesupport_introspection_c__size_function__UnboundedSequences__bool_values	24	static
../Core/M4lib/include/test_msgs/msg/detail/unbounded_sequences__type_support.c:86:14:test_msgs__msg__UnboundedSequences__rosidl_typesupport_introspection_c__get_const_function__UnboundedSequences__bool_values	24	static
../Core/M4lib/include/test_msgs/msg/detail/unbounded_sequences__type_support.c:94:8:test_msgs__msg__UnboundedSequences__rosidl_typesupport_introspection_c__get_function__UnboundedSequences__bool_values	24	static
../Core/M4lib/include/test_msgs/msg/detail/unbounded_sequences__type_support.c:102:6:test_msgs__msg__UnboundedSequences__rosidl_typesupport_introspection_c__fetch_function__UnboundedSequences__bool_values	32	static
../Core/M4lib/include/test_msgs/msg/detail/unbounded_sequences__type_support.c:113:6:test_msgs__msg__UnboundedSequences__rosidl_typesupport_introspection_c__assign_function__UnboundedSequences__bool_values	32	static
../Core/M4lib/include/test_msgs/msg/detail/unbounded_sequences__type_support.c:124:6:test_msgs__msg__UnboundedSequences__rosidl_typesupport_introspection_c__resize_function__UnboundedSequences__bool_values	24	static
../Core/M4lib/include/test_msgs/msg/detail/unbounded_sequences__type_support.c:133:8:test_msgs__msg__UnboundedSequences__rosidl_typesupport_introspection_c__size_function__UnboundedSequences__byte_values	24	static
../Core/M4lib/include/test_msgs/msg/detail/unbounded_sequences__type_support.c:141:14:test_msgs__msg__UnboundedSequences__rosidl_typesupport_introspection_c__get_const_function__UnboundedSequences__byte_values	24	static
../Core/M4lib/include/test_msgs/msg/detail/unbounded_sequences__type_support.c:149:8:test_msgs__msg__UnboundedSequences__rosidl_typesupport_introspection_c__get_function__UnboundedSequences__byte_values	24	static
../Core/M4lib/include/test_msgs/msg/detail/unbounded_sequences__type_support.c:157:6:test_msgs__msg__UnboundedSequences__rosidl_typesupport_introspection_c__fetch_function__UnboundedSequences__byte_values	32	static
../Core/M4lib/include/test_msgs/msg/detail/unbounded_sequences__type_support.c:168:6:test_msgs__msg__UnboundedSequences__rosidl_typesupport_introspection_c__assign_function__UnboundedSequences__byte_values	32	static
../Core/M4lib/include/test_msgs/msg/detail/unbounded_sequences__type_support.c:179:6:test_msgs__msg__UnboundedSequences__rosidl_typesupport_introspection_c__resize_function__UnboundedSequences__byte_values	24	static
../Core/M4lib/include/test_msgs/msg/detail/unbounded_sequences__type_support.c:188:8:test_msgs__msg__UnboundedSequences__rosidl_typesupport_introspection_c__size_function__UnboundedSequences__char_values	24	static
../Core/M4lib/include/test_msgs/msg/detail/unbounded_sequences__type_support.c:196:14:test_msgs__msg__UnboundedSequences__rosidl_typesupport_introspection_c__get_const_function__UnboundedSequences__char_values	24	static
../Core/M4lib/include/test_msgs/msg/detail/unbounded_sequences__type_support.c:204:8:test_msgs__msg__UnboundedSequences__rosidl_typesupport_introspection_c__get_function__UnboundedSequences__char_values	24	static
../Core/M4lib/include/test_msgs/msg/detail/unbounded_sequences__type_support.c:212:6:test_msgs__msg__UnboundedSequences__rosidl_typesupport_introspection_c__fetch_function__UnboundedSequences__char_values	32	static
../Core/M4lib/include/test_msgs/msg/detail/unbounded_sequences__type_support.c:223:6:test_msgs__msg__UnboundedSequences__rosidl_typesupport_introspection_c__assign_function__UnboundedSequences__char_values	32	static
../Core/M4lib/include/test_msgs/msg/detail/unbounded_sequences__type_support.c:234:6:test_msgs__msg__UnboundedSequences__rosidl_typesupport_introspection_c__resize_function__UnboundedSequences__char_values	24	static
../Core/M4lib/include/test_msgs/msg/detail/unbounded_sequences__type_support.c:243:8:test_msgs__msg__UnboundedSequences__rosidl_typesupport_introspection_c__size_function__UnboundedSequences__float32_values	24	static
../Core/M4lib/include/test_msgs/msg/detail/unbounded_sequences__type_support.c:251:14:test_msgs__msg__UnboundedSequences__rosidl_typesupport_introspection_c__get_const_function__UnboundedSequences__float32_values	24	static
../Core/M4lib/include/test_msgs/msg/detail/unbounded_sequences__type_support.c:259:8:test_msgs__msg__UnboundedSequences__rosidl_typesupport_introspection_c__get_function__UnboundedSequences__float32_values	24	static
../Core/M4lib/include/test_msgs/msg/detail/unbounded_sequences__type_support.c:267:6:test_msgs__msg__UnboundedSequences__rosidl_typesupport_introspection_c__fetch_function__UnboundedSequences__float32_values	32	static
../Core/M4lib/include/test_msgs/msg/detail/unbounded_sequences__type_support.c:278:6:test_msgs__msg__UnboundedSequences__rosidl_typesupport_introspection_c__assign_function__UnboundedSequences__float32_values	32	static
../Core/M4lib/include/test_msgs/msg/detail/unbounded_sequences__type_support.c:289:6:test_msgs__msg__UnboundedSequences__rosidl_typesupport_introspection_c__resize_function__UnboundedSequences__float32_values	24	static
../Core/M4lib/include/test_msgs/msg/detail/unbounded_sequences__type_support.c:298:8:test_msgs__msg__UnboundedSequences__rosidl_typesupport_introspection_c__size_function__UnboundedSequences__float64_values	24	static
../Core/M4lib/include/test_msgs/msg/detail/unbounded_sequences__type_support.c:306:14:test_msgs__msg__UnboundedSequences__rosidl_typesupport_introspection_c__get_const_function__UnboundedSequences__float64_values	24	static
../Core/M4lib/include/test_msgs/msg/detail/unbounded_sequences__type_support.c:314:8:test_msgs__msg__UnboundedSequences__rosidl_typesupport_introspection_c__get_function__UnboundedSequences__float64_values	24	static
../Core/M4lib/include/test_msgs/msg/detail/unbounded_sequences__type_support.c:322:6:test_msgs__msg__UnboundedSequences__rosidl_typesupport_introspection_c__fetch_function__UnboundedSequences__float64_values	32	static
../Core/M4lib/include/test_msgs/msg/detail/unbounded_sequences__type_support.c:333:6:test_msgs__msg__UnboundedSequences__rosidl_typesupport_introspection_c__assign_function__UnboundedSequences__float64_values	32	static
../Core/M4lib/include/test_msgs/msg/detail/unbounded_sequences__type_support.c:344:6:test_msgs__msg__UnboundedSequences__rosidl_typesupport_introspection_c__resize_function__UnboundedSequences__float64_values	24	static
../Core/M4lib/include/test_msgs/msg/detail/unbounded_sequences__type_support.c:353:8:test_msgs__msg__UnboundedSequences__rosidl_typesupport_introspection_c__size_function__UnboundedSequences__int8_values	24	static
../Core/M4lib/include/test_msgs/msg/detail/unbounded_sequences__type_support.c:361:14:test_msgs__msg__UnboundedSequences__rosidl_typesupport_introspection_c__get_const_function__UnboundedSequences__int8_values	24	static
../Core/M4lib/include/test_msgs/msg/detail/unbounded_sequences__type_support.c:369:8:test_msgs__msg__UnboundedSequences__rosidl_typesupport_introspection_c__get_function__UnboundedSequences__int8_values	24	static
../Core/M4lib/include/test_msgs/msg/detail/unbounded_sequences__type_support.c:377:6:test_msgs__msg__UnboundedSequences__rosidl_typesupport_introspection_c__fetch_function__UnboundedSequences__int8_values	32	static
../Core/M4lib/include/test_msgs/msg/detail/unbounded_sequences__type_support.c:388:6:test_msgs__msg__UnboundedSequences__rosidl_typesupport_introspection_c__assign_function__UnboundedSequences__int8_values	32	static
../Core/M4lib/include/test_msgs/msg/detail/unbounded_sequences__type_support.c:399:6:test_msgs__msg__UnboundedSequences__rosidl_typesupport_introspection_c__resize_function__UnboundedSequences__int8_values	24	static
../Core/M4lib/include/test_msgs/msg/detail/unbounded_sequences__type_support.c:408:8:test_msgs__msg__UnboundedSequences__rosidl_typesupport_introspection_c__size_function__UnboundedSequences__uint8_values	24	static
../Core/M4lib/include/test_msgs/msg/detail/unbounded_sequences__type_support.c:416:14:test_msgs__msg__UnboundedSequences__rosidl_typesupport_introspection_c__get_const_function__UnboundedSequences__uint8_values	24	static
../Core/M4lib/include/test_msgs/msg/detail/unbounded_sequences__type_support.c:424:8:test_msgs__msg__UnboundedSequences__rosidl_typesupport_introspection_c__get_function__UnboundedSequences__uint8_values	24	static
../Core/M4lib/include/test_msgs/msg/detail/unbounded_sequences__type_support.c:432:6:test_msgs__msg__UnboundedSequences__rosidl_typesupport_introspection_c__fetch_function__UnboundedSequences__uint8_values	32	static
../Core/M4lib/include/test_msgs/msg/detail/unbounded_sequences__type_support.c:443:6:test_msgs__msg__UnboundedSequences__rosidl_typesupport_introspection_c__assign_function__UnboundedSequences__uint8_values	32	static
../Core/M4lib/include/test_msgs/msg/detail/unbounded_sequences__type_support.c:454:6:test_msgs__msg__UnboundedSequences__rosidl_typesupport_introspection_c__resize_function__UnboundedSequences__uint8_values	24	static
../Core/M4lib/include/test_msgs/msg/detail/unbounded_sequences__type_support.c:463:8:test_msgs__msg__UnboundedSequences__rosidl_typesupport_introspection_c__size_function__UnboundedSequences__int16_values	24	static
../Core/M4lib/include/test_msgs/msg/detail/unbounded_sequences__type_support.c:471:14:test_msgs__msg__UnboundedSequences__rosidl_typesupport_introspection_c__get_const_function__UnboundedSequences__int16_values	24	static
../Core/M4lib/include/test_msgs/msg/detail/unbounded_sequences__type_support.c:479:8:test_msgs__msg__UnboundedSequences__rosidl_typesupport_introspection_c__get_function__UnboundedSequences__int16_values	24	static
../Core/M4lib/include/test_msgs/msg/detail/unbounded_sequences__type_support.c:487:6:test_msgs__msg__UnboundedSequences__rosidl_typesupport_introspection_c__fetch_function__UnboundedSequences__int16_values	32	static
../Core/M4lib/include/test_msgs/msg/detail/unbounded_sequences__type_support.c:498:6:test_msgs__msg__UnboundedSequences__rosidl_typesupport_introspection_c__assign_function__UnboundedSequences__int16_values	32	static
../Core/M4lib/include/test_msgs/msg/detail/unbounded_sequences__type_support.c:509:6:test_msgs__msg__UnboundedSequences__rosidl_typesupport_introspection_c__resize_function__UnboundedSequences__int16_values	24	static
../Core/M4lib/include/test_msgs/msg/detail/unbounded_sequences__type_support.c:518:8:test_msgs__msg__UnboundedSequences__rosidl_typesupport_introspection_c__size_function__UnboundedSequences__uint16_values	24	static
../Core/M4lib/include/test_msgs/msg/detail/unbounded_sequences__type_support.c:526:14:test_msgs__msg__UnboundedSequences__rosidl_typesupport_introspection_c__get_const_function__UnboundedSequences__uint16_values	24	static
../Core/M4lib/include/test_msgs/msg/detail/unbounded_sequences__type_support.c:534:8:test_msgs__msg__UnboundedSequences__rosidl_typesupport_introspection_c__get_function__UnboundedSequences__uint16_values	24	static
../Core/M4lib/include/test_msgs/msg/detail/unbounded_sequences__type_support.c:542:6:test_msgs__msg__UnboundedSequences__rosidl_typesupport_introspection_c__fetch_function__UnboundedSequences__uint16_values	32	static
../Core/M4lib/include/test_msgs/msg/detail/unbounded_sequences__type_support.c:553:6:test_msgs__msg__UnboundedSequences__rosidl_typesupport_introspection_c__assign_function__UnboundedSequences__uint16_values	32	static
../Core/M4lib/include/test_msgs/msg/detail/unbounded_sequences__type_support.c:564:6:test_msgs__msg__UnboundedSequences__rosidl_typesupport_introspection_c__resize_function__UnboundedSequences__uint16_values	24	static
../Core/M4lib/include/test_msgs/msg/detail/unbounded_sequences__type_support.c:573:8:test_msgs__msg__UnboundedSequences__rosidl_typesupport_introspection_c__size_function__UnboundedSequences__int32_values	24	static
../Core/M4lib/include/test_msgs/msg/detail/unbounded_sequences__type_support.c:581:14:test_msgs__msg__UnboundedSequences__rosidl_typesupport_introspection_c__get_const_function__UnboundedSequences__int32_values	24	static
../Core/M4lib/include/test_msgs/msg/detail/unbounded_sequences__type_support.c:589:8:test_msgs__msg__UnboundedSequences__rosidl_typesupport_introspection_c__get_function__UnboundedSequences__int32_values	24	static
../Core/M4lib/include/test_msgs/msg/detail/unbounded_sequences__type_support.c:597:6:test_msgs__msg__UnboundedSequences__rosidl_typesupport_introspection_c__fetch_function__UnboundedSequences__int32_values	32	static
../Core/M4lib/include/test_msgs/msg/detail/unbounded_sequences__type_support.c:608:6:test_msgs__msg__UnboundedSequences__rosidl_typesupport_introspection_c__assign_function__UnboundedSequences__int32_values	32	static
../Core/M4lib/include/test_msgs/msg/detail/unbounded_sequences__type_support.c:619:6:test_msgs__msg__UnboundedSequences__rosidl_typesupport_introspection_c__resize_function__UnboundedSequences__int32_values	24	static
../Core/M4lib/include/test_msgs/msg/detail/unbounded_sequences__type_support.c:628:8:test_msgs__msg__UnboundedSequences__rosidl_typesupport_introspection_c__size_function__UnboundedSequences__uint32_values	24	static
../Core/M4lib/include/test_msgs/msg/detail/unbounded_sequences__type_support.c:636:14:test_msgs__msg__UnboundedSequences__rosidl_typesupport_introspection_c__get_const_function__UnboundedSequences__uint32_values	24	static
../Core/M4lib/include/test_msgs/msg/detail/unbounded_sequences__type_support.c:644:8:test_msgs__msg__UnboundedSequences__rosidl_typesupport_introspection_c__get_function__UnboundedSequences__uint32_values	24	static
../Core/M4lib/include/test_msgs/msg/detail/unbounded_sequences__type_support.c:652:6:test_msgs__msg__UnboundedSequences__rosidl_typesupport_introspection_c__fetch_function__UnboundedSequences__uint32_values	32	static
../Core/M4lib/include/test_msgs/msg/detail/unbounded_sequences__type_support.c:663:6:test_msgs__msg__UnboundedSequences__rosidl_typesupport_introspection_c__assign_function__UnboundedSequences__uint32_values	32	static
../Core/M4lib/include/test_msgs/msg/detail/unbounded_sequences__type_support.c:674:6:test_msgs__msg__UnboundedSequences__rosidl_typesupport_introspection_c__resize_function__UnboundedSequences__uint32_values	24	static
../Core/M4lib/include/test_msgs/msg/detail/unbounded_sequences__type_support.c:683:8:test_msgs__msg__UnboundedSequences__rosidl_typesupport_introspection_c__size_function__UnboundedSequences__int64_values	24	static
../Core/M4lib/include/test_msgs/msg/detail/unbounded_sequences__type_support.c:691:14:test_msgs__msg__UnboundedSequences__rosidl_typesupport_introspection_c__get_const_function__UnboundedSequences__int64_values	24	static
../Core/M4lib/include/test_msgs/msg/detail/unbounded_sequences__type_support.c:699:8:test_msgs__msg__UnboundedSequences__rosidl_typesupport_introspection_c__get_function__UnboundedSequences__int64_values	24	static
../Core/M4lib/include/test_msgs/msg/detail/unbounded_sequences__type_support.c:707:6:test_msgs__msg__UnboundedSequences__rosidl_typesupport_introspection_c__fetch_function__UnboundedSequences__int64_values	32	static
../Core/M4lib/include/test_msgs/msg/detail/unbounded_sequences__type_support.c:718:6:test_msgs__msg__UnboundedSequences__rosidl_typesupport_introspection_c__assign_function__UnboundedSequences__int64_values	32	static
../Core/M4lib/include/test_msgs/msg/detail/unbounded_sequences__type_support.c:729:6:test_msgs__msg__UnboundedSequences__rosidl_typesupport_introspection_c__resize_function__UnboundedSequences__int64_values	24	static
../Core/M4lib/include/test_msgs/msg/detail/unbounded_sequences__type_support.c:738:8:test_msgs__msg__UnboundedSequences__rosidl_typesupport_introspection_c__size_function__UnboundedSequences__uint64_values	24	static
../Core/M4lib/include/test_msgs/msg/detail/unbounded_sequences__type_support.c:746:14:test_msgs__msg__UnboundedSequences__rosidl_typesupport_introspection_c__get_const_function__UnboundedSequences__uint64_values	24	static
../Core/M4lib/include/test_msgs/msg/detail/unbounded_sequences__type_support.c:754:8:test_msgs__msg__UnboundedSequences__rosidl_typesupport_introspection_c__get_function__UnboundedSequences__uint64_values	24	static
../Core/M4lib/include/test_msgs/msg/detail/unbounded_sequences__type_support.c:762:6:test_msgs__msg__UnboundedSequences__rosidl_typesupport_introspection_c__fetch_function__UnboundedSequences__uint64_values	32	static
../Core/M4lib/include/test_msgs/msg/detail/unbounded_sequences__type_support.c:773:6:test_msgs__msg__UnboundedSequences__rosidl_typesupport_introspection_c__assign_function__UnboundedSequences__uint64_values	32	static
../Core/M4lib/include/test_msgs/msg/detail/unbounded_sequences__type_support.c:784:6:test_msgs__msg__UnboundedSequences__rosidl_typesupport_introspection_c__resize_function__UnboundedSequences__uint64_values	24	static
../Core/M4lib/include/test_msgs/msg/detail/unbounded_sequences__type_support.c:793:8:test_msgs__msg__UnboundedSequences__rosidl_typesupport_introspection_c__size_function__UnboundedSequences__string_values	24	static
../Core/M4lib/include/test_msgs/msg/detail/unbounded_sequences__type_support.c:801:14:test_msgs__msg__UnboundedSequences__rosidl_typesupport_introspection_c__get_const_function__UnboundedSequences__string_values	24	static
../Core/M4lib/include/test_msgs/msg/detail/unbounded_sequences__type_support.c:809:8:test_msgs__msg__UnboundedSequences__rosidl_typesupport_introspection_c__get_function__UnboundedSequences__string_values	24	static
../Core/M4lib/include/test_msgs/msg/detail/unbounded_sequences__type_support.c:817:6:test_msgs__msg__UnboundedSequences__rosidl_typesupport_introspection_c__fetch_function__UnboundedSequences__string_values	32	static
../Core/M4lib/include/test_msgs/msg/detail/unbounded_sequences__type_support.c:828:6:test_msgs__msg__UnboundedSequences__rosidl_typesupport_introspection_c__assign_function__UnboundedSequences__string_values	32	static
../Core/M4lib/include/test_msgs/msg/detail/unbounded_sequences__type_support.c:839:6:test_msgs__msg__UnboundedSequences__rosidl_typesupport_introspection_c__resize_function__UnboundedSequences__string_values	24	static
../Core/M4lib/include/test_msgs/msg/detail/unbounded_sequences__type_support.c:848:8:test_msgs__msg__UnboundedSequences__rosidl_typesupport_introspection_c__size_function__UnboundedSequences__basic_types_values	24	static
../Core/M4lib/include/test_msgs/msg/detail/unbounded_sequences__type_support.c:856:14:test_msgs__msg__UnboundedSequences__rosidl_typesupport_introspection_c__get_const_function__UnboundedSequences__basic_types_values	24	static
../Core/M4lib/include/test_msgs/msg/detail/unbounded_sequences__type_support.c:864:8:test_msgs__msg__UnboundedSequences__rosidl_typesupport_introspection_c__get_function__UnboundedSequences__basic_types_values	24	static
../Core/M4lib/include/test_msgs/msg/detail/unbounded_sequences__type_support.c:872:6:test_msgs__msg__UnboundedSequences__rosidl_typesupport_introspection_c__fetch_function__UnboundedSequences__basic_types_values	40	static
../Core/M4lib/include/test_msgs/msg/detail/unbounded_sequences__type_support.c:883:6:test_msgs__msg__UnboundedSequences__rosidl_typesupport_introspection_c__assign_function__UnboundedSequences__basic_types_values	40	static
../Core/M4lib/include/test_msgs/msg/detail/unbounded_sequences__type_support.c:894:6:test_msgs__msg__UnboundedSequences__rosidl_typesupport_introspection_c__resize_function__UnboundedSequences__basic_types_values	24	static
../Core/M4lib/include/test_msgs/msg/detail/unbounded_sequences__type_support.c:903:8:test_msgs__msg__UnboundedSequences__rosidl_typesupport_introspection_c__size_function__UnboundedSequences__constants_values	24	static
../Core/M4lib/include/test_msgs/msg/detail/unbounded_sequences__type_support.c:911:14:test_msgs__msg__UnboundedSequences__rosidl_typesupport_introspection_c__get_const_function__UnboundedSequences__constants_values	24	static
../Core/M4lib/include/test_msgs/msg/detail/unbounded_sequences__type_support.c:919:8:test_msgs__msg__UnboundedSequences__rosidl_typesupport_introspection_c__get_function__UnboundedSequences__constants_values	24	static
../Core/M4lib/include/test_msgs/msg/detail/unbounded_sequences__type_support.c:927:6:test_msgs__msg__UnboundedSequences__rosidl_typesupport_introspection_c__fetch_function__UnboundedSequences__constants_values	32	static
../Core/M4lib/include/test_msgs/msg/detail/unbounded_sequences__type_support.c:938:6:test_msgs__msg__UnboundedSequences__rosidl_typesupport_introspection_c__assign_function__UnboundedSequences__constants_values	32	static
../Core/M4lib/include/test_msgs/msg/detail/unbounded_sequences__type_support.c:949:6:test_msgs__msg__UnboundedSequences__rosidl_typesupport_introspection_c__resize_function__UnboundedSequences__constants_values	24	static
../Core/M4lib/include/test_msgs/msg/detail/unbounded_sequences__type_support.c:958:8:test_msgs__msg__UnboundedSequences__rosidl_typesupport_introspection_c__size_function__UnboundedSequences__defaults_values	24	static
../Core/M4lib/include/test_msgs/msg/detail/unbounded_sequences__type_support.c:966:14:test_msgs__msg__UnboundedSequences__rosidl_typesupport_introspection_c__get_const_function__UnboundedSequences__defaults_values	24	static
../Core/M4lib/include/test_msgs/msg/detail/unbounded_sequences__type_support.c:974:8:test_msgs__msg__UnboundedSequences__rosidl_typesupport_introspection_c__get_function__UnboundedSequences__defaults_values	24	static
../Core/M4lib/include/test_msgs/msg/detail/unbounded_sequences__type_support.c:982:6:test_msgs__msg__UnboundedSequences__rosidl_typesupport_introspection_c__fetch_function__UnboundedSequences__defaults_values	40	static
../Core/M4lib/include/test_msgs/msg/detail/unbounded_sequences__type_support.c:993:6:test_msgs__msg__UnboundedSequences__rosidl_typesupport_introspection_c__assign_function__UnboundedSequences__defaults_values	40	static
../Core/M4lib/include/test_msgs/msg/detail/unbounded_sequences__type_support.c:1004:6:test_msgs__msg__UnboundedSequences__rosidl_typesupport_introspection_c__resize_function__UnboundedSequences__defaults_values	24	static
../Core/M4lib/include/test_msgs/msg/detail/unbounded_sequences__type_support.c:1013:8:test_msgs__msg__UnboundedSequences__rosidl_typesupport_introspection_c__size_function__UnboundedSequences__bool_values_default	24	static
../Core/M4lib/include/test_msgs/msg/detail/unbounded_sequences__type_support.c:1021:14:test_msgs__msg__UnboundedSequences__rosidl_typesupport_introspection_c__get_const_function__UnboundedSequences__bool_values_default	24	static
../Core/M4lib/include/test_msgs/msg/detail/unbounded_sequences__type_support.c:1029:8:test_msgs__msg__UnboundedSequences__rosidl_typesupport_introspection_c__get_function__UnboundedSequences__bool_values_default	24	static
../Core/M4lib/include/test_msgs/msg/detail/unbounded_sequences__type_support.c:1037:6:test_msgs__msg__UnboundedSequences__rosidl_typesupport_introspection_c__fetch_function__UnboundedSequences__bool_values_default	32	static
../Core/M4lib/include/test_msgs/msg/detail/unbounded_sequences__type_support.c:1048:6:test_msgs__msg__UnboundedSequences__rosidl_typesupport_introspection_c__assign_function__UnboundedSequences__bool_values_default	32	static
../Core/M4lib/include/test_msgs/msg/detail/unbounded_sequences__type_support.c:1059:6:test_msgs__msg__UnboundedSequences__rosidl_typesupport_introspection_c__resize_function__UnboundedSequences__bool_values_default	24	static
../Core/M4lib/include/test_msgs/msg/detail/unbounded_sequences__type_support.c:1068:8:test_msgs__msg__UnboundedSequences__rosidl_typesupport_introspection_c__size_function__UnboundedSequences__byte_values_default	24	static
../Core/M4lib/include/test_msgs/msg/detail/unbounded_sequences__type_support.c:1076:14:test_msgs__msg__UnboundedSequences__rosidl_typesupport_introspection_c__get_const_function__UnboundedSequences__byte_values_default	24	static
../Core/M4lib/include/test_msgs/msg/detail/unbounded_sequences__type_support.c:1084:8:test_msgs__msg__UnboundedSequences__rosidl_typesupport_introspection_c__get_function__UnboundedSequences__byte_values_default	24	static
../Core/M4lib/include/test_msgs/msg/detail/unbounded_sequences__type_support.c:1092:6:test_msgs__msg__UnboundedSequences__rosidl_typesupport_introspection_c__fetch_function__UnboundedSequences__byte_values_default	32	static
../Core/M4lib/include/test_msgs/msg/detail/unbounded_sequences__type_support.c:1103:6:test_msgs__msg__UnboundedSequences__rosidl_typesupport_introspection_c__assign_function__UnboundedSequences__byte_values_default	32	static
../Core/M4lib/include/test_msgs/msg/detail/unbounded_sequences__type_support.c:1114:6:test_msgs__msg__UnboundedSequences__rosidl_typesupport_introspection_c__resize_function__UnboundedSequences__byte_values_default	24	static
../Core/M4lib/include/test_msgs/msg/detail/unbounded_sequences__type_support.c:1123:8:test_msgs__msg__UnboundedSequences__rosidl_typesupport_introspection_c__size_function__UnboundedSequences__char_values_default	24	static
../Core/M4lib/include/test_msgs/msg/detail/unbounded_sequences__type_support.c:1131:14:test_msgs__msg__UnboundedSequences__rosidl_typesupport_introspection_c__get_const_function__UnboundedSequences__char_values_default	24	static
../Core/M4lib/include/test_msgs/msg/detail/unbounded_sequences__type_support.c:1139:8:test_msgs__msg__UnboundedSequences__rosidl_typesupport_introspection_c__get_function__UnboundedSequences__char_values_default	24	static
../Core/M4lib/include/test_msgs/msg/detail/unbounded_sequences__type_support.c:1147:6:test_msgs__msg__UnboundedSequences__rosidl_typesupport_introspection_c__fetch_function__UnboundedSequences__char_values_default	32	static
../Core/M4lib/include/test_msgs/msg/detail/unbounded_sequences__type_support.c:1158:6:test_msgs__msg__UnboundedSequences__rosidl_typesupport_introspection_c__assign_function__UnboundedSequences__char_values_default	32	static
../Core/M4lib/include/test_msgs/msg/detail/unbounded_sequences__type_support.c:1169:6:test_msgs__msg__UnboundedSequences__rosidl_typesupport_introspection_c__resize_function__UnboundedSequences__char_values_default	24	static
../Core/M4lib/include/test_msgs/msg/detail/unbounded_sequences__type_support.c:1178:8:test_msgs__msg__UnboundedSequences__rosidl_typesupport_introspection_c__size_function__UnboundedSequences__float32_values_default	24	static
../Core/M4lib/include/test_msgs/msg/detail/unbounded_sequences__type_support.c:1186:14:test_msgs__msg__UnboundedSequences__rosidl_typesupport_introspection_c__get_const_function__UnboundedSequences__float32_values_default	24	static
../Core/M4lib/include/test_msgs/msg/detail/unbounded_sequences__type_support.c:1194:8:test_msgs__msg__UnboundedSequences__rosidl_typesupport_introspection_c__get_function__UnboundedSequences__float32_values_default	24	static
../Core/M4lib/include/test_msgs/msg/detail/unbounded_sequences__type_support.c:1202:6:test_msgs__msg__UnboundedSequences__rosidl_typesupport_introspection_c__fetch_function__UnboundedSequences__float32_values_default	32	static
../Core/M4lib/include/test_msgs/msg/detail/unbounded_sequences__type_support.c:1213:6:test_msgs__msg__UnboundedSequences__rosidl_typesupport_introspection_c__assign_function__UnboundedSequences__float32_values_default	32	static
../Core/M4lib/include/test_msgs/msg/detail/unbounded_sequences__type_support.c:1224:6:test_msgs__msg__UnboundedSequences__rosidl_typesupport_introspection_c__resize_function__UnboundedSequences__float32_values_default	24	static
../Core/M4lib/include/test_msgs/msg/detail/unbounded_sequences__type_support.c:1233:8:test_msgs__msg__UnboundedSequences__rosidl_typesupport_introspection_c__size_function__UnboundedSequences__float64_values_default	24	static
../Core/M4lib/include/test_msgs/msg/detail/unbounded_sequences__type_support.c:1241:14:test_msgs__msg__UnboundedSequences__rosidl_typesupport_introspection_c__get_const_function__UnboundedSequences__float64_values_default	24	static
../Core/M4lib/include/test_msgs/msg/detail/unbounded_sequences__type_support.c:1249:8:test_msgs__msg__UnboundedSequences__rosidl_typesupport_introspection_c__get_function__UnboundedSequences__float64_values_default	24	static
../Core/M4lib/include/test_msgs/msg/detail/unbounded_sequences__type_support.c:1257:6:test_msgs__msg__UnboundedSequences__rosidl_typesupport_introspection_c__fetch_function__UnboundedSequences__float64_values_default	32	static
../Core/M4lib/include/test_msgs/msg/detail/unbounded_sequences__type_support.c:1268:6:test_msgs__msg__UnboundedSequences__rosidl_typesupport_introspection_c__assign_function__UnboundedSequences__float64_values_default	32	static
../Core/M4lib/include/test_msgs/msg/detail/unbounded_sequences__type_support.c:1279:6:test_msgs__msg__UnboundedSequences__rosidl_typesupport_introspection_c__resize_function__UnboundedSequences__float64_values_default	24	static
../Core/M4lib/include/test_msgs/msg/detail/unbounded_sequences__type_support.c:1288:8:test_msgs__msg__UnboundedSequences__rosidl_typesupport_introspection_c__size_function__UnboundedSequences__int8_values_default	24	static
../Core/M4lib/include/test_msgs/msg/detail/unbounded_sequences__type_support.c:1296:14:test_msgs__msg__UnboundedSequences__rosidl_typesupport_introspection_c__get_const_function__UnboundedSequences__int8_values_default	24	static
../Core/M4lib/include/test_msgs/msg/detail/unbounded_sequences__type_support.c:1304:8:test_msgs__msg__UnboundedSequences__rosidl_typesupport_introspection_c__get_function__UnboundedSequences__int8_values_default	24	static
../Core/M4lib/include/test_msgs/msg/detail/unbounded_sequences__type_support.c:1312:6:test_msgs__msg__UnboundedSequences__rosidl_typesupport_introspection_c__fetch_function__UnboundedSequences__int8_values_default	32	static
../Core/M4lib/include/test_msgs/msg/detail/unbounded_sequences__type_support.c:1323:6:test_msgs__msg__UnboundedSequences__rosidl_typesupport_introspection_c__assign_function__UnboundedSequences__int8_values_default	32	static
../Core/M4lib/include/test_msgs/msg/detail/unbounded_sequences__type_support.c:1334:6:test_msgs__msg__UnboundedSequences__rosidl_typesupport_introspection_c__resize_function__UnboundedSequences__int8_values_default	24	static
../Core/M4lib/include/test_msgs/msg/detail/unbounded_sequences__type_support.c:1343:8:test_msgs__msg__UnboundedSequences__rosidl_typesupport_introspection_c__size_function__UnboundedSequences__uint8_values_default	24	static
../Core/M4lib/include/test_msgs/msg/detail/unbounded_sequences__type_support.c:1351:14:test_msgs__msg__UnboundedSequences__rosidl_typesupport_introspection_c__get_const_function__UnboundedSequences__uint8_values_default	24	static
../Core/M4lib/include/test_msgs/msg/detail/unbounded_sequences__type_support.c:1359:8:test_msgs__msg__UnboundedSequences__rosidl_typesupport_introspection_c__get_function__UnboundedSequences__uint8_values_default	24	static
../Core/M4lib/include/test_msgs/msg/detail/unbounded_sequences__type_support.c:1367:6:test_msgs__msg__UnboundedSequences__rosidl_typesupport_introspection_c__fetch_function__UnboundedSequences__uint8_values_default	32	static
../Core/M4lib/include/test_msgs/msg/detail/unbounded_sequences__type_support.c:1378:6:test_msgs__msg__UnboundedSequences__rosidl_typesupport_introspection_c__assign_function__UnboundedSequences__uint8_values_default	32	static
../Core/M4lib/include/test_msgs/msg/detail/unbounded_sequences__type_support.c:1389:6:test_msgs__msg__UnboundedSequences__rosidl_typesupport_introspection_c__resize_function__UnboundedSequences__uint8_values_default	24	static
../Core/M4lib/include/test_msgs/msg/detail/unbounded_sequences__type_support.c:1398:8:test_msgs__msg__UnboundedSequences__rosidl_typesupport_introspection_c__size_function__UnboundedSequences__int16_values_default	24	static
../Core/M4lib/include/test_msgs/msg/detail/unbounded_sequences__type_support.c:1406:14:test_msgs__msg__UnboundedSequences__rosidl_typesupport_introspection_c__get_const_function__UnboundedSequences__int16_values_default	24	static
../Core/M4lib/include/test_msgs/msg/detail/unbounded_sequences__type_support.c:1414:8:test_msgs__msg__UnboundedSequences__rosidl_typesupport_introspection_c__get_function__UnboundedSequences__int16_values_default	24	static
../Core/M4lib/include/test_msgs/msg/detail/unbounded_sequences__type_support.c:1422:6:test_msgs__msg__UnboundedSequences__rosidl_typesupport_introspection_c__fetch_function__UnboundedSequences__int16_values_default	32	static
../Core/M4lib/include/test_msgs/msg/detail/unbounded_sequences__type_support.c:1433:6:test_msgs__msg__UnboundedSequences__rosidl_typesupport_introspection_c__assign_function__UnboundedSequences__int16_values_default	32	static
../Core/M4lib/include/test_msgs/msg/detail/unbounded_sequences__type_support.c:1444:6:test_msgs__msg__UnboundedSequences__rosidl_typesupport_introspection_c__resize_function__UnboundedSequences__int16_values_default	24	static
../Core/M4lib/include/test_msgs/msg/detail/unbounded_sequences__type_support.c:1453:8:test_msgs__msg__UnboundedSequences__rosidl_typesupport_introspection_c__size_function__UnboundedSequences__uint16_values_default	24	static
../Core/M4lib/include/test_msgs/msg/detail/unbounded_sequences__type_support.c:1461:14:test_msgs__msg__UnboundedSequences__rosidl_typesupport_introspection_c__get_const_function__UnboundedSequences__uint16_values_default	24	static
../Core/M4lib/include/test_msgs/msg/detail/unbounded_sequences__type_support.c:1469:8:test_msgs__msg__UnboundedSequences__rosidl_typesupport_introspection_c__get_function__UnboundedSequences__uint16_values_default	24	static
../Core/M4lib/include/test_msgs/msg/detail/unbounded_sequences__type_support.c:1477:6:test_msgs__msg__UnboundedSequences__rosidl_typesupport_introspection_c__fetch_function__UnboundedSequences__uint16_values_default	32	static
../Core/M4lib/include/test_msgs/msg/detail/unbounded_sequences__type_support.c:1488:6:test_msgs__msg__UnboundedSequences__rosidl_typesupport_introspection_c__assign_function__UnboundedSequences__uint16_values_default	32	static
../Core/M4lib/include/test_msgs/msg/detail/unbounded_sequences__type_support.c:1499:6:test_msgs__msg__UnboundedSequences__rosidl_typesupport_introspection_c__resize_function__UnboundedSequences__uint16_values_default	24	static
../Core/M4lib/include/test_msgs/msg/detail/unbounded_sequences__type_support.c:1508:8:test_msgs__msg__UnboundedSequences__rosidl_typesupport_introspection_c__size_function__UnboundedSequences__int32_values_default	24	static
../Core/M4lib/include/test_msgs/msg/detail/unbounded_sequences__type_support.c:1516:14:test_msgs__msg__UnboundedSequences__rosidl_typesupport_introspection_c__get_const_function__UnboundedSequences__int32_values_default	24	static
../Core/M4lib/include/test_msgs/msg/detail/unbounded_sequences__type_support.c:1524:8:test_msgs__msg__UnboundedSequences__rosidl_typesupport_introspection_c__get_function__UnboundedSequences__int32_values_default	24	static
../Core/M4lib/include/test_msgs/msg/detail/unbounded_sequences__type_support.c:1532:6:test_msgs__msg__UnboundedSequences__rosidl_typesupport_introspection_c__fetch_function__UnboundedSequences__int32_values_default	32	static
../Core/M4lib/include/test_msgs/msg/detail/unbounded_sequences__type_support.c:1543:6:test_msgs__msg__UnboundedSequences__rosidl_typesupport_introspection_c__assign_function__UnboundedSequences__int32_values_default	32	static
../Core/M4lib/include/test_msgs/msg/detail/unbounded_sequences__type_support.c:1554:6:test_msgs__msg__UnboundedSequences__rosidl_typesupport_introspection_c__resize_function__UnboundedSequences__int32_values_default	24	static
../Core/M4lib/include/test_msgs/msg/detail/unbounded_sequences__type_support.c:1563:8:test_msgs__msg__UnboundedSequences__rosidl_typesupport_introspection_c__size_function__UnboundedSequences__uint32_values_default	24	static
../Core/M4lib/include/test_msgs/msg/detail/unbounded_sequences__type_support.c:1571:14:test_msgs__msg__UnboundedSequences__rosidl_typesupport_introspection_c__get_const_function__UnboundedSequences__uint32_values_default	24	static
../Core/M4lib/include/test_msgs/msg/detail/unbounded_sequences__type_support.c:1579:8:test_msgs__msg__UnboundedSequences__rosidl_typesupport_introspection_c__get_function__UnboundedSequences__uint32_values_default	24	static
../Core/M4lib/include/test_msgs/msg/detail/unbounded_sequences__type_support.c:1587:6:test_msgs__msg__UnboundedSequences__rosidl_typesupport_introspection_c__fetch_function__UnboundedSequences__uint32_values_default	32	static
../Core/M4lib/include/test_msgs/msg/detail/unbounded_sequences__type_support.c:1598:6:test_msgs__msg__UnboundedSequences__rosidl_typesupport_introspection_c__assign_function__UnboundedSequences__uint32_values_default	32	static
../Core/M4lib/include/test_msgs/msg/detail/unbounded_sequences__type_support.c:1609:6:test_msgs__msg__UnboundedSequences__rosidl_typesupport_introspection_c__resize_function__UnboundedSequences__uint32_values_default	24	static
../Core/M4lib/include/test_msgs/msg/detail/unbounded_sequences__type_support.c:1618:8:test_msgs__msg__UnboundedSequences__rosidl_typesupport_introspection_c__size_function__UnboundedSequences__int64_values_default	24	static
../Core/M4lib/include/test_msgs/msg/detail/unbounded_sequences__type_support.c:1626:14:test_msgs__msg__UnboundedSequences__rosidl_typesupport_introspection_c__get_const_function__UnboundedSequences__int64_values_default	24	static
../Core/M4lib/include/test_msgs/msg/detail/unbounded_sequences__type_support.c:1634:8:test_msgs__msg__UnboundedSequences__rosidl_typesupport_introspection_c__get_function__UnboundedSequences__int64_values_default	24	static
../Core/M4lib/include/test_msgs/msg/detail/unbounded_sequences__type_support.c:1642:6:test_msgs__msg__UnboundedSequences__rosidl_typesupport_introspection_c__fetch_function__UnboundedSequences__int64_values_default	32	static
../Core/M4lib/include/test_msgs/msg/detail/unbounded_sequences__type_support.c:1653:6:test_msgs__msg__UnboundedSequences__rosidl_typesupport_introspection_c__assign_function__UnboundedSequences__int64_values_default	32	static
../Core/M4lib/include/test_msgs/msg/detail/unbounded_sequences__type_support.c:1664:6:test_msgs__msg__UnboundedSequences__rosidl_typesupport_introspection_c__resize_function__UnboundedSequences__int64_values_default	24	static
../Core/M4lib/include/test_msgs/msg/detail/unbounded_sequences__type_support.c:1673:8:test_msgs__msg__UnboundedSequences__rosidl_typesupport_introspection_c__size_function__UnboundedSequences__uint64_values_default	24	static
../Core/M4lib/include/test_msgs/msg/detail/unbounded_sequences__type_support.c:1681:14:test_msgs__msg__UnboundedSequences__rosidl_typesupport_introspection_c__get_const_function__UnboundedSequences__uint64_values_default	24	static
../Core/M4lib/include/test_msgs/msg/detail/unbounded_sequences__type_support.c:1689:8:test_msgs__msg__UnboundedSequences__rosidl_typesupport_introspection_c__get_function__UnboundedSequences__uint64_values_default	24	static
../Core/M4lib/include/test_msgs/msg/detail/unbounded_sequences__type_support.c:1697:6:test_msgs__msg__UnboundedSequences__rosidl_typesupport_introspection_c__fetch_function__UnboundedSequences__uint64_values_default	32	static
../Core/M4lib/include/test_msgs/msg/detail/unbounded_sequences__type_support.c:1708:6:test_msgs__msg__UnboundedSequences__rosidl_typesupport_introspection_c__assign_function__UnboundedSequences__uint64_values_default	32	static
../Core/M4lib/include/test_msgs/msg/detail/unbounded_sequences__type_support.c:1719:6:test_msgs__msg__UnboundedSequences__rosidl_typesupport_introspection_c__resize_function__UnboundedSequences__uint64_values_default	24	static
../Core/M4lib/include/test_msgs/msg/detail/unbounded_sequences__type_support.c:1728:8:test_msgs__msg__UnboundedSequences__rosidl_typesupport_introspection_c__size_function__UnboundedSequences__string_values_default	24	static
../Core/M4lib/include/test_msgs/msg/detail/unbounded_sequences__type_support.c:1736:14:test_msgs__msg__UnboundedSequences__rosidl_typesupport_introspection_c__get_const_function__UnboundedSequences__string_values_default	24	static
../Core/M4lib/include/test_msgs/msg/detail/unbounded_sequences__type_support.c:1744:8:test_msgs__msg__UnboundedSequences__rosidl_typesupport_introspection_c__get_function__UnboundedSequences__string_values_default	24	static
../Core/M4lib/include/test_msgs/msg/detail/unbounded_sequences__type_support.c:1752:6:test_msgs__msg__UnboundedSequences__rosidl_typesupport_introspection_c__fetch_function__UnboundedSequences__string_values_default	32	static
../Core/M4lib/include/test_msgs/msg/detail/unbounded_sequences__type_support.c:1763:6:test_msgs__msg__UnboundedSequences__rosidl_typesupport_introspection_c__assign_function__UnboundedSequences__string_values_default	32	static
../Core/M4lib/include/test_msgs/msg/detail/unbounded_sequences__type_support.c:1774:6:test_msgs__msg__UnboundedSequences__rosidl_typesupport_introspection_c__resize_function__UnboundedSequences__string_values_default	24	static
../Core/M4lib/include/test_msgs/msg/detail/unbounded_sequences__type_support.c:2353:1:rosidl_typesupport_introspection_c__get_message_type_support_handle__test_msgs__msg__UnboundedSequences	8	static
