../Core/M4lib/include/geometry_msgs/msg/detail/inertia__type_support.c:26:6:geometry_msgs__msg__Inertia__rosidl_typesupport_introspection_c__Inertia_init_function	16	static
../Core/M4lib/include/geometry_msgs/msg/detail/inertia__type_support.c:35:6:geometry_msgs__msg__Inertia__rosidl_typesupport_introspection_c__Inertia_fini_function	16	static
../Core/M4lib/include/geometry_msgs/msg/detail/inertia__type_support.c:202:1:rosidl_typesupport_introspection_c__get_message_type_support_handle__geometry_msgs__msg__Inertia	8	static
