../Core/M4lib/include/geometry_msgs/msg/detail/transform_stamped__functions.c:23:1:geometry_msgs__msg__TransformStamped__init	16	static
../Core/M4lib/include/geometry_msgs/msg/detail/transform_stamped__functions.c:47:1:geometry_msgs__msg__TransformStamped__fini	16	static
../Core/M4lib/include/geometry_msgs/msg/detail/transform_stamped__functions.c:61:1:geometry_msgs__msg__TransformStamped__are_equal	16	static
../Core/M4lib/include/geometry_msgs/msg/detail/transform_stamped__functions.c:88:1:geometry_msgs__msg__TransformStamped__copy	16	static
../Core/M4lib/include/geometry_msgs/msg/detail/transform_stamped__functions.c:117:1:geometry_msgs__msg__TransformStamped__create	40	static
../Core/M4lib/include/geometry_msgs/msg/detail/transform_stamped__functions.c:134:1:geometry_msgs__msg__TransformStamped__destroy	40	static
../Core/M4lib/include/geometry_msgs/msg/detail/transform_stamped__functions.c:145:1:geometry_msgs__msg__TransformStamped__Sequence__init	48	static
../Core/M4lib/include/geometry_msgs/msg/detail/transform_stamped__functions.c:182:1:geometry_msgs__msg__TransformStamped__Sequence__fini	40	static
../Core/M4lib/include/geometry_msgs/msg/detail/transform_stamped__functions.c:208:1:geometry_msgs__msg__TransformStamped__Sequence__create	48	static
../Core/M4lib/include/geometry_msgs/msg/detail/transform_stamped__functions.c:224:1:geometry_msgs__msg__TransformStamped__Sequence__destroy	40	static
../Core/M4lib/include/geometry_msgs/msg/detail/transform_stamped__functions.c:234:1:geometry_msgs__msg__TransformStamped__Sequence__are_equal	24	static
../Core/M4lib/include/geometry_msgs/msg/detail/transform_stamped__functions.c:251:1:geometry_msgs__msg__TransformStamped__Sequence__copy	56	static
