../Core/M4lib/include/composition_interfaces/srv/detail/unload_node__type_support.c:20:6:composition_interfaces__srv__UnloadNode_Request__rosidl_typesupport_introspection_c__UnloadNode_Request_init_function	16	static
../Core/M4lib/include/composition_interfaces/srv/detail/unload_node__type_support.c:29:6:composition_interfaces__srv__UnloadNode_Request__rosidl_typesupport_introspection_c__UnloadNode_Request_fini_function	16	static
../Core/M4lib/include/composition_interfaces/srv/detail/unload_node__type_support.c:77:1:rosidl_typesupport_introspection_c__get_message_type_support_handle__composition_interfaces__srv__UnloadNode_Request	4	static
../Core/M4lib/include/composition_interfaces/srv/detail/unload_node__type_support.c:115:6:composition_interfaces__srv__UnloadNode_Response__rosidl_typesupport_introspection_c__UnloadNode_Response_init_function	16	static
../Core/M4lib/include/composition_interfaces/srv/detail/unload_node__type_support.c:124:6:composition_interfaces__srv__UnloadNode_Response__rosidl_typesupport_introspection_c__UnloadNode_Response_fini_function	16	static
../Core/M4lib/include/composition_interfaces/srv/detail/unload_node__type_support.c:189:1:rosidl_typesupport_introspection_c__get_message_type_support_handle__composition_interfaces__srv__UnloadNode_Response	4	static
../Core/M4lib/include/composition_interfaces/srv/detail/unload_node__type_support.c:236:6:composition_interfaces__srv__UnloadNode_Event__rosidl_typesupport_introspection_c__UnloadNode_Event_init_function	16	static
../Core/M4lib/include/composition_interfaces/srv/detail/unload_node__type_support.c:245:6:composition_interfaces__srv__UnloadNode_Event__rosidl_typesupport_introspection_c__UnloadNode_Event_fini_function	16	static
../Core/M4lib/include/composition_interfaces/srv/detail/unload_node__type_support.c:250:8:composition_interfaces__srv__UnloadNode_Event__rosidl_typesupport_introspection_c__size_function__UnloadNode_Event__request	24	static
../Core/M4lib/include/composition_interfaces/srv/detail/unload_node__type_support.c:258:14:composition_interfaces__srv__UnloadNode_Event__rosidl_typesupport_introspection_c__get_const_function__UnloadNode_Event__request	24	static
../Core/M4lib/include/composition_interfaces/srv/detail/unload_node__type_support.c:266:8:composition_interfaces__srv__UnloadNode_Event__rosidl_typesupport_introspection_c__get_function__UnloadNode_Event__request	24	static
../Core/M4lib/include/composition_interfaces/srv/detail/unload_node__type_support.c:274:6:composition_interfaces__srv__UnloadNode_Event__rosidl_typesupport_introspection_c__fetch_function__UnloadNode_Event__request	32	static
../Core/M4lib/include/composition_interfaces/srv/detail/unload_node__type_support.c:285:6:composition_interfaces__srv__UnloadNode_Event__rosidl_typesupport_introspection_c__assign_function__UnloadNode_Event__request	32	static
../Core/M4lib/include/composition_interfaces/srv/detail/unload_node__type_support.c:296:6:composition_interfaces__srv__UnloadNode_Event__rosidl_typesupport_introspection_c__resize_function__UnloadNode_Event__request	24	static
../Core/M4lib/include/composition_interfaces/srv/detail/unload_node__type_support.c:305:8:composition_interfaces__srv__UnloadNode_Event__rosidl_typesupport_introspection_c__size_function__UnloadNode_Event__response	24	static
../Core/M4lib/include/composition_interfaces/srv/detail/unload_node__type_support.c:313:14:composition_interfaces__srv__UnloadNode_Event__rosidl_typesupport_introspection_c__get_const_function__UnloadNode_Event__response	24	static
../Core/M4lib/include/composition_interfaces/srv/detail/unload_node__type_support.c:321:8:composition_interfaces__srv__UnloadNode_Event__rosidl_typesupport_introspection_c__get_function__UnloadNode_Event__response	24	static
../Core/M4lib/include/composition_interfaces/srv/detail/unload_node__type_support.c:329:6:composition_interfaces__srv__UnloadNode_Event__rosidl_typesupport_introspection_c__fetch_function__UnloadNode_Event__response	40	static
../Core/M4lib/include/composition_interfaces/srv/detail/unload_node__type_support.c:340:6:composition_interfaces__srv__UnloadNode_Event__rosidl_typesupport_introspection_c__assign_function__UnloadNode_Event__response	40	static
../Core/M4lib/include/composition_interfaces/srv/detail/unload_node__type_support.c:351:6:composition_interfaces__srv__UnloadNode_Event__rosidl_typesupport_introspection_c__resize_function__UnloadNode_Event__response	24	static
../Core/M4lib/include/composition_interfaces/srv/detail/unload_node__type_support.c:437:1:rosidl_typesupport_introspection_c__get_message_type_support_handle__composition_interfaces__srv__UnloadNode_Event	8	static
../Core/M4lib/include/composition_interfaces/srv/detail/unload_node__type_support.c:513:1:rosidl_typesupport_introspection_c__get_service_type_support_handle__composition_interfaces__srv__UnloadNode	16	static
