../Core/M4lib/include/actionlib_msgs/msg/detail/goal_status_array__type_support.c:30:6:actionlib_msgs__msg__GoalStatusArray__rosidl_typesupport_introspection_c__GoalStatusArray_init_function	16	static
../Core/M4lib/include/actionlib_msgs/msg/detail/goal_status_array__type_support.c:39:6:actionlib_msgs__msg__GoalStatusArray__rosidl_typesupport_introspection_c__GoalStatusArray_fini_function	16	static
../Core/M4lib/include/actionlib_msgs/msg/detail/goal_status_array__type_support.c:44:8:actionlib_msgs__msg__GoalStatusArray__rosidl_typesupport_introspection_c__size_function__GoalStatusArray__status_list	24	static
../Core/M4lib/include/actionlib_msgs/msg/detail/goal_status_array__type_support.c:52:14:actionlib_msgs__msg__GoalStatusArray__rosidl_typesupport_introspection_c__get_const_function__GoalStatusArray__status_list	24	static
../Core/M4lib/include/actionlib_msgs/msg/detail/goal_status_array__type_support.c:60:8:actionlib_msgs__msg__GoalStatusArray__rosidl_typesupport_introspection_c__get_function__GoalStatusArray__status_list	24	static
../Core/M4lib/include/actionlib_msgs/msg/detail/goal_status_array__type_support.c:68:6:actionlib_msgs__msg__GoalStatusArray__rosidl_typesupport_introspection_c__fetch_function__GoalStatusArray__status_list	40	static
../Core/M4lib/include/actionlib_msgs/msg/detail/goal_status_array__type_support.c:79:6:actionlib_msgs__msg__GoalStatusArray__rosidl_typesupport_introspection_c__assign_function__GoalStatusArray__status_list	40	static
../Core/M4lib/include/actionlib_msgs/msg/detail/goal_status_array__type_support.c:90:6:actionlib_msgs__msg__GoalStatusArray__rosidl_typesupport_introspection_c__resize_function__GoalStatusArray__status_list	24	static
../Core/M4lib/include/actionlib_msgs/msg/detail/goal_status_array__type_support.c:159:1:rosidl_typesupport_introspection_c__get_message_type_support_handle__actionlib_msgs__msg__GoalStatusArray	8	static
