../Core/M4lib/include/actionlib_msgs/msg/detail/goal_status_array__functions.c:21:1:actionlib_msgs__msg__GoalStatusArray__init	16	static
../Core/M4lib/include/actionlib_msgs/msg/detail/goal_status_array__functions.c:40:1:actionlib_msgs__msg__GoalStatusArray__fini	16	static
../Core/M4lib/include/actionlib_msgs/msg/detail/goal_status_array__functions.c:52:1:actionlib_msgs__msg__GoalStatusArray__are_equal	16	static
../Core/M4lib/include/actionlib_msgs/msg/detail/goal_status_array__functions.c:73:1:actionlib_msgs__msg__GoalStatusArray__copy	16	static
../Core/M4lib/include/actionlib_msgs/msg/detail/goal_status_array__functions.c:96:1:actionlib_msgs__msg__GoalStatusArray__create	40	static
../Core/M4lib/include/actionlib_msgs/msg/detail/goal_status_array__functions.c:113:1:actionlib_msgs__msg__GoalStatusArray__destroy	40	static
../Core/M4lib/include/actionlib_msgs/msg/detail/goal_status_array__functions.c:124:1:actionlib_msgs__msg__GoalStatusArray__Sequence__init	48	static
../Core/M4lib/include/actionlib_msgs/msg/detail/goal_status_array__functions.c:161:1:actionlib_msgs__msg__GoalStatusArray__Sequence__fini	40	static
../Core/M4lib/include/actionlib_msgs/msg/detail/goal_status_array__functions.c:187:1:actionlib_msgs__msg__GoalStatusArray__Sequence__create	48	static
../Core/M4lib/include/actionlib_msgs/msg/detail/goal_status_array__functions.c:203:1:actionlib_msgs__msg__GoalStatusArray__Sequence__destroy	40	static
../Core/M4lib/include/actionlib_msgs/msg/detail/goal_status_array__functions.c:213:1:actionlib_msgs__msg__GoalStatusArray__Sequence__are_equal	24	static
../Core/M4lib/include/actionlib_msgs/msg/detail/goal_status_array__functions.c:230:1:actionlib_msgs__msg__GoalStatusArray__Sequence__copy	56	static
