../Core/M4lib/include/std_msgs/msg/detail/multi_array_dimension__functions.c:19:1:std_msgs__msg__MultiArrayDimension__init	16	static
../Core/M4lib/include/std_msgs/msg/detail/multi_array_dimension__functions.c:35:1:std_msgs__msg__MultiArrayDimension__fini	16	static
../Core/M4lib/include/std_msgs/msg/detail/multi_array_dimension__functions.c:47:1:std_msgs__msg__MultiArrayDimension__are_equal	16	static
../Core/M4lib/include/std_msgs/msg/detail/multi_array_dimension__functions.c:70:1:std_msgs__msg__MultiArrayDimension__copy	16	static
../Core/M4lib/include/std_msgs/msg/detail/multi_array_dimension__functions.c:91:1:std_msgs__msg__MultiArrayDimension__create	40	static
../Core/M4lib/include/std_msgs/msg/detail/multi_array_dimension__functions.c:108:1:std_msgs__msg__MultiArrayDimension__destroy	40	static
../Core/M4lib/include/std_msgs/msg/detail/multi_array_dimension__functions.c:119:1:std_msgs__msg__MultiArrayDimension__Sequence__init	48	static
../Core/M4lib/include/std_msgs/msg/detail/multi_array_dimension__functions.c:156:1:std_msgs__msg__MultiArrayDimension__Sequence__fini	40	static
../Core/M4lib/include/std_msgs/msg/detail/multi_array_dimension__functions.c:182:1:std_msgs__msg__MultiArrayDimension__Sequence__create	48	static
../Core/M4lib/include/std_msgs/msg/detail/multi_array_dimension__functions.c:198:1:std_msgs__msg__MultiArrayDimension__Sequence__destroy	40	static
../Core/M4lib/include/std_msgs/msg/detail/multi_array_dimension__functions.c:208:1:std_msgs__msg__MultiArrayDimension__Sequence__are_equal	24	static
../Core/M4lib/include/std_msgs/msg/detail/multi_array_dimension__functions.c:225:1:std_msgs__msg__MultiArrayDimension__Sequence__copy	56	static
