../Core/M4lib/include/std_msgs/msg/detail/u_int64_multi_array__type_support.c:28:6:std_msgs__msg__UInt64MultiArray__rosidl_typesupport_introspection_c__UInt64MultiArray_init_function	16	static
../Core/M4lib/include/std_msgs/msg/detail/u_int64_multi_array__type_support.c:37:6:std_msgs__msg__UInt64MultiArray__rosidl_typesupport_introspection_c__UInt64MultiArray_fini_function	16	static
../Core/M4lib/include/std_msgs/msg/detail/u_int64_multi_array__type_support.c:42:8:std_msgs__msg__UInt64MultiArray__rosidl_typesupport_introspection_c__size_function__UInt64MultiArray__data	24	static
../Core/M4lib/include/std_msgs/msg/detail/u_int64_multi_array__type_support.c:50:14:std_msgs__msg__UInt64MultiArray__rosidl_typesupport_introspection_c__get_const_function__UInt64MultiArray__data	24	static
../Core/M4lib/include/std_msgs/msg/detail/u_int64_multi_array__type_support.c:58:8:std_msgs__msg__UInt64MultiArray__rosidl_typesupport_introspection_c__get_function__UInt64MultiArray__data	24	static
../Core/M4lib/include/std_msgs/msg/detail/u_int64_multi_array__type_support.c:66:6:std_msgs__msg__UInt64MultiArray__rosidl_typesupport_introspection_c__fetch_function__UInt64MultiArray__data	32	static
../Core/M4lib/include/std_msgs/msg/detail/u_int64_multi_array__type_support.c:77:6:std_msgs__msg__UInt64MultiArray__rosidl_typesupport_introspection_c__assign_function__UInt64MultiArray__data	32	static
../Core/M4lib/include/std_msgs/msg/detail/u_int64_multi_array__type_support.c:88:6:std_msgs__msg__UInt64MultiArray__rosidl_typesupport_introspection_c__resize_function__UInt64MultiArray__data	24	static
../Core/M4lib/include/std_msgs/msg/detail/u_int64_multi_array__type_support.c:157:1:rosidl_typesupport_introspection_c__get_message_type_support_handle__std_msgs__msg__UInt64MultiArray	8	static
