../Core/M4lib/include/sensor_msgs/srv/detail/set_camera_info__description.c:9:1:sensor_msgs__srv__SetCameraInfo__get_type_hash	16	static
../Core/M4lib/include/sensor_msgs/srv/detail/set_camera_info__description.c:24:1:sensor_msgs__srv__SetCameraInfo_Request__get_type_hash	16	static
../Core/M4lib/include/sensor_msgs/srv/detail/set_camera_info__description.c:39:1:sensor_msgs__srv__SetCameraInfo_Response__get_type_hash	16	static
../Core/M4lib/include/sensor_msgs/srv/detail/set_camera_info__description.c:54:1:sensor_msgs__srv__SetCameraInfo_Event__get_type_hash	16	static
../Core/M4lib/include/sensor_msgs/srv/detail/set_camera_info__description.c:195:1:sensor_msgs__srv__SetCameraInfo__get_type_description	16	static
../Core/M4lib/include/sensor_msgs/srv/detail/set_camera_info__description.c:261:1:sensor_msgs__srv__SetCameraInfo_Request__get_type_description	16	static
../Core/M4lib/include/sensor_msgs/srv/detail/set_camera_info__description.c:314:1:sensor_msgs__srv__SetCameraInfo_Response__get_type_description	16	static
../Core/M4lib/include/sensor_msgs/srv/detail/set_camera_info__description.c:401:1:sensor_msgs__srv__SetCameraInfo_Event__get_type_description	16	static
../Core/M4lib/include/sensor_msgs/srv/detail/set_camera_info__description.c:451:1:sensor_msgs__srv__SetCameraInfo__get_individual_type_description_source	16	static
../Core/M4lib/include/sensor_msgs/srv/detail/set_camera_info__description.c:464:1:sensor_msgs__srv__SetCameraInfo_Request__get_individual_type_description_source	16	static
../Core/M4lib/include/sensor_msgs/srv/detail/set_camera_info__description.c:477:1:sensor_msgs__srv__SetCameraInfo_Response__get_individual_type_description_source	16	static
../Core/M4lib/include/sensor_msgs/srv/detail/set_camera_info__description.c:490:1:sensor_msgs__srv__SetCameraInfo_Event__get_individual_type_description_source	16	static
../Core/M4lib/include/sensor_msgs/srv/detail/set_camera_info__description.c:503:1:sensor_msgs__srv__SetCameraInfo__get_type_description_sources	24	static
../Core/M4lib/include/sensor_msgs/srv/detail/set_camera_info__description.c:526:1:sensor_msgs__srv__SetCameraInfo_Request__get_type_description_sources	24	static
../Core/M4lib/include/sensor_msgs/srv/detail/set_camera_info__description.c:545:1:sensor_msgs__srv__SetCameraInfo_Response__get_type_description_sources	24	static
../Core/M4lib/include/sensor_msgs/srv/detail/set_camera_info__description.c:560:1:sensor_msgs__srv__SetCameraInfo_Event__get_type_description_sources	24	static
