../Core/M4lib/include/action_msgs/msg/detail/goal_status_array__functions.c:19:1:action_msgs__msg__GoalStatusArray__init	16	static
../Core/M4lib/include/action_msgs/msg/detail/goal_status_array__functions.c:33:1:action_msgs__msg__GoalStatusArray__fini	16	static
../Core/M4lib/include/action_msgs/msg/detail/goal_status_array__functions.c:43:1:action_msgs__msg__GoalStatusArray__are_equal	16	static
../Core/M4lib/include/action_msgs/msg/detail/goal_status_array__functions.c:58:1:action_msgs__msg__GoalStatusArray__copy	16	static
../Core/M4lib/include/action_msgs/msg/detail/goal_status_array__functions.c:75:1:action_msgs__msg__GoalStatusArray__create	40	static
../Core/M4lib/include/action_msgs/msg/detail/goal_status_array__functions.c:92:1:action_msgs__msg__GoalStatusArray__destroy	40	static
../Core/M4lib/include/action_msgs/msg/detail/goal_status_array__functions.c:103:1:action_msgs__msg__GoalStatusArray__Sequence__init	48	static
../Core/M4lib/include/action_msgs/msg/detail/goal_status_array__functions.c:140:1:action_msgs__msg__GoalStatusArray__Sequence__fini	40	static
../Core/M4lib/include/action_msgs/msg/detail/goal_status_array__functions.c:166:1:action_msgs__msg__GoalStatusArray__Sequence__create	48	static
../Core/M4lib/include/action_msgs/msg/detail/goal_status_array__functions.c:182:1:action_msgs__msg__GoalStatusArray__Sequence__destroy	40	static
../Core/M4lib/include/action_msgs/msg/detail/goal_status_array__functions.c:192:1:action_msgs__msg__GoalStatusArray__Sequence__are_equal	24	static
../Core/M4lib/include/action_msgs/msg/detail/goal_status_array__functions.c:209:1:action_msgs__msg__GoalStatusArray__Sequence__copy	56	static
