../Core/M4lib/include/action_msgs/msg/detail/goal_status__functions.c:19:1:action_msgs__msg__GoalStatus__init	16	static
../Core/M4lib/include/action_msgs/msg/detail/goal_status__functions.c:34:1:action_msgs__msg__GoalStatus__fini	16	static
../Core/M4lib/include/action_msgs/msg/detail/goal_status__functions.c:45:1:action_msgs__msg__GoalStatus__are_equal	16	static
../Core/M4lib/include/action_msgs/msg/detail/goal_status__functions.c:64:1:action_msgs__msg__GoalStatus__copy	16	static
../Core/M4lib/include/action_msgs/msg/detail/goal_status__functions.c:83:1:action_msgs__msg__GoalStatus__create	40	static
../Core/M4lib/include/action_msgs/msg/detail/goal_status__functions.c:100:1:action_msgs__msg__GoalStatus__destroy	40	static
../Core/M4lib/include/action_msgs/msg/detail/goal_status__functions.c:111:1:action_msgs__msg__GoalStatus__Sequence__init	48	static
../Core/M4lib/include/action_msgs/msg/detail/goal_status__functions.c:148:1:action_msgs__msg__GoalStatus__Sequence__fini	40	static
../Core/M4lib/include/action_msgs/msg/detail/goal_status__functions.c:174:1:action_msgs__msg__GoalStatus__Sequence__create	48	static
../Core/M4lib/include/action_msgs/msg/detail/goal_status__functions.c:190:1:action_msgs__msg__GoalStatus__Sequence__destroy	40	static
../Core/M4lib/include/action_msgs/msg/detail/goal_status__functions.c:200:1:action_msgs__msg__GoalStatus__Sequence__are_equal	24	static
../Core/M4lib/include/action_msgs/msg/detail/goal_status__functions.c:217:1:action_msgs__msg__GoalStatus__Sequence__copy	56	static
