../Core/M4lib/include/visualization_msgs/msg/detail/marker_array__type_support.c:26:6:visualization_msgs__msg__MarkerArray__rosidl_typesupport_introspection_c__MarkerArray_init_function	16	static
../Core/M4lib/include/visualization_msgs/msg/detail/marker_array__type_support.c:35:6:visualization_msgs__msg__MarkerArray__rosidl_typesupport_introspection_c__MarkerArray_fini_function	16	static
../Core/M4lib/include/visualization_msgs/msg/detail/marker_array__type_support.c:40:8:visualization_msgs__msg__MarkerArray__rosidl_typesupport_introspection_c__size_function__MarkerArray__markers	24	static
../Core/M4lib/include/visualization_msgs/msg/detail/marker_array__type_support.c:48:14:visualization_msgs__msg__MarkerArray__rosidl_typesupport_introspection_c__get_const_function__MarkerArray__markers	24	static
../Core/M4lib/include/visualization_msgs/msg/detail/marker_array__type_support.c:56:8:visualization_msgs__msg__MarkerArray__rosidl_typesupport_introspection_c__get_function__MarkerArray__markers	24	static
../Core/M4lib/include/visualization_msgs/msg/detail/marker_array__type_support.c:64:6:visualization_msgs__msg__MarkerArray__rosidl_typesupport_introspection_c__fetch_function__MarkerArray__markers	32	static
../Core/M4lib/include/visualization_msgs/msg/detail/marker_array__type_support.c:75:6:visualization_msgs__msg__MarkerArray__rosidl_typesupport_introspection_c__assign_function__MarkerArray__markers	32	static
../Core/M4lib/include/visualization_msgs/msg/detail/marker_array__type_support.c:86:6:visualization_msgs__msg__MarkerArray__rosidl_typesupport_introspection_c__resize_function__MarkerArray__markers	24	static
../Core/M4lib/include/visualization_msgs/msg/detail/marker_array__type_support.c:138:1:rosidl_typesupport_introspection_c__get_message_type_support_handle__visualization_msgs__msg__MarkerArray	8	static
