../Core/M4lib/include/sensor_msgs/msg/detail/laser_scan__type_support.c:29:6:sensor_msgs__msg__LaserScan__rosidl_typesupport_introspection_c__LaserScan_init_function	16	static
../Core/M4lib/include/sensor_msgs/msg/detail/laser_scan__type_support.c:38:6:sensor_msgs__msg__LaserScan__rosidl_typesupport_introspection_c__LaserScan_fini_function	16	static
../Core/M4lib/include/sensor_msgs/msg/detail/laser_scan__type_support.c:43:8:sensor_msgs__msg__LaserScan__rosidl_typesupport_introspection_c__size_function__LaserScan__ranges	24	static
../Core/M4lib/include/sensor_msgs/msg/detail/laser_scan__type_support.c:51:14:sensor_msgs__msg__LaserScan__rosidl_typesupport_introspection_c__get_const_function__LaserScan__ranges	24	static
../Core/M4lib/include/sensor_msgs/msg/detail/laser_scan__type_support.c:59:8:sensor_msgs__msg__LaserScan__rosidl_typesupport_introspection_c__get_function__LaserScan__ranges	24	static
../Core/M4lib/include/sensor_msgs/msg/detail/laser_scan__type_support.c:67:6:sensor_msgs__msg__LaserScan__rosidl_typesupport_introspection_c__fetch_function__LaserScan__ranges	32	static
../Core/M4lib/include/sensor_msgs/msg/detail/laser_scan__type_support.c:78:6:sensor_msgs__msg__LaserScan__rosidl_typesupport_introspection_c__assign_function__LaserScan__ranges	32	static
../Core/M4lib/include/sensor_msgs/msg/detail/laser_scan__type_support.c:89:6:sensor_msgs__msg__LaserScan__rosidl_typesupport_introspection_c__resize_function__LaserScan__ranges	24	static
../Core/M4lib/include/sensor_msgs/msg/detail/laser_scan__type_support.c:98:8:sensor_msgs__msg__LaserScan__rosidl_typesupport_introspection_c__size_function__LaserScan__intensities	24	static
../Core/M4lib/include/sensor_msgs/msg/detail/laser_scan__type_support.c:106:14:sensor_msgs__msg__LaserScan__rosidl_typesupport_introspection_c__get_const_function__LaserScan__intensities	24	static
../Core/M4lib/include/sensor_msgs/msg/detail/laser_scan__type_support.c:114:8:sensor_msgs__msg__LaserScan__rosidl_typesupport_introspection_c__get_function__LaserScan__intensities	24	static
../Core/M4lib/include/sensor_msgs/msg/detail/laser_scan__type_support.c:122:6:sensor_msgs__msg__LaserScan__rosidl_typesupport_introspection_c__fetch_function__LaserScan__intensities	32	static
../Core/M4lib/include/sensor_msgs/msg/detail/laser_scan__type_support.c:133:6:sensor_msgs__msg__LaserScan__rosidl_typesupport_introspection_c__assign_function__LaserScan__intensities	32	static
../Core/M4lib/include/sensor_msgs/msg/detail/laser_scan__type_support.c:144:6:sensor_msgs__msg__LaserScan__rosidl_typesupport_introspection_c__resize_function__LaserScan__intensities	24	static
../Core/M4lib/include/sensor_msgs/msg/detail/laser_scan__type_support.c:349:1:rosidl_typesupport_introspection_c__get_message_type_support_handle__sensor_msgs__msg__LaserScan	8	static
