../Core/M4lib/include/sensor_msgs/msg/detail/multi_dof_joint_state__type_support.c:40:6:sensor_msgs__msg__MultiDOFJointState__rosidl_typesupport_introspection_c__MultiDOFJointState_init_function	16	static
../Core/M4lib/include/sensor_msgs/msg/detail/multi_dof_joint_state__type_support.c:49:6:sensor_msgs__msg__MultiDOFJointState__rosidl_typesupport_introspection_c__MultiDOFJointState_fini_function	16	static
../Core/M4lib/include/sensor_msgs/msg/detail/multi_dof_joint_state__type_support.c:54:8:sensor_msgs__msg__MultiDOFJointState__rosidl_typesupport_introspection_c__size_function__MultiDOFJointState__joint_names	24	static
../Core/M4lib/include/sensor_msgs/msg/detail/multi_dof_joint_state__type_support.c:62:14:sensor_msgs__msg__MultiDOFJointState__rosidl_typesupport_introspection_c__get_const_function__MultiDOFJointState__joint_names	24	static
../Core/M4lib/include/sensor_msgs/msg/detail/multi_dof_joint_state__type_support.c:70:8:sensor_msgs__msg__MultiDOFJointState__rosidl_typesupport_introspection_c__get_function__MultiDOFJointState__joint_names	24	static
../Core/M4lib/include/sensor_msgs/msg/detail/multi_dof_joint_state__type_support.c:78:6:sensor_msgs__msg__MultiDOFJointState__rosidl_typesupport_introspection_c__fetch_function__MultiDOFJointState__joint_names	32	static
../Core/M4lib/include/sensor_msgs/msg/detail/multi_dof_joint_state__type_support.c:89:6:sensor_msgs__msg__MultiDOFJointState__rosidl_typesupport_introspection_c__assign_function__MultiDOFJointState__joint_names	32	static
../Core/M4lib/include/sensor_msgs/msg/detail/multi_dof_joint_state__type_support.c:100:6:sensor_msgs__msg__MultiDOFJointState__rosidl_typesupport_introspection_c__resize_function__MultiDOFJointState__joint_names	24	static
../Core/M4lib/include/sensor_msgs/msg/detail/multi_dof_joint_state__type_support.c:109:8:sensor_msgs__msg__MultiDOFJointState__rosidl_typesupport_introspection_c__size_function__MultiDOFJointState__transforms	24	static
../Core/M4lib/include/sensor_msgs/msg/detail/multi_dof_joint_state__type_support.c:117:14:sensor_msgs__msg__MultiDOFJointState__rosidl_typesupport_introspection_c__get_const_function__MultiDOFJointState__transforms	24	static
../Core/M4lib/include/sensor_msgs/msg/detail/multi_dof_joint_state__type_support.c:125:8:sensor_msgs__msg__MultiDOFJointState__rosidl_typesupport_introspection_c__get_function__MultiDOFJointState__transforms	24	static
../Core/M4lib/include/sensor_msgs/msg/detail/multi_dof_joint_state__type_support.c:133:6:sensor_msgs__msg__MultiDOFJointState__rosidl_typesupport_introspection_c__fetch_function__MultiDOFJointState__transforms	40	static
../Core/M4lib/include/sensor_msgs/msg/detail/multi_dof_joint_state__type_support.c:144:6:sensor_msgs__msg__MultiDOFJointState__rosidl_typesupport_introspection_c__assign_function__MultiDOFJointState__transforms	40	static
../Core/M4lib/include/sensor_msgs/msg/detail/multi_dof_joint_state__type_support.c:155:6:sensor_msgs__msg__MultiDOFJointState__rosidl_typesupport_introspection_c__resize_function__MultiDOFJointState__transforms	24	static
../Core/M4lib/include/sensor_msgs/msg/detail/multi_dof_joint_state__type_support.c:164:8:sensor_msgs__msg__MultiDOFJointState__rosidl_typesupport_introspection_c__size_function__MultiDOFJointState__twist	24	static
../Core/M4lib/include/sensor_msgs/msg/detail/multi_dof_joint_state__type_support.c:172:14:sensor_msgs__msg__MultiDOFJointState__rosidl_typesupport_introspection_c__get_const_function__MultiDOFJointState__twist	24	static
../Core/M4lib/include/sensor_msgs/msg/detail/multi_dof_joint_state__type_support.c:180:8:sensor_msgs__msg__MultiDOFJointState__rosidl_typesupport_introspection_c__get_function__MultiDOFJointState__twist	24	static
../Core/M4lib/include/sensor_msgs/msg/detail/multi_dof_joint_state__type_support.c:188:6:sensor_msgs__msg__MultiDOFJointState__rosidl_typesupport_introspection_c__fetch_function__MultiDOFJointState__twist	40	static
../Core/M4lib/include/sensor_msgs/msg/detail/multi_dof_joint_state__type_support.c:199:6:sensor_msgs__msg__MultiDOFJointState__rosidl_typesupport_introspection_c__assign_function__MultiDOFJointState__twist	40	static
../Core/M4lib/include/sensor_msgs/msg/detail/multi_dof_joint_state__type_support.c:210:6:sensor_msgs__msg__MultiDOFJointState__rosidl_typesupport_introspection_c__resize_function__MultiDOFJointState__twist	24	static
../Core/M4lib/include/sensor_msgs/msg/detail/multi_dof_joint_state__type_support.c:219:8:sensor_msgs__msg__MultiDOFJointState__rosidl_typesupport_introspection_c__size_function__MultiDOFJointState__wrench	24	static
../Core/M4lib/include/sensor_msgs/msg/detail/multi_dof_joint_state__type_support.c:227:14:sensor_msgs__msg__MultiDOFJointState__rosidl_typesupport_introspection_c__get_const_function__MultiDOFJointState__wrench	24	static
../Core/M4lib/include/sensor_msgs/msg/detail/multi_dof_joint_state__type_support.c:235:8:sensor_msgs__msg__MultiDOFJointState__rosidl_typesupport_introspection_c__get_function__MultiDOFJointState__wrench	24	static
../Core/M4lib/include/sensor_msgs/msg/detail/multi_dof_joint_state__type_support.c:243:6:sensor_msgs__msg__MultiDOFJointState__rosidl_typesupport_introspection_c__fetch_function__MultiDOFJointState__wrench	40	static
../Core/M4lib/include/sensor_msgs/msg/detail/multi_dof_joint_state__type_support.c:254:6:sensor_msgs__msg__MultiDOFJointState__rosidl_typesupport_introspection_c__assign_function__MultiDOFJointState__wrench	40	static
../Core/M4lib/include/sensor_msgs/msg/detail/multi_dof_joint_state__type_support.c:265:6:sensor_msgs__msg__MultiDOFJointState__rosidl_typesupport_introspection_c__resize_function__MultiDOFJointState__wrench	24	static
../Core/M4lib/include/sensor_msgs/msg/detail/multi_dof_joint_state__type_support.c:385:1:rosidl_typesupport_introspection_c__get_message_type_support_handle__sensor_msgs__msg__MultiDOFJointState	8	static
