../Core/M4lib/include/sensor_msgs/msg/detail/nav_sat_fix__type_support.c:30:6:sensor_msgs__msg__NavSatFix__rosidl_typesupport_introspection_c__NavSatFix_init_function	16	static
../Core/M4lib/include/sensor_msgs/msg/detail/nav_sat_fix__type_support.c:39:6:sensor_msgs__msg__NavSatFix__rosidl_typesupport_introspection_c__NavSatFix_fini_function	16	static
../Core/M4lib/include/sensor_msgs/msg/detail/nav_sat_fix__type_support.c:44:8:sensor_msgs__msg__NavSatFix__rosidl_typesupport_introspection_c__size_function__NavSatFix__position_covariance	16	static
../Core/M4lib/include/sensor_msgs/msg/detail/nav_sat_fix__type_support.c:51:14:sensor_msgs__msg__NavSatFix__rosidl_typesupport_introspection_c__get_const_function__NavSatFix__position_covariance	24	static
../Core/M4lib/include/sensor_msgs/msg/detail/nav_sat_fix__type_support.c:59:8:sensor_msgs__msg__NavSatFix__rosidl_typesupport_introspection_c__get_function__NavSatFix__position_covariance	24	static
../Core/M4lib/include/sensor_msgs/msg/detail/nav_sat_fix__type_support.c:67:6:sensor_msgs__msg__NavSatFix__rosidl_typesupport_introspection_c__fetch_function__NavSatFix__position_covariance	32	static
../Core/M4lib/include/sensor_msgs/msg/detail/nav_sat_fix__type_support.c:78:6:sensor_msgs__msg__NavSatFix__rosidl_typesupport_introspection_c__assign_function__NavSatFix__position_covariance	32	static
../Core/M4lib/include/sensor_msgs/msg/detail/nav_sat_fix__type_support.c:234:1:rosidl_typesupport_introspection_c__get_message_type_support_handle__sensor_msgs__msg__NavSatFix	8	static
