../Core/M4lib/include/sensor_msgs/msg/detail/nav_sat_status__functions.c:15:1:sensor_msgs__msg__NavSatStatus__init	16	static
../Core/M4lib/include/sensor_msgs/msg/detail/nav_sat_status__functions.c:26:1:sensor_msgs__msg__NavSatStatus__fini	16	static
../Core/M4lib/include/sensor_msgs/msg/detail/nav_sat_status__functions.c:36:1:sensor_msgs__msg__NavSatStatus__are_equal	16	static
../Core/M4lib/include/sensor_msgs/msg/detail/nav_sat_status__functions.c:53:1:sensor_msgs__msg__NavSatStatus__copy	16	static
../Core/M4lib/include/sensor_msgs/msg/detail/nav_sat_status__functions.c:68:1:sensor_msgs__msg__NavSatStatus__create	40	static
../Core/M4lib/include/sensor_msgs/msg/detail/nav_sat_status__functions.c:85:1:sensor_msgs__msg__NavSatStatus__destroy	40	static
../Core/M4lib/include/sensor_msgs/msg/detail/nav_sat_status__functions.c:96:1:sensor_msgs__msg__NavSatStatus__Sequence__init	48	static
../Core/M4lib/include/sensor_msgs/msg/detail/nav_sat_status__functions.c:133:1:sensor_msgs__msg__NavSatStatus__Sequence__fini	40	static
../Core/M4lib/include/sensor_msgs/msg/detail/nav_sat_status__functions.c:159:1:sensor_msgs__msg__NavSatStatus__Sequence__create	48	static
../Core/M4lib/include/sensor_msgs/msg/detail/nav_sat_status__functions.c:175:1:sensor_msgs__msg__NavSatStatus__Sequence__destroy	40	static
../Core/M4lib/include/sensor_msgs/msg/detail/nav_sat_status__functions.c:185:1:sensor_msgs__msg__NavSatStatus__Sequence__are_equal	24	static
../Core/M4lib/include/sensor_msgs/msg/detail/nav_sat_status__functions.c:202:1:sensor_msgs__msg__NavSatStatus__Sequence__copy	56	static
