../Core/M4lib/include/sensor_msgs/msg/detail/nav_sat_fix__functions.c:21:1:sensor_msgs__msg__NavSatFix__init	16	static
../Core/M4lib/include/sensor_msgs/msg/detail/nav_sat_fix__functions.c:45:1:sensor_msgs__msg__NavSatFix__fini	16	static
../Core/M4lib/include/sensor_msgs/msg/detail/nav_sat_fix__functions.c:62:1:sensor_msgs__msg__NavSatFix__are_equal	24	static
../Core/M4lib/include/sensor_msgs/msg/detail/nav_sat_fix__functions.c:105:1:sensor_msgs__msg__NavSatFix__copy	24	static
../Core/M4lib/include/sensor_msgs/msg/detail/nav_sat_fix__functions.c:140:1:sensor_msgs__msg__NavSatFix__create	40	static
../Core/M4lib/include/sensor_msgs/msg/detail/nav_sat_fix__functions.c:157:1:sensor_msgs__msg__NavSatFix__destroy	40	static
../Core/M4lib/include/sensor_msgs/msg/detail/nav_sat_fix__functions.c:168:1:sensor_msgs__msg__NavSatFix__Sequence__init	48	static
../Core/M4lib/include/sensor_msgs/msg/detail/nav_sat_fix__functions.c:205:1:sensor_msgs__msg__NavSatFix__Sequence__fini	40	static
../Core/M4lib/include/sensor_msgs/msg/detail/nav_sat_fix__functions.c:231:1:sensor_msgs__msg__NavSatFix__Sequence__create	48	static
../Core/M4lib/include/sensor_msgs/msg/detail/nav_sat_fix__functions.c:247:1:sensor_msgs__msg__NavSatFix__Sequence__destroy	40	static
../Core/M4lib/include/sensor_msgs/msg/detail/nav_sat_fix__functions.c:257:1:sensor_msgs__msg__NavSatFix__Sequence__are_equal	24	static
../Core/M4lib/include/sensor_msgs/msg/detail/nav_sat_fix__functions.c:274:1:sensor_msgs__msg__NavSatFix__Sequence__copy	56	static
