../Core/M4lib/include/sensor_msgs/msg/detail/point_cloud__functions.c:23:1:sensor_msgs__msg__PointCloud__init	16	static
../Core/M4lib/include/sensor_msgs/msg/detail/point_cloud__functions.c:47:1:sensor_msgs__msg__PointCloud__fini	16	static
../Core/M4lib/include/sensor_msgs/msg/detail/point_cloud__functions.c:61:1:sensor_msgs__msg__PointCloud__are_equal	16	static
../Core/M4lib/include/sensor_msgs/msg/detail/point_cloud__functions.c:88:1:sensor_msgs__msg__PointCloud__copy	16	static
../Core/M4lib/include/sensor_msgs/msg/detail/point_cloud__functions.c:117:1:sensor_msgs__msg__PointCloud__create	40	static
../Core/M4lib/include/sensor_msgs/msg/detail/point_cloud__functions.c:134:1:sensor_msgs__msg__PointCloud__destroy	40	static
../Core/M4lib/include/sensor_msgs/msg/detail/point_cloud__functions.c:145:1:sensor_msgs__msg__PointCloud__Sequence__init	48	static
../Core/M4lib/include/sensor_msgs/msg/detail/point_cloud__functions.c:182:1:sensor_msgs__msg__PointCloud__Sequence__fini	40	static
../Core/M4lib/include/sensor_msgs/msg/detail/point_cloud__functions.c:208:1:sensor_msgs__msg__PointCloud__Sequence__create	48	static
../Core/M4lib/include/sensor_msgs/msg/detail/point_cloud__functions.c:224:1:sensor_msgs__msg__PointCloud__Sequence__destroy	40	static
../Core/M4lib/include/sensor_msgs/msg/detail/point_cloud__functions.c:234:1:sensor_msgs__msg__PointCloud__Sequence__are_equal	24	static
../Core/M4lib/include/sensor_msgs/msg/detail/point_cloud__functions.c:251:1:sensor_msgs__msg__PointCloud__Sequence__copy	56	static
