../Core/M4lib/include/type_description_interfaces/msg/detail/field__functions.c:22:1:type_description_interfaces__msg__Field__init	16	static
../Core/M4lib/include/type_description_interfaces/msg/detail/field__functions.c:46:1:type_description_interfaces__msg__Field__fini	16	static
../Core/M4lib/include/type_description_interfaces/msg/detail/field__functions.c:60:1:type_description_interfaces__msg__Field__are_equal	16	static
../Core/M4lib/include/type_description_interfaces/msg/detail/field__functions.c:87:1:type_description_interfaces__msg__Field__copy	16	static
../Core/M4lib/include/type_description_interfaces/msg/detail/field__functions.c:116:1:type_description_interfaces__msg__Field__create	40	static
../Core/M4lib/include/type_description_interfaces/msg/detail/field__functions.c:133:1:type_description_interfaces__msg__Field__destroy	40	static
../Core/M4lib/include/type_description_interfaces/msg/detail/field__functions.c:144:1:type_description_interfaces__msg__Field__Sequence__init	48	static
../Core/M4lib/include/type_description_interfaces/msg/detail/field__functions.c:181:1:type_description_interfaces__msg__Field__Sequence__fini	40	static
../Core/M4lib/include/type_description_interfaces/msg/detail/field__functions.c:207:1:type_description_interfaces__msg__Field__Sequence__create	48	static
../Core/M4lib/include/type_description_interfaces/msg/detail/field__functions.c:223:1:type_description_interfaces__msg__Field__Sequence__destroy	40	static
../Core/M4lib/include/type_description_interfaces/msg/detail/field__functions.c:233:1:type_description_interfaces__msg__Field__Sequence__are_equal	24	static
../Core/M4lib/include/type_description_interfaces/msg/detail/field__functions.c:250:1:type_description_interfaces__msg__Field__Sequence__copy	56	static
