../Core/M4lib/include/std_msgs/msg/detail/multi_array_layout__functions.c:19:1:std_msgs__msg__MultiArrayLayout__init	16	static
../Core/M4lib/include/std_msgs/msg/detail/multi_array_layout__functions.c:34:1:std_msgs__msg__MultiArrayLayout__fini	16	static
../Core/M4lib/include/std_msgs/msg/detail/multi_array_layout__functions.c:45:1:std_msgs__msg__MultiArrayLayout__are_equal	16	static
../Core/M4lib/include/std_msgs/msg/detail/multi_array_layout__functions.c:64:1:std_msgs__msg__MultiArrayLayout__copy	16	static
../Core/M4lib/include/std_msgs/msg/detail/multi_array_layout__functions.c:83:1:std_msgs__msg__MultiArrayLayout__create	40	static
../Core/M4lib/include/std_msgs/msg/detail/multi_array_layout__functions.c:100:1:std_msgs__msg__MultiArrayLayout__destroy	40	static
../Core/M4lib/include/std_msgs/msg/detail/multi_array_layout__functions.c:111:1:std_msgs__msg__MultiArrayLayout__Sequence__init	48	static
../Core/M4lib/include/std_msgs/msg/detail/multi_array_layout__functions.c:148:1:std_msgs__msg__MultiArrayLayout__Sequence__fini	40	static
../Core/M4lib/include/std_msgs/msg/detail/multi_array_layout__functions.c:174:1:std_msgs__msg__MultiArrayLayout__Sequence__create	48	static
../Core/M4lib/include/std_msgs/msg/detail/multi_array_layout__functions.c:190:1:std_msgs__msg__MultiArrayLayout__Sequence__destroy	40	static
../Core/M4lib/include/std_msgs/msg/detail/multi_array_layout__functions.c:200:1:std_msgs__msg__MultiArrayLayout__Sequence__are_equal	24	static
../Core/M4lib/include/std_msgs/msg/detail/multi_array_layout__functions.c:217:1:std_msgs__msg__MultiArrayLayout__Sequence__copy	56	static
