../Core/M4lib/include/rcl_interfaces/msg/detail/log__type_support.c:31:6:rcl_interfaces__msg__Log__rosidl_typesupport_introspection_c__Log_init_function	16	static
../Core/M4lib/include/rcl_interfaces/msg/detail/log__type_support.c:40:6:rcl_interfaces__msg__Log__rosidl_typesupport_introspection_c__Log_fini_function	16	static
../Core/M4lib/include/rcl_interfaces/msg/detail/log__type_support.c:190:1:rosidl_typesupport_introspection_c__get_message_type_support_handle__rcl_interfaces__msg__Log	8	static
