../Core/M4lib/include/rcl_interfaces/msg/detail/parameter_event__functions.c:25:1:rcl_interfaces__msg__ParameterEvent__init	16	static
../Core/M4lib/include/rcl_interfaces/msg/detail/parameter_event__functions.c:59:1:rcl_interfaces__msg__ParameterEvent__fini	16	static
../Core/M4lib/include/rcl_interfaces/msg/detail/parameter_event__functions.c:77:1:rcl_interfaces__msg__ParameterEvent__are_equal	16	static
../Core/M4lib/include/rcl_interfaces/msg/detail/parameter_event__functions.c:116:1:rcl_interfaces__msg__ParameterEvent__copy	16	static
../Core/M4lib/include/rcl_interfaces/msg/detail/parameter_event__functions.c:157:1:rcl_interfaces__msg__ParameterEvent__create	40	static
../Core/M4lib/include/rcl_interfaces/msg/detail/parameter_event__functions.c:174:1:rcl_interfaces__msg__ParameterEvent__destroy	40	static
../Core/M4lib/include/rcl_interfaces/msg/detail/parameter_event__functions.c:185:1:rcl_interfaces__msg__ParameterEvent__Sequence__init	48	static
../Core/M4lib/include/rcl_interfaces/msg/detail/parameter_event__functions.c:222:1:rcl_interfaces__msg__ParameterEvent__Sequence__fini	40	static
../Core/M4lib/include/rcl_interfaces/msg/detail/parameter_event__functions.c:248:1:rcl_interfaces__msg__ParameterEvent__Sequence__create	48	static
../Core/M4lib/include/rcl_interfaces/msg/detail/parameter_event__functions.c:264:1:rcl_interfaces__msg__ParameterEvent__Sequence__destroy	40	static
../Core/M4lib/include/rcl_interfaces/msg/detail/parameter_event__functions.c:274:1:rcl_interfaces__msg__ParameterEvent__Sequence__are_equal	24	static
../Core/M4lib/include/rcl_interfaces/msg/detail/parameter_event__functions.c:291:1:rcl_interfaces__msg__ParameterEvent__Sequence__copy	56	static
