../Core/M4lib/include/rcl_interfaces/msg/detail/parameter_event_descriptors__functions.c:21:1:rcl_interfaces__msg__ParameterEventDescriptors__init	16	static
../Core/M4lib/include/rcl_interfaces/msg/detail/parameter_event_descriptors__functions.c:45:1:rcl_interfaces__msg__ParameterEventDescriptors__fini	16	static
../Core/M4lib/include/rcl_interfaces/msg/detail/parameter_event_descriptors__functions.c:59:1:rcl_interfaces__msg__ParameterEventDescriptors__are_equal	16	static
../Core/M4lib/include/rcl_interfaces/msg/detail/parameter_event_descriptors__functions.c:86:1:rcl_interfaces__msg__ParameterEventDescriptors__copy	16	static
../Core/M4lib/include/rcl_interfaces/msg/detail/parameter_event_descriptors__functions.c:115:1:rcl_interfaces__msg__ParameterEventDescriptors__create	40	static
../Core/M4lib/include/rcl_interfaces/msg/detail/parameter_event_descriptors__functions.c:132:1:rcl_interfaces__msg__ParameterEventDescriptors__destroy	40	static
../Core/M4lib/include/rcl_interfaces/msg/detail/parameter_event_descriptors__functions.c:143:1:rcl_interfaces__msg__ParameterEventDescriptors__Sequence__init	48	static
../Core/M4lib/include/rcl_interfaces/msg/detail/parameter_event_descriptors__functions.c:180:1:rcl_interfaces__msg__ParameterEventDescriptors__Sequence__fini	40	static
../Core/M4lib/include/rcl_interfaces/msg/detail/parameter_event_descriptors__functions.c:206:1:rcl_interfaces__msg__ParameterEventDescriptors__Sequence__create	48	static
../Core/M4lib/include/rcl_interfaces/msg/detail/parameter_event_descriptors__functions.c:222:1:rcl_interfaces__msg__ParameterEventDescriptors__Sequence__destroy	40	static
../Core/M4lib/include/rcl_interfaces/msg/detail/parameter_event_descriptors__functions.c:232:1:rcl_interfaces__msg__ParameterEventDescriptors__Sequence__are_equal	24	static
../Core/M4lib/include/rcl_interfaces/msg/detail/parameter_event_descriptors__functions.c:249:1:rcl_interfaces__msg__ParameterEventDescriptors__Sequence__copy	56	static
