../Core/M4lib/include/nav_msgs/srv/detail/set_map__functions.c:20:1:nav_msgs__srv__SetMap_Request__init	16	static
../Core/M4lib/include/nav_msgs/srv/detail/set_map__functions.c:39:1:nav_msgs__srv__SetMap_Request__fini	16	static
../Core/M4lib/include/nav_msgs/srv/detail/set_map__functions.c:51:1:nav_msgs__srv__SetMap_Request__are_equal	16	static
../Core/M4lib/include/nav_msgs/srv/detail/set_map__functions.c:72:1:nav_msgs__srv__SetMap_Request__copy	16	static
../Core/M4lib/include/nav_msgs/srv/detail/set_map__functions.c:95:1:nav_msgs__srv__SetMap_Request__create	40	static
../Core/M4lib/include/nav_msgs/srv/detail/set_map__functions.c:112:1:nav_msgs__srv__SetMap_Request__destroy	40	static
../Core/M4lib/include/nav_msgs/srv/detail/set_map__functions.c:123:1:nav_msgs__srv__SetMap_Request__Sequence__init	48	static
../Core/M4lib/include/nav_msgs/srv/detail/set_map__functions.c:160:1:nav_msgs__srv__SetMap_Request__Sequence__fini	40	static
../Core/M4lib/include/nav_msgs/srv/detail/set_map__functions.c:186:1:nav_msgs__srv__SetMap_Request__Sequence__create	48	static
../Core/M4lib/include/nav_msgs/srv/detail/set_map__functions.c:202:1:nav_msgs__srv__SetMap_Request__Sequence__destroy	40	static
../Core/M4lib/include/nav_msgs/srv/detail/set_map__functions.c:212:1:nav_msgs__srv__SetMap_Request__Sequence__are_equal	24	static
../Core/M4lib/include/nav_msgs/srv/detail/set_map__functions.c:229:1:nav_msgs__srv__SetMap_Request__Sequence__copy	56	static
../Core/M4lib/include/nav_msgs/srv/detail/set_map__functions.c:275:1:nav_msgs__srv__SetMap_Response__init	16	static
../Core/M4lib/include/nav_msgs/srv/detail/set_map__functions.c:285:1:nav_msgs__srv__SetMap_Response__fini	16	static
../Core/M4lib/include/nav_msgs/srv/detail/set_map__functions.c:294:1:nav_msgs__srv__SetMap_Response__are_equal	16	static
../Core/M4lib/include/nav_msgs/srv/detail/set_map__functions.c:307:1:nav_msgs__srv__SetMap_Response__copy	16	static
../Core/M4lib/include/nav_msgs/srv/detail/set_map__functions.c:320:1:nav_msgs__srv__SetMap_Response__create	40	static
../Core/M4lib/include/nav_msgs/srv/detail/set_map__functions.c:337:1:nav_msgs__srv__SetMap_Response__destroy	40	static
../Core/M4lib/include/nav_msgs/srv/detail/set_map__functions.c:348:1:nav_msgs__srv__SetMap_Response__Sequence__init	48	static
../Core/M4lib/include/nav_msgs/srv/detail/set_map__functions.c:385:1:nav_msgs__srv__SetMap_Response__Sequence__fini	40	static
../Core/M4lib/include/nav_msgs/srv/detail/set_map__functions.c:411:1:nav_msgs__srv__SetMap_Response__Sequence__create	48	static
../Core/M4lib/include/nav_msgs/srv/detail/set_map__functions.c:427:1:nav_msgs__srv__SetMap_Response__Sequence__destroy	40	static
../Core/M4lib/include/nav_msgs/srv/detail/set_map__functions.c:437:1:nav_msgs__srv__SetMap_Response__Sequence__are_equal	24	static
../Core/M4lib/include/nav_msgs/srv/detail/set_map__functions.c:454:1:nav_msgs__srv__SetMap_Response__Sequence__copy	56	static
../Core/M4lib/include/nav_msgs/srv/detail/set_map__functions.c:508:1:nav_msgs__srv__SetMap_Event__init	16	static
../Core/M4lib/include/nav_msgs/srv/detail/set_map__functions.c:532:1:nav_msgs__srv__SetMap_Event__fini	16	static
../Core/M4lib/include/nav_msgs/srv/detail/set_map__functions.c:546:1:nav_msgs__srv__SetMap_Event__are_equal	16	static
../Core/M4lib/include/nav_msgs/srv/detail/set_map__functions.c:573:1:nav_msgs__srv__SetMap_Event__copy	16	static
../Core/M4lib/include/nav_msgs/srv/detail/set_map__functions.c:602:1:nav_msgs__srv__SetMap_Event__create	40	static
../Core/M4lib/include/nav_msgs/srv/detail/set_map__functions.c:619:1:nav_msgs__srv__SetMap_Event__destroy	40	static
../Core/M4lib/include/nav_msgs/srv/detail/set_map__functions.c:630:1:nav_msgs__srv__SetMap_Event__Sequence__init	48	static
../Core/M4lib/include/nav_msgs/srv/detail/set_map__functions.c:667:1:nav_msgs__srv__SetMap_Event__Sequence__fini	40	static
../Core/M4lib/include/nav_msgs/srv/detail/set_map__functions.c:693:1:nav_msgs__srv__SetMap_Event__Sequence__create	48	static
../Core/M4lib/include/nav_msgs/srv/detail/set_map__functions.c:709:1:nav_msgs__srv__SetMap_Event__Sequence__destroy	40	static
../Core/M4lib/include/nav_msgs/srv/detail/set_map__functions.c:719:1:nav_msgs__srv__SetMap_Event__Sequence__are_equal	24	static
../Core/M4lib/include/nav_msgs/srv/detail/set_map__functions.c:736:1:nav_msgs__srv__SetMap_Event__Sequence__copy	56	static
