../Core/M4lib/include/nav_msgs/srv/detail/set_map__type_support.c:30:6:nav_msgs__srv__SetMap_Request__rosidl_typesupport_introspection_c__SetMap_Request_init_function	16	static
../Core/M4lib/include/nav_msgs/srv/detail/set_map__type_support.c:39:6:nav_msgs__srv__SetMap_Request__rosidl_typesupport_introspection_c__SetMap_Request_fini_function	16	static
../Core/M4lib/include/nav_msgs/srv/detail/set_map__type_support.c:104:1:rosidl_typesupport_introspection_c__get_message_type_support_handle__nav_msgs__srv__SetMap_Request	8	static
../Core/M4lib/include/nav_msgs/srv/detail/set_map__type_support.c:142:6:nav_msgs__srv__SetMap_Response__rosidl_typesupport_introspection_c__SetMap_Response_init_function	16	static
../Core/M4lib/include/nav_msgs/srv/detail/set_map__type_support.c:151:6:nav_msgs__srv__SetMap_Response__rosidl_typesupport_introspection_c__SetMap_Response_fini_function	16	static
../Core/M4lib/include/nav_msgs/srv/detail/set_map__type_support.c:199:1:rosidl_typesupport_introspection_c__get_message_type_support_handle__nav_msgs__srv__SetMap_Response	4	static
../Core/M4lib/include/nav_msgs/srv/detail/set_map__type_support.c:246:6:nav_msgs__srv__SetMap_Event__rosidl_typesupport_introspection_c__SetMap_Event_init_function	16	static
../Core/M4lib/include/nav_msgs/srv/detail/set_map__type_support.c:255:6:nav_msgs__srv__SetMap_Event__rosidl_typesupport_introspection_c__SetMap_Event_fini_function	16	static
../Core/M4lib/include/nav_msgs/srv/detail/set_map__type_support.c:260:8:nav_msgs__srv__SetMap_Event__rosidl_typesupport_introspection_c__size_function__SetMap_Event__request	24	static
../Core/M4lib/include/nav_msgs/srv/detail/set_map__type_support.c:268:14:nav_msgs__srv__SetMap_Event__rosidl_typesupport_introspection_c__get_const_function__SetMap_Event__request	24	static
../Core/M4lib/include/nav_msgs/srv/detail/set_map__type_support.c:276:8:nav_msgs__srv__SetMap_Event__rosidl_typesupport_introspection_c__get_function__SetMap_Event__request	24	static
../Core/M4lib/include/nav_msgs/srv/detail/set_map__type_support.c:284:6:nav_msgs__srv__SetMap_Event__rosidl_typesupport_introspection_c__fetch_function__SetMap_Event__request	32	static
../Core/M4lib/include/nav_msgs/srv/detail/set_map__type_support.c:295:6:nav_msgs__srv__SetMap_Event__rosidl_typesupport_introspection_c__assign_function__SetMap_Event__request	32	static
../Core/M4lib/include/nav_msgs/srv/detail/set_map__type_support.c:306:6:nav_msgs__srv__SetMap_Event__rosidl_typesupport_introspection_c__resize_function__SetMap_Event__request	24	static
../Core/M4lib/include/nav_msgs/srv/detail/set_map__type_support.c:315:8:nav_msgs__srv__SetMap_Event__rosidl_typesupport_introspection_c__size_function__SetMap_Event__response	24	static
../Core/M4lib/include/nav_msgs/srv/detail/set_map__type_support.c:323:14:nav_msgs__srv__SetMap_Event__rosidl_typesupport_introspection_c__get_const_function__SetMap_Event__response	24	static
../Core/M4lib/include/nav_msgs/srv/detail/set_map__type_support.c:331:8:nav_msgs__srv__SetMap_Event__rosidl_typesupport_introspection_c__get_function__SetMap_Event__response	24	static
../Core/M4lib/include/nav_msgs/srv/detail/set_map__type_support.c:339:6:nav_msgs__srv__SetMap_Event__rosidl_typesupport_introspection_c__fetch_function__SetMap_Event__response	32	static
../Core/M4lib/include/nav_msgs/srv/detail/set_map__type_support.c:350:6:nav_msgs__srv__SetMap_Event__rosidl_typesupport_introspection_c__assign_function__SetMap_Event__response	32	static
../Core/M4lib/include/nav_msgs/srv/detail/set_map__type_support.c:361:6:nav_msgs__srv__SetMap_Event__rosidl_typesupport_introspection_c__resize_function__SetMap_Event__response	24	static
../Core/M4lib/include/nav_msgs/srv/detail/set_map__type_support.c:447:1:rosidl_typesupport_introspection_c__get_message_type_support_handle__nav_msgs__srv__SetMap_Event	8	static
../Core/M4lib/include/nav_msgs/srv/detail/set_map__type_support.c:523:1:rosidl_typesupport_introspection_c__get_service_type_support_handle__nav_msgs__srv__SetMap	16	static
