../Core/M4lib/include/lifecycle_msgs/srv/detail/change_state__description.c:9:1:lifecycle_msgs__srv__ChangeState__get_type_hash	16	static
../Core/M4lib/include/lifecycle_msgs/srv/detail/change_state__description.c:24:1:lifecycle_msgs__srv__ChangeState_Request__get_type_hash	16	static
../Core/M4lib/include/lifecycle_msgs/srv/detail/change_state__description.c:39:1:lifecycle_msgs__srv__ChangeState_Response__get_type_hash	16	static
../Core/M4lib/include/lifecycle_msgs/srv/detail/change_state__description.c:54:1:lifecycle_msgs__srv__ChangeState_Event__get_type_hash	16	static
../Core/M4lib/include/lifecycle_msgs/srv/detail/change_state__description.c:171:1:lifecycle_msgs__srv__ChangeState__get_type_description	16	static
../Core/M4lib/include/lifecycle_msgs/srv/detail/change_state__description.c:221:1:lifecycle_msgs__srv__ChangeState_Request__get_type_description	16	static
../Core/M4lib/include/lifecycle_msgs/srv/detail/change_state__description.c:257:1:lifecycle_msgs__srv__ChangeState_Response__get_type_description	16	static
../Core/M4lib/include/lifecycle_msgs/srv/detail/change_state__description.c:336:1:lifecycle_msgs__srv__ChangeState_Event__get_type_description	16	static
../Core/M4lib/include/lifecycle_msgs/srv/detail/change_state__description.c:378:1:lifecycle_msgs__srv__ChangeState__get_individual_type_description_source	16	static
../Core/M4lib/include/lifecycle_msgs/srv/detail/change_state__description.c:391:1:lifecycle_msgs__srv__ChangeState_Request__get_individual_type_description_source	16	static
../Core/M4lib/include/lifecycle_msgs/srv/detail/change_state__description.c:404:1:lifecycle_msgs__srv__ChangeState_Response__get_individual_type_description_source	16	static
../Core/M4lib/include/lifecycle_msgs/srv/detail/change_state__description.c:417:1:lifecycle_msgs__srv__ChangeState_Event__get_individual_type_description_source	16	static
../Core/M4lib/include/lifecycle_msgs/srv/detail/change_state__description.c:430:1:lifecycle_msgs__srv__ChangeState__get_type_description_sources	24	static
../Core/M4lib/include/lifecycle_msgs/srv/detail/change_state__description.c:451:1:lifecycle_msgs__srv__ChangeState_Request__get_type_description_sources	24	static
../Core/M4lib/include/lifecycle_msgs/srv/detail/change_state__description.c:467:1:lifecycle_msgs__srv__ChangeState_Response__get_type_description_sources	24	static
../Core/M4lib/include/lifecycle_msgs/srv/detail/change_state__description.c:482:1:lifecycle_msgs__srv__ChangeState_Event__get_type_description_sources	24	static
