../Core/M4lib/include/example_interfaces/msg/detail/float64_multi_array__type_support.c:28:6:example_interfaces__msg__Float64MultiArray__rosidl_typesupport_introspection_c__Float64MultiArray_init_function	16	static
../Core/M4lib/include/example_interfaces/msg/detail/float64_multi_array__type_support.c:37:6:example_interfaces__msg__Float64MultiArray__rosidl_typesupport_introspection_c__Float64MultiArray_fini_function	16	static
../Core/M4lib/include/example_interfaces/msg/detail/float64_multi_array__type_support.c:42:8:example_interfaces__msg__Float64MultiArray__rosidl_typesupport_introspection_c__size_function__Float64MultiArray__data	24	static
../Core/M4lib/include/example_interfaces/msg/detail/float64_multi_array__type_support.c:50:14:example_interfaces__msg__Float64MultiArray__rosidl_typesupport_introspection_c__get_const_function__Float64MultiArray__data	24	static
../Core/M4lib/include/example_interfaces/msg/detail/float64_multi_array__type_support.c:58:8:example_interfaces__msg__Float64MultiArray__rosidl_typesupport_introspection_c__get_function__Float64MultiArray__data	24	static
../Core/M4lib/include/example_interfaces/msg/detail/float64_multi_array__type_support.c:66:6:example_interfaces__msg__Float64MultiArray__rosidl_typesupport_introspection_c__fetch_function__Float64MultiArray__data	32	static
../Core/M4lib/include/example_interfaces/msg/detail/float64_multi_array__type_support.c:77:6:example_interfaces__msg__Float64MultiArray__rosidl_typesupport_introspection_c__assign_function__Float64MultiArray__data	32	static
../Core/M4lib/include/example_interfaces/msg/detail/float64_multi_array__type_support.c:88:6:example_interfaces__msg__Float64MultiArray__rosidl_typesupport_introspection_c__resize_function__Float64MultiArray__data	24	static
../Core/M4lib/include/example_interfaces/msg/detail/float64_multi_array__type_support.c:157:1:rosidl_typesupport_introspection_c__get_message_type_support_handle__example_interfaces__msg__Float64MultiArray	8	static
