../Core/M4lib/include/example_interfaces/msg/detail/multi_array_layout__type_support.c:26:6:example_interfaces__msg__MultiArrayLayout__rosidl_typesupport_introspection_c__MultiArrayLayout_init_function	16	static
../Core/M4lib/include/example_interfaces/msg/detail/multi_array_layout__type_support.c:35:6:example_interfaces__msg__MultiArrayLayout__rosidl_typesupport_introspection_c__MultiArrayLayout_fini_function	16	static
../Core/M4lib/include/example_interfaces/msg/detail/multi_array_layout__type_support.c:40:8:example_interfaces__msg__MultiArrayLayout__rosidl_typesupport_introspection_c__size_function__MultiArrayLayout__dim	24	static
../Core/M4lib/include/example_interfaces/msg/detail/multi_array_layout__type_support.c:48:14:example_interfaces__msg__MultiArrayLayout__rosidl_typesupport_introspection_c__get_const_function__MultiArrayLayout__dim	24	static
../Core/M4lib/include/example_interfaces/msg/detail/multi_array_layout__type_support.c:56:8:example_interfaces__msg__MultiArrayLayout__rosidl_typesupport_introspection_c__get_function__MultiArrayLayout__dim	24	static
../Core/M4lib/include/example_interfaces/msg/detail/multi_array_layout__type_support.c:64:6:example_interfaces__msg__MultiArrayLayout__rosidl_typesupport_introspection_c__fetch_function__MultiArrayLayout__dim	40	static
../Core/M4lib/include/example_interfaces/msg/detail/multi_array_layout__type_support.c:75:6:example_interfaces__msg__MultiArrayLayout__rosidl_typesupport_introspection_c__assign_function__MultiArrayLayout__dim	40	static
../Core/M4lib/include/example_interfaces/msg/detail/multi_array_layout__type_support.c:86:6:example_interfaces__msg__MultiArrayLayout__rosidl_typesupport_introspection_c__resize_function__MultiArrayLayout__dim	24	static
../Core/M4lib/include/example_interfaces/msg/detail/multi_array_layout__type_support.c:155:1:rosidl_typesupport_introspection_c__get_message_type_support_handle__example_interfaces__msg__MultiArrayLayout	8	static
