../Core/M4lib/include/diagnostic_msgs/msg/detail/diagnostic_array__functions.c:21:1:diagnostic_msgs__msg__DiagnosticArray__init	16	static
../Core/M4lib/include/diagnostic_msgs/msg/detail/diagnostic_array__functions.c:40:1:diagnostic_msgs__msg__DiagnosticArray__fini	16	static
../Core/M4lib/include/diagnostic_msgs/msg/detail/diagnostic_array__functions.c:52:1:diagnostic_msgs__msg__DiagnosticArray__are_equal	16	static
../Core/M4lib/include/diagnostic_msgs/msg/detail/diagnostic_array__functions.c:73:1:diagnostic_msgs__msg__DiagnosticArray__copy	16	static
../Core/M4lib/include/diagnostic_msgs/msg/detail/diagnostic_array__functions.c:96:1:diagnostic_msgs__msg__DiagnosticArray__create	40	static
../Core/M4lib/include/diagnostic_msgs/msg/detail/diagnostic_array__functions.c:113:1:diagnostic_msgs__msg__DiagnosticArray__destroy	40	static
../Core/M4lib/include/diagnostic_msgs/msg/detail/diagnostic_array__functions.c:124:1:diagnostic_msgs__msg__DiagnosticArray__Sequence__init	48	static
../Core/M4lib/include/diagnostic_msgs/msg/detail/diagnostic_array__functions.c:161:1:diagnostic_msgs__msg__DiagnosticArray__Sequence__fini	40	static
../Core/M4lib/include/diagnostic_msgs/msg/detail/diagnostic_array__functions.c:187:1:diagnostic_msgs__msg__DiagnosticArray__Sequence__create	48	static
../Core/M4lib/include/diagnostic_msgs/msg/detail/diagnostic_array__functions.c:203:1:diagnostic_msgs__msg__DiagnosticArray__Sequence__destroy	40	static
../Core/M4lib/include/diagnostic_msgs/msg/detail/diagnostic_array__functions.c:213:1:diagnostic_msgs__msg__DiagnosticArray__Sequence__are_equal	24	static
../Core/M4lib/include/diagnostic_msgs/msg/detail/diagnostic_array__functions.c:230:1:diagnostic_msgs__msg__DiagnosticArray__Sequence__copy	56	static
