../Core/M4lib/include/example_interfaces/msg/detail/w_string__functions.c:19:1:example_interfaces__msg__WString__init	16	static
../Core/M4lib/include/example_interfaces/msg/detail/w_string__functions.c:33:1:example_interfaces__msg__WString__fini	16	static
../Core/M4lib/include/example_interfaces/msg/detail/w_string__functions.c:43:1:example_interfaces__msg__WString__are_equal	16	static
../Core/M4lib/include/example_interfaces/msg/detail/w_string__functions.c:58:1:example_interfaces__msg__WString__copy	16	static
../Core/M4lib/include/example_interfaces/msg/detail/w_string__functions.c:75:1:example_interfaces__msg__WString__create	40	static
../Core/M4lib/include/example_interfaces/msg/detail/w_string__functions.c:92:1:example_interfaces__msg__WString__destroy	40	static
../Core/M4lib/include/example_interfaces/msg/detail/w_string__functions.c:103:1:example_interfaces__msg__WString__Sequence__init	48	static
../Core/M4lib/include/example_interfaces/msg/detail/w_string__functions.c:140:1:example_interfaces__msg__WString__Sequence__fini	40	static
../Core/M4lib/include/example_interfaces/msg/detail/w_string__functions.c:166:1:example_interfaces__msg__WString__Sequence__create	48	static
../Core/M4lib/include/example_interfaces/msg/detail/w_string__functions.c:182:1:example_interfaces__msg__WString__Sequence__destroy	40	static
../Core/M4lib/include/example_interfaces/msg/detail/w_string__functions.c:192:1:example_interfaces__msg__WString__Sequence__are_equal	24	static
../Core/M4lib/include/example_interfaces/msg/detail/w_string__functions.c:209:1:example_interfaces__msg__WString__Sequence__copy	56	static
