../Core/M4lib/include/nav_msgs/msg/detail/map_meta_data__type_support.c:30:6:nav_msgs__msg__MapMetaData__rosidl_typesupport_introspection_c__MapMetaData_init_function	16	static
../Core/M4lib/include/nav_msgs/msg/detail/map_meta_data__type_support.c:39:6:nav_msgs__msg__MapMetaData__rosidl_typesupport_introspection_c__MapMetaData_fini_function	16	static
../Core/M4lib/include/nav_msgs/msg/detail/map_meta_data__type_support.c:155:1:rosidl_typesupport_introspection_c__get_message_type_support_handle__nav_msgs__msg__MapMetaData	8	static
