../Core/M4lib/include/nav_msgs/msg/detail/occupancy_grid__functions.c:23:1:nav_msgs__msg__OccupancyGrid__init	16	static
../Core/M4lib/include/nav_msgs/msg/detail/occupancy_grid__functions.c:47:1:nav_msgs__msg__OccupancyGrid__fini	16	static
../Core/M4lib/include/nav_msgs/msg/detail/occupancy_grid__functions.c:61:1:nav_msgs__msg__OccupancyGrid__are_equal	16	static
../Core/M4lib/include/nav_msgs/msg/detail/occupancy_grid__functions.c:88:1:nav_msgs__msg__OccupancyGrid__copy	16	static
../Core/M4lib/include/nav_msgs/msg/detail/occupancy_grid__functions.c:117:1:nav_msgs__msg__OccupancyGrid__create	40	static
../Core/M4lib/include/nav_msgs/msg/detail/occupancy_grid__functions.c:134:1:nav_msgs__msg__OccupancyGrid__destroy	40	static
../Core/M4lib/include/nav_msgs/msg/detail/occupancy_grid__functions.c:145:1:nav_msgs__msg__OccupancyGrid__Sequence__init	48	static
../Core/M4lib/include/nav_msgs/msg/detail/occupancy_grid__functions.c:182:1:nav_msgs__msg__OccupancyGrid__Sequence__fini	40	static
../Core/M4lib/include/nav_msgs/msg/detail/occupancy_grid__functions.c:208:1:nav_msgs__msg__OccupancyGrid__Sequence__create	48	static
../Core/M4lib/include/nav_msgs/msg/detail/occupancy_grid__functions.c:224:1:nav_msgs__msg__OccupancyGrid__Sequence__destroy	40	static
../Core/M4lib/include/nav_msgs/msg/detail/occupancy_grid__functions.c:234:1:nav_msgs__msg__OccupancyGrid__Sequence__are_equal	24	static
../Core/M4lib/include/nav_msgs/msg/detail/occupancy_grid__functions.c:251:1:nav_msgs__msg__OccupancyGrid__Sequence__copy	56	static
