../Core/M4lib/include/test_msgs/srv/detail/arrays__functions.c:25:1:test_msgs__srv__Arrays_Request__init	40	static
../Core/M4lib/include/test_msgs/srv/detail/arrays__functions.c:158:1:test_msgs__srv__Arrays_Request__fini	40	static
../Core/M4lib/include/test_msgs/srv/detail/arrays__functions.c:212:1:test_msgs__srv__Arrays_Request__are_equal	144	static
../Core/M4lib/include/test_msgs/srv/detail/arrays__functions.c:417:1:test_msgs__srv__Arrays_Request__copy	144	static
../Core/M4lib/include/test_msgs/srv/detail/arrays__functions.c:572:1:test_msgs__srv__Arrays_Request__create	40	static
../Core/M4lib/include/test_msgs/srv/detail/arrays__functions.c:589:1:test_msgs__srv__Arrays_Request__destroy	40	static
../Core/M4lib/include/test_msgs/srv/detail/arrays__functions.c:600:1:test_msgs__srv__Arrays_Request__Sequence__init	48	static
../Core/M4lib/include/test_msgs/srv/detail/arrays__functions.c:637:1:test_msgs__srv__Arrays_Request__Sequence__fini	40	static
../Core/M4lib/include/test_msgs/srv/detail/arrays__functions.c:663:1:test_msgs__srv__Arrays_Request__Sequence__create	48	static
../Core/M4lib/include/test_msgs/srv/detail/arrays__functions.c:679:1:test_msgs__srv__Arrays_Request__Sequence__destroy	40	static
../Core/M4lib/include/test_msgs/srv/detail/arrays__functions.c:689:1:test_msgs__srv__Arrays_Request__Sequence__are_equal	24	static
../Core/M4lib/include/test_msgs/srv/detail/arrays__functions.c:706:1:test_msgs__srv__Arrays_Request__Sequence__copy	56	static
../Core/M4lib/include/test_msgs/srv/detail/arrays__functions.c:767:1:test_msgs__srv__Arrays_Response__init	40	static
../Core/M4lib/include/test_msgs/srv/detail/arrays__functions.c:900:1:test_msgs__srv__Arrays_Response__fini	40	static
../Core/M4lib/include/test_msgs/srv/detail/arrays__functions.c:954:1:test_msgs__srv__Arrays_Response__are_equal	144	static
../Core/M4lib/include/test_msgs/srv/detail/arrays__functions.c:1159:1:test_msgs__srv__Arrays_Response__copy	144	static
../Core/M4lib/include/test_msgs/srv/detail/arrays__functions.c:1314:1:test_msgs__srv__Arrays_Response__create	40	static
../Core/M4lib/include/test_msgs/srv/detail/arrays__functions.c:1331:1:test_msgs__srv__Arrays_Response__destroy	40	static
../Core/M4lib/include/test_msgs/srv/detail/arrays__functions.c:1342:1:test_msgs__srv__Arrays_Response__Sequence__init	48	static
../Core/M4lib/include/test_msgs/srv/detail/arrays__functions.c:1379:1:test_msgs__srv__Arrays_Response__Sequence__fini	40	static
../Core/M4lib/include/test_msgs/srv/detail/arrays__functions.c:1405:1:test_msgs__srv__Arrays_Response__Sequence__create	48	static
../Core/M4lib/include/test_msgs/srv/detail/arrays__functions.c:1421:1:test_msgs__srv__Arrays_Response__Sequence__destroy	40	static
../Core/M4lib/include/test_msgs/srv/detail/arrays__functions.c:1431:1:test_msgs__srv__Arrays_Response__Sequence__are_equal	24	static
../Core/M4lib/include/test_msgs/srv/detail/arrays__functions.c:1448:1:test_msgs__srv__Arrays_Response__Sequence__copy	56	static
../Core/M4lib/include/test_msgs/srv/detail/arrays__functions.c:1502:1:test_msgs__srv__Arrays_Event__init	16	static
../Core/M4lib/include/test_msgs/srv/detail/arrays__functions.c:1526:1:test_msgs__srv__Arrays_Event__fini	16	static
../Core/M4lib/include/test_msgs/srv/detail/arrays__functions.c:1540:1:test_msgs__srv__Arrays_Event__are_equal	16	static
../Core/M4lib/include/test_msgs/srv/detail/arrays__functions.c:1567:1:test_msgs__srv__Arrays_Event__copy	16	static
../Core/M4lib/include/test_msgs/srv/detail/arrays__functions.c:1596:1:test_msgs__srv__Arrays_Event__create	40	static
../Core/M4lib/include/test_msgs/srv/detail/arrays__functions.c:1613:1:test_msgs__srv__Arrays_Event__destroy	40	static
../Core/M4lib/include/test_msgs/srv/detail/arrays__functions.c:1624:1:test_msgs__srv__Arrays_Event__Sequence__init	48	static
../Core/M4lib/include/test_msgs/srv/detail/arrays__functions.c:1661:1:test_msgs__srv__Arrays_Event__Sequence__fini	40	static
../Core/M4lib/include/test_msgs/srv/detail/arrays__functions.c:1687:1:test_msgs__srv__Arrays_Event__Sequence__create	48	static
../Core/M4lib/include/test_msgs/srv/detail/arrays__functions.c:1703:1:test_msgs__srv__Arrays_Event__Sequence__destroy	40	static
../Core/M4lib/include/test_msgs/srv/detail/arrays__functions.c:1713:1:test_msgs__srv__Arrays_Event__Sequence__are_equal	24	static
../Core/M4lib/include/test_msgs/srv/detail/arrays__functions.c:1730:1:test_msgs__srv__Arrays_Event__Sequence__copy	56	static
