../Core/M4lib/include/test_msgs/srv/detail/basic_types__description.c:9:1:test_msgs__srv__BasicTypes__get_type_hash	16	static
../Core/M4lib/include/test_msgs/srv/detail/basic_types__description.c:24:1:test_msgs__srv__BasicTypes_Request__get_type_hash	16	static
../Core/M4lib/include/test_msgs/srv/detail/basic_types__description.c:39:1:test_msgs__srv__BasicTypes_Response__get_type_hash	16	static
../Core/M4lib/include/test_msgs/srv/detail/basic_types__description.c:54:1:test_msgs__srv__BasicTypes_Event__get_type_hash	16	static
../Core/M4lib/include/test_msgs/srv/detail/basic_types__description.c:159:1:test_msgs__srv__BasicTypes__get_type_description	16	static
../Core/M4lib/include/test_msgs/srv/detail/basic_types__description.c:343:1:test_msgs__srv__BasicTypes_Request__get_type_description	16	static
../Core/M4lib/include/test_msgs/srv/detail/basic_types__description.c:520:1:test_msgs__srv__BasicTypes_Response__get_type_description	16	static
../Core/M4lib/include/test_msgs/srv/detail/basic_types__description.c:595:1:test_msgs__srv__BasicTypes_Event__get_type_description	16	static
../Core/M4lib/include/test_msgs/srv/detail/basic_types__description.c:656:1:test_msgs__srv__BasicTypes__get_individual_type_description_source	16	static
../Core/M4lib/include/test_msgs/srv/detail/basic_types__description.c:669:1:test_msgs__srv__BasicTypes_Request__get_individual_type_description_source	16	static
../Core/M4lib/include/test_msgs/srv/detail/basic_types__description.c:682:1:test_msgs__srv__BasicTypes_Response__get_individual_type_description_source	16	static
../Core/M4lib/include/test_msgs/srv/detail/basic_types__description.c:695:1:test_msgs__srv__BasicTypes_Event__get_individual_type_description_source	16	static
../Core/M4lib/include/test_msgs/srv/detail/basic_types__description.c:708:1:test_msgs__srv__BasicTypes__get_type_description_sources	24	static
../Core/M4lib/include/test_msgs/srv/detail/basic_types__description.c:728:1:test_msgs__srv__BasicTypes_Request__get_type_description_sources	24	static
../Core/M4lib/include/test_msgs/srv/detail/basic_types__description.c:743:1:test_msgs__srv__BasicTypes_Response__get_type_description_sources	24	static
../Core/M4lib/include/test_msgs/srv/detail/basic_types__description.c:758:1:test_msgs__srv__BasicTypes_Event__get_type_description_sources	24	static
