../Core/M4lib/include/diagnostic_msgs/srv/detail/add_diagnostics__type_support.c:24:6:diagnostic_msgs__srv__AddDiagnostics_Request__rosidl_typesupport_introspection_c__AddDiagnostics_Request_init_function	16	static
../Core/M4lib/include/diagnostic_msgs/srv/detail/add_diagnostics__type_support.c:33:6:diagnostic_msgs__srv__AddDiagnostics_Request__rosidl_typesupport_introspection_c__AddDiagnostics_Request_fini_function	16	static
../Core/M4lib/include/diagnostic_msgs/srv/detail/add_diagnostics__type_support.c:81:1:rosidl_typesupport_introspection_c__get_message_type_support_handle__diagnostic_msgs__srv__AddDiagnostics_Request	4	static
../Core/M4lib/include/diagnostic_msgs/srv/detail/add_diagnostics__type_support.c:120:6:diagnostic_msgs__srv__AddDiagnostics_Response__rosidl_typesupport_introspection_c__AddDiagnostics_Response_init_function	16	static
../Core/M4lib/include/diagnostic_msgs/srv/detail/add_diagnostics__type_support.c:129:6:diagnostic_msgs__srv__AddDiagnostics_Response__rosidl_typesupport_introspection_c__AddDiagnostics_Response_fini_function	16	static
../Core/M4lib/include/diagnostic_msgs/srv/detail/add_diagnostics__type_support.c:194:1:rosidl_typesupport_introspection_c__get_message_type_support_handle__diagnostic_msgs__srv__AddDiagnostics_Response	4	static
../Core/M4lib/include/diagnostic_msgs/srv/detail/add_diagnostics__type_support.c:241:6:diagnostic_msgs__srv__AddDiagnostics_Event__rosidl_typesupport_introspection_c__AddDiagnostics_Event_init_function	16	static
../Core/M4lib/include/diagnostic_msgs/srv/detail/add_diagnostics__type_support.c:250:6:diagnostic_msgs__srv__AddDiagnostics_Event__rosidl_typesupport_introspection_c__AddDiagnostics_Event_fini_function	16	static
../Core/M4lib/include/diagnostic_msgs/srv/detail/add_diagnostics__type_support.c:255:8:diagnostic_msgs__srv__AddDiagnostics_Event__rosidl_typesupport_introspection_c__size_function__AddDiagnostics_Event__request	24	static
../Core/M4lib/include/diagnostic_msgs/srv/detail/add_diagnostics__type_support.c:263:14:diagnostic_msgs__srv__AddDiagnostics_Event__rosidl_typesupport_introspection_c__get_const_function__AddDiagnostics_Event__request	24	static
../Core/M4lib/include/diagnostic_msgs/srv/detail/add_diagnostics__type_support.c:271:8:diagnostic_msgs__srv__AddDiagnostics_Event__rosidl_typesupport_introspection_c__get_function__AddDiagnostics_Event__request	24	static
../Core/M4lib/include/diagnostic_msgs/srv/detail/add_diagnostics__type_support.c:279:6:diagnostic_msgs__srv__AddDiagnostics_Event__rosidl_typesupport_introspection_c__fetch_function__AddDiagnostics_Event__request	32	static
../Core/M4lib/include/diagnostic_msgs/srv/detail/add_diagnostics__type_support.c:290:6:diagnostic_msgs__srv__AddDiagnostics_Event__rosidl_typesupport_introspection_c__assign_function__AddDiagnostics_Event__request	32	static
../Core/M4lib/include/diagnostic_msgs/srv/detail/add_diagnostics__type_support.c:301:6:diagnostic_msgs__srv__AddDiagnostics_Event__rosidl_typesupport_introspection_c__resize_function__AddDiagnostics_Event__request	24	static
../Core/M4lib/include/diagnostic_msgs/srv/detail/add_diagnostics__type_support.c:310:8:diagnostic_msgs__srv__AddDiagnostics_Event__rosidl_typesupport_introspection_c__size_function__AddDiagnostics_Event__response	24	static
../Core/M4lib/include/diagnostic_msgs/srv/detail/add_diagnostics__type_support.c:318:14:diagnostic_msgs__srv__AddDiagnostics_Event__rosidl_typesupport_introspection_c__get_const_function__AddDiagnostics_Event__response	24	static
../Core/M4lib/include/diagnostic_msgs/srv/detail/add_diagnostics__type_support.c:326:8:diagnostic_msgs__srv__AddDiagnostics_Event__rosidl_typesupport_introspection_c__get_function__AddDiagnostics_Event__response	24	static
../Core/M4lib/include/diagnostic_msgs/srv/detail/add_diagnostics__type_support.c:334:6:diagnostic_msgs__srv__AddDiagnostics_Event__rosidl_typesupport_introspection_c__fetch_function__AddDiagnostics_Event__response	40	static
../Core/M4lib/include/diagnostic_msgs/srv/detail/add_diagnostics__type_support.c:345:6:diagnostic_msgs__srv__AddDiagnostics_Event__rosidl_typesupport_introspection_c__assign_function__AddDiagnostics_Event__response	40	static
../Core/M4lib/include/diagnostic_msgs/srv/detail/add_diagnostics__type_support.c:356:6:diagnostic_msgs__srv__AddDiagnostics_Event__rosidl_typesupport_introspection_c__resize_function__AddDiagnostics_Event__response	24	static
../Core/M4lib/include/diagnostic_msgs/srv/detail/add_diagnostics__type_support.c:442:1:rosidl_typesupport_introspection_c__get_message_type_support_handle__diagnostic_msgs__srv__AddDiagnostics_Event	8	static
../Core/M4lib/include/diagnostic_msgs/srv/detail/add_diagnostics__type_support.c:518:1:rosidl_typesupport_introspection_c__get_service_type_support_handle__diagnostic_msgs__srv__AddDiagnostics	16	static
