../Core/M4lib/include/diagnostic_msgs/srv/detail/add_diagnostics__description.c:9:1:diagnostic_msgs__srv__AddDiagnostics__get_type_hash	16	static
../Core/M4lib/include/diagnostic_msgs/srv/detail/add_diagnostics__description.c:24:1:diagnostic_msgs__srv__AddDiagnostics_Request__get_type_hash	16	static
../Core/M4lib/include/diagnostic_msgs/srv/detail/add_diagnostics__description.c:39:1:diagnostic_msgs__srv__AddDiagnostics_Response__get_type_hash	16	static
../Core/M4lib/include/diagnostic_msgs/srv/detail/add_diagnostics__description.c:54:1:diagnostic_msgs__srv__AddDiagnostics_Event__get_type_hash	16	static
../Core/M4lib/include/diagnostic_msgs/srv/detail/add_diagnostics__description.c:159:1:diagnostic_msgs__srv__AddDiagnostics__get_type_description	16	static
../Core/M4lib/include/diagnostic_msgs/srv/detail/add_diagnostics__description.c:200:1:diagnostic_msgs__srv__AddDiagnostics_Request__get_type_description	16	static
../Core/M4lib/include/diagnostic_msgs/srv/detail/add_diagnostics__description.c:245:1:diagnostic_msgs__srv__AddDiagnostics_Response__get_type_description	16	static
../Core/M4lib/include/diagnostic_msgs/srv/detail/add_diagnostics__description.c:320:1:diagnostic_msgs__srv__AddDiagnostics_Event__get_type_description	16	static
../Core/M4lib/include/diagnostic_msgs/srv/detail/add_diagnostics__description.c:379:1:diagnostic_msgs__srv__AddDiagnostics__get_individual_type_description_source	16	static
../Core/M4lib/include/diagnostic_msgs/srv/detail/add_diagnostics__description.c:392:1:diagnostic_msgs__srv__AddDiagnostics_Request__get_individual_type_description_source	16	static
../Core/M4lib/include/diagnostic_msgs/srv/detail/add_diagnostics__description.c:405:1:diagnostic_msgs__srv__AddDiagnostics_Response__get_individual_type_description_source	16	static
../Core/M4lib/include/diagnostic_msgs/srv/detail/add_diagnostics__description.c:418:1:diagnostic_msgs__srv__AddDiagnostics_Event__get_individual_type_description_source	16	static
../Core/M4lib/include/diagnostic_msgs/srv/detail/add_diagnostics__description.c:431:1:diagnostic_msgs__srv__AddDiagnostics__get_type_description_sources	24	static
../Core/M4lib/include/diagnostic_msgs/srv/detail/add_diagnostics__description.c:451:1:diagnostic_msgs__srv__AddDiagnostics_Request__get_type_description_sources	24	static
../Core/M4lib/include/diagnostic_msgs/srv/detail/add_diagnostics__description.c:466:1:diagnostic_msgs__srv__AddDiagnostics_Response__get_type_description_sources	24	static
../Core/M4lib/include/diagnostic_msgs/srv/detail/add_diagnostics__description.c:481:1:diagnostic_msgs__srv__AddDiagnostics_Event__get_type_description_sources	24	static
