Archive member included to satisfy reference by file (symbol)

d:/mounriver/mrs/mounriver/mounriver_studio/toolchain/risc-v embedded gcc/bin/../lib/gcc/riscv-none-embed/8.2.0/rv32imacxw/ilp32\libgcc.a(adddf3.o)
                              ./User/EC20.o (__adddf3)
d:/mounriver/mrs/mounriver/mounriver_studio/toolchain/risc-v embedded gcc/bin/../lib/gcc/riscv-none-embed/8.2.0/rv32imacxw/ilp32\libgcc.a(divdf3.o)
                              ./User/MPU6050.o (__divdf3)
d:/mounriver/mrs/mounriver/mounriver_studio/toolchain/risc-v embedded gcc/bin/../lib/gcc/riscv-none-embed/8.2.0/rv32imacxw/ilp32\libgcc.a(muldf3.o)
                              ./User/EC20.o (__muldf3)
d:/mounriver/mrs/mounriver/mounriver_studio/toolchain/risc-v embedded gcc/bin/../lib/gcc/riscv-none-embed/8.2.0/rv32imacxw/ilp32\libgcc.a(fixdfsi.o)
                              ./User/main.o (__fixdfsi)
d:/mounriver/mrs/mounriver/mounriver_studio/toolchain/risc-v embedded gcc/bin/../lib/gcc/riscv-none-embed/8.2.0/rv32imacxw/ilp32\libgcc.a(floatsidf.o)
                              ./User/EC20.o (__floatsidf)
d:/mounriver/mrs/mounriver/mounriver_studio/toolchain/risc-v embedded gcc/bin/../lib/gcc/riscv-none-embed/8.2.0/rv32imacxw/ilp32\libgcc.a(floatunsidf.o)
                              ./User/MPU6050.o (__floatunsidf)
d:/mounriver/mrs/mounriver/mounriver_studio/toolchain/risc-v embedded gcc/bin/../lib/gcc/riscv-none-embed/8.2.0/rv32imacxw/ilp32\libgcc.a(addsf3.o)
                              ./User/EC20.o (__addsf3)
d:/mounriver/mrs/mounriver/mounriver_studio/toolchain/risc-v embedded gcc/bin/../lib/gcc/riscv-none-embed/8.2.0/rv32imacxw/ilp32\libgcc.a(divsf3.o)
                              ./User/EC20.o (__divsf3)
d:/mounriver/mrs/mounriver/mounriver_studio/toolchain/risc-v embedded gcc/bin/../lib/gcc/riscv-none-embed/8.2.0/rv32imacxw/ilp32\libgcc.a(mulsf3.o)
                              ./User/EC20.o (__mulsf3)
d:/mounriver/mrs/mounriver/mounriver_studio/toolchain/risc-v embedded gcc/bin/../lib/gcc/riscv-none-embed/8.2.0/rv32imacxw/ilp32\libgcc.a(subsf3.o)
                              ./User/EC20.o (__subsf3)
d:/mounriver/mrs/mounriver/mounriver_studio/toolchain/risc-v embedded gcc/bin/../lib/gcc/riscv-none-embed/8.2.0/rv32imacxw/ilp32\libgcc.a(fixsfsi.o)
                              ./User/EC20.o (__fixsfsi)
d:/mounriver/mrs/mounriver/mounriver_studio/toolchain/risc-v embedded gcc/bin/../lib/gcc/riscv-none-embed/8.2.0/rv32imacxw/ilp32\libgcc.a(fixunssfsi.o)
                              ./User/lcd.o (__fixunssfsi)
d:/mounriver/mrs/mounriver/mounriver_studio/toolchain/risc-v embedded gcc/bin/../lib/gcc/riscv-none-embed/8.2.0/rv32imacxw/ilp32\libgcc.a(floatsisf.o)
                              ./User/EC20.o (__floatsisf)
d:/mounriver/mrs/mounriver/mounriver_studio/toolchain/risc-v embedded gcc/bin/../lib/gcc/riscv-none-embed/8.2.0/rv32imacxw/ilp32\libgcc.a(extendsfdf2.o)
                              ./User/EC20.o (__extendsfdf2)
d:/mounriver/mrs/mounriver/mounriver_studio/toolchain/risc-v embedded gcc/bin/../lib/gcc/riscv-none-embed/8.2.0/rv32imacxw/ilp32\libgcc.a(truncdfsf2.o)
                              ./User/EC20.o (__truncdfsf2)
d:/mounriver/mrs/mounriver/mounriver_studio/toolchain/risc-v embedded gcc/bin/../lib/gcc/riscv-none-embed/8.2.0/rv32imacxw/ilp32\libgcc.a(save-restore.o)
                              ./User/lcd.o (__riscv_save_12)
d:/mounriver/mrs/mounriver/mounriver_studio/toolchain/risc-v embedded gcc/bin/../lib/gcc/riscv-none-embed/8.2.0/rv32imacxw/ilp32\libgcc.a(_clzsi2.o)
                              d:/mounriver/mrs/mounriver/mounriver_studio/toolchain/risc-v embedded gcc/bin/../lib/gcc/riscv-none-embed/8.2.0/rv32imacxw/ilp32\libgcc.a(adddf3.o) (__clzsi2)
d:/mounriver/mrs/mounriver/mounriver_studio/toolchain/risc-v embedded gcc/bin/../lib/gcc/riscv-none-embed/8.2.0/rv32imacxw/ilp32\libgcc.a(_clz.o)
                              d:/mounriver/mrs/mounriver/mounriver_studio/toolchain/risc-v embedded gcc/bin/../lib/gcc/riscv-none-embed/8.2.0/rv32imacxw/ilp32\libgcc.a(_clzsi2.o) (__clz_tab)
d:/mounriver/mrs/mounriver/mounriver_studio/toolchain/risc-v embedded gcc/bin/../lib/gcc/riscv-none-embed/8.2.0/../../../../riscv-none-embed/lib/rv32imacxw/ilp32\libg_nano.a(lib_a-memcpy.o)
                              ./User/EC20.o (memcpy)
d:/mounriver/mrs/mounriver/mounriver_studio/toolchain/risc-v embedded gcc/bin/../lib/gcc/riscv-none-embed/8.2.0/../../../../riscv-none-embed/lib/rv32imacxw/ilp32\libg_nano.a(lib_a-memset.o)
                              ./User/RC522.o (memset)
d:/mounriver/mrs/mounriver/mounriver_studio/toolchain/risc-v embedded gcc/bin/../lib/gcc/riscv-none-embed/8.2.0/../../../../riscv-none-embed/lib/rv32imacxw/ilp32\libg_nano.a(lib_a-printf.o)
                              ./User/EC20.o (printf)
d:/mounriver/mrs/mounriver/mounriver_studio/toolchain/risc-v embedded gcc/bin/../lib/gcc/riscv-none-embed/8.2.0/../../../../riscv-none-embed/lib/rv32imacxw/ilp32\libg_nano.a(lib_a-putchar.o)
[...]
Memory Configuration

Name             Origin             Length             Attributes
FLASH            0x0000000000000000 0x0000000000048000 xr
RAM              0x0000000020000000 0x0000000000008000 xrw
*default*        0x0000000000000000 0xffffffffffffffff

Linker script and memory map

LOAD ./User/EC20.o
LOAD ./User/IIC.o
LOAD ./User/MPU6050.o
LOAD ./User/RC522.o
LOAD ./User/SPI.o
LOAD ./User/adc.o
LOAD ./User/beep.o
LOAD ./User/ch32v30x_it.o
LOAD ./User/gpio.o
LOAD ./User/lcd.o
LOAD ./User/main.o
LOAD ./User/system_ch32v30x.o
LOAD ./User/timer.o
LOAD ./User/usart.o
LOAD ./Startup/startup_ch32v30x_D8C.o
LOAD ./Peripheral/src/ch32v30x_adc.o
LOAD ./Peripheral/src/ch32v30x_bkp.o
LOAD ./Peripheral/src/ch32v30x_can.o
LOAD ./Peripheral/src/ch32v30x_crc.o
LOAD ./Peripheral/src/ch32v30x_dac.o
LOAD ./Peripheral/src/ch32v30x_dbgmcu.o
LOAD ./Peripheral/src/ch32v30x_dma.o
LOAD ./Peripheral/src/ch32v30x_dvp.o
LOAD ./Peripheral/src/ch32v30x_eth.o
LOAD ./Peripheral/src/ch32v30x_exti.o
LOAD ./Peripheral/src/ch32v30x_flash.o
LOAD ./Peripheral/src/ch32v30x_fsmc.o
LOAD ./Peripheral/src/ch32v30x_gpio.o
LOAD ./Peripheral/src/ch32v30x_i2c.o
LOAD ./Peripheral/src/ch32v30x_iwdg.o
LOAD ./Peripheral/src/ch32v30x_misc.o
LOAD ./Peripheral/src/ch32v30x_opa.o
LOAD ./Peripheral/src/ch32v30x_pwr.o
LOAD ./Peripheral/src/ch32v30x_rcc.o
LOAD ./Peripheral/src/ch32v30x_rng.o
LOAD ./Peripheral/src/ch32v30x_rtc.o
LOAD ./Peripheral/src/ch32v30x_sdio.o
LOAD ./Peripheral/src/ch32v30x_spi.o
LOAD ./Peripheral/src/ch32v30x_tim.o
LOAD ./Peripheral/src/ch32v30x_usart.o
LOAD ./Peripheral/src/ch32v30x_wwdg.o
LOAD ./Debug/debug.o
LOAD ./Core/core_riscv.o
LOAD d:/mounriver/mrs/mounriver/mounriver_studio/toolchain/risc-v embedded gcc/bin/../lib/gcc/riscv-none-embed/8.2.0/../../../../riscv-none-embed/lib/rv32imacxw/ilp32\libm.a
LOAD d:/mounriver/mrs/mounriver/mounriver_studio/toolchain/risc-v embedded gcc/bin/../lib/gcc/riscv-none-embed/8.2.0/rv32imacxw/ilp32\libgcc.a
LOAD d:/mounriver/mrs/mounriver/mounriver_studio/toolchain/risc-v embedded gcc/bin/../lib/gcc/riscv-none-embed/8.2.0/../../../../riscv-none-embed/lib/rv32imacxw/ilp32\libg_nano.a
LOAD d:/mounriver/mrs/mounriver/mounriver_studio/toolchain/risc-v embedded gcc/bin/../lib/gcc/riscv-none-embed/8.2.0/../../../../riscv-none-embed/lib/rv32imacxw/ilp32\libc_nano.a
LOAD d:/mounriver/mrs/mounriver/mounriver_studio/toolchain/risc-v embedded gcc/bin/../lib/gcc/riscv-none-embed/8.2.0/rv32imacxw/ilp32\libgcc.a
START GROUP
LOAD d:/mounriver/mrs/mounriver/mounriver_studio/toolchain/risc-v embedded gcc/bin/../lib/gcc/riscv-none-embed/8.2.0/rv32imacxw/ilp32\libgcc.a
LOAD d:/mounriver/mrs/mounriver/mounriver_studio/toolchain/risc-v embedded gcc/bin/../lib/gcc/riscv-none-embed/8.2.0/../../../../riscv-none-embed/lib/rv32imacxw/ilp32\libc_nano.a
LOAD d:/mounriver/mrs/mounriver/mounriver_studio/toolchain/risc-v embedded gcc/bin/../lib/gcc/riscv-none-embed/8.2.0/../../../../riscv-none-embed/lib/rv32imacxw/ilp32\libnosys.a
END GROUP
START GROUP
LOAD d:/mounriver/mrs/mounriver/mounriver_studio/toolchain/risc-v embedded gcc/bin/../lib/gcc/riscv-none-embed/8.2.0/rv32imacxw/ilp32\libgcc.a
LOAD d:/mounriver/mrs/mounriver/mounriver_studio/toolchain/risc-v embedded gcc/bin/../lib/gcc/riscv-none-embed/8.2.0/../../../../riscv-none-embed/lib/rv32imacxw/ilp32\libc_nano.a
LOAD d:/mounriver/mrs/mounriver/mounriver_studio/toolchain/risc-v embedded gcc/bin/../lib/gcc/riscv-none-embed/8.2.0/../../../../riscv-none-embed/lib/rv32imacxw/ilp32\libnosys.a
END GROUP
                0x0000000000000800                __stack_size = 0x800
                [!provide]                        PROVIDE (_stack_size = __stack_size)

.init           0x0000000000000000       0x38
                0x0000000000000000                _sinit = .
                0x0000000000000000                . = ALIGN (0x4)
 *(SORT_NONE(.init))
 .init          0x0000000000000000       0x38 ./Startup/startup_ch32v30x_D8C.o
                0x0000000000000000                _start
                0x0000000000000038                . = ALIGN (0x4)
                0x0000000000000038                _einit = .

.vector         0x0000000000000038      0x1c8
 *(.vector)
 .vector        0x0000000000000038      0x1a0 ./Startup/startup_ch32v30x_D8C.o
                0x0000000000000200                . = ALIGN (0x40)
 *fill*         0x00000000000001d8       0x28 

.text           0x0000000000000200     0x84e4
                0x0000000000000200                . = ALIGN (0x4)
 *(.text)
 .text          0x0000000000000200       0x60 d:/mounriver/mrs/mounriver/mounriver_studio/toolchain/risc-v embedded gcc/bin/../lib/gcc/riscv-none-embed/8.2.0/rv32imacxw/ilp32\libgcc.a(save-restore.o)
                0x0000000000000200                __riscv_save_12
                0x0000000000000208                __riscv_save_9
                0x0000000000000208                __riscv_save_11
                0x0000000000000208                __riscv_save_10
                0x0000000000000208                __riscv_save_8
                0x0000000000000216                __riscv_save_4
                0x0000000000000216                __riscv_save_6
                0x0000000000000216                __riscv_save_5
                0x0000000000000216                __riscv_save_7
                0x0000000000000230                __riscv_save_3
                0x0000000000000230                __riscv_save_2
                0x0000000000000230                __riscv_save_1
                0x0000000000000230                __riscv_save_0
                0x000000000000023c                __riscv_restore_12
                0x0000000000000240                __riscv_restore_11
                0x0000000000000240                __riscv_restore_9
                0x0000000000000240                __riscv_restore_10
                0x0000000000000240                __riscv_restore_8
                0x000000000000024a                __riscv_restore_5
                0x000000000000024a                __riscv_restore_7
                0x000000000000024a                __riscv_restore_6
                0x000000000000024a                __riscv_restore_4
                0x0000000000000254                __riscv_restore_3
                0x0000000000000254                __riscv_restore_0
                0x0000000000000254                __riscv_restore_2
                0x0000000000000254                __riscv_restore_1
 .text          0x0000000000000260       0xa8 d:/mounriver/mrs/mounriver/mounriver_studio/toolchain/risc-v embedded gcc/bin/../lib/gcc/riscv-none-embed/8.2.0/../../../../riscv-none-embed/lib/rv32imacxw/ilp32\libg_nano.a(lib_a-memset.o)
                0x0000000000000260                memset
 *(.text.*)
 .text.Mqtt_Savedata
                0x0000000000000308       0x92 ./User/EC20.o
                0x0000000000000308                Mqtt_Savedata
 .text.Read_GPS
                0x000000000000039a      0x422 ./User/EC20.o
                0x000000000000039a                Read_GPS
 .text.IIC_Init
                0x00000000000007bc       0x86 ./User/IIC.o
                0x00000000000007bc                IIC_Init
 .text.MPU_Read_Len
                0x0000000000000842      0x114 ./User/MPU6050.o
                0x0000000000000842                MPU_Read_Len
 .text.MPU_Get_Accelerometer
                0x0000000000000956       0x42 ./User/MPU6050.o
                0x0000000000000956                MPU_Get_Accelerometer
 .text.MPU_Write_Byte
                0x0000000000000998       0xd2 ./User/MPU6050.o
                0x0000000000000998                MPU_Write_Byte
 .text.MPU_Read_Byte
                0x0000000000000a6a       0xfe ./User/MPU6050.o
                0x0000000000000a6a                MPU_Read_Byte
 .text.MPU_Init
                0x0000000000000b68       0x90 ./User/MPU6050.o
                0x0000000000000b68                MPU_Init
 .text.SPI_RC522_SendByte
                0x0000000000000bf8       0x5c ./User/RC522.o
                0x0000000000000bf8                SPI_RC522_SendByte
 .text.SPI_RC522_ReadByte
                0x0000000000000c54       0x58 ./User/RC522.o
                0x0000000000000c54                SPI_RC522_ReadByte
 .text.ReadRawRC
                0x0000000000000cac       0x36 ./User/RC522.o
                0x0000000000000cac                ReadRawRC
 .text.WriteRawRC
                0x0000000000000ce2       0x32 ./User/RC522.o
                0x0000000000000ce2                WriteRawRC
 .text.SetBitMask
                0x0000000000000d14       0x1e ./User/RC522.o
                0x0000000000000d14                SetBitMask
 .text.ClearBitMask
                0x0000000000000d32       0x22 ./User/RC522.o
                0x0000000000000d32                ClearBitMask
 .text.PcdComMF522
                0x0000000000000d54      0x108 ./User/RC522.o
                0x0000000000000d54                PcdComMF522
 .text.PcdRequest
                0x0000000000000e5c       0x46 ./User/RC522.o
                0x0000000000000e5c                PcdRequest
 .text.PcdAnticoll
                0x0000000000000ea2       0x68 ./User/RC522.o
                0x0000000000000ea2                PcdAnticoll
 .text.CalulateCRC
                0x0000000000000f0a       0x60 ./User/RC522.o
                0x0000000000000f0a                CalulateCRC
 .text.PcdSelect
                0x0000000000000f6a       0x66 ./User/RC522.o
                0x0000000000000f6a                PcdSelect
 .text.PcdAuthState
                0x0000000000000fd0       0x5e ./User/RC522.o
                0x0000000000000fd0                PcdAuthState
 .text.PcdWrite
                0x000000000000102e       0x8a ./User/RC522.o
                0x000000000000102e                PcdWrite
 .text.PcdRead  0x00000000000010b8       0x52 ./User/RC522.o
                0x00000000000010b8                PcdRead
 .text.ShowID   0x000000000000110a       0x46 ./User/RC522.o
                0x000000000000110a                ShowID
 .text.RC522_Handle
                0x0000000000001150      0x216 ./User/RC522.o
                0x0000000000001150                RC522_Handle
 .text.Get_ADC_Val
                0x0000000000001366       0x30 ./User/adc.o
                0x0000000000001366                Get_ADC_Val
 .text.NMI_Handler
                0x0000000000001396        0x4 ./User/ch32v30x_it.o
                0x0000000000001396                NMI_Handler
 .text.HardFault_Handler
                0x000000000000139a        0x2 ./User/ch32v30x_it.o
                0x000000000000139a                HardFault_Handler
 .text.Start_Trig
                0x000000000000139c       0x28 ./User/gpio.o
                0x000000000000139c                Start_Trig
 .text.spi_readwrite
                0x00000000000013c4       0x62 ./User/lcd.o
                0x00000000000013c4                spi_readwrite
 .text.LCD_WR_DATA
                0x0000000000001426       0x38 ./User/lcd.o
                0x0000000000001426                LCD_WR_DATA
 .text.LCD_WR_REG
                0x000000000000145e       0x30 ./User/lcd.o
                0x000000000000145e                LCD_WR_REG
 .text.LCD_Address_Set
                0x000000000000148e       0x54 ./User/lcd.o
                0x000000000000148e                LCD_Address_Set
 .text.LCD_DrawPoint
                0x00000000000014e2       0x14 ./User/lcd.o
                0x00000000000014e2                LCD_DrawPoint
 .text.LCD_ShowChar
                0x00000000000014f6       0xe0 ./User/lcd.o
                0x00000000000014f6                LCD_ShowChar
 .text.LCD_ShowString
                0x00000000000015d6       0x36 ./User/lcd.o
                0x00000000000015d6                LCD_ShowString
 .text.LCD_ShowIntNum
                0x000000000000160c       0x92 ./User/lcd.o
                0x000000000000160c                LCD_ShowIntNum
 .text.Acquire_SensorDATE
                0x000000000000169e      0x30a ./User/main.o
                0x000000000000169e                Acquire_SensorDATE
 .text.Pub_Msgdata
                0x00000000000019a8       0xc0 ./User/main.o
                0x00000000000019a8                Pub_Msgdata
 .text.startup.main
                0x0000000000001a68       0x6a ./User/main.o
                0x0000000000001a68                main
 .text.SystemInit
                0x0000000000001ad2       0xfa ./User/system_ch32v30x.o
                0x0000000000001ad2                SystemInit
 .text.ENABLE_TIM
                0x0000000000001bcc       0x20 ./User/timer.o
                0x0000000000001bcc                ENABLE_TIM
 .text.DISABLE_TIM
                0x0000000000001bec       0x12 ./User/timer.o
                0x0000000000001bec                DISABLE_TIM
 .text.Ultrasoniclength
                0x0000000000001bfe       0x9c ./User/timer.o
                0x0000000000001bfe                Ultrasoniclength
 .text.TIM2_IRQHandler
                0x0000000000001c9a       0x24 ./User/timer.o
                0x0000000000001c9a                TIM2_IRQHandler
 .text._write   0x0000000000001cbe       0x3e ./User/usart.o
                0x0000000000001cbe                _write
 .text._sbrk    0x0000000000001cfc       0x26 ./User/usart.o
                0x0000000000001cfc                _sbrk
 .text.USART1_Init
                0x0000000000001d22       0x9e ./User/usart.o
                0x0000000000001d22                USART1_Init
 .text.USART2_Init
                0x0000000000001dc0       0xa0 ./User/usart.o
                0x0000000000001dc0                USART2_Init
 .text.USART2_IRQHandler
                0x0000000000001e60       0x3a ./User/usart.o
                0x0000000000001e60                USART2_IRQHandler
 .text.USART3_Init
                0x0000000000001e9a       0xba ./User/usart.o
                0x0000000000001e9a                USART3_Init
 .text.USART3_IRQHandler
                0x0000000000001f54       0x3a ./User/usart.o
                0x0000000000001f54                USART3_IRQHandler
 .text.USART1_IRQHandler
                0x0000000000001f8e       0x60 ./User/usart.o
                0x0000000000001f8e                USART1_IRQHandler
 .text.Uart2_SendStr
                0x0000000000001fee       0x22 ./User/usart.o
                0x0000000000001fee                Uart2_SendStr
 .text.Clear_Buffer
                0x0000000000002010       0x56 ./User/usart.o
                0x0000000000002010                Clear_Buffer
 .text.vector_handler
                0x0000000000002066       0xbe ./Startup/startup_ch32v30x_D8C.o
                0x000000000000206a                Ecall_M_Mode_Handler
                0x000000000000206c                Ecall_U_Mode_Handler
                0x000000000000206e                Break_Point_Handler
                0x0000000000002070                SysTick_Handler
                0x0000000000002072                SW_Handler
                0x0000000000002074                WWDG_IRQHandler
                0x0000000000002076                PVD_IRQHandler
                0x0000000000002078                TAMPER_IRQHandler
                0x000000000000207a                RTC_IRQHandler
                0x000000000000207c                FLASH_IRQHandler
                0x000000000000207e                RCC_IRQHandler
                0x0000000000002080                EXTI0_IRQHandler
                0x0000000000002082                EXTI1_IRQHandler
                0x0000000000002084                EXTI2_IRQHandler
                0x0000000000002086                EXTI3_IRQHandler
                0x0000000000002088                EXTI4_IRQHandler
                0x000000000000208a                DMA1_Channel1_IRQHandler
                0x000000000000208c                DMA1_Channel2_IRQHandler
                0x000000000000208e                DMA1_Channel3_IRQHandler
                0x0000000000002090                DMA1_Channel4_IRQHandler
                0x0000000000002092                DMA1_Channel5_IRQHandler
                0x0000000000002094                DMA1_Channel6_IRQHandler
                0x0000000000002096                DMA1_Channel7_IRQHandler
                0x0000000000002098                ADC1_2_IRQHandler
                0x000000000000209a                USB_HP_CAN1_TX_IRQHandler
                0x000000000000209c                USB_LP_CAN1_RX0_IRQHandler
                0x000000000000209e                CAN1_RX1_IRQHandler
                0x00000000000020a0                CAN1_SCE_IRQHandler
                0x00000000000020a2                EXTI9_5_IRQHandler
                0x00000000000020a4                TIM1_BRK_IRQHandler
                0x00000000000020a6                TIM1_UP_IRQHandler
                0x00000000000020a8                TIM1_TRG_COM_IRQHandler
                0x00000000000020aa                TIM1_CC_IRQHandler
                0x00000000000020ae                TIM3_IRQHandler
                0x00000000000020b0                TIM4_IRQHandler
                0x00000000000020b2                I2C1_EV_IRQHandler
                0x00000000000020b4                I2C1_ER_IRQHandler
                0x00000000000020b6                I2C2_EV_IRQHandler
                0x00000000000020b8                I2C2_ER_IRQHandler
                0x00000000000020ba                SPI1_IRQHandler
                0x00000000000020bc                SPI2_IRQHandler
                0x00000000000020c4                EXTI15_10_IRQHandler
                0x00000000000020c6                RTCAlarm_IRQHandler
                0x00000000000020c8                USBWakeUp_IRQHandler
                0x00000000000020ca                TIM8_BRK_IRQHandler
                0x00000000000020cc                TIM8_UP_IRQHandler
                0x00000000000020ce                TIM8_TRG_COM_IRQHandler
                0x00000000000020d0                TIM8_CC_IRQHandler
                0x00000000000020d2                RNG_IRQHandler
                0x00000000000020d4                FSMC_IRQHandler
                0x00000000000020d6                SDIO_IRQHandler
                0x00000000000020d8                TIM5_IRQHandler
                0x00000000000020da                SPI3_IRQHandler
                0x00000000000020dc                UART4_IRQHandler
                0x00000000000020de                UART5_IRQHandler
                0x00000000000020e0                TIM6_IRQHandler
                0x00000000000020e2                TIM7_IRQHandler
                0x00000000000020e4                DMA2_Channel1_IRQHandler
                0x00000000000020e6                DMA2_Channel2_IRQHandler
                0x00000000000020e8                DMA2_Channel3_IRQHandler
                0x00000000000020ea                DMA2_Channel4_IRQHandler
                0x00000000000020ec                DMA2_Channel5_IRQHandler
                0x00000000000020ee                ETH_IRQHandler
                0x00000000000020f0                ETH_WKUP_IRQHandler
                0x00000000000020f2                CAN2_TX_IRQHandler
                0x00000000000020f4                CAN2_RX0_IRQHandler
                0x00000000000020f6                CAN2_RX1_IRQHandler
                0x00000000000020f8                CAN2_SCE_IRQHandler
                0x00000000000020fa                OTG_FS_IRQHandler
                0x00000000000020fc                USBHSWakeup_IRQHandler
                0x00000000000020fe                USBHS_IRQHandler
                0x0000000000002100                DVP_IRQHandler
                0x0000000000002102                UART6_IRQHandler
                0x0000000000002104                UART7_IRQHandler
                0x0000000000002106                UART8_IRQHandler
                0x0000000000002108                TIM9_BRK_IRQHandler
                0x000000000000210a                TIM9_UP_IRQHandler
                0x000000000000210c                TIM9_TRG_COM_IRQHandler
                0x000000000000210e                TIM9_CC_IRQHandler
                0x0000000000002110                TIM10_BRK_IRQHandler
                0x0000000000002112                TIM10_UP_IRQHandler
                0x0000000000002114                TIM10_TRG_COM_IRQHandler
                0x0000000000002116                TIM10_CC_IRQHandler
                0x0000000000002118                DMA2_Channel6_IRQHandler
                0x000000000000211a                DMA2_Channel7_IRQHandler
                0x000000000000211c                DMA2_Channel8_IRQHandler
                0x000000000000211e                DMA2_Channel9_IRQHandler
                0x0000000000002120                DMA2_Channel10_IRQHandler
                0x0000000000002122                DMA2_Channel11_IRQHandler
 .text.handle_reset
                0x0000000000002124       0x8a ./Startup/startup_ch32v30x_D8C.o
                0x0000000000002124                handle_reset
 .text.ADC_SoftwareStartConvCmd
                0x00000000000021ae       0x18 ./Peripheral/src/ch32v30x_adc.o
                0x00000000000021ae                ADC_SoftwareStartConvCmd
 .text.ADC_GetConversionValue
                0x00000000000021c6        0x8 ./Peripheral/src/ch32v30x_adc.o
                0x00000000000021c6                ADC_GetConversionValue
 .text.ADC_GetFlagStatus
                0x00000000000021ce        0xa ./Peripheral/src/ch32v30x_adc.o
                0x00000000000021ce                ADC_GetFlagStatus
 .text.GPIO_Init
                0x00000000000021d8       0xc0 ./Peripheral/src/ch32v30x_gpio.o
                0x00000000000021d8                GPIO_Init
 .text.GPIO_ReadInputDataBit
                0x0000000000002298        0xa ./Peripheral/src/ch32v30x_gpio.o
                0x0000000000002298                GPIO_ReadInputDataBit
 .text.GPIO_SetBits
                0x00000000000022a2        0x4 ./Peripheral/src/ch32v30x_gpio.o
                0x00000000000022a2                GPIO_SetBits
 .text.GPIO_ResetBits
                0x00000000000022a6        0x4 ./Peripheral/src/ch32v30x_gpio.o
                0x00000000000022a6                GPIO_ResetBits
 .text.GPIO_PinRemapConfig
                0x00000000000022aa       0xd6 ./Peripheral/src/ch32v30x_gpio.o
                0x00000000000022aa                GPIO_PinRemapConfig
 .text.I2C_Init
                0x0000000000002380       0xf2 ./Peripheral/src/ch32v30x_i2c.o
                0x0000000000002380                I2C_Init
 .text.I2C_Cmd  0x0000000000002472       0x18 ./Peripheral/src/ch32v30x_i2c.o
                0x0000000000002472                I2C_Cmd
 .text.I2C_GenerateSTART
                0x000000000000248a       0x1a ./Peripheral/src/ch32v30x_i2c.o
                0x000000000000248a                I2C_GenerateSTART
 .text.I2C_GenerateSTOP
                0x00000000000024a4       0x1a ./Peripheral/src/ch32v30x_i2c.o
                0x00000000000024a4                I2C_GenerateSTOP
 .text.I2C_AcknowledgeConfig
                0x00000000000024be       0x1a ./Peripheral/src/ch32v30x_i2c.o
                0x00000000000024be                I2C_AcknowledgeConfig
 .text.I2C_SendData
                0x00000000000024d8        0x4 ./Peripheral/src/ch32v30x_i2c.o
                0x00000000000024d8                I2C_SendData
 .text.I2C_ReceiveData
                0x00000000000024dc        0x8 ./Peripheral/src/ch32v30x_i2c.o
                0x00000000000024dc                I2C_ReceiveData
 .text.I2C_Send7bitAddress
                0x00000000000024e4       0x12 ./Peripheral/src/ch32v30x_i2c.o
                0x00000000000024e4                I2C_Send7bitAddress
 .text.I2C_CheckEvent
                0x00000000000024f6       0x16 ./Peripheral/src/ch32v30x_i2c.o
                0x00000000000024f6                I2C_CheckEvent
 .text.I2C_GetFlagStatus
                0x000000000000250c       0x32 ./Peripheral/src/ch32v30x_i2c.o
                0x000000000000250c                I2C_GetFlagStatus
 .text.NVIC_PriorityGroupConfig
                0x000000000000253e        0x6 ./Peripheral/src/ch32v30x_misc.o
                0x000000000000253e                NVIC_PriorityGroupConfig
 .text.NVIC_Init
                0x0000000000002544       0xa6 ./Peripheral/src/ch32v30x_misc.o
                0x0000000000002544                NVIC_Init
 .text.RCC_GetClocksFreq
                0x00000000000025ea      0x176 ./Peripheral/src/ch32v30x_rcc.o
                0x00000000000025ea                RCC_GetClocksFreq
 .text.RCC_APB2PeriphClockCmd
                0x0000000000002760       0x1e ./Peripheral/src/ch32v30x_rcc.o
                0x0000000000002760                RCC_APB2PeriphClockCmd
 .text.RCC_APB1PeriphClockCmd
                0x000000000000277e       0x1e ./Peripheral/src/ch32v30x_rcc.o
                0x000000000000277e                RCC_APB1PeriphClockCmd
 .text.SPI_I2S_SendData
                0x000000000000279c        0x4 ./Peripheral/src/ch32v30x_spi.o
                0x000000000000279c                SPI_I2S_SendData
 .text.SPI_I2S_ReceiveData
                0x00000000000027a0        0x4 ./Peripheral/src/ch32v30x_spi.o
                0x00000000000027a0                SPI_I2S_ReceiveData
 .text.SPI_I2S_GetFlagStatus
                0x00000000000027a4        0xa ./Peripheral/src/ch32v30x_spi.o
                0x00000000000027a4                SPI_I2S_GetFlagStatus
 .text.TIM_Cmd  0x00000000000027ae       0x18 ./Peripheral/src/ch32v30x_tim.o
                0x00000000000027ae                TIM_Cmd
 .text.TIM_SetCounter
                0x00000000000027c6        0x4 ./Peripheral/src/ch32v30x_tim.o
                0x00000000000027c6                TIM_SetCounter
 .text.TIM_GetCounter
                0x00000000000027ca        0x4 ./Peripheral/src/ch32v30x_tim.o
                0x00000000000027ca                TIM_GetCounter
 .text.TIM_GetITStatus
                0x00000000000027ce       0x18 ./Peripheral/src/ch32v30x_tim.o
                0x00000000000027ce                TIM_GetITStatus
 .text.TIM_ClearITPendingBit
                0x00000000000027e6        0xc ./Peripheral/src/ch32v30x_tim.o
                0x00000000000027e6                TIM_ClearITPendingBit
 .text.USART_Init
                0x00000000000027f2       0xbc ./Peripheral/src/ch32v30x_usart.o
                0x00000000000027f2                USART_Init
 .text.USART_Cmd
                0x00000000000028ae       0x16 ./Peripheral/src/ch32v30x_usart.o
                0x00000000000028ae                USART_Cmd
 .text.USART_ITConfig
                0x00000000000028c4       0x36 ./Peripheral/src/ch32v30x_usart.o
                0x00000000000028c4                USART_ITConfig
 .text.USART_SendData
                0x00000000000028fa        0x8 ./Peripheral/src/ch32v30x_usart.o
                0x00000000000028fa                USART_SendData
 .text.USART_ReceiveData
                0x0000000000002902        0x8 ./Peripheral/src/ch32v30x_usart.o
                0x0000000000002902                USART_ReceiveData
 .text.USART_GetFlagStatus
                0x000000000000290a        0xa ./Peripheral/src/ch32v30x_usart.o
                0x000000000000290a                USART_GetFlagStatus
 .text.USART_GetITStatus
                0x0000000000002914       0x3c ./Peripheral/src/ch32v30x_usart.o
                0x0000000000002914                USART_GetITStatus
 .text.USART_ClearITPendingBit
                0x0000000000002950       0x14 ./Peripheral/src/ch32v30x_usart.o
                0x0000000000002950                USART_ClearITPendingBit
 .text.Delay_Init
                0x0000000000002964       0x26 ./Debug/debug.o
                0x0000000000002964                Delay_Init
 .text.delay_us
                0x000000000000298a       0x2e ./Debug/debug.o
                0x000000000000298a                delay_us
 .text.Delay_Us
                0x00000000000029b8        0xc ./Debug/debug.o
                0x00000000000029b8                Delay_Us
 .text.Delay_Ms
                0x00000000000029c4       0x2e ./Debug/debug.o
                0x00000000000029c4                Delay_Ms
 .text.delay_ms
                0x00000000000029f2        0xc ./Debug/debug.o
                0x00000000000029f2                delay_ms
 .text.__adddf3
                0x00000000000029fe      0x730 d:/mounriver/mrs/mounriver/mounriver_studio/toolchain/risc-v embedded gcc/bin/../lib/gcc/riscv-none-embed/8.2.0/rv32imacxw/ilp32\libgcc.a(adddf3.o)
                0x00000000000029fe                __adddf3
 .text.__divdf3
                0x000000000000312e      0x5b4 d:/mounriver/mrs/mounriver/mounriver_studio/toolchain/risc-v embedded gcc/bin/../lib/gcc/riscv-none-embed/8.2.0/rv32imacxw/ilp32\libgcc.a(divdf3.o)
                0x000000000000312e                __divdf3
 .text.__muldf3
                0x00000000000036e2      0x4b8 d:/mounriver/mrs/mounriver/mounriver_studio/toolchain/risc-v embedded gcc/bin/../lib/gcc/riscv-none-embed/8.2.0/rv32imacxw/ilp32\libgcc.a(muldf3.o)
                0x00000000000036e2                __muldf3
 .text.__fixdfsi
                0x0000000000003b9a       0x68 d:/mounriver/mrs/mounriver/mounriver_studio/toolchain/risc-v embedded gcc/bin/../lib/gcc/riscv-none-embed/8.2.0/rv32imacxw/ilp32\libgcc.a(fixdfsi.o)
                0x0000000000003b9a                __fixdfsi
 .text.__floatsidf
                0x0000000000003c02       0x72 d:/mounriver/mrs/mounriver/mounriver_studio/toolchain/risc-v embedded gcc/bin/../lib/gcc/riscv-none-embed/8.2.0/rv32imacxw/ilp32\libgcc.a(floatsidf.o)
                0x0000000000003c02                __floatsidf
 .text.__floatunsidf
                0x0000000000003c74       0x68 d:/mounriver/mrs/mounriver/mounriver_studio/toolchain/risc-v embedded gcc/bin/../lib/gcc/riscv-none-embed/8.2.0/rv32imacxw/ilp32\libgcc.a(floatunsidf.o)
                0x0000000000003c74                __floatunsidf
 .text.__addsf3
                0x0000000000003cdc      0x36a d:/mounriver/mrs/mounriver/mounriver_studio/toolchain/risc-v embedded gcc/bin/../lib/gcc/riscv-none-embed/8.2.0/rv32imacxw/ilp32\libgcc.a(addsf3.o)
                0x0000000000003cdc                __addsf3
 .text.__divsf3
                0x0000000000004046      0x2b2 d:/mounriver/mrs/mounriver/mounriver_studio/toolchain/risc-v embedded gcc/bin/../lib/gcc/riscv-none-embed/8.2.0/rv32imacxw/ilp32\libgcc.a(divsf3.o)
                0x0000000000004046                __divsf3
 .text.__mulsf3
                0x00000000000042f8      0x294 d:/mounriver/mrs/mounriver/mounriver_studio/toolchain/risc-v embedded gcc/bin/../lib/gcc/riscv-none-embed/8.2.0/rv32imacxw/ilp32\libgcc.a(mulsf3.o)
                0x00000000000042f8                __mulsf3
 .text.__subsf3
                0x000000000000458c      0x388 d:/mounriver/mrs/mounriver/mounriver_studio/toolchain/risc-v embedded gcc/bin/../lib/gcc/riscv-none-embed/8.2.0/rv32imacxw/ilp32\libgcc.a(subsf3.o)
                0x000000000000458c                __subsf3
 .text.__fixsfsi
                0x0000000000004914       0x62 d:/mounriver/mrs/mounriver/mounriver_studio/toolchain/risc-v embedded gcc/bin/../lib/gcc/riscv-none-embed/8.2.0/rv32imacxw/ilp32\libgcc.a(fixsfsi.o)
                0x0000000000004914                __fixsfsi
 .text.__fixunssfsi
                0x0000000000004976       0x56 d:/mounriver/mrs/mounriver/mounriver_studio/toolchain/risc-v embedded gcc/bin/../lib/gcc/riscv-none-embed/8.2.0/rv32imacxw/ilp32\libgcc.a(fixunssfsi.o)
                0x0000000000004976                __fixunssfsi
 .text.__floatsisf
                0x00000000000049cc       0xc6 d:/mounriver/mrs/mounriver/mounriver_studio/toolchain/risc-v embedded gcc/bin/../lib/gcc/riscv-none-embed/8.2.0/rv32imacxw/ilp32\libgcc.a(floatsisf.o)
                0x00000000000049cc                __floatsisf
 .text.__extendsfdf2
                0x0000000000004a92       0xac d:/mounriver/mrs/mounriver/mounriver_studio/toolchain/risc-v embedded gcc/bin/../lib/gcc/riscv-none-embed/8.2.0/rv32imacxw/ilp32\libgcc.a(extendsfdf2.o)
                0x0000000000004a92                __extendsfdf2
 .text.__truncdfsf2
                0x0000000000004b3e      0x16a d:/mounriver/mrs/mounriver/mounriver_studio/toolchain/risc-v embedded gcc/bin/../lib/gcc/riscv-none-embed/8.2.0/rv32imacxw/ilp32\libgcc.a(truncdfsf2.o)
                0x0000000000004b3e                __truncdfsf2
 .text.__clzsi2
                0x0000000000004ca8       0x6e d:/mounriver/mrs/mounriver/mounriver_studio/toolchain/risc-v embedded gcc/bin/../lib/gcc/riscv-none-embed/8.2.0/rv32imacxw/ilp32\libgcc.a(_clzsi2.o)
                0x0000000000004ca8                __clzsi2
 .text.memcpy   0x0000000000004d16       0xb2 d:/mounriver/mrs/mounriver/mounriver_studio/toolchain/risc-v embedded gcc/bin/../lib/gcc/riscv-none-embed/8.2.0/../../../../riscv-none-embed/lib/rv32imacxw/ilp32\libg_nano.a(lib_a-memcpy.o)
                0x0000000000004d16                memcpy
 .text.printf   0x0000000000004dc8       0x40 d:/mounriver/mrs/mounriver/mounriver_studio/toolchain/risc-v embedded gcc/bin/../lib/gcc/riscv-none-embed/8.2.0/../../../../riscv-none-embed/lib/rv32imacxw/ilp32\libg_nano.a(lib_a-printf.o)
                0x0000000000004dc8                iprintf
                0x0000000000004dc8                printf
 .text._puts_r  0x0000000000004e08       0xd4 d:/mounriver/mrs/mounriver/mounriver_studio/toolchain/risc-v embedded gcc/bin/../lib/gcc/riscv-none-embed/8.2.0/../../../../riscv-none-embed/lib/rv32imacxw/ilp32\libg_nano.a(lib_a-puts.o)
                0x0000000000004e08                _puts_r
 .text.puts     0x0000000000004edc        0xc d:/mounriver/mrs/mounriver/mounriver_studio/toolchain/risc-v embedded gcc/bin/../lib/gcc/riscv-none-embed/8.2.0/../../../../riscv-none-embed/lib/rv32imacxw/ilp32\libg_nano.a(lib_a-puts.o)
                0x0000000000004edc                puts
 .text.sprintf  0x0000000000004ee8       0x46 d:/mounriver/mrs/mounriver/mounriver_studio/toolchain/risc-v embedded gcc/bin/../lib/gcc/riscv-none-embed/8.2.0/../../../../riscv-none-embed/lib/rv32imacxw/ilp32\libg_nano.a(lib_a-sprintf.o)
                0x0000000000004ee8                siprintf
                0x0000000000004ee8                sprintf
 .text.strlen   0x0000000000004f2e       0x12 d:/mounriver/mrs/mounriver/mounriver_studio/toolchain/risc-v embedded gcc/bin/../lib/gcc/riscv-none-embed/8.2.0/../../../../riscv-none-embed/lib/rv32imacxw/ilp32\libg_nano.a(lib_a-strlen.o)
                0x0000000000004f2e                strlen
 .text.strstr   0x0000000000004f40       0x34 d:/mounriver/mrs/mounriver/mounriver_studio/toolchain/risc-v embedded gcc/bin/../lib/gcc/riscv-none-embed/8.2.0/../../../../riscv-none-embed/lib/rv32imacxw/ilp32\libg_nano.a(lib_a-strstr.o)
                0x0000000000004f40                strstr
 .text.__swbuf_r
                0x0000000000004f74       0xbc d:/mounriver/mrs/mounriver/mounriver_studio/toolchain/risc-v embedded gcc/bin/../lib/gcc/riscv-none-embed/8.2.0/../../../../riscv-none-embed/lib/rv32imacxw/ilp32\libg_nano.a(lib_a-wbuf.o)
                0x0000000000004f74                __swbuf_r
 .text.__swsetup_r
                0x0000000000005030       0xfc d:/mounriver/mrs/mounriver/mounriver_studio/toolchain/risc-v embedded gcc/bin/../lib/gcc/riscv-none-embed/8.2.0/../../../../riscv-none-embed/lib/rv32imacxw/ilp32\libg_nano.a(lib_a-wsetup.o)
                0x0000000000005030                __swsetup_r
 .text.__sflush_r
                0x000000000000512c      0x130 d:/mounriver/mrs/mounriver/mounriver_studio/toolchain/risc-v embedded gcc/bin/../lib/gcc/riscv-none-embed/8.2.0/../../../../riscv-none-embed/lib/rv32imacxw/ilp32\libg_nano.a(lib_a-fflush.o)
                0x000000000000512c                __sflush_r
 .text._fflush_r
                0x000000000000525c       0x66 d:/mounriver/mrs/mounriver/mounriver_studio/toolchain/risc-v embedded gcc/bin/../lib/gcc/riscv-none-embed/8.2.0/../../../../riscv-none-embed/lib/rv32imacxw/ilp32\libg_nano.a(lib_a-fflush.o)
                0x000000000000525c                _fflush_r
 .text.std      0x00000000000052c2       0x66 d:/mounriver/mrs/mounriver/mounriver_studio/toolchain/risc-v embedded gcc/bin/../lib/gcc/riscv-none-embed/8.2.0/../../../../riscv-none-embed/lib/rv32imacxw/ilp32\libg_nano.a(lib_a-findfp.o)
 .text._cleanup_r
                0x0000000000005328        0xa d:/mounriver/mrs/mounriver/mounriver_studio/toolchain/risc-v embedded gcc/bin/../lib/gcc/riscv-none-embed/8.2.0/../../../../riscv-none-embed/lib/rv32imacxw/ilp32\libg_nano.a(lib_a-findfp.o)
                0x0000000000005328                _cleanup_r
 .text.__sfmoreglue
                0x0000000000005332       0x46 d:/mounriver/mrs/mounriver/mounriver_studio/toolchain/risc-v embedded gcc/bin/../lib/gcc/riscv-none-embed/8.2.0/../../../../riscv-none-embed/lib/rv32imacxw/ilp32\libg_nano.a(lib_a-findfp.o)
                0x0000000000005332                __sfmoreglue
 .text.__sinit  0x0000000000005378       0x6c d:/mounriver/mrs/mounriver/mounriver_studio/toolchain/risc-v embedded gcc/bin/../lib/gcc/riscv-none-embed/8.2.0/../../../../riscv-none-embed/lib/rv32imacxw/ilp32\libg_nano.a(lib_a-findfp.o)
                0x0000000000005378                __sinit
 .text.__sfp    0x00000000000053e4       0xa0 d:/mounriver/mrs/mounriver/mounriver_studio/toolchain/risc-v embedded gcc/bin/../lib/gcc/riscv-none-embed/8.2.0/../../../../riscv-none-embed/lib/rv32imacxw/ilp32\libg_nano.a(lib_a-findfp.o)
                0x00000000000053e4                __sfp
 .text._fwalk_reent
                0x0000000000005484       0x6a d:/mounriver/mrs/mounriver/mounriver_studio/toolchain/risc-v embedded gcc/bin/../lib/gcc/riscv-none-embed/8.2.0/../../../../riscv-none-embed/lib/rv32imacxw/ilp32\libg_nano.a(lib_a-fwalk.o)
                0x0000000000005484                _fwalk_reent
 .text.__swhatbuf_r
                0x00000000000054ee       0x58 d:/mounriver/mrs/mounriver/mounriver_studio/toolchain/risc-v embedded gcc/bin/../lib/gcc/riscv-none-embed/8.2.0/../../../../riscv-none-embed/lib/rv32imacxw/ilp32\libg_nano.a(lib_a-makebuf.o)
                0x00000000000054ee                __swhatbuf_r
 .text.__smakebuf_r
                0x0000000000005546       0x92 d:/mounriver/mrs/mounriver/mounriver_studio/toolchain/risc-v embedded gcc/bin/../lib/gcc/riscv-none-embed/8.2.0/../../../../riscv-none-embed/lib/rv32imacxw/ilp32\libg_nano.a(lib_a-makebuf.o)
                0x0000000000005546                __smakebuf_r
 .text._free_r  0x00000000000055d8       0xa8 d:/mounriver/mrs/mounriver/mounriver_studio/toolchain/risc-v embedded gcc/bin/../lib/gcc/riscv-none-embed/8.2.0/../../../../riscv-none-embed/lib/rv32imacxw/ilp32\libg_nano.a(lib_a-nano-freer.o)
                0x00000000000055d8                _free_r
 .text._malloc_r
                0x0000000000005680       0xda d:/mounriver/mrs/mounriver/mounriver_studio/toolchain/risc-v embedded gcc/bin/../lib/gcc/riscv-none-embed/8.2.0/../../../../riscv-none-embed/lib/rv32imacxw/ilp32\libg_nano.a(lib_a-nano-mallocr.o)
                0x0000000000005680                _malloc_r
 .text.__ssputs_r
                0x000000000000575a       0xe4 d:/mounriver/mrs/mounriver/mounriver_studio/toolchain/risc-v embedded gcc/bin/../lib/gcc/riscv-none-embed/8.2.0/../../../../riscv-none-embed/lib/rv32imacxw/ilp32\libg_nano.a(lib_a-nano-svfprintf.o)
                0x000000000000575a                __ssputs_r
 .text._svfprintf_r
                0x000000000000583e      0x26a d:/mounriver/mrs/mounriver/mounriver_studio/toolchain/risc-v embedded gcc/bin/../lib/gcc/riscv-none-embed/8.2.0/../../../../riscv-none-embed/lib/rv32imacxw/ilp32\libg_nano.a(lib_a-nano-svfprintf.o)
                0x000000000000583e                _svfiprintf_r
                0x000000000000583e                _svfprintf_r
 .text.__sfputc_r
                0x0000000000005aa8       0x28 d:/mounriver/mrs/mounriver/mounriver_studio/toolchain/risc-v embedded gcc/bin/../lib/gcc/riscv-none-embed/8.2.0/../../../../riscv-none-embed/lib/rv32imacxw/ilp32\libg_nano.a(lib_a-nano-vfprintf.o)
 .text.__sfputs_r
                0x0000000000005ad0       0x42 d:/mounriver/mrs/mounriver/mounriver_studio/toolchain/risc-v embedded gcc/bin/../lib/gcc/riscv-none-embed/8.2.0/../../../../riscv-none-embed/lib/rv32imacxw/ilp32\libg_nano.a(lib_a-nano-vfprintf.o)
                0x0000000000005ad0                __sfputs_r
 .text._vfprintf_r
                0x0000000000005b12      0x288 d:/mounriver/mrs/mounriver/mounriver_studio/toolchain/risc-v embedded gcc/bin/../lib/gcc/riscv-none-embed/8.2.0/../../../../riscv-none-embed/lib/rv32imacxw/ilp32\libg_nano.a(lib_a-nano-vfprintf.o)
                0x0000000000005b12                _vfprintf_r
                0x0000000000005b12                _vfiprintf_r
 .text._printf_common
                0x0000000000005d9a      0x10c d:/mounriver/mrs/mounriver/mounriver_studio/toolchain/risc-v embedded gcc/bin/../lib/gcc/riscv-none-embed/8.2.0/../../../../riscv-none-embed/lib/rv32imacxw/ilp32\libg_nano.a(lib_a-nano-vfprintf_i.o)
                0x0000000000005d9a                _printf_common
 .text._printf_i
                0x0000000000005ea6      0x2a2 d:/mounriver/mrs/mounriver/mounriver_studio/toolchain/risc-v embedded gcc/bin/../lib/gcc/riscv-none-embed/8.2.0/../../../../riscv-none-embed/lib/rv32imacxw/ilp32\libg_nano.a(lib_a-nano-vfprintf_i.o)
                0x0000000000005ea6                _printf_i
 .text._sbrk_r  0x0000000000006148       0x2a d:/mounriver/mrs/mounriver/mounriver_studio/toolchain/risc-v embedded gcc/bin/../lib/gcc/riscv-none-embed/8.2.0/../../../../riscv-none-embed/lib/rv32imacxw/ilp32\libg_nano.a(lib_a-sbrkr.o)
                0x0000000000006148                _sbrk_r
 .text.__sread  0x0000000000006172       0x2c d:/mounriver/mrs/mounriver/mounriver_studio/toolchain/risc-v embedded gcc/bin/../lib/gcc/riscv-none-embed/8.2.0/../../../../riscv-none-embed/lib/rv32imacxw/ilp32\libg_nano.a(lib_a-stdio.o)
                0x0000000000006172                __sread
 .text.__swrite
                0x000000000000619e       0x48 d:/mounriver/mrs/mounriver/mounriver_studio/toolchain/risc-v embedded gcc/bin/../lib/gcc/riscv-none-embed/8.2.0/../../../../riscv-none-embed/lib/rv32imacxw/ilp32\libg_nano.a(lib_a-stdio.o)
                0x000000000000619e                __swrite
 .text.__sseek  0x00000000000061e6       0x30 d:/mounriver/mrs/mounriver/mounriver_studio/toolchain/risc-v embedded gcc/bin/../lib/gcc/riscv-none-embed/8.2.0/../../../../riscv-none-embed/lib/rv32imacxw/ilp32\libg_nano.a(lib_a-stdio.o)
                0x00000000000061e6                __sseek
 .text.__sclose
                0x0000000000006216        0x6 d:/mounriver/mrs/mounriver/mounriver_studio/toolchain/risc-v embedded gcc/bin/../lib/gcc/riscv-none-embed/8.2.0/../../../../riscv-none-embed/lib/rv32imacxw/ilp32\libg_nano.a(lib_a-stdio.o)
                0x0000000000006216                __sclose
 .text._write_r
                0x000000000000621c       0x2e d:/mounriver/mrs/mounriver/mounriver_studio/toolchain/risc-v embedded gcc/bin/../lib/gcc/riscv-none-embed/8.2.0/../../../../riscv-none-embed/lib/rv32imacxw/ilp32\libg_nano.a(lib_a-writer.o)
                0x000000000000621c                _write_r
 .text._close_r
                0x000000000000624a       0x28 d:/mounriver/mrs/mounriver/mounriver_studio/toolchain/risc-v embedded gcc/bin/../lib/gcc/riscv-none-embed/8.2.0/../../../../riscv-none-embed/lib/rv32imacxw/ilp32\libg_nano.a(lib_a-closer.o)
                0x000000000000624a                _close_r
 .text._fstat_r
                0x0000000000006272       0x2a d:/mounriver/mrs/mounriver/mounriver_studio/toolchain/risc-v embedded gcc/bin/../lib/gcc/riscv-none-embed/8.2.0/../../../../riscv-none-embed/lib/rv32imacxw/ilp32\libg_nano.a(lib_a-fstatr.o)
                0x0000000000006272                _fstat_r
 .text._isatty_r
                0x000000000000629c       0x28 d:/mounriver/mrs/mounriver/mounriver_studio/toolchain/risc-v embedded gcc/bin/../lib/gcc/riscv-none-embed/8.2.0/../../../../riscv-none-embed/lib/rv32imacxw/ilp32\libg_nano.a(lib_a-isattyr.o)
                0x000000000000629c                _isatty_r
 .text._lseek_r
                0x00000000000062c4       0x2c d:/mounriver/mrs/mounriver/mounriver_studio/toolchain/risc-v embedded gcc/bin/../lib/gcc/riscv-none-embed/8.2.0/../../../../riscv-none-embed/lib/rv32imacxw/ilp32\libg_nano.a(lib_a-lseekr.o)
                0x00000000000062c4                _lseek_r
 .text.memchr   0x00000000000062f0       0x18 d:/mounriver/mrs/mounriver/mounriver_studio/toolchain/risc-v embedded gcc/bin/../lib/gcc/riscv-none-embed/8.2.0/../../../../riscv-none-embed/lib/rv32imacxw/ilp32\libg_nano.a(lib_a-memchr.o)
                0x00000000000062f0                memchr
 .text.memmove  0x0000000000006308       0x46 d:/mounriver/mrs/mounriver/mounriver_studio/toolchain/risc-v embedded gcc/bin/../lib/gcc/riscv-none-embed/8.2.0/../../../../riscv-none-embed/lib/rv32imacxw/ilp32\libg_nano.a(lib_a-memmove.o)
                0x0000000000006308                memmove
 .text.__malloc_lock
                0x000000000000634e        0x2 d:/mounriver/mrs/mounriver/mounriver_studio/toolchain/risc-v embedded gcc/bin/../lib/gcc/riscv-none-embed/8.2.0/../../../../riscv-none-embed/lib/rv32imacxw/ilp32\libg_nano.a(lib_a-mlock.o)
                0x000000000000634e                __malloc_lock
 .text.__malloc_unlock
                0x0000000000006350        0x2 d:/mounriver/mrs/mounriver/mounriver_studio/toolchain/risc-v embedded gcc/bin/../lib/gcc/riscv-none-embed/8.2.0/../../../../riscv-none-embed/lib/rv32imacxw/ilp32\libg_nano.a(lib_a-mlock.o)
                0x0000000000006350                __malloc_unlock
 .text._realloc_r
                0x0000000000006352       0x58 d:/mounriver/mrs/mounriver/mounriver_studio/toolchain/risc-v embedded gcc/bin/../lib/gcc/riscv-none-embed/8.2.0/../../../../riscv-none-embed/lib/rv32imacxw/ilp32\libg_nano.a(lib_a-nano-reallocr.o)
                0x0000000000006352                _realloc_r
 .text._read_r  0x00000000000063aa       0x2c d:/mounriver/mrs/mounriver/mounriver_studio/toolchain/risc-v embedded gcc/bin/../lib/gcc/riscv-none-embed/8.2.0/../../../../riscv-none-embed/lib/rv32imacxw/ilp32\libg_nano.a(lib_a-readr.o)
                0x00000000000063aa                _read_r
 .text._malloc_usable_size_r
                0x00000000000063d6       0x14 d:/mounriver/mrs/mounriver/mounriver_studio/toolchain/risc-v embedded gcc/bin/../lib/gcc/riscv-none-embed/8.2.0/../../../../riscv-none-embed/lib/rv32imacxw/ilp32\libg_nano.a(lib_a-nano-msizer.o)
                0x00000000000063d6                _malloc_usable_size_r
 .text._close   0x00000000000063ea        0xc d:/mounriver/mrs/mounriver/mounriver_studio/toolchain/risc-v embedded gcc/bin/../lib/gcc/riscv-none-embed/8.2.0/../../../../riscv-none-embed/lib/rv32imacxw/ilp32\libnosys.a(close.o)
                0x00000000000063ea                _close
 .text._fstat   0x00000000000063f6        0xc d:/mounriver/mrs/mounriver/mounriver_studio/toolchain/risc-v embedded gcc/bin/../lib/gcc/riscv-none-embed/8.2.0/../../../../riscv-none-embed/lib/rv32imacxw/ilp32\libnosys.a(fstat.o)
                0x00000000000063f6                _fstat
 .text._isatty  0x0000000000006402        0xc d:/mounriver/mrs/mounriver/mounriver_studio/toolchain/risc-v embedded gcc/bin/../lib/gcc/riscv-none-embed/8.2.0/../../../../riscv-none-embed/lib/rv32imacxw/ilp32\libnosys.a(isatty.o)
                0x0000000000006402                _isatty
 .text._lseek   0x000000000000640e        0xc d:/mounriver/mrs/mounriver/mounriver_studio/toolchain/risc-v embedded gcc/bin/../lib/gcc/riscv-none-embed/8.2.0/../../../../riscv-none-embed/lib/rv32imacxw/ilp32\libnosys.a(lseek.o)
                0x000000000000640e                _lseek
 .text._read    0x000000000000641a        0xc d:/mounriver/mrs/mounriver/mounriver_studio/toolchain/risc-v embedded gcc/bin/../lib/gcc/riscv-none-embed/8.2.0/../../../../riscv-none-embed/lib/rv32imacxw/ilp32\libnosys.a(read.o)
                0x000000000000641a                _read
 *(.rodata)
 *(.rodata*)
 *fill*         0x0000000000006426        0x2 
 .rodata.EC20_Init.str1.4
                0x0000000000006428       0xaa ./User/EC20.o
 *fill*         0x00000000000064d2        0x2 
 .rodata.Mqtt_Savedata.str1.4
                0x00000000000064d4       0xa4 ./User/EC20.o
 .rodata.Read_GPS.cst4
                0x0000000000006578        0xc ./User/EC20.o
 *fill*         0x0000000000006584        0x4 
 .rodata.Read_GPS.cst8
                0x0000000000006588       0x28 ./User/EC20.o
 .rodata.Read_GPS.str1.4
                0x00000000000065b0       0x14 ./User/EC20.o
 .rodata.RC522_Handle.str1.4
                0x00000000000065c4        0x5 ./User/RC522.o
 *fill*         0x00000000000065c9        0x3 
 .rodata.ascii_1608
                0x00000000000065cc      0x5f0 ./User/lcd.o
                0x00000000000065cc                ascii_1608
 .rodata.ascii_3216
                0x0000000000006bbc     0x17c0 ./User/lcd.o
                0x0000000000006bbc                ascii_3216
 .rodata.Acquire_SensorDATE.cst4
                0x000000000000837c        0x8 ./User/main.o
 .rodata.Acquire_SensorDATE.cst8
                0x0000000000008384        0x8 ./User/main.o
 .rodata.Acquire_SensorDATE.str1.4
                0x0000000000008384       0x3e ./User/main.o
 *fill*         0x00000000000083c2        0x2 
 .rodata.Pub_Msgdata.str1.4
                0x00000000000083c4       0x35 ./User/main.o
 .rodata.Ultrasoniclength.cst4
                0x00000000000083f9        0x4 ./User/timer.o
 *fill*         0x00000000000083f9        0x7 
 .rodata.Ultrasoniclength.cst8
                0x0000000000008400        0x8 ./User/timer.o
 .rodata.__divdf3
                0x0000000000008408       0x40 d:/mounriver/mrs/mounriver/mounriver_studio/toolchain/risc-v embedded gcc/bin/../lib/gcc/riscv-none-embed/8.2.0/rv32imacxw/ilp32\libgcc.a(divdf3.o)
 .rodata.__muldf3
                0x0000000000008448       0x40 d:/mounriver/mrs/mounriver/mounriver_studio/toolchain/risc-v embedded gcc/bin/../lib/gcc/riscv-none-embed/8.2.0/rv32imacxw/ilp32\libgcc.a(muldf3.o)
 .rodata.__divsf3
                0x0000000000008488       0x80 d:/mounriver/mrs/mounriver/mounriver_studio/toolchain/risc-v embedded gcc/bin/../lib/gcc/riscv-none-embed/8.2.0/rv32imacxw/ilp32\libgcc.a(divsf3.o)
 .rodata.__mulsf3
                0x0000000000008508       0x40 d:/mounriver/mrs/mounriver/mounriver_studio/toolchain/risc-v embedded gcc/bin/../lib/gcc/riscv-none-embed/8.2.0/rv32imacxw/ilp32\libgcc.a(mulsf3.o)
 .rodata.__clz_tab
                0x0000000000008548      0x100 d:/mounriver/mrs/mounriver/mounriver_studio/toolchain/risc-v embedded gcc/bin/../lib/gcc/riscv-none-embed/8.2.0/rv32imacxw/ilp32\libgcc.a(_clz.o)
                0x0000000000008548                __clz_tab
 .rodata.__sf_fake_stderr
                0x0000000000008648       0x20 d:/mounriver/mrs/mounriver/mounriver_studio/toolchain/risc-v embedded gcc/bin/../lib/gcc/riscv-none-embed/8.2.0/../../../../riscv-none-embed/lib/rv32imacxw/ilp32\libg_nano.a(lib_a-findfp.o)
                0x0000000000008648                __sf_fake_stderr
 .rodata.__sf_fake_stdin
                0x0000000000008668       0x20 d:/mounriver/mrs/mounriver/mounriver_studio/toolchain/risc-v embedded gcc/bin/../lib/gcc/riscv-none-embed/8.2.0/../../../../riscv-none-embed/lib/rv32imacxw/ilp32\libg_nano.a(lib_a-findfp.o)
                0x0000000000008668                __sf_fake_stdin
 .rodata.__sf_fake_stdout
                0x0000000000008688       0x20 d:/mounriver/mrs/mounriver/mounriver_studio/toolchain/risc-v embedded gcc/bin/../lib/gcc/riscv-none-embed/8.2.0/../../../../riscv-none-embed/lib/rv32imacxw/ilp32\libg_nano.a(lib_a-findfp.o)
                0x0000000000008688                __sf_fake_stdout
 .rodata._svfprintf_r.str1.4
                0x00000000000086a8       0x13 d:/mounriver/mrs/mounriver/mounriver_studio/toolchain/risc-v embedded gcc/bin/../lib/gcc/riscv-none-embed/8.2.0/../../../../riscv-none-embed/lib/rv32imacxw/ilp32\libg_nano.a(lib_a-nano-svfprintf.o)
 .rodata._vfprintf_r.str1.4
                0x00000000000086bb       0x13 d:/mounriver/mrs/mounriver/mounriver_studio/toolchain/risc-v embedded gcc/bin/../lib/gcc/riscv-none-embed/8.2.0/../../../../riscv-none-embed/lib/rv32imacxw/ilp32\libg_nano.a(lib_a-nano-vfprintf.o)
 *fill*         0x00000000000086bb        0x1 
 .rodata._printf_i.str1.4
                0x00000000000086bc       0x28 d:/mounriver/mrs/mounriver/mounriver_studio/toolchain/risc-v embedded gcc/bin/../lib/gcc/riscv-none-embed/8.2.0/../../../../riscv-none-embed/lib/rv32imacxw/ilp32\libg_nano.a(lib_a-nano-vfprintf_i.o)
                                         0x25 (size before relaxing)
 *(.gnu.linkonce.t.*)
                0x00000000000086e4                . = ALIGN (0x4)

.rela.dyn       0x00000000000086e4        0x0
 .rela.text._sbrk
                0x00000000000086e4        0x0 ./User/EC20.o
 .rela.sdata.curbrk.5226
                0x00000000000086e4        0x0 ./User/EC20.o
 .rela.init     0x00000000000086e4        0x0 ./User/EC20.o
 .rela.vector   0x00000000000086e4        0x0 ./User/EC20.o
 .rela.text.handle_reset
                0x00000000000086e4        0x0 ./User/EC20.o
 .rela.text._svfprintf_r
                0x00000000000086e4        0x0 ./User/EC20.o
 .rela.text._vfprintf_r
                0x00000000000086e4        0x0 ./User/EC20.o
 .rela.text._sbrk_r
                0x00000000000086e4        0x0 ./User/EC20.o
 .rela.text._write_r
                0x00000000000086e4        0x0 ./User/EC20.o
 .rela.text._close_r
                0x00000000000086e4        0x0 ./User/EC20.o
 .rela.text._fstat_r
                0x00000000000086e4        0x0 ./User/EC20.o
 .rela.text._isatty_r
                0x00000000000086e4        0x0 ./User/EC20.o
 .rela.text._lseek_r
                0x00000000000086e4        0x0 ./User/EC20.o
 .rela.text._read_r
                0x00000000000086e4        0x0 ./User/EC20.o
 .rela.text._close
                0x00000000000086e4        0x0 ./User/EC20.o
 .rela.text._fstat
                0x00000000000086e4        0x0 ./User/EC20.o
 .rela.text._isatty
                0x00000000000086e4        0x0 ./User/EC20.o
 .rela.text._lseek
                0x00000000000086e4        0x0 ./User/EC20.o
 .rela.text._read
                0x00000000000086e4        0x0 ./User/EC20.o

.fini           0x00000000000086e4        0x0
 *(SORT_NONE(.fini))
                0x00000000000086e4                . = ALIGN (0x4)
                [!provide]                        PROVIDE (_etext = .)
                [!provide]                        PROVIDE (_eitcm = .)

.preinit_array  0x00000000000086e4        0x0
                [!provide]                        PROVIDE (__preinit_array_start = .)
 *(.preinit_array)
                [!provide]                        PROVIDE (__preinit_array_end = .)

.init_array     0x00000000000086e4        0x0
                [!provide]                        PROVIDE (__init_array_start = .)
 *(SORT_BY_INIT_PRIORITY(.init_array.*) SORT_BY_INIT_PRIORITY(.ctors.*))
 *(.init_array EXCLUDE_FILE(*crtend?.o *crtend.o *crtbegin?.o *crtbegin.o) .ctors)
                [!provide]                        PROVIDE (__init_array_end = .)

.fini_array     0x00000000000086e4        0x0
                [!provide]                        PROVIDE (__fini_array_start = .)
 *(SORT_BY_INIT_PRIORITY(.fini_array.*) SORT_BY_INIT_PRIORITY(.dtors.*))
 *(.fini_array EXCLUDE_FILE(*crtend?.o *crtend.o *crtbegin?.o *crtbegin.o) .dtors)
                [!provide]                        PROVIDE (__fini_array_end = .)

.ctors
 *crtbegin.o(.ctors)
 *crtbegin?.o(.ctors)
 *(EXCLUDE_FILE(*crtend?.o *crtend.o) .ctors)
 *(SORT_BY_NAME(.ctors.*))
 *(.ctors)

.dtors
 *crtbegin.o(.dtors)
 *crtbegin?.o(.dtors)
 *(EXCLUDE_FILE(*crtend?.o *crtend.o) .dtors)
 *(SORT_BY_NAME(.dtors.*))
 *(.dtors)

.dalign         0x0000000020000000        0x0 load address 0x00000000000086e4
                0x0000000020000000                . = ALIGN (0x4)
                0x0000000020000000                PROVIDE (_data_vma = .)

.dlalign        0x00000000000086e4        0x0
                0x00000000000086e4                . = ALIGN (0x4)
                0x00000000000086e4                PROVIDE (_data_lma = .)

.data           0x0000000020000000       0xe0 load address 0x00000000000086e4
 *(.gnu.linkonce.r.*)
 *(.data .data.*)
 .data.DATA1    0x0000000020000000       0x10 ./User/RC522.o
                0x0000000020000000                DATA1
 .data.lat      0x0000000020000010       0x14 ./User/main.o
                0x0000000020000010                lat
 .data.lon      0x0000000020000024       0x14 ./User/main.o
                0x0000000020000024                lon
 .data.APBAHBPrescTable
                0x0000000020000038       0x10 ./Peripheral/src/ch32v30x_rcc.o
 .data.impure_data
                0x0000000020000048       0x60 d:/mounriver/mrs/mounriver/mounriver_studio/toolchain/risc-v embedded gcc/bin/../lib/gcc/riscv-none-embed/8.2.0/../../../../riscv-none-embed/lib/rv32imacxw/ilp32\libg_nano.a(lib_a-impure.o)
 *(.gnu.linkonce.d.*)
                0x00000000200000a8                . = ALIGN (0x8)
                0x00000000200008a8                PROVIDE (__global_pointer$ = (. + 0x800))
 *(.sdata .sdata.*)
 .sdata.KEY_A   0x00000000200000a8        0x6 ./User/RC522.o
                0x00000000200000a8                KEY_A
 *fill*         0x00000000200000ae        0x2 
 .sdata.KEY_B   0x00000000200000b0        0x6 ./User/RC522.o
                0x00000000200000b0                KEY_B
 .sdata.addr    0x00000000200000b6        0x1 ./User/RC522.o
                0x00000000200000b6                addr
 *fill*         0x00000000200000b7        0x1 
 .sdata.card_0  0x00000000200000b8        0x4 ./User/RC522.o
                0x00000000200000b8                card_0
 .sdata.card_1  0x00000000200000bc        0x4 ./User/RC522.o
                0x00000000200000bc                card_1
 .sdata.card_2  0x00000000200000c0        0x4 ./User/RC522.o
                0x00000000200000c0                card_2
 .sdata.card_3  0x00000000200000c4        0x4 ./User/RC522.o
                0x00000000200000c4                card_3
 .sdata.card_4  0x00000000200000c8        0x4 ./User/RC522.o
                0x00000000200000c8                card_4
 .sdata.SystemCoreClock
                0x00000000200000cc        0x4 ./User/system_ch32v30x.o
                0x00000000200000cc                SystemCoreClock
 .sdata.curbrk.5226
                0x00000000200000d0        0x4 ./User/usart.o
 .sdata.ADCPrescTable
                0x00000000200000d4        0x4 ./Peripheral/src/ch32v30x_rcc.o
 .sdata._impure_ptr
                0x00000000200000d8        0x4 d:/mounriver/mrs/mounriver/mounriver_studio/toolchain/risc-v embedded gcc/bin/../lib/gcc/riscv-none-embed/8.2.0/../../../../riscv-none-embed/lib/rv32imacxw/ilp32\libg_nano.a(lib_a-impure.o)
                0x00000000200000d8                _impure_ptr
 *(.sdata2.*)
 .sdata2._global_impure_ptr
                0x00000000200000dc        0x4 d:/mounriver/mrs/mounriver/mounriver_studio/toolchain/risc-v embedded gcc/bin/../lib/gcc/riscv-none-embed/8.2.0/../../../../riscv-none-embed/lib/rv32imacxw/ilp32\libg_nano.a(lib_a-impure.o)
                0x00000000200000dc                _global_impure_ptr
 *(.gnu.linkonce.s.*)
                0x00000000200000e0                . = ALIGN (0x8)
 *(.srodata.cst16)
 *(.srodata.cst8)
 *(.srodata.cst4)
 *(.srodata.cst2)
 *(.srodata .srodata.*)
                0x00000000200000e0                . = ALIGN (0x4)
                0x00000000200000e0                PROVIDE (_edata = .)

.bss            0x00000000200000e0      0x2cc load address 0x00000000000087c4
                0x00000000200000e0                . = ALIGN (0x4)
                0x00000000200000e0                PROVIDE (_sbss = .)
 *(.sbss*)
 .sbss.strx     0x00000000200000e0        0x4 ./User/EC20.o
                0x00000000200000e0                strx
 .sbss.CT       0x00000000200000e4        0x2 ./User/RC522.o
                0x00000000200000e4                CT
 *fill*         0x00000000200000e6        0x2 
 .sbss.SN       0x00000000200000e8        0x4 ./User/RC522.o
                0x00000000200000e8                SN
 .sbss.card0_bit
                0x00000000200000ec        0x1 ./User/RC522.o
                0x00000000200000ec                card0_bit
 .sbss.card1_bit
                0x00000000200000ed        0x1 ./User/RC522.o
                0x00000000200000ed                card1_bit
 .sbss.card2_bit
                0x00000000200000ee        0x1 ./User/RC522.o
                0x00000000200000ee                card2_bit
 .sbss.card3_bit
                0x00000000200000ef        0x1 ./User/RC522.o
                0x00000000200000ef                card3_bit
 .sbss.card4_bit
                0x00000000200000f0        0x1 ./User/RC522.o
                0x00000000200000f0                card4_bit
 .sbss.status   0x00000000200000f1        0x1 ./User/RC522.o
                0x00000000200000f1                status
 *fill*         0x00000000200000f2        0x2 
 .sbss.Water_Level
                0x00000000200000f4        0x4 ./User/main.o
                0x00000000200000f4                Water_Level
 .sbss.Water_Pressure
                0x00000000200000f8        0x4 ./User/main.o
                0x00000000200000f8                Water_Pressure
 .sbss.data_len
                0x00000000200000fc        0x1 ./User/main.o
                0x00000000200000fc                data_len
 *fill*         0x00000000200000fd        0x1 
 .sbss.gyrox    0x00000000200000fe        0x2 ./User/main.o
                0x00000000200000fe                gyrox
 .sbss.gyroy    0x0000000020000100        0x2 ./User/main.o
                0x0000000020000100                gyroy
 .sbss.gyroz    0x0000000020000102        0x2 ./User/main.o
                0x0000000020000102                gyroz
 .sbss.q        0x0000000020000104        0x4 ./User/main.o
                0x0000000020000104                q
 .sbss.stry     0x0000000020000108        0x4 ./User/main.o
                0x0000000020000108                stry
 .sbss.t        0x000000002000010c        0x4 ./User/main.o
                0x000000002000010c                t
 .sbss.wp_adc   0x0000000020000110        0x1 ./User/main.o
                0x0000000020000110                wp_adc
 *fill*         0x0000000020000111        0x1 
 .sbss.count    0x0000000020000112        0x2 ./User/timer.o
                0x0000000020000112                count
 .sbss.Rxcouter2
                0x0000000020000114        0x1 ./User/usart.o
                0x0000000020000114                Rxcouter2
 .sbss.Rxcouter3
                0x0000000020000115        0x1 ./User/usart.o
                0x0000000020000115                Rxcouter3
 .sbss.ucCnt    0x0000000020000116        0x1 ./User/usart.o
 .sbss.ucRxFinish
                0x0000000020000117        0x1 ./User/usart.o
                0x0000000020000117                ucRxFinish
 .sbss.NVIC_Priority_Group
                0x0000000020000118        0x4 ./Peripheral/src/ch32v30x_misc.o
                0x0000000020000118                NVIC_Priority_Group
 .sbss.p_ms     0x000000002000011c        0x2 ./Debug/debug.o
 .sbss.p_us     0x000000002000011e        0x1 ./Debug/debug.o
 *fill*         0x000000002000011f        0x1 
 .sbss.__malloc_free_list
                0x0000000020000120        0x4 d:/mounriver/mrs/mounriver/mounriver_studio/toolchain/risc-v embedded gcc/bin/../lib/gcc/riscv-none-embed/8.2.0/../../../../riscv-none-embed/lib/rv32imacxw/ilp32\libg_nano.a(lib_a-nano-mallocr.o)
                0x0000000020000120                __malloc_free_list
 .sbss.__malloc_sbrk_start
                0x0000000020000124        0x4 d:/mounriver/mrs/mounriver/mounriver_studio/toolchain/risc-v embedded gcc/bin/../lib/gcc/riscv-none-embed/8.2.0/../../../../riscv-none-embed/lib/rv32imacxw/ilp32\libg_nano.a(lib_a-nano-mallocr.o)
                0x0000000020000124                __malloc_sbrk_start
 *(.gnu.linkonce.sb.*)
 *(.bss*)
 .bss.Card_ID   0x0000000020000128        0x9 ./User/RC522.o
                0x0000000020000128                Card_ID
 *fill*         0x0000000020000131        0x3 
 .bss.DATA      0x0000000020000134       0x10 ./User/RC522.o
                0x0000000020000134                DATA
 .bss.datastr   0x0000000020000144        0xa ./User/main.o
                0x0000000020000144                datastr
 *fill*         0x000000002000014e        0x2 
 .bss.send_jason
                0x0000000020000150       0xc8 ./User/main.o
                0x0000000020000150                send_jason
 .bss.RxBuffer2
                0x0000000020000218       0xc8 ./User/usart.o
                0x0000000020000218                RxBuffer2
 .bss.RxBuffer3
                0x00000000200002e0       0x64 ./User/usart.o
                0x00000000200002e0                RxBuffer3
 .bss.ucRxData  0x0000000020000344       0x64 ./User/usart.o
                0x0000000020000344                ucRxData
 *(.gnu.linkonce.b.*)
 *(COMMON*)
 COMMON         0x00000000200003a8        0x4 d:/mounriver/mrs/mounriver/mounriver_studio/toolchain/risc-v embedded gcc/bin/../lib/gcc/riscv-none-embed/8.2.0/../../../../riscv-none-embed/lib/rv32imacxw/ilp32\libg_nano.a(lib_a-reent.o)
                0x00000000200003a8                errno
                0x00000000200003ac                . = ALIGN (0x4)
                0x00000000200003ac                PROVIDE (_ebss = .)
                0x00000000200003ac                PROVIDE (_end = _ebss)
                [!provide]                        PROVIDE (end = .)

.stack          0x0000000020007800      0x800
                0x0000000020007800                PROVIDE (_heap_end = .)
                0x0000000020007800                . = ALIGN (0x4)
                [!provide]                        PROVIDE (_susrstack = .)
                0x0000000020008000                . = (. + __stack_size)
 *fill*         0x0000000020007800      0x800 
                0x0000000020008000                PROVIDE (_eusrstack = .)
OUTPUT(hydrant.elf elf32-littleriscv)

.debug_info     0x0000000000000000    0x1b707
 .debug_info    0x0000000000000000     0x16c6 ./User/EC20.o
 .debug_info    0x00000000000016c6      0xd8f ./User/IIC.o
 .debug_info    0x0000000000002455     0x16e9 ./User/MPU6050.o
 .debug_info    0x0000000000003b3e     0x266c ./User/RC522.o
 .debug_info    0x00000000000061aa     0x1005 ./User/adc.o
 .debug_info    0x00000000000071af      0x962 ./User/ch32v30x_it.o
 .debug_info    0x0000000000007b11      0xbc7 ./User/gpio.o
 .debug_info    0x00000000000086d8     0x2aa4 ./User/lcd.o
 .debug_info    0x000000000000b17c     0x1283 ./User/main.o
 .debug_info    0x000000000000c3ff      0xb89 ./User/system_ch32v30x.o
 .debug_info    0x000000000000cf88     0x138e ./User/timer.o
 .debug_info    0x000000000000e316     0x1724 ./User/usart.o
 .debug_info    0x000000000000fa3a       0x22 ./Startup/startup_ch32v30x_D8C.o
 .debug_info    0x000000000000fa5c     0x16e9 ./Peripheral/src/ch32v30x_adc.o
 .debug_info    0x0000000000011145     0x1093 ./Peripheral/src/ch32v30x_gpio.o
 .debug_info    0x00000000000121d8     0x1481 ./Peripheral/src/ch32v30x_i2c.o
 .debug_info    0x0000000000013659      0xf72 ./Peripheral/src/ch32v30x_misc.o
 .debug_info    0x00000000000145cb     0x156e ./Peripheral/src/ch32v30x_rcc.o
 .debug_info    0x0000000000015b39     0x12cd ./Peripheral/src/ch32v30x_spi.o
 .debug_info    0x0000000000016e06     0x2a16 ./Peripheral/src/ch32v30x_tim.o
 .debug_info    0x000000000001981c     0x1420 ./Peripheral/src/ch32v30x_usart.o
 .debug_info    0x000000000001ac3c      0xacb ./Debug/debug.o

.debug_abbrev   0x0000000000000000     0x41c4
 .debug_abbrev  0x0000000000000000      0x321 ./User/EC20.o
 .debug_abbrev  0x0000000000000321      0x280 ./User/IIC.o
 .debug_abbrev  0x00000000000005a1      0x389 ./User/MPU6050.o
 .debug_abbrev  0x000000000000092a      0x44a ./User/RC522.o
 .debug_abbrev  0x0000000000000d74      0x2d3 ./User/adc.o
 .debug_abbrev  0x0000000000001047      0x1cf ./User/ch32v30x_it.o
 .debug_abbrev  0x0000000000001216      0x260 ./User/gpio.o
 .debug_abbrev  0x0000000000001476      0x41c ./User/lcd.o
 .debug_abbrev  0x0000000000001892      0x2cb ./User/main.o
 .debug_abbrev  0x0000000000001b5d      0x2c0 ./User/system_ch32v30x.o
 .debug_abbrev  0x0000000000001e1d      0x31a ./User/timer.o
 .debug_abbrev  0x0000000000002137      0x345 ./User/usart.o
 .debug_abbrev  0x000000000000247c       0x12 ./Startup/startup_ch32v30x_D8C.o
 .debug_abbrev  0x000000000000248e      0x3a9 ./Peripheral/src/ch32v30x_adc.o
 .debug_abbrev  0x0000000000002837      0x309 ./Peripheral/src/ch32v30x_gpio.o
 .debug_abbrev  0x0000000000002b40      0x3a7 ./Peripheral/src/ch32v30x_i2c.o
 .debug_abbrev  0x0000000000002ee7      0x2fb ./Peripheral/src/ch32v30x_misc.o
 .debug_abbrev  0x00000000000031e2      0x351 ./Peripheral/src/ch32v30x_rcc.o
 .debug_abbrev  0x0000000000003533      0x312 ./Peripheral/src/ch32v30x_spi.o
 .debug_abbrev  0x0000000000003845      0x408 ./Peripheral/src/ch32v30x_tim.o
 .debug_abbrev  0x0000000000003c4d      0x312 ./Peripheral/src/ch32v30x_usart.o
 .debug_abbrev  0x0000000000003f5f      0x265 ./Debug/debug.o

.debug_loc      0x0000000000000000     0x7914
 .debug_loc     0x0000000000000000      0x45d ./User/EC20.o
 .debug_loc     0x000000000000045d       0x3f ./User/IIC.o
 .debug_loc     0x000000000000049c      0x447 ./User/MPU6050.o
 .debug_loc     0x00000000000008e3      0xb7c ./User/RC522.o
 .debug_loc     0x000000000000145f       0x5b ./User/adc.o
 .debug_loc     0x00000000000014ba     0x14bb ./User/lcd.o
 .debug_loc     0x0000000000002975       0xda ./User/system_ch32v30x.o
 .debug_loc     0x0000000000002a4f      0x14b ./User/timer.o
 .debug_loc     0x0000000000002b9a      0x2af ./User/usart.o
 .debug_loc     0x0000000000002e49      0xab6 ./Peripheral/src/ch32v30x_adc.o
 .debug_loc     0x00000000000038ff      0x657 ./Peripheral/src/ch32v30x_gpio.o
 .debug_loc     0x0000000000003f56      0x70d ./Peripheral/src/ch32v30x_i2c.o
 .debug_loc     0x0000000000004663       0xce ./Peripheral/src/ch32v30x_misc.o
 .debug_loc     0x0000000000004731      0xadb ./Peripheral/src/ch32v30x_rcc.o
 .debug_loc     0x000000000000520c      0x598 ./Peripheral/src/ch32v30x_spi.o
 .debug_loc     0x00000000000057a4     0x195e ./Peripheral/src/ch32v30x_tim.o
 .debug_loc     0x0000000000007102      0x7bb ./Peripheral/src/ch32v30x_usart.o
 .debug_loc     0x00000000000078bd       0x57 ./Debug/debug.o

.debug_aranges  0x0000000000000000      0xe10
 .debug_aranges
                0x0000000000000000       0x48 ./User/EC20.o
 .debug_aranges
                0x0000000000000048       0x20 ./User/IIC.o
 .debug_aranges
                0x0000000000000068       0x78 ./User/MPU6050.o
 .debug_aranges
                0x00000000000000e0       0xf0 ./User/RC522.o
 .debug_aranges
                0x00000000000001d0       0x30 ./User/adc.o
 .debug_aranges
                0x0000000000000200       0x28 ./User/ch32v30x_it.o
 .debug_aranges
                0x0000000000000228       0x28 ./User/gpio.o
 .debug_aranges
                0x0000000000000250       0xc8 ./User/lcd.o
 .debug_aranges
                0x0000000000000318       0x30 ./User/main.o
 .debug_aranges
                0x0000000000000348       0x28 ./User/system_ch32v30x.o
 .debug_aranges
                0x0000000000000370       0x48 ./User/timer.o
 .debug_aranges
                0x00000000000003b8       0x80 ./User/usart.o
 .debug_aranges
                0x0000000000000438       0x30 ./Startup/startup_ch32v30x_D8C.o
 .debug_aranges
                0x0000000000000468      0x150 ./Peripheral/src/ch32v30x_adc.o
 .debug_aranges
                0x00000000000005b8       0xa8 ./Peripheral/src/ch32v30x_gpio.o
 .debug_aranges
                0x0000000000000660      0x110 ./Peripheral/src/ch32v30x_i2c.o
 .debug_aranges
                0x0000000000000770       0x28 ./Peripheral/src/ch32v30x_misc.o
 .debug_aranges
                0x0000000000000798      0x1a8 ./Peripheral/src/ch32v30x_rcc.o
 .debug_aranges
                0x0000000000000940       0xd0 ./Peripheral/src/ch32v30x_spi.o
 .debug_aranges
                0x0000000000000a10      0x2d0 ./Peripheral/src/ch32v30x_tim.o
 .debug_aranges
                0x0000000000000ce0      0x100 ./Peripheral/src/ch32v30x_usart.o
 .debug_aranges
                0x0000000000000de0       0x30 ./Debug/debug.o

.debug_ranges   0x0000000000000000      0xdd8
 .debug_ranges  0x0000000000000000       0x38 ./User/EC20.o
 .debug_ranges  0x0000000000000038       0x10 ./User/IIC.o
 .debug_ranges  0x0000000000000048       0xa0 ./User/MPU6050.o
 .debug_ranges  0x00000000000000e8       0xe0 ./User/RC522.o
 .debug_ranges  0x00000000000001c8       0x20 ./User/adc.o
 .debug_ranges  0x00000000000001e8       0x18 ./User/ch32v30x_it.o
 .debug_ranges  0x0000000000000200       0x18 ./User/gpio.o
 .debug_ranges  0x0000000000000218      0x120 ./User/lcd.o
 .debug_ranges  0x0000000000000338       0x20 ./User/main.o
 .debug_ranges  0x0000000000000358       0x38 ./User/system_ch32v30x.o
 .debug_ranges  0x0000000000000390       0x38 ./User/timer.o
 .debug_ranges  0x00000000000003c8       0x70 ./User/usart.o
 .debug_ranges  0x0000000000000438       0x28 ./Startup/startup_ch32v30x_D8C.o
 .debug_ranges  0x0000000000000460      0x140 ./Peripheral/src/ch32v30x_adc.o
 .debug_ranges  0x00000000000005a0       0x98 ./Peripheral/src/ch32v30x_gpio.o
 .debug_ranges  0x0000000000000638      0x100 ./Peripheral/src/ch32v30x_i2c.o
 .debug_ranges  0x0000000000000738       0x48 ./Peripheral/src/ch32v30x_misc.o
 .debug_ranges  0x0000000000000780      0x198 ./Peripheral/src/ch32v30x_rcc.o
 .debug_ranges  0x0000000000000918       0xc0 ./Peripheral/src/ch32v30x_spi.o
 .debug_ranges  0x00000000000009d8      0x2f0 ./Peripheral/src/ch32v30x_tim.o
 .debug_ranges  0x0000000000000cc8       0xf0 ./Peripheral/src/ch32v30x_usart.o
 .debug_ranges  0x0000000000000db8       0x20 ./Debug/debug.o

.debug_line     0x0000000000000000    0x14df9
 .debug_line    0x0000000000000000     0x12c0 ./User/EC20.o
 .debug_line    0x00000000000012c0      0x4c4 ./User/IIC.o
 .debug_line    0x0000000000001784      0xfd5 ./User/MPU6050.o
 .debug_line    0x0000000000002759     0x248d ./User/RC522.o
 .debug_line    0x0000000000004be6      0x63a ./User/adc.o
 .debug_line    0x0000000000005220      0x274 ./User/ch32v30x_it.o
 .debug_line    0x0000000000005494      0x4a0 ./User/gpio.o
 .debug_line    0x0000000000005934     0x1c19 ./User/lcd.o
 .debug_line    0x000000000000754d      0x918 ./User/main.o
 .debug_line    0x0000000000007e65      0x7d8 ./User/system_ch32v30x.o
 .debug_line    0x000000000000863d      0x770 ./User/timer.o
 .debug_line    0x0000000000008dad      0xeb4 ./User/usart.o
 .debug_line    0x0000000000009c61      0x356 ./Startup/startup_ch32v30x_D8C.o
 .debug_line    0x0000000000009fb7     0x18f2 ./Peripheral/src/ch32v30x_adc.o
 .debug_line    0x000000000000b8a9      0xdf3 ./Peripheral/src/ch32v30x_gpio.o
 .debug_line    0x000000000000c69c     0x11c2 ./Peripheral/src/ch32v30x_i2c.o
 .debug_line    0x000000000000d85e      0x556 ./Peripheral/src/ch32v30x_misc.o
 .debug_line    0x000000000000ddb4     0x1a0e ./Peripheral/src/ch32v30x_rcc.o
 .debug_line    0x000000000000f7c2      0xdb5 ./Peripheral/src/ch32v30x_spi.o
 .debug_line    0x0000000000010577     0x337b ./Peripheral/src/ch32v30x_tim.o
 .debug_line    0x00000000000138f2     0x10ac ./Peripheral/src/ch32v30x_usart.o
 .debug_line    0x000000000001499e      0x45b ./Debug/debug.o

.debug_str      0x0000000000000000     0x3fd4
 .debug_str     0x0000000000000000      0x741 ./User/EC20.o
                                        0x7ef (size before relaxing)
 .debug_str     0x0000000000000741      0x28a ./User/IIC.o
                                        0x89d (size before relaxing)
 .debug_str     0x00000000000009cb      0x155 ./User/MPU6050.o
                                        0x7fa (size before relaxing)
 .debug_str     0x0000000000000b20      0x3fd ./User/RC522.o
                                        0xa68 (size before relaxing)
 .debug_str     0x0000000000000f1d      0x2ab ./User/adc.o
                                        0xa17 (size before relaxing)
 .debug_str     0x00000000000011c8       0x34 ./User/ch32v30x_it.o
                                        0x5d1 (size before relaxing)
 .debug_str     0x00000000000011fc       0x2f ./User/gpio.o
                                        0x77c (size before relaxing)
 .debug_str     0x000000000000122b      0x337 ./User/lcd.o
                                        0xb51 (size before relaxing)
 .debug_str     0x0000000000001562      0x165 ./User/main.o
                                        0x887 (size before relaxing)
 .debug_str     0x00000000000016c7      0x10b ./User/system_ch32v30x.o
                                        0x6e7 (size before relaxing)
 .debug_str     0x00000000000017d2      0x800 ./User/timer.o
                                        0xf25 (size before relaxing)
 .debug_str     0x0000000000001fd2      0x1bd ./User/usart.o
                                        0xff2 (size before relaxing)
 .debug_str     0x000000000000218f       0x2e ./Startup/startup_ch32v30x_D8C.o
                                         0x85 (size before relaxing)
 .debug_str     0x00000000000021bd      0x3d0 ./Peripheral/src/ch32v30x_adc.o
                                        0xc32 (size before relaxing)
 .debug_str     0x000000000000258d      0x1eb ./Peripheral/src/ch32v30x_gpio.o
                                        0x98c (size before relaxing)
 .debug_str     0x0000000000002778      0x31c ./Peripheral/src/ch32v30x_i2c.o
                                        0xafb (size before relaxing)
 .debug_str     0x0000000000002a94       0xfa ./Peripheral/src/ch32v30x_misc.o
                                        0xce6 (size before relaxing)
 .debug_str     0x0000000000002b8e      0x503 ./Peripheral/src/ch32v30x_rcc.o
                                        0xce5 (size before relaxing)
 .debug_str     0x0000000000003091      0x24c ./Peripheral/src/ch32v30x_spi.o
                                        0xaaa (size before relaxing)
 .debug_str     0x00000000000032dd      0x9bc ./Peripheral/src/ch32v30x_tim.o
                                       0x1296 (size before relaxing)
 .debug_str     0x0000000000003c99      0x2ff ./Peripheral/src/ch32v30x_usart.o
                                        0xb32 (size before relaxing)
 .debug_str     0x0000000000003f98       0x3c ./Debug/debug.o
                                        0x633 (size before relaxing)

.comment        0x0000000000000000       0x33
 .comment       0x0000000000000000       0x33 ./User/EC20.o
                                         0x34 (size before relaxing)
 .comment       0x0000000000000033       0x34 ./User/IIC.o
 .comment       0x0000000000000033       0x34 ./User/MPU6050.o
 .comment       0x0000000000000033       0x34 ./User/RC522.o
 .comment       0x0000000000000033       0x34 ./User/adc.o
 .comment       0x0000000000000033       0x34 ./User/ch32v30x_it.o
 .comment       0x0000000000000033       0x34 ./User/gpio.o
 .comment       0x0000000000000033       0x34 ./User/lcd.o
 .comment       0x0000000000000033       0x34 ./User/main.o
 .comment       0x0000000000000033       0x34 ./User/system_ch32v30x.o
 .comment       0x0000000000000033       0x34 ./User/timer.o
 .comment       0x0000000000000033       0x34 ./User/usart.o
 .comment       0x0000000000000033       0x34 ./Peripheral/src/ch32v30x_adc.o
 .comment       0x0000000000000033       0x34 ./Peripheral/src/ch32v30x_gpio.o
 .comment       0x0000000000000033       0x34 ./Peripheral/src/ch32v30x_i2c.o
 .comment       0x0000000000000033       0x34 ./Peripheral/src/ch32v30x_misc.o
 .comment       0x0000000000000033       0x34 ./Peripheral/src/ch32v30x_rcc.o
 .comment       0x0000000000000033       0x34 ./Peripheral/src/ch32v30x_spi.o
 .comment       0x0000000000000033       0x34 ./Peripheral/src/ch32v30x_tim.o
 .comment       0x0000000000000033       0x34 ./Peripheral/src/ch32v30x_usart.o
 .comment       0x0000000000000033       0x34 ./Debug/debug.o

.debug_frame    0x0000000000000000     0x3270
 .debug_frame   0x0000000000000000      0x134 ./User/EC20.o
 .debug_frame   0x0000000000000134       0x44 ./User/IIC.o
 .debug_frame   0x0000000000000178      0x1d0 ./User/MPU6050.o
 .debug_frame   0x0000000000000348      0x3f0 ./User/RC522.o
 .debug_frame   0x0000000000000738       0x68 ./User/adc.o
 .debug_frame   0x00000000000007a0       0x30 ./User/ch32v30x_it.o
 .debug_frame   0x00000000000007d0       0x50 ./User/gpio.o
 .debug_frame   0x0000000000000820      0x45c ./User/lcd.o
 .debug_frame   0x0000000000000c7c       0x94 ./User/main.o
 .debug_frame   0x0000000000000d10       0x3c ./User/system_ch32v30x.o
 .debug_frame   0x0000000000000d4c       0xd8 ./User/timer.o
 .debug_frame   0x0000000000000e24      0x1a0 ./User/usart.o
 .debug_frame   0x0000000000000fc4      0x2b4 ./Peripheral/src/ch32v30x_adc.o
 .debug_frame   0x0000000000001278      0x148 ./Peripheral/src/ch32v30x_gpio.o
 .debug_frame   0x00000000000013c0      0x264 ./Peripheral/src/ch32v30x_i2c.o
 .debug_frame   0x0000000000001624       0x30 ./Peripheral/src/ch32v30x_misc.o
 .debug_frame   0x0000000000001654      0x344 ./Peripheral/src/ch32v30x_rcc.o
 .debug_frame   0x0000000000001998      0x1a8 ./Peripheral/src/ch32v30x_spi.o
 .debug_frame   0x0000000000001b40      0x614 ./Peripheral/src/ch32v30x_tim.o
 .debug_frame   0x0000000000002154      0x204 ./Peripheral/src/ch32v30x_usart.o
 .debug_frame   0x0000000000002358       0x78 ./Debug/debug.o
 .debug_frame   0x00000000000023d0       0x44 d:/mounriver/mrs/mounriver/mounriver_studio/toolchain/risc-v embedded gcc/bin/../lib/gcc/riscv-none-embed/8.2.0/rv32imacxw/ilp32\libgcc.a(adddf3.o)
 .debug_frame   0x0000000000002414       0x50 d:/mounriver/mrs/mounriver/mounriver_studio/toolchain/risc-v embedded gcc/bin/../lib/gcc/riscv-none-embed/8.2.0/rv32imacxw/ilp32\libgcc.a(divdf3.o)
 .debug_frame   0x0000000000002464       0x54 d:/mounriver/mrs/mounriver/mounriver_studio/toolchain/risc-v embedded gcc/bin/../lib/gcc/riscv-none-embed/8.2.0/rv32imacxw/ilp32\libgcc.a(muldf3.o)
 .debug_frame   0x00000000000024b8       0x20 d:/mounriver/mrs/mounriver/mounriver_studio/toolchain/risc-v embedded gcc/bin/../lib/gcc/riscv-none-embed/8.2.0/rv32imacxw/ilp32\libgcc.a(fixdfsi.o)
 .debug_frame   0x00000000000024d8       0x38 d:/mounriver/mrs/mounriver/mounriver_studio/toolchain/risc-v embedded gcc/bin/../lib/gcc/riscv-none-embed/8.2.0/rv32imacxw/ilp32\libgcc.a(floatsidf.o)
 .debug_frame   0x0000000000002510       0x38 d:/mounriver/mrs/mounriver/mounriver_studio/toolchain/risc-v embedded gcc/bin/../lib/gcc/riscv-none-embed/8.2.0/rv32imacxw/ilp32\libgcc.a(floatunsidf.o)
 .debug_frame   0x0000000000002548       0x40 d:/mounriver/mrs/mounriver/mounriver_studio/toolchain/risc-v embedded gcc/bin/../lib/gcc/riscv-none-embed/8.2.0/rv32imacxw/ilp32\libgcc.a(addsf3.o)
 .debug_frame   0x0000000000002588       0x50 d:/mounriver/mrs/mounriver/mounriver_studio/toolchain/risc-v embedded gcc/bin/../lib/gcc/riscv-none-embed/8.2.0/rv32imacxw/ilp32\libgcc.a(divsf3.o)
 .debug_frame   0x00000000000025d8       0x50 d:/mounriver/mrs/mounriver/mounriver_studio/toolchain/risc-v embedded gcc/bin/../lib/gcc/riscv-none-embed/8.2.0/rv32imacxw/ilp32\libgcc.a(mulsf3.o)
 .debug_frame   0x0000000000002628       0x3c d:/mounriver/mrs/mounriver/mounriver_studio/toolchain/risc-v embedded gcc/bin/../lib/gcc/riscv-none-embed/8.2.0/rv32imacxw/ilp32\libgcc.a(subsf3.o)
 .debug_frame   0x0000000000002664       0x20 d:/mounriver/mrs/mounriver/mounriver_studio/toolchain/risc-v embedded gcc/bin/../lib/gcc/riscv-none-embed/8.2.0/rv32imacxw/ilp32\libgcc.a(fixsfsi.o)
 .debug_frame   0x0000000000002684       0x20 d:/mounriver/mrs/mounriver/mounriver_studio/toolchain/risc-v embedded gcc/bin/../lib/gcc/riscv-none-embed/8.2.0/rv32imacxw/ilp32\libgcc.a(fixunssfsi.o)
 .debug_frame   0x00000000000026a4       0x38 d:/mounriver/mrs/mounriver/mounriver_studio/toolchain/risc-v embedded gcc/bin/../lib/gcc/riscv-none-embed/8.2.0/rv32imacxw/ilp32\libgcc.a(floatsisf.o)
 .debug_frame   0x00000000000026dc       0x38 d:/mounriver/mrs/mounriver/mounriver_studio/toolchain/risc-v embedded gcc/bin/../lib/gcc/riscv-none-embed/8.2.0/rv32imacxw/ilp32\libgcc.a(extendsfdf2.o)
 .debug_frame   0x0000000000002714       0x20 d:/mounriver/mrs/mounriver/mounriver_studio/toolchain/risc-v embedded gcc/bin/../lib/gcc/riscv-none-embed/8.2.0/rv32imacxw/ilp32\libgcc.a(truncdfsf2.o)
 .debug_frame   0x0000000000002734       0x20 d:/mounriver/mrs/mounriver/mounriver_studio/toolchain/risc-v embedded gcc/bin/../lib/gcc/riscv-none-embed/8.2.0/rv32imacxw/ilp32\libgcc.a(_clzsi2.o)
 .debug_frame   0x0000000000002754       0x20 d:/mounriver/mrs/mounriver/mounriver_studio/toolchain/risc-v embedded gcc/bin/../lib/gcc/riscv-none-embed/8.2.0/../../../../riscv-none-embed/lib/rv32imacxw/ilp32\libg_nano.a(lib_a-memcpy.o)
 .debug_frame   0x0000000000002774       0x54 d:/mounriver/mrs/mounriver/mounriver_studio/toolchain/risc-v embedded gcc/bin/../lib/gcc/riscv-none-embed/8.2.0/../../../../riscv-none-embed/lib/rv32imacxw/ilp32\libg_nano.a(lib_a-printf.o)
 .debug_frame   0x00000000000027c8       0x54 d:/mounriver/mrs/mounriver/mounriver_studio/toolchain/risc-v embedded gcc/bin/../lib/gcc/riscv-none-embed/8.2.0/../../../../riscv-none-embed/lib/rv32imacxw/ilp32\libg_nano.a(lib_a-puts.o)
 .debug_frame   0x000000000000281c       0x48 d:/mounriver/mrs/mounriver/mounriver_studio/toolchain/risc-v embedded gcc/bin/../lib/gcc/riscv-none-embed/8.2.0/../../../../riscv-none-embed/lib/rv32imacxw/ilp32\libg_nano.a(lib_a-sprintf.o)
 .debug_frame   0x0000000000002864       0x20 d:/mounriver/mrs/mounriver/mounriver_studio/toolchain/risc-v embedded gcc/bin/../lib/gcc/riscv-none-embed/8.2.0/../../../../riscv-none-embed/lib/rv32imacxw/ilp32\libg_nano.a(lib_a-strlen.o)
 .debug_frame   0x0000000000002884       0x20 d:/mounriver/mrs/mounriver/mounriver_studio/toolchain/risc-v embedded gcc/bin/../lib/gcc/riscv-none-embed/8.2.0/../../../../riscv-none-embed/lib/rv32imacxw/ilp32\libg_nano.a(lib_a-strstr.o)
 .debug_frame   0x00000000000028a4       0x50 d:/mounriver/mrs/mounriver/mounriver_studio/toolchain/risc-v embedded gcc/bin/../lib/gcc/riscv-none-embed/8.2.0/../../../../riscv-none-embed/lib/rv32imacxw/ilp32\libg_nano.a(lib_a-wbuf.o)
 .debug_frame   0x00000000000028f4       0x3c d:/mounriver/mrs/mounriver/mounriver_studio/toolchain/risc-v embedded gcc/bin/../lib/gcc/riscv-none-embed/8.2.0/../../../../riscv-none-embed/lib/rv32imacxw/ilp32\libg_nano.a(lib_a-wsetup.o)
 .debug_frame   0x0000000000002930       0x7c d:/mounriver/mrs/mounriver/mounriver_studio/toolchain/risc-v embedded gcc/bin/../lib/gcc/riscv-none-embed/8.2.0/../../../../riscv-none-embed/lib/rv32imacxw/ilp32\libg_nano.a(lib_a-fflush.o)
 .debug_frame   0x00000000000029ac      0x148 d:/mounriver/mrs/mounriver/mounriver_studio/toolchain/risc-v embedded gcc/bin/../lib/gcc/riscv-none-embed/8.2.0/../../../../riscv-none-embed/lib/rv32imacxw/ilp32\libg_nano.a(lib_a-findfp.o)
 .debug_frame   0x0000000000002af4       0x88 d:/mounriver/mrs/mounriver/mounriver_studio/toolchain/risc-v embedded gcc/bin/../lib/gcc/riscv-none-embed/8.2.0/../../../../riscv-none-embed/lib/rv32imacxw/ilp32\libg_nano.a(lib_a-fwalk.o)
 .debug_frame   0x0000000000002b7c       0x64 d:/mounriver/mrs/mounriver/mounriver_studio/toolchain/risc-v embedded gcc/bin/../lib/gcc/riscv-none-embed/8.2.0/../../../../riscv-none-embed/lib/rv32imacxw/ilp32\libg_nano.a(lib_a-makebuf.o)
 .debug_frame   0x0000000000002be0       0x40 d:/mounriver/mrs/mounriver/mounriver_studio/toolchain/risc-v embedded gcc/bin/../lib/gcc/riscv-none-embed/8.2.0/../../../../riscv-none-embed/lib/rv32imacxw/ilp32\libg_nano.a(lib_a-nano-freer.o)
 .debug_frame   0x0000000000002c20       0x40 d:/mounriver/mrs/mounriver/mounriver_studio/toolchain/risc-v embedded gcc/bin/../lib/gcc/riscv-none-embed/8.2.0/../../../../riscv-none-embed/lib/rv32imacxw/ilp32\libg_nano.a(lib_a-nano-mallocr.o)
 .debug_frame   0x0000000000002c60       0xe0 d:/mounriver/mrs/mounriver/mounriver_studio/toolchain/risc-v embedded gcc/bin/../lib/gcc/riscv-none-embed/8.2.0/../../../../riscv-none-embed/lib/rv32imacxw/ilp32\libg_nano.a(lib_a-nano-svfprintf.o)
 .debug_frame   0x0000000000002d40       0xd0 d:/mounriver/mrs/mounriver/mounriver_studio/toolchain/risc-v embedded gcc/bin/../lib/gcc/riscv-none-embed/8.2.0/../../../../riscv-none-embed/lib/rv32imacxw/ilp32\libg_nano.a(lib_a-nano-vfprintf.o)
 .debug_frame   0x0000000000002e10       0x8c d:/mounriver/mrs/mounriver/mounriver_studio/toolchain/risc-v embedded gcc/bin/../lib/gcc/riscv-none-embed/8.2.0/../../../../riscv-none-embed/lib/rv32imacxw/ilp32\libg_nano.a(lib_a-nano-vfprintf_i.o)
 .debug_frame   0x0000000000002e9c       0x30 d:/mounriver/mrs/mounriver/mounriver_studio/toolchain/risc-v embedded gcc/bin/../lib/gcc/riscv-none-embed/8.2.0/../../../../riscv-none-embed/lib/rv32imacxw/ilp32\libg_nano.a(lib_a-sbrkr.o)
 .debug_frame   0x0000000000002ecc       0xa4 d:/mounriver/mrs/mounriver/mounriver_studio/toolchain/risc-v embedded gcc/bin/../lib/gcc/riscv-none-embed/8.2.0/../../../../riscv-none-embed/lib/rv32imacxw/ilp32\libg_nano.a(lib_a-stdio.o)
 .debug_frame   0x0000000000002f70       0x30 d:/mounriver/mrs/mounriver/mounriver_studio/toolchain/risc-v embedded gcc/bin/../lib/gcc/riscv-none-embed/8.2.0/../../../../riscv-none-embed/lib/rv32imacxw/ilp32\libg_nano.a(lib_a-writer.o)
 .debug_frame   0x0000000000002fa0       0x30 d:/mounriver/mrs/mounriver/mounriver_studio/toolchain/risc-v embedded gcc/bin/../lib/gcc/riscv-none-embed/8.2.0/../../../../riscv-none-embed/lib/rv32imacxw/ilp32\libg_nano.a(lib_a-closer.o)
 .debug_frame   0x0000000000002fd0       0x30 d:/mounriver/mrs/mounriver/mounriver_studio/toolchain/risc-v embedded gcc/bin/../lib/gcc/riscv-none-embed/8.2.0/../../../../riscv-none-embed/lib/rv32imacxw/ilp32\libg_nano.a(lib_a-fstatr.o)
 .debug_frame   0x0000000000003000       0x30 d:/mounriver/mrs/mounriver/mounriver_studio/toolchain/risc-v embedded gcc/bin/../lib/gcc/riscv-none-embed/8.2.0/../../../../riscv-none-embed/lib/rv32imacxw/ilp32\libg_nano.a(lib_a-isattyr.o)
 .debug_frame   0x0000000000003030       0x30 d:/mounriver/mrs/mounriver/mounriver_studio/toolchain/risc-v embedded gcc/bin/../lib/gcc/riscv-none-embed/8.2.0/../../../../riscv-none-embed/lib/rv32imacxw/ilp32\libg_nano.a(lib_a-lseekr.o)
 .debug_frame   0x0000000000003060       0x20 d:/mounriver/mrs/mounriver/mounriver_studio/toolchain/risc-v embedded gcc/bin/../lib/gcc/riscv-none-embed/8.2.0/../../../../riscv-none-embed/lib/rv32imacxw/ilp32\libg_nano.a(lib_a-memchr.o)
 .debug_frame   0x0000000000003080       0x20 d:/mounriver/mrs/mounriver/mounriver_studio/toolchain/risc-v embedded gcc/bin/../lib/gcc/riscv-none-embed/8.2.0/../../../../riscv-none-embed/lib/rv32imacxw/ilp32\libg_nano.a(lib_a-memmove.o)
 .debug_frame   0x00000000000030a0       0x30 d:/mounriver/mrs/mounriver/mounriver_studio/toolchain/risc-v embedded gcc/bin/../lib/gcc/riscv-none-embed/8.2.0/../../../../riscv-none-embed/lib/rv32imacxw/ilp32\libg_nano.a(lib_a-mlock.o)
 .debug_frame   0x00000000000030d0       0x40 d:/mounriver/mrs/mounriver/mounriver_studio/toolchain/risc-v embedded gcc/bin/../lib/gcc/riscv-none-embed/8.2.0/../../../../riscv-none-embed/lib/rv32imacxw/ilp32\libg_nano.a(lib_a-nano-reallocr.o)
 .debug_frame   0x0000000000003110       0x30 d:/mounriver/mrs/mounriver/mounriver_studio/toolchain/risc-v embedded gcc/bin/../lib/gcc/riscv-none-embed/8.2.0/../../../../riscv-none-embed/lib/rv32imacxw/ilp32\libg_nano.a(lib_a-readr.o)
 .debug_frame   0x0000000000003140       0x70 d:/mounriver/mrs/mounriver/mounriver_studio/toolchain/risc-v embedded gcc/bin/../lib/gcc/riscv-none-embed/8.2.0/../../../../riscv-none-embed/lib/rv32imacxw/ilp32\libg_nano.a(lib_a-reent.o)
 .debug_frame   0x00000000000031b0       0x20 d:/mounriver/mrs/mounriver/mounriver_studio/toolchain/risc-v embedded gcc/bin/../lib/gcc/riscv-none-embed/8.2.0/../../../../riscv-none-embed/lib/rv32imacxw/ilp32\libg_nano.a(lib_a-nano-msizer.o)
 .debug_frame   0x00000000000031d0       0x20 d:/mounriver/mrs/mounriver/mounriver_studio/toolchain/risc-v embedded gcc/bin/../lib/gcc/riscv-none-embed/8.2.0/../../../../riscv-none-embed/lib/rv32imacxw/ilp32\libnosys.a(close.o)
 .debug_frame   0x00000000000031f0       0x20 d:/mounriver/mrs/mounriver/mounriver_studio/toolchain/risc-v embedded gcc/bin/../lib/gcc/riscv-none-embed/8.2.0/../../../../riscv-none-embed/lib/rv32imacxw/ilp32\libnosys.a(fstat.o)
 .debug_frame   0x0000000000003210       0x20 d:/mounriver/mrs/mounriver/mounriver_studio/toolchain/risc-v embedded gcc/bin/../lib/gcc/riscv-none-embed/8.2.0/../../../../riscv-none-embed/lib/rv32imacxw/ilp32\libnosys.a(isatty.o)
 .debug_frame   0x0000000000003230       0x20 d:/mounriver/mrs/mounriver/mounriver_studio/toolchain/risc-v embedded gcc/bin/../lib/gcc/riscv-none-embed/8.2.0/../../../../riscv-none-embed/lib/rv32imacxw/ilp32\libnosys.a(lseek.o)
 .debug_frame   0x0000000000003250       0x20 d:/mounriver/mrs/mounriver/mounriver_studio/toolchain/risc-v embedded gcc/bin/../lib/gcc/riscv-none-embed/8.2.0/../../../../riscv-none-embed/lib/rv32imacxw/ilp32\libnosys.a(read.o)

.stab           0x0000000000000000       0x84
 .stab          0x0000000000000000       0x24 d:/mounriver/mrs/mounriver/mounriver_studio/toolchain/risc-v embedded gcc/bin/../lib/gcc/riscv-none-embed/8.2.0/../../../../riscv-none-embed/lib/rv32imacxw/ilp32\libnosys.a(close.o)
 .stab          0x0000000000000024       0x18 d:/mounriver/mrs/mounriver/mounriver_studio/toolchain/risc-v embedded gcc/bin/../lib/gcc/riscv-none-embed/8.2.0/../../../../riscv-none-embed/lib/rv32imacxw/ilp32\libnosys.a(fstat.o)
                                         0x24 (size before relaxing)
 .stab          0x000000000000003c       0x18 d:/mounriver/mrs/mounriver/mounriver_studio/toolchain/risc-v embedded gcc/bin/../lib/gcc/riscv-none-embed/8.2.0/../../../../riscv-none-embed/lib/rv32imacxw/ilp32\libnosys.a(isatty.o)
                                         0x24 (size before relaxing)
 .stab          0x0000000000000054       0x18 d:/mounriver/mrs/mounriver/mounriver_studio/toolchain/risc-v embedded gcc/bin/../lib/gcc/riscv-none-embed/8.2.0/../../../../riscv-none-embed/lib/rv32imacxw/ilp32\libnosys.a(lseek.o)
                                         0x24 (size before relaxing)
 .stab          0x000000000000006c       0x18 d:/mounriver/mrs/mounriver/mounriver_studio/toolchain/risc-v embedded gcc/bin/../lib/gcc/riscv-none-embed/8.2.0/../../../../riscv-none-embed/lib/rv32imacxw/ilp32\libnosys.a(read.o)
                                         0x24 (size before relaxing)

.stabstr        0x0000000000000000      0x117