../Core/M4lib/include/actionlib_msgs/msg/detail/goal_status__functions.c:21:1:actionlib_msgs__msg__GoalStatus__init	16	static
../Core/M4lib/include/actionlib_msgs/msg/detail/goal_status__functions.c:41:1:actionlib_msgs__msg__GoalStatus__fini	16	static
../Core/M4lib/include/actionlib_msgs/msg/detail/goal_status__functions.c:54:1:actionlib_msgs__msg__GoalStatus__are_equal	16	static
../Core/M4lib/include/actionlib_msgs/msg/detail/goal_status__functions.c:79:1:actionlib_msgs__msg__GoalStatus__copy	16	static
../Core/M4lib/include/actionlib_msgs/msg/detail/goal_status__functions.c:104:1:actionlib_msgs__msg__GoalStatus__create	40	static
../Core/M4lib/include/actionlib_msgs/msg/detail/goal_status__functions.c:121:1:actionlib_msgs__msg__GoalStatus__destroy	40	static
../Core/M4lib/include/actionlib_msgs/msg/detail/goal_status__functions.c:132:1:actionlib_msgs__msg__GoalStatus__Sequence__init	48	static
../Core/M4lib/include/actionlib_msgs/msg/detail/goal_status__functions.c:169:1:actionlib_msgs__msg__GoalStatus__Sequence__fini	40	static
../Core/M4lib/include/actionlib_msgs/msg/detail/goal_status__functions.c:195:1:actionlib_msgs__msg__GoalStatus__Sequence__create	48	static
../Core/M4lib/include/actionlib_msgs/msg/detail/goal_status__functions.c:211:1:actionlib_msgs__msg__GoalStatus__Sequence__destroy	40	static
../Core/M4lib/include/actionlib_msgs/msg/detail/goal_status__functions.c:221:1:actionlib_msgs__msg__GoalStatus__Sequence__are_equal	24	static
../Core/M4lib/include/actionlib_msgs/msg/detail/goal_status__functions.c:238:1:actionlib_msgs__msg__GoalStatus__Sequence__copy	56	static
