../Core/M4lib/include/std_srvs/srv/detail/empty__type_support.c:20:6:std_srvs__srv__Empty_Request__rosidl_typesupport_introspection_c__Empty_Request_init_function	16	static
../Core/M4lib/include/std_srvs/srv/detail/empty__type_support.c:29:6:std_srvs__srv__Empty_Request__rosidl_typesupport_introspection_c__Empty_Request_fini_function	16	static
../Core/M4lib/include/std_srvs/srv/detail/empty__type_support.c:77:1:rosidl_typesupport_introspection_c__get_message_type_support_handle__std_srvs__srv__Empty_Request	4	static
../Core/M4lib/include/std_srvs/srv/detail/empty__type_support.c:111:6:std_srvs__srv__Empty_Response__rosidl_typesupport_introspection_c__Empty_Response_init_function	16	static
../Core/M4lib/include/std_srvs/srv/detail/empty__type_support.c:120:6:std_srvs__srv__Empty_Response__rosidl_typesupport_introspection_c__Empty_Response_fini_function	16	static
../Core/M4lib/include/std_srvs/srv/detail/empty__type_support.c:168:1:rosidl_typesupport_introspection_c__get_message_type_support_handle__std_srvs__srv__Empty_Response	4	static
../Core/M4lib/include/std_srvs/srv/detail/empty__type_support.c:215:6:std_srvs__srv__Empty_Event__rosidl_typesupport_introspection_c__Empty_Event_init_function	16	static
../Core/M4lib/include/std_srvs/srv/detail/empty__type_support.c:224:6:std_srvs__srv__Empty_Event__rosidl_typesupport_introspection_c__Empty_Event_fini_function	16	static
../Core/M4lib/include/std_srvs/srv/detail/empty__type_support.c:229:8:std_srvs__srv__Empty_Event__rosidl_typesupport_introspection_c__size_function__Empty_Event__request	24	static
../Core/M4lib/include/std_srvs/srv/detail/empty__type_support.c:237:14:std_srvs__srv__Empty_Event__rosidl_typesupport_introspection_c__get_const_function__Empty_Event__request	24	static
../Core/M4lib/include/std_srvs/srv/detail/empty__type_support.c:245:8:std_srvs__srv__Empty_Event__rosidl_typesupport_introspection_c__get_function__Empty_Event__request	24	static
../Core/M4lib/include/std_srvs/srv/detail/empty__type_support.c:253:6:std_srvs__srv__Empty_Event__rosidl_typesupport_introspection_c__fetch_function__Empty_Event__request	32	static
../Core/M4lib/include/std_srvs/srv/detail/empty__type_support.c:264:6:std_srvs__srv__Empty_Event__rosidl_typesupport_introspection_c__assign_function__Empty_Event__request	32	static
../Core/M4lib/include/std_srvs/srv/detail/empty__type_support.c:275:6:std_srvs__srv__Empty_Event__rosidl_typesupport_introspection_c__resize_function__Empty_Event__request	24	static
../Core/M4lib/include/std_srvs/srv/detail/empty__type_support.c:284:8:std_srvs__srv__Empty_Event__rosidl_typesupport_introspection_c__size_function__Empty_Event__response	24	static
../Core/M4lib/include/std_srvs/srv/detail/empty__type_support.c:292:14:std_srvs__srv__Empty_Event__rosidl_typesupport_introspection_c__get_const_function__Empty_Event__response	24	static
../Core/M4lib/include/std_srvs/srv/detail/empty__type_support.c:300:8:std_srvs__srv__Empty_Event__rosidl_typesupport_introspection_c__get_function__Empty_Event__response	24	static
../Core/M4lib/include/std_srvs/srv/detail/empty__type_support.c:308:6:std_srvs__srv__Empty_Event__rosidl_typesupport_introspection_c__fetch_function__Empty_Event__response	32	static
../Core/M4lib/include/std_srvs/srv/detail/empty__type_support.c:319:6:std_srvs__srv__Empty_Event__rosidl_typesupport_introspection_c__assign_function__Empty_Event__response	32	static
../Core/M4lib/include/std_srvs/srv/detail/empty__type_support.c:330:6:std_srvs__srv__Empty_Event__rosidl_typesupport_introspection_c__resize_function__Empty_Event__response	24	static
../Core/M4lib/include/std_srvs/srv/detail/empty__type_support.c:416:1:rosidl_typesupport_introspection_c__get_message_type_support_handle__std_srvs__srv__Empty_Event	8	static
../Core/M4lib/include/std_srvs/srv/detail/empty__type_support.c:492:1:rosidl_typesupport_introspection_c__get_service_type_support_handle__std_srvs__srv__Empty	16	static
