../Core/M4lib/include/type_description_interfaces/srv/detail/get_type_description__description.c:9:1:type_description_interfaces__srv__GetTypeDescription__get_type_hash	16	static
../Core/M4lib/include/type_description_interfaces/srv/detail/get_type_description__description.c:24:1:type_description_interfaces__srv__GetTypeDescription_Request__get_type_hash	16	static
../Core/M4lib/include/type_description_interfaces/srv/detail/get_type_description__description.c:39:1:type_description_interfaces__srv__GetTypeDescription_Response__get_type_hash	16	static
../Core/M4lib/include/type_description_interfaces/srv/detail/get_type_description__description.c:54:1:type_description_interfaces__srv__GetTypeDescription_Event__get_type_hash	16	static
../Core/M4lib/include/type_description_interfaces/srv/detail/get_type_description__description.c:231:1:type_description_interfaces__srv__GetTypeDescription__get_type_description	16	static
../Core/M4lib/include/type_description_interfaces/srv/detail/get_type_description__description.c:307:1:type_description_interfaces__srv__GetTypeDescription_Request__get_type_description	16	static
../Core/M4lib/include/type_description_interfaces/srv/detail/get_type_description__description.c:412:1:type_description_interfaces__srv__GetTypeDescription_Response__get_type_description	16	static
../Core/M4lib/include/type_description_interfaces/srv/detail/get_type_description__description.c:523:1:type_description_interfaces__srv__GetTypeDescription_Event__get_type_description	16	static
../Core/M4lib/include/type_description_interfaces/srv/detail/get_type_description__description.c:596:1:type_description_interfaces__srv__GetTypeDescription__get_individual_type_description_source	16	static
../Core/M4lib/include/type_description_interfaces/srv/detail/get_type_description__description.c:609:1:type_description_interfaces__srv__GetTypeDescription_Request__get_individual_type_description_source	16	static
../Core/M4lib/include/type_description_interfaces/srv/detail/get_type_description__description.c:622:1:type_description_interfaces__srv__GetTypeDescription_Response__get_individual_type_description_source	16	static
../Core/M4lib/include/type_description_interfaces/srv/detail/get_type_description__description.c:635:1:type_description_interfaces__srv__GetTypeDescription_Event__get_individual_type_description_source	16	static
../Core/M4lib/include/type_description_interfaces/srv/detail/get_type_description__description.c:648:1:type_description_interfaces__srv__GetTypeDescription__get_type_description_sources	24	static
../Core/M4lib/include/type_description_interfaces/srv/detail/get_type_description__description.c:674:1:type_description_interfaces__srv__GetTypeDescription_Request__get_type_description_sources	24	static
../Core/M4lib/include/type_description_interfaces/srv/detail/get_type_description__description.c:689:1:type_description_interfaces__srv__GetTypeDescription_Response__get_type_description_sources	24	static
../Core/M4lib/include/type_description_interfaces/srv/detail/get_type_description__description.c:710:1:type_description_interfaces__srv__GetTypeDescription_Event__get_type_description_sources	24	static
