../Core/M4lib/include/rcl_interfaces/msg/detail/parameter__functions.c:21:1:rcl_interfaces__msg__Parameter__init	16	static
../Core/M4lib/include/rcl_interfaces/msg/detail/parameter__functions.c:40:1:rcl_interfaces__msg__Parameter__fini	16	static
../Core/M4lib/include/rcl_interfaces/msg/detail/parameter__functions.c:52:1:rcl_interfaces__msg__Parameter__are_equal	16	static
../Core/M4lib/include/rcl_interfaces/msg/detail/parameter__functions.c:73:1:rcl_interfaces__msg__Parameter__copy	16	static
../Core/M4lib/include/rcl_interfaces/msg/detail/parameter__functions.c:96:1:rcl_interfaces__msg__Parameter__create	40	static
../Core/M4lib/include/rcl_interfaces/msg/detail/parameter__functions.c:113:1:rcl_interfaces__msg__Parameter__destroy	40	static
../Core/M4lib/include/rcl_interfaces/msg/detail/parameter__functions.c:124:1:rcl_interfaces__msg__Parameter__Sequence__init	48	static
../Core/M4lib/include/rcl_interfaces/msg/detail/parameter__functions.c:161:1:rcl_interfaces__msg__Parameter__Sequence__fini	40	static
../Core/M4lib/include/rcl_interfaces/msg/detail/parameter__functions.c:187:1:rcl_interfaces__msg__Parameter__Sequence__create	48	static
../Core/M4lib/include/rcl_interfaces/msg/detail/parameter__functions.c:203:1:rcl_interfaces__msg__Parameter__Sequence__destroy	40	static
../Core/M4lib/include/rcl_interfaces/msg/detail/parameter__functions.c:213:1:rcl_interfaces__msg__Parameter__Sequence__are_equal	24	static
../Core/M4lib/include/rcl_interfaces/msg/detail/parameter__functions.c:230:1:rcl_interfaces__msg__Parameter__Sequence__copy	56	static
