Archive member included to satisfy reference by file (symbol)

d:/mounriver/mrs/mounriver/mounriver_studio/toolchain/risc-v embedded gcc/bin/../lib/gcc/riscv-none-embed/8.2.0/../../../../riscv-none-embed/lib/rv32imacxw/ilp32\libm.a(lib_a-w_pow.o)
                              ./User/main.o (pow)
d:/mounriver/mrs/mounriver/mounriver_studio/toolchain/risc-v embedded gcc/bin/../lib/gcc/riscv-none-embed/8.2.0/../../../../riscv-none-embed/lib/rv32imacxw/ilp32\libm.a(lib_a-wf_log10.o)
                              ./User/main.o (log10f)
d:/mounriver/mrs/mounriver/mounriver_studio/toolchain/risc-v embedded gcc/bin/../lib/gcc/riscv-none-embed/8.2.0/../../../../riscv-none-embed/lib/rv32imacxw/ilp32\libm.a(lib_a-e_pow.o)
                              d:/mounriver/mrs/mounriver/mounriver_studio/toolchain/risc-v embedded gcc/bin/../lib/gcc/riscv-none-embed/8.2.0/../../../../riscv-none-embed/lib/rv32imacxw/ilp32\libm.a(lib_a-w_pow.o) (__ieee754_pow)
d:/mounriver/mrs/mounriver/mounriver_studio/toolchain/risc-v embedded gcc/bin/../lib/gcc/riscv-none-embed/8.2.0/../../../../riscv-none-embed/lib/rv32imacxw/ilp32\libm.a(lib_a-e_sqrt.o)
                              d:/mounriver/mrs/mounriver/mounriver_studio/toolchain/risc-v embedded gcc/bin/../lib/gcc/riscv-none-embed/8.2.0/../../../../riscv-none-embed/lib/rv32imacxw/ilp32\libm.a(lib_a-e_pow.o) (__ieee754_sqrt)
d:/mounriver/mrs/mounriver/mounriver_studio/toolchain/risc-v embedded gcc/bin/../lib/gcc/riscv-none-embed/8.2.0/../../../../riscv-none-embed/lib/rv32imacxw/ilp32\libm.a(lib_a-ef_log10.o)
                              d:/mounriver/mrs/mounriver/mounriver_studio/toolchain/risc-v embedded gcc/bin/../lib/gcc/riscv-none-embed/8.2.0/../../../../riscv-none-embed/lib/rv32imacxw/ilp32\libm.a(lib_a-wf_log10.o) (__ieee754_log10f)
d:/mounriver/mrs/mounriver/mounriver_studio/toolchain/risc-v embedded gcc/bin/../lib/gcc/riscv-none-embed/8.2.0/../../../../riscv-none-embed/lib/rv32imacxw/ilp32\libm.a(lib_a-s_fabs.o)
                              d:/mounriver/mrs/mounriver/mounriver_studio/toolchain/risc-v embedded gcc/bin/../lib/gcc/riscv-none-embed/8.2.0/../../../../riscv-none-embed/lib/rv32imacxw/ilp32\libm.a(lib_a-e_pow.o) (fabs)
d:/mounriver/mrs/mounriver/mounriver_studio/toolchain/risc-v embedded gcc/bin/../lib/gcc/riscv-none-embed/8.2.0/../../../../riscv-none-embed/lib/rv32imacxw/ilp32\libm.a(lib_a-s_finite.o)
                              d:/mounriver/mrs/mounriver/mounriver_studio/toolchain/risc-v embedded gcc/bin/../lib/gcc/riscv-none-embed/8.2.0/../../../../riscv-none-embed/lib/rv32imacxw/ilp32\libm.a(lib_a-w_pow.o) (finite)
d:/mounriver/mrs/mounriver/mounriver_studio/toolchain/risc-v embedded gcc/bin/../lib/gcc/riscv-none-embed/8.2.0/../../../../riscv-none-embed/lib/rv32imacxw/ilp32\libm.a(lib_a-s_lib_ver.o)
                              d:/mounriver/mrs/mounriver/mounriver_studio/toolchain/risc-v embedded gcc/bin/../lib/gcc/riscv-none-embed/8.2.0/../../../../riscv-none-embed/lib/rv32imacxw/ilp32\libm.a(lib_a-w_pow.o) (__fdlib_version)
d:/mounriver/mrs/mounriver/mounriver_studio/toolchain/risc-v embedded gcc/bin/../lib/gcc/riscv-none-embed/8.2.0/../../../../riscv-none-embed/lib/rv32imacxw/ilp32\libm.a(lib_a-s_matherr.o)
                              d:/mounriver/mrs/mounriver/mounriver_studio/toolchain/risc-v embedded gcc/bin/../lib/gcc/riscv-none-embed/8.2.0/../../../../riscv-none-embed/lib/rv32imacxw/ilp32\libm.a(lib_a-w_pow.o) (matherr)
d:/mounriver/mrs/mounriver/mounriver_studio/toolchain/risc-v embedded gcc/bin/../lib/gcc/riscv-none-embed/8.2.0/../../../../riscv-none-embed/lib/rv32imacxw/ilp32\libm.a(lib_a-s_nan.o)
                              d:/mounriver/mrs/mounriver/mounriver_studio/toolchain/risc-v embedded gcc/bin/../lib/gcc/riscv-none-embed/8.2.0/../../../../riscv-none-embed/lib/rv32imacxw/ilp32\libm.a(lib_a-wf_log10.o) (nan)
d:/mounriver/mrs/mounriver/mounriver_studio/toolchain/risc-v embedded gcc/bin/../lib/gcc/riscv-none-embed/8.2.0/../../../../riscv-none-embed/lib/rv32imacxw/ilp32\libm.a(lib_a-s_rint.o)
                              d:/mounriver/mrs/mounriver/mounriver_studio/toolchain/risc-v embedded gcc/bin/../lib/gcc/riscv-none-embed/8.2.0/../../../../riscv-none-embed/lib/rv32imacxw/ilp32\libm.a(lib_a-w_pow.o) (rint)
d:/mounriver/mrs/mounriver/mounriver_studio/toolchain/risc-v embedded gcc/bin/../lib/gcc/riscv-none-embed/8.2.0/../../../../riscv-none-embed/lib/rv32imacxw/ilp32\libm.a(lib_a-s_scalbn.o)
                              d:/mounriver/mrs/mounriver/mounriver_studio/toolchain/risc-v embedded gcc/bin/../lib/gcc/riscv-none-embed/8.2.0/../../../../riscv-none-embed/lib/rv32imacxw/ilp32\libm.a(lib_a-e_pow.o) (scalbn)
d:/mounriver/mrs/mounriver/mounriver_studio/toolchain/risc-v embedded gcc/bin/../lib/gcc/riscv-none-embed/8.2.0/../../../../riscv-none-embed/lib/rv32imacxw/ilp32\libm.a(lib_a-ef_log.o)
[...]
Memory Configuration

Name             Origin             Length             Attributes
FLASH            0x0000000000000000 0x0000000000048000 xr
RAM              0x0000000020000000 0x0000000000008000 xrw
*default*        0x0000000000000000 0xffffffffffffffff

Linker script and memory map

LOAD ./User/EC20.o
LOAD ./User/RC522.o
LOAD ./User/SPI.o
LOAD ./User/adc.o
LOAD ./User/beep.o
LOAD ./User/ch32v30x_it.o
LOAD ./User/dht11.o
LOAD ./User/lcd.o
LOAD ./User/main.o
LOAD ./User/system_ch32v30x.o
LOAD ./User/usart.o
LOAD ./Startup/startup_ch32v30x_D8C.o
LOAD ./Peripheral/src/ch32v30x_adc.o
LOAD ./Peripheral/src/ch32v30x_bkp.o
LOAD ./Peripheral/src/ch32v30x_can.o
LOAD ./Peripheral/src/ch32v30x_crc.o
LOAD ./Peripheral/src/ch32v30x_dac.o
LOAD ./Peripheral/src/ch32v30x_dbgmcu.o
LOAD ./Peripheral/src/ch32v30x_dma.o
LOAD ./Peripheral/src/ch32v30x_dvp.o
LOAD ./Peripheral/src/ch32v30x_eth.o
LOAD ./Peripheral/src/ch32v30x_exti.o
LOAD ./Peripheral/src/ch32v30x_flash.o
LOAD ./Peripheral/src/ch32v30x_fsmc.o
LOAD ./Peripheral/src/ch32v30x_gpio.o
LOAD ./Peripheral/src/ch32v30x_i2c.o
LOAD ./Peripheral/src/ch32v30x_iwdg.o
LOAD ./Peripheral/src/ch32v30x_misc.o
LOAD ./Peripheral/src/ch32v30x_opa.o
LOAD ./Peripheral/src/ch32v30x_pwr.o
LOAD ./Peripheral/src/ch32v30x_rcc.o
LOAD ./Peripheral/src/ch32v30x_rng.o
LOAD ./Peripheral/src/ch32v30x_rtc.o
LOAD ./Peripheral/src/ch32v30x_sdio.o
LOAD ./Peripheral/src/ch32v30x_spi.o
LOAD ./Peripheral/src/ch32v30x_tim.o
LOAD ./Peripheral/src/ch32v30x_usart.o
LOAD ./Peripheral/src/ch32v30x_wwdg.o
LOAD ./Debug/debug.o
LOAD ./Core/core_riscv.o
LOAD d:/mounriver/mrs/mounriver/mounriver_studio/toolchain/risc-v embedded gcc/bin/../lib/gcc/riscv-none-embed/8.2.0/../../../../riscv-none-embed/lib/rv32imacxw/ilp32\libm.a
LOAD d:/mounriver/mrs/mounriver/mounriver_studio/toolchain/risc-v embedded gcc/bin/../lib/gcc/riscv-none-embed/8.2.0/rv32imacxw/ilp32\libgcc.a
LOAD d:/mounriver/mrs/mounriver/mounriver_studio/toolchain/risc-v embedded gcc/bin/../lib/gcc/riscv-none-embed/8.2.0/../../../../riscv-none-embed/lib/rv32imacxw/ilp32\libg_nano.a
LOAD d:/mounriver/mrs/mounriver/mounriver_studio/toolchain/risc-v embedded gcc/bin/../lib/gcc/riscv-none-embed/8.2.0/../../../../riscv-none-embed/lib/rv32imacxw/ilp32\libc_nano.a
LOAD d:/mounriver/mrs/mounriver/mounriver_studio/toolchain/risc-v embedded gcc/bin/../lib/gcc/riscv-none-embed/8.2.0/rv32imacxw/ilp32\libgcc.a
START GROUP
LOAD d:/mounriver/mrs/mounriver/mounriver_studio/toolchain/risc-v embedded gcc/bin/../lib/gcc/riscv-none-embed/8.2.0/rv32imacxw/ilp32\libgcc.a
LOAD d:/mounriver/mrs/mounriver/mounriver_studio/toolchain/risc-v embedded gcc/bin/../lib/gcc/riscv-none-embed/8.2.0/../../../../riscv-none-embed/lib/rv32imacxw/ilp32\libc_nano.a
LOAD d:/mounriver/mrs/mounriver/mounriver_studio/toolchain/risc-v embedded gcc/bin/../lib/gcc/riscv-none-embed/8.2.0/../../../../riscv-none-embed/lib/rv32imacxw/ilp32\libnosys.a
END GROUP
START GROUP
LOAD d:/mounriver/mrs/mounriver/mounriver_studio/toolchain/risc-v embedded gcc/bin/../lib/gcc/riscv-none-embed/8.2.0/rv32imacxw/ilp32\libgcc.a
LOAD d:/mounriver/mrs/mounriver/mounriver_studio/toolchain/risc-v embedded gcc/bin/../lib/gcc/riscv-none-embed/8.2.0/../../../../riscv-none-embed/lib/rv32imacxw/ilp32\libc_nano.a
LOAD d:/mounriver/mrs/mounriver/mounriver_studio/toolchain/risc-v embedded gcc/bin/../lib/gcc/riscv-none-embed/8.2.0/../../../../riscv-none-embed/lib/rv32imacxw/ilp32\libnosys.a
END GROUP
                0x0000000000000800                __stack_size = 0x800
                [!provide]                        PROVIDE (_stack_size = __stack_size)

.init           0x0000000000000000       0x38
                0x0000000000000000                _sinit = .
                0x0000000000000000                . = ALIGN (0x4)
 *(SORT_NONE(.init))
 .init          0x0000000000000000       0x38 ./Startup/startup_ch32v30x_D8C.o
                0x0000000000000000                _start
                0x0000000000000038                . = ALIGN (0x4)
                0x0000000000000038                _einit = .

.vector         0x0000000000000038      0x1c8
 *(.vector)
 .vector        0x0000000000000038      0x1a0 ./Startup/startup_ch32v30x_D8C.o
                0x0000000000000200                . = ALIGN (0x40)
 *fill*         0x00000000000001d8       0x28 

.text           0x0000000000000200     0xa3e8
                0x0000000000000200                . = ALIGN (0x4)
 *(.text)
 .text          0x0000000000000200       0x60 d:/mounriver/mrs/mounriver/mounriver_studio/toolchain/risc-v embedded gcc/bin/../lib/gcc/riscv-none-embed/8.2.0/rv32imacxw/ilp32\libgcc.a(save-restore.o)
                0x0000000000000200                __riscv_save_12
                0x0000000000000208                __riscv_save_9
                0x0000000000000208                __riscv_save_11
                0x0000000000000208                __riscv_save_10
                0x0000000000000208                __riscv_save_8
                0x0000000000000216                __riscv_save_4
                0x0000000000000216                __riscv_save_6
                0x0000000000000216                __riscv_save_5
                0x0000000000000216                __riscv_save_7
                0x0000000000000230                __riscv_save_3
                0x0000000000000230                __riscv_save_2
                0x0000000000000230                __riscv_save_1
                0x0000000000000230                __riscv_save_0
                0x000000000000023c                __riscv_restore_12
                0x0000000000000240                __riscv_restore_11
                0x0000000000000240                __riscv_restore_9
                0x0000000000000240                __riscv_restore_10
                0x0000000000000240                __riscv_restore_8
                0x000000000000024a                __riscv_restore_5
                0x000000000000024a                __riscv_restore_7
                0x000000000000024a                __riscv_restore_6
                0x000000000000024a                __riscv_restore_4
                0x0000000000000254                __riscv_restore_3
                0x0000000000000254                __riscv_restore_0
                0x0000000000000254                __riscv_restore_2
                0x0000000000000254                __riscv_restore_1
 .text          0x0000000000000260       0xa8 d:/mounriver/mrs/mounriver/mounriver_studio/toolchain/risc-v embedded gcc/bin/../lib/gcc/riscv-none-embed/8.2.0/../../../../riscv-none-embed/lib/rv32imacxw/ilp32\libg_nano.a(lib_a-memset.o)
                0x0000000000000260                memset
 *(.text.*)
 .text.SPI_RC522_SendByte
                0x0000000000000308       0x5a ./User/RC522.o
                0x0000000000000308                SPI_RC522_SendByte
 .text.SPI_RC522_ReadByte
                0x0000000000000362       0x56 ./User/RC522.o
                0x0000000000000362                SPI_RC522_ReadByte
 .text.ReadRawRC
                0x00000000000003b8       0x34 ./User/RC522.o
                0x00000000000003b8                ReadRawRC
 .text.WriteRawRC
                0x00000000000003ec       0x30 ./User/RC522.o
                0x00000000000003ec                WriteRawRC
 .text.SetBitMask
                0x000000000000041c       0x1c ./User/RC522.o
                0x000000000000041c                SetBitMask
 .text.ClearBitMask
                0x0000000000000438       0x20 ./User/RC522.o
                0x0000000000000438                ClearBitMask
 .text.PcdAntennaOn
                0x0000000000000458       0x14 ./User/RC522.o
                0x0000000000000458                PcdAntennaOn
 .text.M500PcdConfigISOType.part.1
                0x000000000000046c       0x52 ./User/RC522.o
 .text.PcdReset
                0x00000000000004be       0x82 ./User/RC522.o
                0x00000000000004be                PcdReset
 .text.RC522_Init
                0x0000000000000540       0x26 ./User/RC522.o
                0x0000000000000540                RC522_Init
 .text.PcdComMF522
                0x0000000000000566      0x106 ./User/RC522.o
                0x0000000000000566                PcdComMF522
 .text.PcdRequest
                0x000000000000066c       0x44 ./User/RC522.o
                0x000000000000066c                PcdRequest
 .text.PcdAnticoll
                0x00000000000006b0       0x66 ./User/RC522.o
                0x00000000000006b0                PcdAnticoll
 .text.CalulateCRC
                0x0000000000000716       0x5e ./User/RC522.o
                0x0000000000000716                CalulateCRC
 .text.PcdSelect
                0x0000000000000774       0x64 ./User/RC522.o
                0x0000000000000774                PcdSelect
 .text.PcdAuthState
                0x00000000000007d8       0x5e ./User/RC522.o
                0x00000000000007d8                PcdAuthState
 .text.PcdWrite
                0x0000000000000836       0x8a ./User/RC522.o
                0x0000000000000836                PcdWrite
 .text.PcdRead  0x00000000000008c0       0x52 ./User/RC522.o
                0x00000000000008c0                PcdRead
 .text.ShowID   0x0000000000000912       0x5a ./User/RC522.o
                0x0000000000000912                ShowID
 .text.RC522_Handle
                0x000000000000096c      0x338 ./User/RC522.o
                0x000000000000096c                RC522_Handle
 .text.SPI2_Init
                0x0000000000000ca4       0xb6 ./User/SPI.o
                0x0000000000000ca4                SPI2_Init
 .text.ADC_Function_Init
                0x0000000000000d5a       0xf4 ./User/adc.o
                0x0000000000000d5a                ADC_Function_Init
 .text.Get_ADC_Val
                0x0000000000000e4e       0x30 ./User/adc.o
                0x0000000000000e4e                Get_ADC_Val
 .text.BEEP_Init
                0x0000000000000e7e       0x3a ./User/beep.o
                0x0000000000000e7e                BEEP_Init
 .text.NMI_Handler
                0x0000000000000eb8        0x4 ./User/ch32v30x_it.o
                0x0000000000000eb8                NMI_Handler
 .text.HardFault_Handler
                0x0000000000000ebc        0x2 ./User/ch32v30x_it.o
                0x0000000000000ebc                HardFault_Handler
 .text.DHT11_Read_Bit
                0x0000000000000ebe       0x74 ./User/dht11.o
                0x0000000000000ebe                DHT11_Read_Bit
 .text.DHT11_Read_Byte
                0x0000000000000f32       0x22 ./User/dht11.o
                0x0000000000000f32                DHT11_Read_Byte
 .text.DHT11_IO_IN
                0x0000000000000f54       0x2e ./User/dht11.o
                0x0000000000000f54                DHT11_IO_IN
 .text.DHT11_Check
                0x0000000000000f82       0x76 ./User/dht11.o
                0x0000000000000f82                DHT11_Check
 .text.DHT11_IO_OUT
                0x0000000000000ff8       0x32 ./User/dht11.o
                0x0000000000000ff8                DHT11_IO_OUT
 .text.DHT11_Rst
                0x000000000000102a       0x32 ./User/dht11.o
                0x000000000000102a                DHT11_Rst
 .text.DHT11_Read_Data
                0x000000000000105c       0x4a ./User/dht11.o
                0x000000000000105c                DHT11_Read_Data
 .text.DHT11_Init
                0x00000000000010a6       0x36 ./User/dht11.o
                0x00000000000010a6                DHT11_Init
 .text.SPI_LCD_Init
                0x00000000000010dc       0xdc ./User/lcd.o
                0x00000000000010dc                SPI_LCD_Init
 .text.spi_readwrite
                0x00000000000011b8       0x62 ./User/lcd.o
                0x00000000000011b8                spi_readwrite
 .text.LCD_WR_DATA8
                0x000000000000121a       0x30 ./User/lcd.o
                0x000000000000121a                LCD_WR_DATA8
 .text.LCD_WR_DATA
                0x000000000000124a       0x38 ./User/lcd.o
                0x000000000000124a                LCD_WR_DATA
 .text.LCD_WR_REG
                0x0000000000001282       0x30 ./User/lcd.o
                0x0000000000001282                LCD_WR_REG
 .text.LCD_Address_Set
                0x00000000000012b2       0x54 ./User/lcd.o
                0x00000000000012b2                LCD_Address_Set
 .text.LCD_Init
                0x0000000000001306      0x270 ./User/lcd.o
                0x0000000000001306                LCD_Init
 .text.LCD_Fill
                0x0000000000001576       0x42 ./User/lcd.o
                0x0000000000001576                LCD_Fill
 .text.LCD_DrawPoint
                0x00000000000015b8       0x18 ./User/lcd.o
                0x00000000000015b8                LCD_DrawPoint
 .text.LCD_ShowChar
                0x00000000000015d0       0xe6 ./User/lcd.o
                0x00000000000015d0                LCD_ShowChar
 .text.LCD_ShowString
                0x00000000000016b6       0x38 ./User/lcd.o
                0x00000000000016b6                LCD_ShowString
 .text.LCD_ShowIntNum
                0x00000000000016ee       0x94 ./User/lcd.o
                0x00000000000016ee                LCD_ShowIntNum
 .text.Acquire_SensorDATE
                0x0000000000001782      0x284 ./User/main.o
                0x0000000000001782                Acquire_SensorDATE
 .text.LIGHT    0x0000000000001a06       0x3a ./User/main.o
                0x0000000000001a06                LIGHT
 .text.ATOMIZER
                0x0000000000001a40       0x3a ./User/main.o
                0x0000000000001a40                ATOMIZER
 .text.startup.main
                0x0000000000001a7a       0x6e ./User/main.o
                0x0000000000001a7a                main
 .text.SystemInit
                0x0000000000001ae8       0xfa ./User/system_ch32v30x.o
                0x0000000000001ae8                SystemInit
 .text._write   0x0000000000001be2       0x3e ./User/usart.o
                0x0000000000001be2                _write
 .text._sbrk    0x0000000000001c20       0x26 ./User/usart.o
                0x0000000000001c20                _sbrk
 .text.USART1_Init
                0x0000000000001c46       0x9e ./User/usart.o
                0x0000000000001c46                USART1_Init
 .text.USART2_Init
                0x0000000000001ce4       0xa2 ./User/usart.o
                0x0000000000001ce4                USART2_Init
 .text.USART2_IRQHandler
                0x0000000000001d86       0x3a ./User/usart.o
                0x0000000000001d86                USART2_IRQHandler
 .text.USART3_Init
                0x0000000000001dc0       0xba ./User/usart.o
                0x0000000000001dc0                USART3_Init
 .text.USART3_IRQHandler
                0x0000000000001e7a       0x3a ./User/usart.o
                0x0000000000001e7a                USART3_IRQHandler
 .text.USART1_IRQHandler
                0x0000000000001eb4       0x60 ./User/usart.o
                0x0000000000001eb4                USART1_IRQHandler
 .text.vector_handler
                0x0000000000001f14       0xbe ./Startup/startup_ch32v30x_D8C.o
                0x0000000000001f18                Ecall_M_Mode_Handler
                0x0000000000001f1a                Ecall_U_Mode_Handler
                0x0000000000001f1c                Break_Point_Handler
                0x0000000000001f1e                SysTick_Handler
                0x0000000000001f20                SW_Handler
                0x0000000000001f22                WWDG_IRQHandler
                0x0000000000001f24                PVD_IRQHandler
                0x0000000000001f26                TAMPER_IRQHandler
                0x0000000000001f28                RTC_IRQHandler
                0x0000000000001f2a                FLASH_IRQHandler
                0x0000000000001f2c                RCC_IRQHandler
                0x0000000000001f2e                EXTI0_IRQHandler
                0x0000000000001f30                EXTI1_IRQHandler
                0x0000000000001f32                EXTI2_IRQHandler
                0x0000000000001f34                EXTI3_IRQHandler
                0x0000000000001f36                EXTI4_IRQHandler
                0x0000000000001f38                DMA1_Channel1_IRQHandler
                0x0000000000001f3a                DMA1_Channel2_IRQHandler
                0x0000000000001f3c                DMA1_Channel3_IRQHandler
                0x0000000000001f3e                DMA1_Channel4_IRQHandler
                0x0000000000001f40                DMA1_Channel5_IRQHandler
                0x0000000000001f42                DMA1_Channel6_IRQHandler
                0x0000000000001f44                DMA1_Channel7_IRQHandler
                0x0000000000001f46                ADC1_2_IRQHandler
                0x0000000000001f48                USB_HP_CAN1_TX_IRQHandler
                0x0000000000001f4a                USB_LP_CAN1_RX0_IRQHandler
                0x0000000000001f4c                CAN1_RX1_IRQHandler
                0x0000000000001f4e                CAN1_SCE_IRQHandler
                0x0000000000001f50                EXTI9_5_IRQHandler
                0x0000000000001f52                TIM1_BRK_IRQHandler
                0x0000000000001f54                TIM1_UP_IRQHandler
                0x0000000000001f56                TIM1_TRG_COM_IRQHandler
                0x0000000000001f58                TIM1_CC_IRQHandler
                0x0000000000001f5a                TIM2_IRQHandler
                0x0000000000001f5c                TIM3_IRQHandler
                0x0000000000001f5e                TIM4_IRQHandler
                0x0000000000001f60                I2C1_EV_IRQHandler
                0x0000000000001f62                I2C1_ER_IRQHandler
                0x0000000000001f64                I2C2_EV_IRQHandler
                0x0000000000001f66                I2C2_ER_IRQHandler
                0x0000000000001f68                SPI1_IRQHandler
                0x0000000000001f6a                SPI2_IRQHandler
                0x0000000000001f72                EXTI15_10_IRQHandler
                0x0000000000001f74                RTCAlarm_IRQHandler
                0x0000000000001f76                USBWakeUp_IRQHandler
                0x0000000000001f78                TIM8_BRK_IRQHandler
                0x0000000000001f7a                TIM8_UP_IRQHandler
                0x0000000000001f7c                TIM8_TRG_COM_IRQHandler
                0x0000000000001f7e                TIM8_CC_IRQHandler
                0x0000000000001f80                RNG_IRQHandler
                0x0000000000001f82                FSMC_IRQHandler
                0x0000000000001f84                SDIO_IRQHandler
                0x0000000000001f86                TIM5_IRQHandler
                0x0000000000001f88                SPI3_IRQHandler
                0x0000000000001f8a                UART4_IRQHandler
                0x0000000000001f8c                UART5_IRQHandler
                0x0000000000001f8e                TIM6_IRQHandler
                0x0000000000001f90                TIM7_IRQHandler
                0x0000000000001f92                DMA2_Channel1_IRQHandler
                0x0000000000001f94                DMA2_Channel2_IRQHandler
                0x0000000000001f96                DMA2_Channel3_IRQHandler
                0x0000000000001f98                DMA2_Channel4_IRQHandler
                0x0000000000001f9a                DMA2_Channel5_IRQHandler
                0x0000000000001f9c                ETH_IRQHandler
                0x0000000000001f9e                ETH_WKUP_IRQHandler
                0x0000000000001fa0                CAN2_TX_IRQHandler
                0x0000000000001fa2                CAN2_RX0_IRQHandler
                0x0000000000001fa4                CAN2_RX1_IRQHandler
                0x0000000000001fa6                CAN2_SCE_IRQHandler
                0x0000000000001fa8                OTG_FS_IRQHandler
                0x0000000000001faa                USBHSWakeup_IRQHandler
                0x0000000000001fac                USBHS_IRQHandler
                0x0000000000001fae                DVP_IRQHandler
                0x0000000000001fb0                UART6_IRQHandler
                0x0000000000001fb2                UART7_IRQHandler
                0x0000000000001fb4                UART8_IRQHandler
                0x0000000000001fb6                TIM9_BRK_IRQHandler
                0x0000000000001fb8                TIM9_UP_IRQHandler
                0x0000000000001fba                TIM9_TRG_COM_IRQHandler
                0x0000000000001fbc                TIM9_CC_IRQHandler
                0x0000000000001fbe                TIM10_BRK_IRQHandler
                0x0000000000001fc0                TIM10_UP_IRQHandler
                0x0000000000001fc2                TIM10_TRG_COM_IRQHandler
                0x0000000000001fc4                TIM10_CC_IRQHandler
                0x0000000000001fc6                DMA2_Channel6_IRQHandler
                0x0000000000001fc8                DMA2_Channel7_IRQHandler
                0x0000000000001fca                DMA2_Channel8_IRQHandler
                0x0000000000001fcc                DMA2_Channel9_IRQHandler
                0x0000000000001fce                DMA2_Channel10_IRQHandler
                0x0000000000001fd0                DMA2_Channel11_IRQHandler
 .text.handle_reset
                0x0000000000001fd2       0x8a ./Startup/startup_ch32v30x_D8C.o
                0x0000000000001fd2                handle_reset
 .text.ADC_DeInit
                0x000000000000205c       0x40 ./Peripheral/src/ch32v30x_adc.o
                0x000000000000205c                ADC_DeInit
 .text.ADC_Init
                0x000000000000209c       0x56 ./Peripheral/src/ch32v30x_adc.o
                0x000000000000209c                ADC_Init
 .text.ADC_Cmd  0x00000000000020f2       0x10 ./Peripheral/src/ch32v30x_adc.o
                0x00000000000020f2                ADC_Cmd
 .text.ADC_ResetCalibration
                0x0000000000002102        0xa ./Peripheral/src/ch32v30x_adc.o
                0x0000000000002102                ADC_ResetCalibration
 .text.ADC_GetResetCalibrationStatus
                0x000000000000210c        0x8 ./Peripheral/src/ch32v30x_adc.o
                0x000000000000210c                ADC_GetResetCalibrationStatus
 .text.ADC_StartCalibration
                0x0000000000002114        0xa ./Peripheral/src/ch32v30x_adc.o
                0x0000000000002114                ADC_StartCalibration
 .text.ADC_GetCalibrationStatus
                0x000000000000211e        0x8 ./Peripheral/src/ch32v30x_adc.o
                0x000000000000211e                ADC_GetCalibrationStatus
 .text.ADC_SoftwareStartConvCmd
                0x0000000000002126       0x18 ./Peripheral/src/ch32v30x_adc.o
                0x0000000000002126                ADC_SoftwareStartConvCmd
 .text.ADC_RegularChannelConfig
                0x000000000000213e       0xb8 ./Peripheral/src/ch32v30x_adc.o
                0x000000000000213e                ADC_RegularChannelConfig
 .text.ADC_GetConversionValue
                0x00000000000021f6        0x8 ./Peripheral/src/ch32v30x_adc.o
                0x00000000000021f6                ADC_GetConversionValue
 .text.ADC_AutoInjectedConvCmd
                0x00000000000021fe       0x12 ./Peripheral/src/ch32v30x_adc.o
                0x00000000000021fe                ADC_AutoInjectedConvCmd
 .text.ADC_GetFlagStatus
                0x0000000000002210        0xa ./Peripheral/src/ch32v30x_adc.o
                0x0000000000002210                ADC_GetFlagStatus
 .text.ADC_BufferCmd
                0x000000000000221a       0x18 ./Peripheral/src/ch32v30x_adc.o
                0x000000000000221a                ADC_BufferCmd
 .text.Get_CalibrationValue
                0x0000000000002232      0x134 ./Peripheral/src/ch32v30x_adc.o
                0x0000000000002232                Get_CalibrationValue
 .text.GPIO_Init
                0x0000000000002366       0xc0 ./Peripheral/src/ch32v30x_gpio.o
                0x0000000000002366                GPIO_Init
 .text.GPIO_ReadInputDataBit
                0x0000000000002426        0xa ./Peripheral/src/ch32v30x_gpio.o
                0x0000000000002426                GPIO_ReadInputDataBit
 .text.GPIO_SetBits
                0x0000000000002430        0x4 ./Peripheral/src/ch32v30x_gpio.o
                0x0000000000002430                GPIO_SetBits
 .text.GPIO_ResetBits
                0x0000000000002434        0x4 ./Peripheral/src/ch32v30x_gpio.o
                0x0000000000002434                GPIO_ResetBits
 .text.GPIO_PinRemapConfig
                0x0000000000002438       0xd6 ./Peripheral/src/ch32v30x_gpio.o
                0x0000000000002438                GPIO_PinRemapConfig
 .text.NVIC_PriorityGroupConfig
                0x000000000000250e        0x6 ./Peripheral/src/ch32v30x_misc.o
                0x000000000000250e                NVIC_PriorityGroupConfig
 .text.NVIC_Init
                0x0000000000002514       0xa6 ./Peripheral/src/ch32v30x_misc.o
                0x0000000000002514                NVIC_Init
 .text.RCC_ADCCLKConfig
                0x00000000000025ba       0x12 ./Peripheral/src/ch32v30x_rcc.o
                0x00000000000025ba                RCC_ADCCLKConfig
 .text.RCC_GetClocksFreq
                0x00000000000025cc      0x176 ./Peripheral/src/ch32v30x_rcc.o
                0x00000000000025cc                RCC_GetClocksFreq
 .text.RCC_APB2PeriphClockCmd
                0x0000000000002742       0x1e ./Peripheral/src/ch32v30x_rcc.o
                0x0000000000002742                RCC_APB2PeriphClockCmd
 .text.RCC_APB1PeriphClockCmd
                0x0000000000002760       0x1e ./Peripheral/src/ch32v30x_rcc.o
                0x0000000000002760                RCC_APB1PeriphClockCmd
 .text.RCC_APB2PeriphResetCmd
                0x000000000000277e       0x1e ./Peripheral/src/ch32v30x_rcc.o
                0x000000000000277e                RCC_APB2PeriphResetCmd
 .text.SPI_Init
                0x000000000000279c       0x3e ./Peripheral/src/ch32v30x_spi.o
                0x000000000000279c                SPI_Init
 .text.SPI_Cmd  0x00000000000027da       0x1a ./Peripheral/src/ch32v30x_spi.o
                0x00000000000027da                SPI_Cmd
 .text.SPI_I2S_SendData
                0x00000000000027f4        0x4 ./Peripheral/src/ch32v30x_spi.o
                0x00000000000027f4                SPI_I2S_SendData
 .text.SPI_I2S_ReceiveData
                0x00000000000027f8        0x4 ./Peripheral/src/ch32v30x_spi.o
                0x00000000000027f8                SPI_I2S_ReceiveData
 .text.SPI_I2S_GetFlagStatus
                0x00000000000027fc        0xa ./Peripheral/src/ch32v30x_spi.o
                0x00000000000027fc                SPI_I2S_GetFlagStatus
 .text.USART_Init
                0x0000000000002806       0xbc ./Peripheral/src/ch32v30x_usart.o
                0x0000000000002806                USART_Init
 .text.USART_Cmd
                0x00000000000028c2       0x16 ./Peripheral/src/ch32v30x_usart.o
                0x00000000000028c2                USART_Cmd
 .text.USART_ITConfig
                0x00000000000028d8       0x36 ./Peripheral/src/ch32v30x_usart.o
                0x00000000000028d8                USART_ITConfig
 .text.USART_SendData
                0x000000000000290e        0x8 ./Peripheral/src/ch32v30x_usart.o
                0x000000000000290e                USART_SendData
 .text.USART_ReceiveData
                0x0000000000002916        0x8 ./Peripheral/src/ch32v30x_usart.o
                0x0000000000002916                USART_ReceiveData
 .text.USART_GetFlagStatus
                0x000000000000291e        0xa ./Peripheral/src/ch32v30x_usart.o
                0x000000000000291e                USART_GetFlagStatus
 .text.USART_GetITStatus
                0x0000000000002928       0x3c ./Peripheral/src/ch32v30x_usart.o
                0x0000000000002928                USART_GetITStatus
 .text.USART_ClearITPendingBit
                0x0000000000002964       0x14 ./Peripheral/src/ch32v30x_usart.o
                0x0000000000002964                USART_ClearITPendingBit
 .text.Delay_Init
                0x0000000000002978       0x26 ./Debug/debug.o
                0x0000000000002978                Delay_Init
 .text.delay_us
                0x000000000000299e       0x2e ./Debug/debug.o
                0x000000000000299e                delay_us
 .text.Delay_Us
                0x00000000000029cc        0xc ./Debug/debug.o
                0x00000000000029cc                Delay_Us
 .text.Delay_Ms
                0x00000000000029d8       0x2e ./Debug/debug.o
                0x00000000000029d8                Delay_Ms
 .text.delay_ms
                0x0000000000002a06        0xc ./Debug/debug.o
                0x0000000000002a06                delay_ms
 .text.pow      0x0000000000002a12      0x324 d:/mounriver/mrs/mounriver/mounriver_studio/toolchain/risc-v embedded gcc/bin/../lib/gcc/riscv-none-embed/8.2.0/../../../../riscv-none-embed/lib/rv32imacxw/ilp32\libm.a(lib_a-w_pow.o)
                0x0000000000002a12                pow
 .text.log10f   0x0000000000002d36      0x114 d:/mounriver/mrs/mounriver/mounriver_studio/toolchain/risc-v embedded gcc/bin/../lib/gcc/riscv-none-embed/8.2.0/../../../../riscv-none-embed/lib/rv32imacxw/ilp32\libm.a(lib_a-wf_log10.o)
                0x0000000000002d36                log10f
 .text.__ieee754_pow
                0x0000000000002e4a      0xad6 d:/mounriver/mrs/mounriver/mounriver_studio/toolchain/risc-v embedded gcc/bin/../lib/gcc/riscv-none-embed/8.2.0/../../../../riscv-none-embed/lib/rv32imacxw/ilp32\libm.a(lib_a-e_pow.o)
                0x0000000000002e4a                __ieee754_pow
 .text.__ieee754_sqrt
                0x0000000000003920      0x1d6 d:/mounriver/mrs/mounriver/mounriver_studio/toolchain/risc-v embedded gcc/bin/../lib/gcc/riscv-none-embed/8.2.0/../../../../riscv-none-embed/lib/rv32imacxw/ilp32\libm.a(lib_a-e_sqrt.o)
                0x0000000000003920                __ieee754_sqrt
 .text.__ieee754_log10f
                0x0000000000003af6       0xee d:/mounriver/mrs/mounriver/mounriver_studio/toolchain/risc-v embedded gcc/bin/../lib/gcc/riscv-none-embed/8.2.0/../../../../riscv-none-embed/lib/rv32imacxw/ilp32\libm.a(lib_a-ef_log10.o)
                0x0000000000003af6                __ieee754_log10f
 .text.fabs     0x0000000000003be4        0x6 d:/mounriver/mrs/mounriver/mounriver_studio/toolchain/risc-v embedded gcc/bin/../lib/gcc/riscv-none-embed/8.2.0/../../../../riscv-none-embed/lib/rv32imacxw/ilp32\libm.a(lib_a-s_fabs.o)
                0x0000000000003be4                fabs
 .text.finite   0x0000000000003bea        0xe d:/mounriver/mrs/mounriver/mounriver_studio/toolchain/risc-v embedded gcc/bin/../lib/gcc/riscv-none-embed/8.2.0/../../../../riscv-none-embed/lib/rv32imacxw/ilp32\libm.a(lib_a-s_finite.o)
                0x0000000000003bea                finite
 .text.matherr  0x0000000000003bf8        0x4 d:/mounriver/mrs/mounriver/mounriver_studio/toolchain/risc-v embedded gcc/bin/../lib/gcc/riscv-none-embed/8.2.0/../../../../riscv-none-embed/lib/rv32imacxw/ilp32\libm.a(lib_a-s_matherr.o)
                0x0000000000003bf8                matherr
 .text.nan      0x0000000000003bfc        0xe d:/mounriver/mrs/mounriver/mounriver_studio/toolchain/risc-v embedded gcc/bin/../lib/gcc/riscv-none-embed/8.2.0/../../../../riscv-none-embed/lib/rv32imacxw/ilp32\libm.a(lib_a-s_nan.o)
                0x0000000000003bfc                nan
 .text.rint     0x0000000000003c0a      0x186 d:/mounriver/mrs/mounriver/mounriver_studio/toolchain/risc-v embedded gcc/bin/../lib/gcc/riscv-none-embed/8.2.0/../../../../riscv-none-embed/lib/rv32imacxw/ilp32\libm.a(lib_a-s_rint.o)
                0x0000000000003c0a                rint
 .text.scalbn   0x0000000000003d90      0x13e d:/mounriver/mrs/mounriver/mounriver_studio/toolchain/risc-v embedded gcc/bin/../lib/gcc/riscv-none-embed/8.2.0/../../../../riscv-none-embed/lib/rv32imacxw/ilp32\libm.a(lib_a-s_scalbn.o)
                0x0000000000003d90                scalbn
 .text.__ieee754_logf
                0x0000000000003ece      0x304 d:/mounriver/mrs/mounriver/mounriver_studio/toolchain/risc-v embedded gcc/bin/../lib/gcc/riscv-none-embed/8.2.0/../../../../riscv-none-embed/lib/rv32imacxw/ilp32\libm.a(lib_a-ef_log.o)
                0x0000000000003ece                __ieee754_logf
 .text.copysign
                0x00000000000041d2       0x16 d:/mounriver/mrs/mounriver/mounriver_studio/toolchain/risc-v embedded gcc/bin/../lib/gcc/riscv-none-embed/8.2.0/../../../../riscv-none-embed/lib/rv32imacxw/ilp32\libm.a(lib_a-s_copysign.o)
                0x00000000000041d2                copysign
 .text.__adddf3
                0x00000000000041e8      0x730 d:/mounriver/mrs/mounriver/mounriver_studio/toolchain/risc-v embedded gcc/bin/../lib/gcc/riscv-none-embed/8.2.0/rv32imacxw/ilp32\libgcc.a(adddf3.o)
                0x00000000000041e8                __adddf3
 .text.__divdf3
                0x0000000000004918      0x5b4 d:/mounriver/mrs/mounriver/mounriver_studio/toolchain/risc-v embedded gcc/bin/../lib/gcc/riscv-none-embed/8.2.0/rv32imacxw/ilp32\libgcc.a(divdf3.o)
                0x0000000000004918                __divdf3
 .text.__eqdf2  0x0000000000004ecc       0x6a d:/mounriver/mrs/mounriver/mounriver_studio/toolchain/risc-v embedded gcc/bin/../lib/gcc/riscv-none-embed/8.2.0/rv32imacxw/ilp32\libgcc.a(eqdf2.o)
                0x0000000000004ecc                __nedf2
                0x0000000000004ecc                __eqdf2
 .text.__gedf2  0x0000000000004f36       0xae d:/mounriver/mrs/mounriver/mounriver_studio/toolchain/risc-v embedded gcc/bin/../lib/gcc/riscv-none-embed/8.2.0/rv32imacxw/ilp32\libgcc.a(gedf2.o)
                0x0000000000004f36                __gedf2
                0x0000000000004f36                __gtdf2
 .text.__ledf2  0x0000000000004fe4       0xb6 d:/mounriver/mrs/mounriver/mounriver_studio/toolchain/risc-v embedded gcc/bin/../lib/gcc/riscv-none-embed/8.2.0/rv32imacxw/ilp32\libgcc.a(ledf2.o)
                0x0000000000004fe4                __ledf2
                0x0000000000004fe4                __ltdf2
 .text.__muldf3
                0x000000000000509a      0x4b8 d:/mounriver/mrs/mounriver/mounriver_studio/toolchain/risc-v embedded gcc/bin/../lib/gcc/riscv-none-embed/8.2.0/rv32imacxw/ilp32\libgcc.a(muldf3.o)
                0x000000000000509a                __muldf3
 .text.__subdf3
                0x0000000000005552      0x73e d:/mounriver/mrs/mounriver/mounriver_studio/toolchain/risc-v embedded gcc/bin/../lib/gcc/riscv-none-embed/8.2.0/rv32imacxw/ilp32\libgcc.a(subdf3.o)
                0x0000000000005552                __subdf3
 .text.__unorddf2
                0x0000000000005c90       0x3c d:/mounriver/mrs/mounriver/mounriver_studio/toolchain/risc-v embedded gcc/bin/../lib/gcc/riscv-none-embed/8.2.0/rv32imacxw/ilp32\libgcc.a(unorddf2.o)
                0x0000000000005c90                __unorddf2
 .text.__floatsidf
                0x0000000000005ccc       0x72 d:/mounriver/mrs/mounriver/mounriver_studio/toolchain/risc-v embedded gcc/bin/../lib/gcc/riscv-none-embed/8.2.0/rv32imacxw/ilp32\libgcc.a(floatsidf.o)
                0x0000000000005ccc                __floatsidf
 .text.__addsf3
                0x0000000000005d3e      0x36a d:/mounriver/mrs/mounriver/mounriver_studio/toolchain/risc-v embedded gcc/bin/../lib/gcc/riscv-none-embed/8.2.0/rv32imacxw/ilp32\libgcc.a(addsf3.o)
                0x0000000000005d3e                __addsf3
 .text.__divsf3
                0x00000000000060a8      0x2b2 d:/mounriver/mrs/mounriver/mounriver_studio/toolchain/risc-v embedded gcc/bin/../lib/gcc/riscv-none-embed/8.2.0/rv32imacxw/ilp32\libgcc.a(divsf3.o)
                0x00000000000060a8                __divsf3
 .text.__eqsf2  0x000000000000635a       0x5c d:/mounriver/mrs/mounriver/mounriver_studio/toolchain/risc-v embedded gcc/bin/../lib/gcc/riscv-none-embed/8.2.0/rv32imacxw/ilp32\libgcc.a(eqsf2.o)
                0x000000000000635a                __eqsf2
                0x000000000000635a                __nesf2
 .text.__lesf2  0x00000000000063b6       0x8c d:/mounriver/mrs/mounriver/mounriver_studio/toolchain/risc-v embedded gcc/bin/../lib/gcc/riscv-none-embed/8.2.0/rv32imacxw/ilp32\libgcc.a(lesf2.o)
                0x00000000000063b6                __ltsf2
                0x00000000000063b6                __lesf2
 .text.__mulsf3
                0x0000000000006442      0x294 d:/mounriver/mrs/mounriver/mounriver_studio/toolchain/risc-v embedded gcc/bin/../lib/gcc/riscv-none-embed/8.2.0/rv32imacxw/ilp32\libgcc.a(mulsf3.o)
                0x0000000000006442                __mulsf3
 .text.__subsf3
                0x00000000000066d6      0x388 d:/mounriver/mrs/mounriver/mounriver_studio/toolchain/risc-v embedded gcc/bin/../lib/gcc/riscv-none-embed/8.2.0/rv32imacxw/ilp32\libgcc.a(subsf3.o)
                0x00000000000066d6                __subsf3
 .text.__unordsf2
                0x0000000000006a5e       0x3c d:/mounriver/mrs/mounriver/mounriver_studio/toolchain/risc-v embedded gcc/bin/../lib/gcc/riscv-none-embed/8.2.0/rv32imacxw/ilp32\libgcc.a(unordsf2.o)
                0x0000000000006a5e                __unordsf2
 .text.__fixunssfsi
                0x0000000000006a9a       0x56 d:/mounriver/mrs/mounriver/mounriver_studio/toolchain/risc-v embedded gcc/bin/../lib/gcc/riscv-none-embed/8.2.0/rv32imacxw/ilp32\libgcc.a(fixunssfsi.o)
                0x0000000000006a9a                __fixunssfsi
 .text.__floatsisf
                0x0000000000006af0       0xc6 d:/mounriver/mrs/mounriver/mounriver_studio/toolchain/risc-v embedded gcc/bin/../lib/gcc/riscv-none-embed/8.2.0/rv32imacxw/ilp32\libgcc.a(floatsisf.o)
                0x0000000000006af0                __floatsisf
 .text.__floatunsisf
                0x0000000000006bb6       0xce d:/mounriver/mrs/mounriver/mounriver_studio/toolchain/risc-v embedded gcc/bin/../lib/gcc/riscv-none-embed/8.2.0/rv32imacxw/ilp32\libgcc.a(floatunsisf.o)
                0x0000000000006bb6                __floatunsisf
 .text.__extendsfdf2
                0x0000000000006c84       0xac d:/mounriver/mrs/mounriver/mounriver_studio/toolchain/risc-v embedded gcc/bin/../lib/gcc/riscv-none-embed/8.2.0/rv32imacxw/ilp32\libgcc.a(extendsfdf2.o)
                0x0000000000006c84                __extendsfdf2
 .text.__truncdfsf2
                0x0000000000006d30      0x16a d:/mounriver/mrs/mounriver/mounriver_studio/toolchain/risc-v embedded gcc/bin/../lib/gcc/riscv-none-embed/8.2.0/rv32imacxw/ilp32\libgcc.a(truncdfsf2.o)
                0x0000000000006d30                __truncdfsf2
 .text.__clzsi2
                0x0000000000006e9a       0x6e d:/mounriver/mrs/mounriver/mounriver_studio/toolchain/risc-v embedded gcc/bin/../lib/gcc/riscv-none-embed/8.2.0/rv32imacxw/ilp32\libgcc.a(_clzsi2.o)
                0x0000000000006e9a                __clzsi2
 .text.__errno  0x0000000000006f08        0x8 d:/mounriver/mrs/mounriver/mounriver_studio/toolchain/risc-v embedded gcc/bin/../lib/gcc/riscv-none-embed/8.2.0/../../../../riscv-none-embed/lib/rv32imacxw/ilp32\libg_nano.a(lib_a-errno.o)
                0x0000000000006f08                __errno
 .text.memcpy   0x0000000000006f10       0xb2 d:/mounriver/mrs/mounriver/mounriver_studio/toolchain/risc-v embedded gcc/bin/../lib/gcc/riscv-none-embed/8.2.0/../../../../riscv-none-embed/lib/rv32imacxw/ilp32\libg_nano.a(lib_a-memcpy.o)
                0x0000000000006f10                memcpy
 .text.printf   0x0000000000006fc2       0x40 d:/mounriver/mrs/mounriver/mounriver_studio/toolchain/risc-v embedded gcc/bin/../lib/gcc/riscv-none-embed/8.2.0/../../../../riscv-none-embed/lib/rv32imacxw/ilp32\libg_nano.a(lib_a-printf.o)
                0x0000000000006fc2                iprintf
                0x0000000000006fc2                printf
 .text._puts_r  0x0000000000007002       0xd4 d:/mounriver/mrs/mounriver/mounriver_studio/toolchain/risc-v embedded gcc/bin/../lib/gcc/riscv-none-embed/8.2.0/../../../../riscv-none-embed/lib/rv32imacxw/ilp32\libg_nano.a(lib_a-puts.o)
                0x0000000000007002                _puts_r
 .text.puts     0x00000000000070d6        0xc d:/mounriver/mrs/mounriver/mounriver_studio/toolchain/risc-v embedded gcc/bin/../lib/gcc/riscv-none-embed/8.2.0/../../../../riscv-none-embed/lib/rv32imacxw/ilp32\libg_nano.a(lib_a-puts.o)
                0x00000000000070d6                puts
 .text.__swbuf_r
                0x00000000000070e2       0xbc d:/mounriver/mrs/mounriver/mounriver_studio/toolchain/risc-v embedded gcc/bin/../lib/gcc/riscv-none-embed/8.2.0/../../../../riscv-none-embed/lib/rv32imacxw/ilp32\libg_nano.a(lib_a-wbuf.o)
                0x00000000000070e2                __swbuf_r
 .text.__swsetup_r
                0x000000000000719e       0xfc d:/mounriver/mrs/mounriver/mounriver_studio/toolchain/risc-v embedded gcc/bin/../lib/gcc/riscv-none-embed/8.2.0/../../../../riscv-none-embed/lib/rv32imacxw/ilp32\libg_nano.a(lib_a-wsetup.o)
                0x000000000000719e                __swsetup_r
 .text.__sflush_r
                0x000000000000729a      0x130 d:/mounriver/mrs/mounriver/mounriver_studio/toolchain/risc-v embedded gcc/bin/../lib/gcc/riscv-none-embed/8.2.0/../../../../riscv-none-embed/lib/rv32imacxw/ilp32\libg_nano.a(lib_a-fflush.o)
                0x000000000000729a                __sflush_r
 .text._fflush_r
                0x00000000000073ca       0x66 d:/mounriver/mrs/mounriver/mounriver_studio/toolchain/risc-v embedded gcc/bin/../lib/gcc/riscv-none-embed/8.2.0/../../../../riscv-none-embed/lib/rv32imacxw/ilp32\libg_nano.a(lib_a-fflush.o)
                0x00000000000073ca                _fflush_r
 .text.std      0x0000000000007430       0x66 d:/mounriver/mrs/mounriver/mounriver_studio/toolchain/risc-v embedded gcc/bin/../lib/gcc/riscv-none-embed/8.2.0/../../../../riscv-none-embed/lib/rv32imacxw/ilp32\libg_nano.a(lib_a-findfp.o)
 .text._cleanup_r
                0x0000000000007496        0xa d:/mounriver/mrs/mounriver/mounriver_studio/toolchain/risc-v embedded gcc/bin/../lib/gcc/riscv-none-embed/8.2.0/../../../../riscv-none-embed/lib/rv32imacxw/ilp32\libg_nano.a(lib_a-findfp.o)
                0x0000000000007496                _cleanup_r
 .text.__sfmoreglue
                0x00000000000074a0       0x46 d:/mounriver/mrs/mounriver/mounriver_studio/toolchain/risc-v embedded gcc/bin/../lib/gcc/riscv-none-embed/8.2.0/../../../../riscv-none-embed/lib/rv32imacxw/ilp32\libg_nano.a(lib_a-findfp.o)
                0x00000000000074a0                __sfmoreglue
 .text.__sinit  0x00000000000074e6       0x6c d:/mounriver/mrs/mounriver/mounriver_studio/toolchain/risc-v embedded gcc/bin/../lib/gcc/riscv-none-embed/8.2.0/../../../../riscv-none-embed/lib/rv32imacxw/ilp32\libg_nano.a(lib_a-findfp.o)
                0x00000000000074e6                __sinit
 .text.__sfp    0x0000000000007552       0xa0 d:/mounriver/mrs/mounriver/mounriver_studio/toolchain/risc-v embedded gcc/bin/../lib/gcc/riscv-none-embed/8.2.0/../../../../riscv-none-embed/lib/rv32imacxw/ilp32\libg_nano.a(lib_a-findfp.o)
                0x0000000000007552                __sfp
 .text._fwalk_reent
                0x00000000000075f2       0x6a d:/mounriver/mrs/mounriver/mounriver_studio/toolchain/risc-v embedded gcc/bin/../lib/gcc/riscv-none-embed/8.2.0/../../../../riscv-none-embed/lib/rv32imacxw/ilp32\libg_nano.a(lib_a-fwalk.o)
                0x00000000000075f2                _fwalk_reent
 .text.__swhatbuf_r
                0x000000000000765c       0x58 d:/mounriver/mrs/mounriver/mounriver_studio/toolchain/risc-v embedded gcc/bin/../lib/gcc/riscv-none-embed/8.2.0/../../../../riscv-none-embed/lib/rv32imacxw/ilp32\libg_nano.a(lib_a-makebuf.o)
                0x000000000000765c                __swhatbuf_r
 .text.__smakebuf_r
                0x00000000000076b4       0x92 d:/mounriver/mrs/mounriver/mounriver_studio/toolchain/risc-v embedded gcc/bin/../lib/gcc/riscv-none-embed/8.2.0/../../../../riscv-none-embed/lib/rv32imacxw/ilp32\libg_nano.a(lib_a-makebuf.o)
                0x00000000000076b4                __smakebuf_r
 .text._free_r  0x0000000000007746       0xa8 d:/mounriver/mrs/mounriver/mounriver_studio/toolchain/risc-v embedded gcc/bin/../lib/gcc/riscv-none-embed/8.2.0/../../../../riscv-none-embed/lib/rv32imacxw/ilp32\libg_nano.a(lib_a-nano-freer.o)
                0x0000000000007746                _free_r
 .text._malloc_r
                0x00000000000077ee       0xd4 d:/mounriver/mrs/mounriver/mounriver_studio/toolchain/risc-v embedded gcc/bin/../lib/gcc/riscv-none-embed/8.2.0/../../../../riscv-none-embed/lib/rv32imacxw/ilp32\libg_nano.a(lib_a-nano-mallocr.o)
                0x00000000000077ee                _malloc_r
 .text.__sfputc_r
                0x00000000000078c2       0x28 d:/mounriver/mrs/mounriver/mounriver_studio/toolchain/risc-v embedded gcc/bin/../lib/gcc/riscv-none-embed/8.2.0/../../../../riscv-none-embed/lib/rv32imacxw/ilp32\libg_nano.a(lib_a-nano-vfprintf.o)
 .text.__sfputs_r
                0x00000000000078ea       0x42 d:/mounriver/mrs/mounriver/mounriver_studio/toolchain/risc-v embedded gcc/bin/../lib/gcc/riscv-none-embed/8.2.0/../../../../riscv-none-embed/lib/rv32imacxw/ilp32\libg_nano.a(lib_a-nano-vfprintf.o)
                0x00000000000078ea                __sfputs_r
 .text._vfprintf_r
                0x000000000000792c      0x288 d:/mounriver/mrs/mounriver/mounriver_studio/toolchain/risc-v embedded gcc/bin/../lib/gcc/riscv-none-embed/8.2.0/../../../../riscv-none-embed/lib/rv32imacxw/ilp32\libg_nano.a(lib_a-nano-vfprintf.o)
                0x000000000000792c                _vfprintf_r
                0x000000000000792c                _vfiprintf_r
 .text._printf_common
                0x0000000000007bb4      0x10c d:/mounriver/mrs/mounriver/mounriver_studio/toolchain/risc-v embedded gcc/bin/../lib/gcc/riscv-none-embed/8.2.0/../../../../riscv-none-embed/lib/rv32imacxw/ilp32\libg_nano.a(lib_a-nano-vfprintf_i.o)
                0x0000000000007bb4                _printf_common
 .text._printf_i
                0x0000000000007cc0      0x2a2 d:/mounriver/mrs/mounriver/mounriver_studio/toolchain/risc-v embedded gcc/bin/../lib/gcc/riscv-none-embed/8.2.0/../../../../riscv-none-embed/lib/rv32imacxw/ilp32\libg_nano.a(lib_a-nano-vfprintf_i.o)
                0x0000000000007cc0                _printf_i
 .text._sbrk_r  0x0000000000007f62       0x2a d:/mounriver/mrs/mounriver/mounriver_studio/toolchain/risc-v embedded gcc/bin/../lib/gcc/riscv-none-embed/8.2.0/../../../../riscv-none-embed/lib/rv32imacxw/ilp32\libg_nano.a(lib_a-sbrkr.o)
                0x0000000000007f62                _sbrk_r
 .text.__sread  0x0000000000007f8c       0x2c d:/mounriver/mrs/mounriver/mounriver_studio/toolchain/risc-v embedded gcc/bin/../lib/gcc/riscv-none-embed/8.2.0/../../../../riscv-none-embed/lib/rv32imacxw/ilp32\libg_nano.a(lib_a-stdio.o)
                0x0000000000007f8c                __sread
 .text.__swrite
                0x0000000000007fb8       0x48 d:/mounriver/mrs/mounriver/mounriver_studio/toolchain/risc-v embedded gcc/bin/../lib/gcc/riscv-none-embed/8.2.0/../../../../riscv-none-embed/lib/rv32imacxw/ilp32\libg_nano.a(lib_a-stdio.o)
                0x0000000000007fb8                __swrite
 .text.__sseek  0x0000000000008000       0x30 d:/mounriver/mrs/mounriver/mounriver_studio/toolchain/risc-v embedded gcc/bin/../lib/gcc/riscv-none-embed/8.2.0/../../../../riscv-none-embed/lib/rv32imacxw/ilp32\libg_nano.a(lib_a-stdio.o)
                0x0000000000008000                __sseek
 .text.__sclose
                0x0000000000008030        0x6 d:/mounriver/mrs/mounriver/mounriver_studio/toolchain/risc-v embedded gcc/bin/../lib/gcc/riscv-none-embed/8.2.0/../../../../riscv-none-embed/lib/rv32imacxw/ilp32\libg_nano.a(lib_a-stdio.o)
                0x0000000000008030                __sclose
 .text._write_r
                0x0000000000008036       0x2e d:/mounriver/mrs/mounriver/mounriver_studio/toolchain/risc-v embedded gcc/bin/../lib/gcc/riscv-none-embed/8.2.0/../../../../riscv-none-embed/lib/rv32imacxw/ilp32\libg_nano.a(lib_a-writer.o)
                0x0000000000008036                _write_r
 .text._close_r
                0x0000000000008064       0x28 d:/mounriver/mrs/mounriver/mounriver_studio/toolchain/risc-v embedded gcc/bin/../lib/gcc/riscv-none-embed/8.2.0/../../../../riscv-none-embed/lib/rv32imacxw/ilp32\libg_nano.a(lib_a-closer.o)
                0x0000000000008064                _close_r
 .text._fstat_r
                0x000000000000808c       0x2a d:/mounriver/mrs/mounriver/mounriver_studio/toolchain/risc-v embedded gcc/bin/../lib/gcc/riscv-none-embed/8.2.0/../../../../riscv-none-embed/lib/rv32imacxw/ilp32\libg_nano.a(lib_a-fstatr.o)
                0x000000000000808c                _fstat_r
 .text._isatty_r
                0x00000000000080b6       0x28 d:/mounriver/mrs/mounriver/mounriver_studio/toolchain/risc-v embedded gcc/bin/../lib/gcc/riscv-none-embed/8.2.0/../../../../riscv-none-embed/lib/rv32imacxw/ilp32\libg_nano.a(lib_a-isattyr.o)
                0x00000000000080b6                _isatty_r
 .text._lseek_r
                0x00000000000080de       0x2c d:/mounriver/mrs/mounriver/mounriver_studio/toolchain/risc-v embedded gcc/bin/../lib/gcc/riscv-none-embed/8.2.0/../../../../riscv-none-embed/lib/rv32imacxw/ilp32\libg_nano.a(lib_a-lseekr.o)
                0x00000000000080de                _lseek_r
 .text.memchr   0x000000000000810a       0x18 d:/mounriver/mrs/mounriver/mounriver_studio/toolchain/risc-v embedded gcc/bin/../lib/gcc/riscv-none-embed/8.2.0/../../../../riscv-none-embed/lib/rv32imacxw/ilp32\libg_nano.a(lib_a-memchr.o)
                0x000000000000810a                memchr
 .text.__malloc_lock
                0x0000000000008122        0x2 d:/mounriver/mrs/mounriver/mounriver_studio/toolchain/risc-v embedded gcc/bin/../lib/gcc/riscv-none-embed/8.2.0/../../../../riscv-none-embed/lib/rv32imacxw/ilp32\libg_nano.a(lib_a-mlock.o)
                0x0000000000008122                __malloc_lock
 .text.__malloc_unlock
                0x0000000000008124        0x2 d:/mounriver/mrs/mounriver/mounriver_studio/toolchain/risc-v embedded gcc/bin/../lib/gcc/riscv-none-embed/8.2.0/../../../../riscv-none-embed/lib/rv32imacxw/ilp32\libg_nano.a(lib_a-mlock.o)
                0x0000000000008124                __malloc_unlock
 .text._read_r  0x0000000000008126       0x2c d:/mounriver/mrs/mounriver/mounriver_studio/toolchain/risc-v embedded gcc/bin/../lib/gcc/riscv-none-embed/8.2.0/../../../../riscv-none-embed/lib/rv32imacxw/ilp32\libg_nano.a(lib_a-readr.o)
                0x0000000000008126                _read_r
 .text._close   0x0000000000008152        0xc d:/mounriver/mrs/mounriver/mounriver_studio/toolchain/risc-v embedded gcc/bin/../lib/gcc/riscv-none-embed/8.2.0/../../../../riscv-none-embed/lib/rv32imacxw/ilp32\libnosys.a(close.o)
                0x0000000000008152                _close
 .text._fstat   0x000000000000815e        0xc d:/mounriver/mrs/mounriver/mounriver_studio/toolchain/risc-v embedded gcc/bin/../lib/gcc/riscv-none-embed/8.2.0/../../../../riscv-none-embed/lib/rv32imacxw/ilp32\libnosys.a(fstat.o)
                0x000000000000815e                _fstat
 .text._isatty  0x000000000000816a        0xc d:/mounriver/mrs/mounriver/mounriver_studio/toolchain/risc-v embedded gcc/bin/../lib/gcc/riscv-none-embed/8.2.0/../../../../riscv-none-embed/lib/rv32imacxw/ilp32\libnosys.a(isatty.o)
                0x000000000000816a                _isatty
 .text._lseek   0x0000000000008176        0xc d:/mounriver/mrs/mounriver/mounriver_studio/toolchain/risc-v embedded gcc/bin/../lib/gcc/riscv-none-embed/8.2.0/../../../../riscv-none-embed/lib/rv32imacxw/ilp32\libnosys.a(lseek.o)
                0x0000000000008176                _lseek
 .text._read    0x0000000000008182        0xc d:/mounriver/mrs/mounriver/mounriver_studio/toolchain/risc-v embedded gcc/bin/../lib/gcc/riscv-none-embed/8.2.0/../../../../riscv-none-embed/lib/rv32imacxw/ilp32\libnosys.a(read.o)
                0x0000000000008182                _read
 *(.rodata)
 *(.rodata*)
 *fill*         0x000000000000818e        0x2 
 .rodata.RC522_Handle.str1.4
                0x0000000000008190      0x1a5 ./User/RC522.o
                                        0x1a9 (size before relaxing)
 *fill*         0x0000000000008335        0x3 
 .rodata.ShowID.str1.4
                0x0000000000008338        0xa ./User/RC522.o
 *fill*         0x0000000000008342        0x2 
 .rodata.ascii_1608
                0x0000000000008344      0x5f0 ./User/lcd.o
                0x0000000000008344                ascii_1608
 .rodata.ascii_3216
                0x0000000000008934     0x17c0 ./User/lcd.o
                0x0000000000008934                ascii_3216
 .rodata.Acquire_SensorDATE.cst4
                0x000000000000a0f4        0x8 ./User/main.o
 *fill*         0x000000000000a0fc        0x4 
 .rodata.Acquire_SensorDATE.cst8
                0x000000000000a100       0x38 ./User/main.o
 .rodata.Acquire_SensorDATE.str1.4
                0x000000000000a138       0x20 ./User/main.o
 .rodata.pow.cst8
                0x000000000000a158       0x30 d:/mounriver/mrs/mounriver/mounriver_studio/toolchain/risc-v embedded gcc/bin/../lib/gcc/riscv-none-embed/8.2.0/../../../../riscv-none-embed/lib/rv32imacxw/ilp32\libm.a(lib_a-w_pow.o)
 .rodata.pow.str1.4
                0x000000000000a188        0x4 d:/mounriver/mrs/mounriver/mounriver_studio/toolchain/risc-v embedded gcc/bin/../lib/gcc/riscv-none-embed/8.2.0/../../../../riscv-none-embed/lib/rv32imacxw/ilp32\libm.a(lib_a-w_pow.o)
 .rodata.log10f.cst8
                0x000000000000a18c       0x10 d:/mounriver/mrs/mounriver/mounriver_studio/toolchain/risc-v embedded gcc/bin/../lib/gcc/riscv-none-embed/8.2.0/../../../../riscv-none-embed/lib/rv32imacxw/ilp32\libm.a(lib_a-wf_log10.o)
 .rodata.log10f.str1.4
                0x000000000000a18c        0x7 d:/mounriver/mrs/mounriver/mounriver_studio/toolchain/risc-v embedded gcc/bin/../lib/gcc/riscv-none-embed/8.2.0/../../../../riscv-none-embed/lib/rv32imacxw/ilp32\libm.a(lib_a-wf_log10.o)
                                          0x9 (size before relaxing)
 *fill*         0x000000000000a193        0x5 
 .rodata.__ieee754_pow.cst8
                0x000000000000a198      0x100 d:/mounriver/mrs/mounriver/mounriver_studio/toolchain/risc-v embedded gcc/bin/../lib/gcc/riscv-none-embed/8.2.0/../../../../riscv-none-embed/lib/rv32imacxw/ilp32\libm.a(lib_a-e_pow.o)
                                        0x110 (size before relaxing)
 .rodata.__ieee754_pow.str1.4
                0x000000000000a298        0x1 d:/mounriver/mrs/mounriver/mounriver_studio/toolchain/risc-v embedded gcc/bin/../lib/gcc/riscv-none-embed/8.2.0/../../../../riscv-none-embed/lib/rv32imacxw/ilp32\libm.a(lib_a-e_pow.o)
 .rodata.__ieee754_log10f.cst4
                0x000000000000a298       0x14 d:/mounriver/mrs/mounriver/mounriver_studio/toolchain/risc-v embedded gcc/bin/../lib/gcc/riscv-none-embed/8.2.0/../../../../riscv-none-embed/lib/rv32imacxw/ilp32\libm.a(lib_a-ef_log10.o)
 *fill*         0x000000000000a2ac        0x4 
 .rodata.nan.cst8
                0x000000000000a2b0        0x8 d:/mounriver/mrs/mounriver/mounriver_studio/toolchain/risc-v embedded gcc/bin/../lib/gcc/riscv-none-embed/8.2.0/../../../../riscv-none-embed/lib/rv32imacxw/ilp32\libm.a(lib_a-s_nan.o)
 .rodata.TWO52  0x000000000000a2b8       0x10 d:/mounriver/mrs/mounriver/mounriver_studio/toolchain/risc-v embedded gcc/bin/../lib/gcc/riscv-none-embed/8.2.0/../../../../riscv-none-embed/lib/rv32imacxw/ilp32\libm.a(lib_a-s_rint.o)
 .rodata.scalbn.cst8
                0x000000000000a2c8       0x10 d:/mounriver/mrs/mounriver/mounriver_studio/toolchain/risc-v embedded gcc/bin/../lib/gcc/riscv-none-embed/8.2.0/../../../../riscv-none-embed/lib/rv32imacxw/ilp32\libm.a(lib_a-s_scalbn.o)
                                         0x20 (size before relaxing)
 .rodata.__ieee754_logf.cst4
                0x000000000000a2d8       0x34 d:/mounriver/mrs/mounriver/mounriver_studio/toolchain/risc-v embedded gcc/bin/../lib/gcc/riscv-none-embed/8.2.0/../../../../riscv-none-embed/lib/rv32imacxw/ilp32\libm.a(lib_a-ef_log.o)
                                         0x3c (size before relaxing)
 .rodata.__divdf3
                0x000000000000a30c       0x40 d:/mounriver/mrs/mounriver/mounriver_studio/toolchain/risc-v embedded gcc/bin/../lib/gcc/riscv-none-embed/8.2.0/rv32imacxw/ilp32\libgcc.a(divdf3.o)
 .rodata.__muldf3
                0x000000000000a34c       0x40 d:/mounriver/mrs/mounriver/mounriver_studio/toolchain/risc-v embedded gcc/bin/../lib/gcc/riscv-none-embed/8.2.0/rv32imacxw/ilp32\libgcc.a(muldf3.o)
 .rodata.__divsf3
                0x000000000000a38c       0x80 d:/mounriver/mrs/mounriver/mounriver_studio/toolchain/risc-v embedded gcc/bin/../lib/gcc/riscv-none-embed/8.2.0/rv32imacxw/ilp32\libgcc.a(divsf3.o)
 .rodata.__mulsf3
                0x000000000000a40c       0x40 d:/mounriver/mrs/mounriver/mounriver_studio/toolchain/risc-v embedded gcc/bin/../lib/gcc/riscv-none-embed/8.2.0/rv32imacxw/ilp32\libgcc.a(mulsf3.o)
 .rodata.__clz_tab
                0x000000000000a44c      0x100 d:/mounriver/mrs/mounriver/mounriver_studio/toolchain/risc-v embedded gcc/bin/../lib/gcc/riscv-none-embed/8.2.0/rv32imacxw/ilp32\libgcc.a(_clz.o)
                0x000000000000a44c                __clz_tab
 .rodata.__sf_fake_stderr
                0x000000000000a54c       0x20 d:/mounriver/mrs/mounriver/mounriver_studio/toolchain/risc-v embedded gcc/bin/../lib/gcc/riscv-none-embed/8.2.0/../../../../riscv-none-embed/lib/rv32imacxw/ilp32\libg_nano.a(lib_a-findfp.o)
                0x000000000000a54c                __sf_fake_stderr
 .rodata.__sf_fake_stdin
                0x000000000000a56c       0x20 d:/mounriver/mrs/mounriver/mounriver_studio/toolchain/risc-v embedded gcc/bin/../lib/gcc/riscv-none-embed/8.2.0/../../../../riscv-none-embed/lib/rv32imacxw/ilp32\libg_nano.a(lib_a-findfp.o)
                0x000000000000a56c                __sf_fake_stdin
 .rodata.__sf_fake_stdout
                0x000000000000a58c       0x20 d:/mounriver/mrs/mounriver/mounriver_studio/toolchain/risc-v embedded gcc/bin/../lib/gcc/riscv-none-embed/8.2.0/../../../../riscv-none-embed/lib/rv32imacxw/ilp32\libg_nano.a(lib_a-findfp.o)
                0x000000000000a58c                __sf_fake_stdout
 .rodata._vfprintf_r.str1.4
                0x000000000000a5ac       0x13 d:/mounriver/mrs/mounriver/mounriver_studio/toolchain/risc-v embedded gcc/bin/../lib/gcc/riscv-none-embed/8.2.0/../../../../riscv-none-embed/lib/rv32imacxw/ilp32\libg_nano.a(lib_a-nano-vfprintf.o)
 *fill*         0x000000000000a5bf        0x1 
 .rodata._printf_i.str1.4
                0x000000000000a5c0       0x28 d:/mounriver/mrs/mounriver/mounriver_studio/toolchain/risc-v embedded gcc/bin/../lib/gcc/riscv-none-embed/8.2.0/../../../../riscv-none-embed/lib/rv32imacxw/ilp32\libg_nano.a(lib_a-nano-vfprintf_i.o)
                                         0x25 (size before relaxing)
 *(.gnu.linkonce.t.*)
                0x000000000000a5e8                . = ALIGN (0x4)

.rela.dyn       0x000000000000a5e8        0x0
 .rela.text._sbrk
                0x000000000000a5e8        0x0 ./User/RC522.o
 .rela.sdata.curbrk.5226
                0x000000000000a5e8        0x0 ./User/RC522.o
 .rela.init     0x000000000000a5e8        0x0 ./User/RC522.o
 .rela.vector   0x000000000000a5e8        0x0 ./User/RC522.o
 .rela.text.handle_reset
                0x000000000000a5e8        0x0 ./User/RC522.o
 .rela.text._vfprintf_r
                0x000000000000a5e8        0x0 ./User/RC522.o
 .rela.text._sbrk_r
                0x000000000000a5e8        0x0 ./User/RC522.o
 .rela.text._write_r
                0x000000000000a5e8        0x0 ./User/RC522.o
 .rela.text._close_r
                0x000000000000a5e8        0x0 ./User/RC522.o
 .rela.text._fstat_r
                0x000000000000a5e8        0x0 ./User/RC522.o
 .rela.text._isatty_r
                0x000000000000a5e8        0x0 ./User/RC522.o
 .rela.text._lseek_r
                0x000000000000a5e8        0x0 ./User/RC522.o
 .rela.text._read_r
                0x000000000000a5e8        0x0 ./User/RC522.o
 .rela.text._close
                0x000000000000a5e8        0x0 ./User/RC522.o
 .rela.text._fstat
                0x000000000000a5e8        0x0 ./User/RC522.o
 .rela.text._isatty
                0x000000000000a5e8        0x0 ./User/RC522.o
 .rela.text._lseek
                0x000000000000a5e8        0x0 ./User/RC522.o
 .rela.text._read
                0x000000000000a5e8        0x0 ./User/RC522.o

.fini           0x000000000000a5e8        0x0
 *(SORT_NONE(.fini))
                0x000000000000a5e8                . = ALIGN (0x4)
                [!provide]                        PROVIDE (_etext = .)
                [!provide]                        PROVIDE (_eitcm = .)

.preinit_array  0x000000000000a5e8        0x0
                [!provide]                        PROVIDE (__preinit_array_start = .)
 *(.preinit_array)
                [!provide]                        PROVIDE (__preinit_array_end = .)

.init_array     0x000000000000a5e8        0x0
                [!provide]                        PROVIDE (__init_array_start = .)
 *(SORT_BY_INIT_PRIORITY(.init_array.*) SORT_BY_INIT_PRIORITY(.ctors.*))
 *(.init_array EXCLUDE_FILE(*crtend?.o *crtend.o *crtbegin?.o *crtbegin.o) .ctors)
                [!provide]                        PROVIDE (__init_array_end = .)

.fini_array     0x000000000000a5e8        0x0
                [!provide]                        PROVIDE (__fini_array_start = .)
 *(SORT_BY_INIT_PRIORITY(.fini_array.*) SORT_BY_INIT_PRIORITY(.dtors.*))
 *(.fini_array EXCLUDE_FILE(*crtend?.o *crtend.o *crtbegin?.o *crtbegin.o) .dtors)
                [!provide]                        PROVIDE (__fini_array_end = .)

.ctors
 *crtbegin.o(.ctors)
 *crtbegin?.o(.ctors)
 *(EXCLUDE_FILE(*crtend?.o *crtend.o) .ctors)
 *(SORT_BY_NAME(.ctors.*))
 *(.ctors)

.dtors
 *crtbegin.o(.dtors)
 *crtbegin?.o(.dtors)
 *(EXCLUDE_FILE(*crtend?.o *crtend.o) .dtors)
 *(SORT_BY_NAME(.dtors.*))
 *(.dtors)

.dalign         0x0000000020000000        0x0 load address 0x000000000000a5e8
                0x0000000020000000                . = ALIGN (0x4)
                0x0000000020000000                PROVIDE (_data_vma = .)

.dlalign        0x000000000000a5e8        0x0
                0x000000000000a5e8                . = ALIGN (0x4)
                0x000000000000a5e8                PROVIDE (_data_lma = .)

.data           0x0000000020000000       0xc0 load address 0x000000000000a5e8
 *(.gnu.linkonce.r.*)
 *(.data .data.*)
 .data.DATA1    0x0000000020000000       0x10 ./User/RC522.o
                0x0000000020000000                DATA1
 .data.APBAHBPrescTable
                0x0000000020000010       0x10 ./Peripheral/src/ch32v30x_rcc.o
 .data.impure_data
                0x0000000020000020       0x60 d:/mounriver/mrs/mounriver/mounriver_studio/toolchain/risc-v embedded gcc/bin/../lib/gcc/riscv-none-embed/8.2.0/../../../../riscv-none-embed/lib/rv32imacxw/ilp32\libg_nano.a(lib_a-impure.o)
 *(.gnu.linkonce.d.*)
                0x0000000020000080                . = ALIGN (0x8)
                0x0000000020000880                PROVIDE (__global_pointer$ = (. + 0x800))
 *(.sdata .sdata.*)
 .sdata.KEY_A   0x0000000020000080        0x6 ./User/RC522.o
                0x0000000020000080                KEY_A
 *fill*         0x0000000020000086        0x2 
 .sdata.KEY_B   0x0000000020000088        0x6 ./User/RC522.o
                0x0000000020000088                KEY_B
 .sdata.addr    0x000000002000008e        0x1 ./User/RC522.o
                0x000000002000008e                addr
 *fill*         0x000000002000008f        0x1 
 .sdata.card_0  0x0000000020000090        0x4 ./User/RC522.o
                0x0000000020000090                card_0
 .sdata.card_1  0x0000000020000094        0x4 ./User/RC522.o
                0x0000000020000094                card_1
 .sdata.card_2  0x0000000020000098        0x4 ./User/RC522.o
                0x0000000020000098                card_2
 .sdata.card_3  0x000000002000009c        0x4 ./User/RC522.o
                0x000000002000009c                card_3
 .sdata.card_4  0x00000000200000a0        0x4 ./User/RC522.o
                0x00000000200000a0                card_4
 .sdata.SystemCoreClock
                0x00000000200000a4        0x4 ./User/system_ch32v30x.o
                0x00000000200000a4                SystemCoreClock
 .sdata.curbrk.5226
                0x00000000200000a8        0x4 ./User/usart.o
 .sdata.ADCPrescTable
                0x00000000200000ac        0x4 ./Peripheral/src/ch32v30x_rcc.o
 .sdata.__fdlib_version
                0x00000000200000b0        0x4 d:/mounriver/mrs/mounriver/mounriver_studio/toolchain/risc-v embedded gcc/bin/../lib/gcc/riscv-none-embed/8.2.0/../../../../riscv-none-embed/lib/rv32imacxw/ilp32\libm.a(lib_a-s_lib_ver.o)
                0x00000000200000b0                __fdlib_version
 .sdata._impure_ptr
                0x00000000200000b4        0x4 d:/mounriver/mrs/mounriver/mounriver_studio/toolchain/risc-v embedded gcc/bin/../lib/gcc/riscv-none-embed/8.2.0/../../../../riscv-none-embed/lib/rv32imacxw/ilp32\libg_nano.a(lib_a-impure.o)
                0x00000000200000b4                _impure_ptr
 *(.sdata2.*)
 .sdata2._global_impure_ptr
                0x00000000200000b8        0x4 d:/mounriver/mrs/mounriver/mounriver_studio/toolchain/risc-v embedded gcc/bin/../lib/gcc/riscv-none-embed/8.2.0/../../../../riscv-none-embed/lib/rv32imacxw/ilp32\libg_nano.a(lib_a-impure.o)
                0x00000000200000b8                _global_impure_ptr
 *(.gnu.linkonce.s.*)
                0x00000000200000c0                . = ALIGN (0x8)
 *fill*         0x00000000200000bc        0x4 
 *(.srodata.cst16)
 *(.srodata.cst8)
 *(.srodata.cst4)
 *(.srodata.cst2)
 *(.srodata .srodata.*)
                0x00000000200000c0                . = ALIGN (0x4)
                0x00000000200000c0                PROVIDE (_edata = .)

.bss            0x00000000200000c0      0x1e8 load address 0x000000000000a6a8
                0x00000000200000c0                . = ALIGN (0x4)
                0x00000000200000c0                PROVIDE (_sbss = .)
 *(.sbss*)
 .sbss.CT       0x00000000200000c0        0x2 ./User/RC522.o
                0x00000000200000c0                CT
 *fill*         0x00000000200000c2        0x2 
 .sbss.SN       0x00000000200000c4        0x4 ./User/RC522.o
                0x00000000200000c4                SN
 .sbss.card0_bit
                0x00000000200000c8        0x1 ./User/RC522.o
                0x00000000200000c8                card0_bit
 .sbss.card1_bit
                0x00000000200000c9        0x1 ./User/RC522.o
                0x00000000200000c9                card1_bit
 .sbss.card2_bit
                0x00000000200000ca        0x1 ./User/RC522.o
                0x00000000200000ca                card2_bit
 .sbss.card3_bit
                0x00000000200000cb        0x1 ./User/RC522.o
                0x00000000200000cb                card3_bit
 .sbss.card4_bit
                0x00000000200000cc        0x1 ./User/RC522.o
                0x00000000200000cc                card4_bit
 .sbss.status   0x00000000200000cd        0x1 ./User/RC522.o
                0x00000000200000cd                status
 .sbss.Calibrattion_Val
                0x00000000200000ce        0x2 ./User/adc.o
                0x00000000200000ce                Calibrattion_Val
 .sbss.Lux      0x00000000200000d0        0x4 ./User/main.o
                0x00000000200000d0                Lux
 .sbss.UV       0x00000000200000d4        0x4 ./User/main.o
                0x00000000200000d4                UV
 .sbss.adcx     0x00000000200000d8        0x4 ./User/main.o
                0x00000000200000d8                adcx
 .sbss.db_temp  0x00000000200000dc        0x4 ./User/main.o
                0x00000000200000dc                db_temp
 .sbss.humidity
                0x00000000200000e0        0x1 ./User/main.o
                0x00000000200000e0                humidity
 *fill*         0x00000000200000e1        0x3 
 .sbss.noise    0x00000000200000e4        0x4 ./User/main.o
                0x00000000200000e4                noise
 .sbss.pm       0x00000000200000e8        0x4 ./User/main.o
                0x00000000200000e8                pm
 .sbss.temperature
                0x00000000200000ec        0x1 ./User/main.o
                0x00000000200000ec                temperature
 .sbss.Rxcouter2
                0x00000000200000ed        0x1 ./User/usart.o
                0x00000000200000ed                Rxcouter2
 .sbss.Rxcouter3
                0x00000000200000ee        0x1 ./User/usart.o
                0x00000000200000ee                Rxcouter3
 .sbss.ucCnt    0x00000000200000ef        0x1 ./User/usart.o
 .sbss.ucRxFinish
                0x00000000200000f0        0x1 ./User/usart.o
                0x00000000200000f0                ucRxFinish
 *fill*         0x00000000200000f1        0x3 
 .sbss.NVIC_Priority_Group
                0x00000000200000f4        0x4 ./Peripheral/src/ch32v30x_misc.o
                0x00000000200000f4                NVIC_Priority_Group
 .sbss.p_ms     0x00000000200000f8        0x2 ./Debug/debug.o
 .sbss.p_us     0x00000000200000fa        0x1 ./Debug/debug.o
 *fill*         0x00000000200000fb        0x1 
 .sbss.__malloc_free_list
                0x00000000200000fc        0x4 d:/mounriver/mrs/mounriver/mounriver_studio/toolchain/risc-v embedded gcc/bin/../lib/gcc/riscv-none-embed/8.2.0/../../../../riscv-none-embed/lib/rv32imacxw/ilp32\libg_nano.a(lib_a-nano-mallocr.o)
                0x00000000200000fc                __malloc_free_list
 .sbss.__malloc_sbrk_start
                0x0000000020000100        0x4 d:/mounriver/mrs/mounriver/mounriver_studio/toolchain/risc-v embedded gcc/bin/../lib/gcc/riscv-none-embed/8.2.0/../../../../riscv-none-embed/lib/rv32imacxw/ilp32\libg_nano.a(lib_a-nano-mallocr.o)
                0x0000000020000100                __malloc_sbrk_start
 *(.gnu.linkonce.sb.*)
 *(.bss*)
 .bss.DATA      0x0000000020000104       0x10 ./User/RC522.o
                0x0000000020000104                DATA
 .bss.RxBuffer2
                0x0000000020000114       0xc8 ./User/usart.o
                0x0000000020000114                RxBuffer2
 .bss.RxBuffer3
                0x00000000200001dc       0x64 ./User/usart.o
                0x00000000200001dc                RxBuffer3
 .bss.ucRxData  0x0000000020000240       0x64 ./User/usart.o
                0x0000000020000240                ucRxData
 *(.gnu.linkonce.b.*)
 *(COMMON*)
 COMMON         0x00000000200002a4        0x4 d:/mounriver/mrs/mounriver/mounriver_studio/toolchain/risc-v embedded gcc/bin/../lib/gcc/riscv-none-embed/8.2.0/../../../../riscv-none-embed/lib/rv32imacxw/ilp32\libg_nano.a(lib_a-reent.o)
                0x00000000200002a4                errno
                0x00000000200002a8                . = ALIGN (0x4)
                0x00000000200002a8                PROVIDE (_ebss = .)
                0x00000000200002a8                PROVIDE (_end = _ebss)
                [!provide]                        PROVIDE (end = .)

.stack          0x0000000020007800      0x800
                0x0000000020007800                PROVIDE (_heap_end = .)
                0x0000000020007800                . = ALIGN (0x4)
                [!provide]                        PROVIDE (_susrstack = .)
                0x0000000020008000                . = (. + __stack_size)
 *fill*         0x0000000020007800      0x800 
                0x0000000020008000                PROVIDE (_eusrstack = .)
OUTPUT(light.elf elf32-littleriscv)

.debug_info     0x0000000000000000    0x149ac
 .debug_info    0x0000000000000000     0x2a02 ./User/RC522.o
 .debug_info    0x0000000000002a02      0xdc2 ./User/SPI.o
 .debug_info    0x00000000000037c4     0x1029 ./User/adc.o
 .debug_info    0x00000000000047ed      0xb3a ./User/beep.o
 .debug_info    0x0000000000005327      0x962 ./User/ch32v30x_it.o
 .debug_info    0x0000000000005c89      0xee5 ./User/dht11.o
 .debug_info    0x0000000000006b6e     0x2aa4 ./User/lcd.o
 .debug_info    0x0000000000009612     0x12b7 ./User/main.o
 .debug_info    0x000000000000a8c9      0xb89 ./User/system_ch32v30x.o
 .debug_info    0x000000000000b452     0x1724 ./User/usart.o
 .debug_info    0x000000000000cb76       0x22 ./Startup/startup_ch32v30x_D8C.o
 .debug_info    0x000000000000cb98     0x16e9 ./Peripheral/src/ch32v30x_adc.o
 .debug_info    0x000000000000e281     0x1093 ./Peripheral/src/ch32v30x_gpio.o
 .debug_info    0x000000000000f314      0xf72 ./Peripheral/src/ch32v30x_misc.o
 .debug_info    0x0000000000010286     0x156e ./Peripheral/src/ch32v30x_rcc.o
 .debug_info    0x00000000000117f4     0x12cd ./Peripheral/src/ch32v30x_spi.o
 .debug_info    0x0000000000012ac1     0x1420 ./Peripheral/src/ch32v30x_usart.o
 .debug_info    0x0000000000013ee1      0xacb ./Debug/debug.o

.debug_abbrev   0x0000000000000000     0x33b4
 .debug_abbrev  0x0000000000000000      0x439 ./User/RC522.o
 .debug_abbrev  0x0000000000000439      0x260 ./User/SPI.o
 .debug_abbrev  0x0000000000000699      0x2d3 ./User/adc.o
 .debug_abbrev  0x000000000000096c      0x260 ./User/beep.o
 .debug_abbrev  0x0000000000000bcc      0x1cf ./User/ch32v30x_it.o
 .debug_abbrev  0x0000000000000d9b      0x328 ./User/dht11.o
 .debug_abbrev  0x00000000000010c3      0x41c ./User/lcd.o
 .debug_abbrev  0x00000000000014df      0x337 ./User/main.o
 .debug_abbrev  0x0000000000001816      0x2c0 ./User/system_ch32v30x.o
 .debug_abbrev  0x0000000000001ad6      0x345 ./User/usart.o
 .debug_abbrev  0x0000000000001e1b       0x12 ./Startup/startup_ch32v30x_D8C.o
 .debug_abbrev  0x0000000000001e2d      0x3a9 ./Peripheral/src/ch32v30x_adc.o
 .debug_abbrev  0x00000000000021d6      0x309 ./Peripheral/src/ch32v30x_gpio.o
 .debug_abbrev  0x00000000000024df      0x2fb ./Peripheral/src/ch32v30x_misc.o
 .debug_abbrev  0x00000000000027da      0x351 ./Peripheral/src/ch32v30x_rcc.o
 .debug_abbrev  0x0000000000002b2b      0x312 ./Peripheral/src/ch32v30x_spi.o
 .debug_abbrev  0x0000000000002e3d      0x312 ./Peripheral/src/ch32v30x_usart.o
 .debug_abbrev  0x000000000000314f      0x265 ./Debug/debug.o

.debug_loc      0x0000000000000000     0x5190
 .debug_loc     0x0000000000000000      0xd56 ./User/RC522.o
 .debug_loc     0x0000000000000d56       0x5b ./User/adc.o
 .debug_loc     0x0000000000000db1      0x13b ./User/dht11.o
 .debug_loc     0x0000000000000eec     0x14bb ./User/lcd.o
 .debug_loc     0x00000000000023a7       0xda ./User/system_ch32v30x.o
 .debug_loc     0x0000000000002481      0x2af ./User/usart.o
 .debug_loc     0x0000000000002730      0xab6 ./Peripheral/src/ch32v30x_adc.o
 .debug_loc     0x00000000000031e6      0x657 ./Peripheral/src/ch32v30x_gpio.o
 .debug_loc     0x000000000000383d       0xce ./Peripheral/src/ch32v30x_misc.o
 .debug_loc     0x000000000000390b      0xadb ./Peripheral/src/ch32v30x_rcc.o
 .debug_loc     0x00000000000043e6      0x598 ./Peripheral/src/ch32v30x_spi.o
 .debug_loc     0x000000000000497e      0x7bb ./Peripheral/src/ch32v30x_usart.o
 .debug_loc     0x0000000000005139       0x57 ./Debug/debug.o

.debug_aranges  0x0000000000000000      0x980
 .debug_aranges
                0x0000000000000000       0xf0 ./User/RC522.o
 .debug_aranges
                0x00000000000000f0       0x20 ./User/SPI.o
 .debug_aranges
                0x0000000000000110       0x30 ./User/adc.o
 .debug_aranges
                0x0000000000000140       0x20 ./User/beep.o
 .debug_aranges
                0x0000000000000160       0x28 ./User/ch32v30x_it.o
 .debug_aranges
                0x0000000000000188       0x58 ./User/dht11.o
 .debug_aranges
                0x00000000000001e0       0xc8 ./User/lcd.o
 .debug_aranges
                0x00000000000002a8       0x38 ./User/main.o
 .debug_aranges
                0x00000000000002e0       0x28 ./User/system_ch32v30x.o
 .debug_aranges
                0x0000000000000308       0x80 ./User/usart.o
 .debug_aranges
                0x0000000000000388       0x30 ./Startup/startup_ch32v30x_D8C.o
 .debug_aranges
                0x00000000000003b8      0x150 ./Peripheral/src/ch32v30x_adc.o
 .debug_aranges
                0x0000000000000508       0xa8 ./Peripheral/src/ch32v30x_gpio.o
 .debug_aranges
                0x00000000000005b0       0x28 ./Peripheral/src/ch32v30x_misc.o
 .debug_aranges
                0x00000000000005d8      0x1a8 ./Peripheral/src/ch32v30x_rcc.o
 .debug_aranges
                0x0000000000000780       0xd0 ./Peripheral/src/ch32v30x_spi.o
 .debug_aranges
                0x0000000000000850      0x100 ./Peripheral/src/ch32v30x_usart.o
 .debug_aranges
                0x0000000000000950       0x30 ./Debug/debug.o

.debug_ranges   0x0000000000000000      0x938
 .debug_ranges  0x0000000000000000       0xe0 ./User/RC522.o
 .debug_ranges  0x00000000000000e0       0x10 ./User/SPI.o
 .debug_ranges  0x00000000000000f0       0x20 ./User/adc.o
 .debug_ranges  0x0000000000000110       0x10 ./User/beep.o
 .debug_ranges  0x0000000000000120       0x18 ./User/ch32v30x_it.o
 .debug_ranges  0x0000000000000138       0x48 ./User/dht11.o
 .debug_ranges  0x0000000000000180      0x120 ./User/lcd.o
 .debug_ranges  0x00000000000002a0       0x40 ./User/main.o
 .debug_ranges  0x00000000000002e0       0x38 ./User/system_ch32v30x.o
 .debug_ranges  0x0000000000000318       0x70 ./User/usart.o
 .debug_ranges  0x0000000000000388       0x28 ./Startup/startup_ch32v30x_D8C.o
 .debug_ranges  0x00000000000003b0      0x140 ./Peripheral/src/ch32v30x_adc.o
 .debug_ranges  0x00000000000004f0       0x98 ./Peripheral/src/ch32v30x_gpio.o
 .debug_ranges  0x0000000000000588       0x48 ./Peripheral/src/ch32v30x_misc.o
 .debug_ranges  0x00000000000005d0      0x198 ./Peripheral/src/ch32v30x_rcc.o
 .debug_ranges  0x0000000000000768       0xc0 ./Peripheral/src/ch32v30x_spi.o
 .debug_ranges  0x0000000000000828       0xf0 ./Peripheral/src/ch32v30x_usart.o
 .debug_ranges  0x0000000000000918       0x20 ./Debug/debug.o

.debug_line     0x0000000000000000     0xe36c
 .debug_line    0x0000000000000000     0x2966 ./User/RC522.o
 .debug_line    0x0000000000002966      0x52c ./User/SPI.o
 .debug_line    0x0000000000002e92      0x5b8 ./User/adc.o
 .debug_line    0x000000000000344a      0x347 ./User/beep.o
 .debug_line    0x0000000000003791      0x248 ./User/ch32v30x_it.o
 .debug_line    0x00000000000039d9      0x877 ./User/dht11.o
 .debug_line    0x0000000000004250     0x1b69 ./User/lcd.o
 .debug_line    0x0000000000005db9      0x744 ./User/main.o
 .debug_line    0x00000000000064fd      0x754 ./User/system_ch32v30x.o
 .debug_line    0x0000000000006c51      0xe30 ./User/usart.o
 .debug_line    0x0000000000007a81      0x356 ./Startup/startup_ch32v30x_D8C.o
 .debug_line    0x0000000000007dd7     0x186e ./Peripheral/src/ch32v30x_adc.o
 .debug_line    0x0000000000009645      0xd6f ./Peripheral/src/ch32v30x_gpio.o
 .debug_line    0x000000000000a3b4      0x4d2 ./Peripheral/src/ch32v30x_misc.o
 .debug_line    0x000000000000a886     0x198a ./Peripheral/src/ch32v30x_rcc.o
 .debug_line    0x000000000000c210      0xd31 ./Peripheral/src/ch32v30x_spi.o
 .debug_line    0x000000000000cf41     0x1028 ./Peripheral/src/ch32v30x_usart.o
 .debug_line    0x000000000000df69      0x403 ./Debug/debug.o

.debug_str      0x0000000000000000     0x2e4f
 .debug_str     0x0000000000000000      0x989 ./User/RC522.o
                                        0xa34 (size before relaxing)
 .debug_str     0x0000000000000989      0x2b5 ./User/SPI.o
                                        0x87d (size before relaxing)
 .debug_str     0x0000000000000c3e      0x2ab ./User/adc.o
                                        0x9eb (size before relaxing)
 .debug_str     0x0000000000000ee9       0x19 ./User/beep.o
                                        0x724 (size before relaxing)
 .debug_str     0x0000000000000f02       0x34 ./User/ch32v30x_it.o
                                        0x5a5 (size before relaxing)
 .debug_str     0x0000000000000f36       0x8d ./User/dht11.o
                                        0x7db (size before relaxing)
 .debug_str     0x0000000000000fc3      0x262 ./User/lcd.o
                                        0xb25 (size before relaxing)
 .debug_str     0x0000000000001225      0x14e ./User/main.o
                                        0x965 (size before relaxing)
 .debug_str     0x0000000000001373      0x10b ./User/system_ch32v30x.o
                                        0x6bb (size before relaxing)
 .debug_str     0x000000000000147e      0x7cd ./User/usart.o
                                        0xfc6 (size before relaxing)
 .debug_str     0x0000000000001c4b       0x2e ./Startup/startup_ch32v30x_D8C.o
                                         0x59 (size before relaxing)
 .debug_str     0x0000000000001c79      0x3d0 ./Peripheral/src/ch32v30x_adc.o
                                        0xc06 (size before relaxing)
 .debug_str     0x0000000000002049      0x1eb ./Peripheral/src/ch32v30x_gpio.o
                                        0x960 (size before relaxing)
 .debug_str     0x0000000000002234       0xfa ./Peripheral/src/ch32v30x_misc.o
                                        0xcba (size before relaxing)
 .debug_str     0x000000000000232e      0x5a3 ./Peripheral/src/ch32v30x_rcc.o
                                        0xcb9 (size before relaxing)
 .debug_str     0x00000000000028d1      0x24c ./Peripheral/src/ch32v30x_spi.o
                                        0xa7e (size before relaxing)
 .debug_str     0x0000000000002b1d      0x2ff ./Peripheral/src/ch32v30x_usart.o
                                        0xb06 (size before relaxing)
 .debug_str     0x0000000000002e1c       0x33 ./Debug/debug.o
                                        0x607 (size before relaxing)

.comment        0x0000000000000000       0x33
 .comment       0x0000000000000000       0x33 ./User/RC522.o
                                         0x34 (size before relaxing)
 .comment       0x0000000000000033       0x34 ./User/SPI.o
 .comment       0x0000000000000033       0x34 ./User/adc.o
 .comment       0x0000000000000033       0x34 ./User/beep.o
 .comment       0x0000000000000033       0x34 ./User/ch32v30x_it.o
 .comment       0x0000000000000033       0x34 ./User/dht11.o
 .comment       0x0000000000000033       0x34 ./User/lcd.o
 .comment       0x0000000000000033       0x34 ./User/main.o
 .comment       0x0000000000000033       0x34 ./User/system_ch32v30x.o
 .comment       0x0000000000000033       0x34 ./User/usart.o
 .comment       0x0000000000000033       0x34 ./Peripheral/src/ch32v30x_adc.o
 .comment       0x0000000000000033       0x34 ./Peripheral/src/ch32v30x_gpio.o
 .comment       0x0000000000000033       0x34 ./Peripheral/src/ch32v30x_misc.o
 .comment       0x0000000000000033       0x34 ./Peripheral/src/ch32v30x_rcc.o
 .comment       0x0000000000000033       0x34 ./Peripheral/src/ch32v30x_spi.o
 .comment       0x0000000000000033       0x34 ./Peripheral/src/ch32v30x_usart.o
 .comment       0x0000000000000033       0x34 ./Debug/debug.o

.debug_frame    0x0000000000000000     0x29ec
 .debug_frame   0x0000000000000000      0x410 ./User/RC522.o
 .debug_frame   0x0000000000000410       0x3c ./User/SPI.o
 .debug_frame   0x000000000000044c       0x68 ./User/adc.o
 .debug_frame   0x00000000000004b4       0x34 ./User/beep.o
 .debug_frame   0x00000000000004e8       0x30 ./User/ch32v30x_it.o
 .debug_frame   0x0000000000000518      0x124 ./User/dht11.o
 .debug_frame   0x000000000000063c      0x45c ./User/lcd.o
 .debug_frame   0x0000000000000a98       0xa8 ./User/main.o
 .debug_frame   0x0000000000000b40       0x3c ./User/system_ch32v30x.o
 .debug_frame   0x0000000000000b7c      0x1a0 ./User/usart.o
 .debug_frame   0x0000000000000d1c      0x2b4 ./Peripheral/src/ch32v30x_adc.o
 .debug_frame   0x0000000000000fd0      0x148 ./Peripheral/src/ch32v30x_gpio.o
 .debug_frame   0x0000000000001118       0x30 ./Peripheral/src/ch32v30x_misc.o
 .debug_frame   0x0000000000001148      0x344 ./Peripheral/src/ch32v30x_rcc.o
 .debug_frame   0x000000000000148c      0x1a8 ./Peripheral/src/ch32v30x_spi.o
 .debug_frame   0x0000000000001634      0x204 ./Peripheral/src/ch32v30x_usart.o
 .debug_frame   0x0000000000001838       0x78 ./Debug/debug.o
 .debug_frame   0x00000000000018b0       0x50 d:/mounriver/mrs/mounriver/mounriver_studio/toolchain/risc-v embedded gcc/bin/../lib/gcc/riscv-none-embed/8.2.0/../../../../riscv-none-embed/lib/rv32imacxw/ilp32\libm.a(lib_a-w_pow.o)
 .debug_frame   0x0000000000001900       0x4c d:/mounriver/mrs/mounriver/mounriver_studio/toolchain/risc-v embedded gcc/bin/../lib/gcc/riscv-none-embed/8.2.0/../../../../riscv-none-embed/lib/rv32imacxw/ilp32\libm.a(lib_a-wf_log10.o)
 .debug_frame   0x000000000000194c       0xa4 d:/mounriver/mrs/mounriver/mounriver_studio/toolchain/risc-v embedded gcc/bin/../lib/gcc/riscv-none-embed/8.2.0/../../../../riscv-none-embed/lib/rv32imacxw/ilp32\libm.a(lib_a-e_pow.o)
 .debug_frame   0x00000000000019f0       0x48 d:/mounriver/mrs/mounriver/mounriver_studio/toolchain/risc-v embedded gcc/bin/../lib/gcc/riscv-none-embed/8.2.0/../../../../riscv-none-embed/lib/rv32imacxw/ilp32\libm.a(lib_a-e_sqrt.o)
 .debug_frame   0x0000000000001a38       0x58 d:/mounriver/mrs/mounriver/mounriver_studio/toolchain/risc-v embedded gcc/bin/../lib/gcc/riscv-none-embed/8.2.0/../../../../riscv-none-embed/lib/rv32imacxw/ilp32\libm.a(lib_a-ef_log10.o)
 .debug_frame   0x0000000000001a90       0x20 d:/mounriver/mrs/mounriver/mounriver_studio/toolchain/risc-v embedded gcc/bin/../lib/gcc/riscv-none-embed/8.2.0/../../../../riscv-none-embed/lib/rv32imacxw/ilp32\libm.a(lib_a-s_fabs.o)
 .debug_frame   0x0000000000001ab0       0x20 d:/mounriver/mrs/mounriver/mounriver_studio/toolchain/risc-v embedded gcc/bin/../lib/gcc/riscv-none-embed/8.2.0/../../../../riscv-none-embed/lib/rv32imacxw/ilp32\libm.a(lib_a-s_finite.o)
 .debug_frame   0x0000000000001ad0       0x20 d:/mounriver/mrs/mounriver/mounriver_studio/toolchain/risc-v embedded gcc/bin/../lib/gcc/riscv-none-embed/8.2.0/../../../../riscv-none-embed/lib/rv32imacxw/ilp32\libm.a(lib_a-s_matherr.o)
 .debug_frame   0x0000000000001af0       0x20 d:/mounriver/mrs/mounriver/mounriver_studio/toolchain/risc-v embedded gcc/bin/../lib/gcc/riscv-none-embed/8.2.0/../../../../riscv-none-embed/lib/rv32imacxw/ilp32\libm.a(lib_a-s_nan.o)
 .debug_frame   0x0000000000001b10       0x40 d:/mounriver/mrs/mounriver/mounriver_studio/toolchain/risc-v embedded gcc/bin/../lib/gcc/riscv-none-embed/8.2.0/../../../../riscv-none-embed/lib/rv32imacxw/ilp32\libm.a(lib_a-s_rint.o)
 .debug_frame   0x0000000000001b50       0x64 d:/mounriver/mrs/mounriver/mounriver_studio/toolchain/risc-v embedded gcc/bin/../lib/gcc/riscv-none-embed/8.2.0/../../../../riscv-none-embed/lib/rv32imacxw/ilp32\libm.a(lib_a-s_scalbn.o)
 .debug_frame   0x0000000000001bb4       0x50 d:/mounriver/mrs/mounriver/mounriver_studio/toolchain/risc-v embedded gcc/bin/../lib/gcc/riscv-none-embed/8.2.0/../../../../riscv-none-embed/lib/rv32imacxw/ilp32\libm.a(lib_a-ef_log.o)
 .debug_frame   0x0000000000001c04       0x20 d:/mounriver/mrs/mounriver/mounriver_studio/toolchain/risc-v embedded gcc/bin/../lib/gcc/riscv-none-embed/8.2.0/../../../../riscv-none-embed/lib/rv32imacxw/ilp32\libm.a(lib_a-s_copysign.o)
 .debug_frame   0x0000000000001c24       0x44 d:/mounriver/mrs/mounriver/mounriver_studio/toolchain/risc-v embedded gcc/bin/../lib/gcc/riscv-none-embed/8.2.0/rv32imacxw/ilp32\libgcc.a(adddf3.o)
 .debug_frame   0x0000000000001c68       0x50 d:/mounriver/mrs/mounriver/mounriver_studio/toolchain/risc-v embedded gcc/bin/../lib/gcc/riscv-none-embed/8.2.0/rv32imacxw/ilp32\libgcc.a(divdf3.o)
 .debug_frame   0x0000000000001cb8       0x20 d:/mounriver/mrs/mounriver/mounriver_studio/toolchain/risc-v embedded gcc/bin/../lib/gcc/riscv-none-embed/8.2.0/rv32imacxw/ilp32\libgcc.a(eqdf2.o)
 .debug_frame   0x0000000000001cd8       0x20 d:/mounriver/mrs/mounriver/mounriver_studio/toolchain/risc-v embedded gcc/bin/../lib/gcc/riscv-none-embed/8.2.0/rv32imacxw/ilp32\libgcc.a(gedf2.o)
 .debug_frame   0x0000000000001cf8       0x20 d:/mounriver/mrs/mounriver/mounriver_studio/toolchain/risc-v embedded gcc/bin/../lib/gcc/riscv-none-embed/8.2.0/rv32imacxw/ilp32\libgcc.a(ledf2.o)
 .debug_frame   0x0000000000001d18       0x54 d:/mounriver/mrs/mounriver/mounriver_studio/toolchain/risc-v embedded gcc/bin/../lib/gcc/riscv-none-embed/8.2.0/rv32imacxw/ilp32\libgcc.a(muldf3.o)
 .debug_frame   0x0000000000001d6c       0x44 d:/mounriver/mrs/mounriver/mounriver_studio/toolchain/risc-v embedded gcc/bin/../lib/gcc/riscv-none-embed/8.2.0/rv32imacxw/ilp32\libgcc.a(subdf3.o)
 .debug_frame   0x0000000000001db0       0x20 d:/mounriver/mrs/mounriver/mounriver_studio/toolchain/risc-v embedded gcc/bin/../lib/gcc/riscv-none-embed/8.2.0/rv32imacxw/ilp32\libgcc.a(unorddf2.o)
 .debug_frame   0x0000000000001dd0       0x38 d:/mounriver/mrs/mounriver/mounriver_studio/toolchain/risc-v embedded gcc/bin/../lib/gcc/riscv-none-embed/8.2.0/rv32imacxw/ilp32\libgcc.a(floatsidf.o)
 .debug_frame   0x0000000000001e08       0x40 d:/mounriver/mrs/mounriver/mounriver_studio/toolchain/risc-v embedded gcc/bin/../lib/gcc/riscv-none-embed/8.2.0/rv32imacxw/ilp32\libgcc.a(addsf3.o)
 .debug_frame   0x0000000000001e48       0x50 d:/mounriver/mrs/mounriver/mounriver_studio/toolchain/risc-v embedded gcc/bin/../lib/gcc/riscv-none-embed/8.2.0/rv32imacxw/ilp32\libgcc.a(divsf3.o)
 .debug_frame   0x0000000000001e98       0x20 d:/mounriver/mrs/mounriver/mounriver_studio/toolchain/risc-v embedded gcc/bin/../lib/gcc/riscv-none-embed/8.2.0/rv32imacxw/ilp32\libgcc.a(eqsf2.o)
 .debug_frame   0x0000000000001eb8       0x20 d:/mounriver/mrs/mounriver/mounriver_studio/toolchain/risc-v embedded gcc/bin/../lib/gcc/riscv-none-embed/8.2.0/rv32imacxw/ilp32\libgcc.a(lesf2.o)
 .debug_frame   0x0000000000001ed8       0x50 d:/mounriver/mrs/mounriver/mounriver_studio/toolchain/risc-v embedded gcc/bin/../lib/gcc/riscv-none-embed/8.2.0/rv32imacxw/ilp32\libgcc.a(mulsf3.o)
 .debug_frame   0x0000000000001f28       0x3c d:/mounriver/mrs/mounriver/mounriver_studio/toolchain/risc-v embedded gcc/bin/../lib/gcc/riscv-none-embed/8.2.0/rv32imacxw/ilp32\libgcc.a(subsf3.o)
 .debug_frame   0x0000000000001f64       0x20 d:/mounriver/mrs/mounriver/mounriver_studio/toolchain/risc-v embedded gcc/bin/../lib/gcc/riscv-none-embed/8.2.0/rv32imacxw/ilp32\libgcc.a(unordsf2.o)
 .debug_frame   0x0000000000001f84       0x20 d:/mounriver/mrs/mounriver/mounriver_studio/toolchain/risc-v embedded gcc/bin/../lib/gcc/riscv-none-embed/8.2.0/rv32imacxw/ilp32\libgcc.a(fixunssfsi.o)
 .debug_frame   0x0000000000001fa4       0x38 d:/mounriver/mrs/mounriver/mounriver_studio/toolchain/risc-v embedded gcc/bin/../lib/gcc/riscv-none-embed/8.2.0/rv32imacxw/ilp32\libgcc.a(floatsisf.o)
 .debug_frame   0x0000000000001fdc       0x44 d:/mounriver/mrs/mounriver/mounriver_studio/toolchain/risc-v embedded gcc/bin/../lib/gcc/riscv-none-embed/8.2.0/rv32imacxw/ilp32\libgcc.a(floatunsisf.o)
 .debug_frame   0x0000000000002020       0x38 d:/mounriver/mrs/mounriver/mounriver_studio/toolchain/risc-v embedded gcc/bin/../lib/gcc/riscv-none-embed/8.2.0/rv32imacxw/ilp32\libgcc.a(extendsfdf2.o)
 .debug_frame   0x0000000000002058       0x20 d:/mounriver/mrs/mounriver/mounriver_studio/toolchain/risc-v embedded gcc/bin/../lib/gcc/riscv-none-embed/8.2.0/rv32imacxw/ilp32\libgcc.a(truncdfsf2.o)
 .debug_frame   0x0000000000002078       0x20 d:/mounriver/mrs/mounriver/mounriver_studio/toolchain/risc-v embedded gcc/bin/../lib/gcc/riscv-none-embed/8.2.0/rv32imacxw/ilp32\libgcc.a(_clzsi2.o)
 .debug_frame   0x0000000000002098       0x20 d:/mounriver/mrs/mounriver/mounriver_studio/toolchain/risc-v embedded gcc/bin/../lib/gcc/riscv-none-embed/8.2.0/../../../../riscv-none-embed/lib/rv32imacxw/ilp32\libg_nano.a(lib_a-errno.o)
 .debug_frame   0x00000000000020b8       0x20 d:/mounriver/mrs/mounriver/mounriver_studio/toolchain/risc-v embedded gcc/bin/../lib/gcc/riscv-none-embed/8.2.0/../../../../riscv-none-embed/lib/rv32imacxw/ilp32\libg_nano.a(lib_a-memcpy.o)
 .debug_frame   0x00000000000020d8       0x54 d:/mounriver/mrs/mounriver/mounriver_studio/toolchain/risc-v embedded gcc/bin/../lib/gcc/riscv-none-embed/8.2.0/../../../../riscv-none-embed/lib/rv32imacxw/ilp32\libg_nano.a(lib_a-printf.o)
 .debug_frame   0x000000000000212c       0x54 d:/mounriver/mrs/mounriver/mounriver_studio/toolchain/risc-v embedded gcc/bin/../lib/gcc/riscv-none-embed/8.2.0/../../../../riscv-none-embed/lib/rv32imacxw/ilp32\libg_nano.a(lib_a-puts.o)
 .debug_frame   0x0000000000002180       0x50 d:/mounriver/mrs/mounriver/mounriver_studio/toolchain/risc-v embedded gcc/bin/../lib/gcc/riscv-none-embed/8.2.0/../../../../riscv-none-embed/lib/rv32imacxw/ilp32\libg_nano.a(lib_a-wbuf.o)
 .debug_frame   0x00000000000021d0       0x3c d:/mounriver/mrs/mounriver/mounriver_studio/toolchain/risc-v embedded gcc/bin/../lib/gcc/riscv-none-embed/8.2.0/../../../../riscv-none-embed/lib/rv32imacxw/ilp32\libg_nano.a(lib_a-wsetup.o)
 .debug_frame   0x000000000000220c       0x7c d:/mounriver/mrs/mounriver/mounriver_studio/toolchain/risc-v embedded gcc/bin/../lib/gcc/riscv-none-embed/8.2.0/../../../../riscv-none-embed/lib/rv32imacxw/ilp32\libg_nano.a(lib_a-fflush.o)
 .debug_frame   0x0000000000002288      0x148 d:/mounriver/mrs/mounriver/mounriver_studio/toolchain/risc-v embedded gcc/bin/../lib/gcc/riscv-none-embed/8.2.0/../../../../riscv-none-embed/lib/rv32imacxw/ilp32\libg_nano.a(lib_a-findfp.o)
 .debug_frame   0x00000000000023d0       0x88 d:/mounriver/mrs/mounriver/mounriver_studio/toolchain/risc-v embedded gcc/bin/../lib/gcc/riscv-none-embed/8.2.0/../../../../riscv-none-embed/lib/rv32imacxw/ilp32\libg_nano.a(lib_a-fwalk.o)
 .debug_frame   0x0000000000002458       0x64 d:/mounriver/mrs/mounriver/mounriver_studio/toolchain/risc-v embedded gcc/bin/../lib/gcc/riscv-none-embed/8.2.0/../../../../riscv-none-embed/lib/rv32imacxw/ilp32\libg_nano.a(lib_a-makebuf.o)
 .debug_frame   0x00000000000024bc       0x40 d:/mounriver/mrs/mounriver/mounriver_studio/toolchain/risc-v embedded gcc/bin/../lib/gcc/riscv-none-embed/8.2.0/../../../../riscv-none-embed/lib/rv32imacxw/ilp32\libg_nano.a(lib_a-nano-freer.o)
 .debug_frame   0x00000000000024fc       0x40 d:/mounriver/mrs/mounriver/mounriver_studio/toolchain/risc-v embedded gcc/bin/../lib/gcc/riscv-none-embed/8.2.0/../../../../riscv-none-embed/lib/rv32imacxw/ilp32\libg_nano.a(lib_a-nano-mallocr.o)
 .debug_frame   0x000000000000253c       0xd0 d:/mounriver/mrs/mounriver/mounriver_studio/toolchain/risc-v embedded gcc/bin/../lib/gcc/riscv-none-embed/8.2.0/../../../../riscv-none-embed/lib/rv32imacxw/ilp32\libg_nano.a(lib_a-nano-vfprintf.o)
 .debug_frame   0x000000000000260c       0x8c d:/mounriver/mrs/mounriver/mounriver_studio/toolchain/risc-v embedded gcc/bin/../lib/gcc/riscv-none-embed/8.2.0/../../../../riscv-none-embed/lib/rv32imacxw/ilp32\libg_nano.a(lib_a-nano-vfprintf_i.o)