../Core/M4lib/include/nav_msgs/msg/detail/map_meta_data__functions.c:21:1:nav_msgs__msg__MapMetaData__init	16	static
../Core/M4lib/include/nav_msgs/msg/detail/map_meta_data__functions.c:43:1:nav_msgs__msg__MapMetaData__fini	16	static
../Core/M4lib/include/nav_msgs/msg/detail/map_meta_data__functions.c:58:1:nav_msgs__msg__MapMetaData__are_equal	16	static
../Core/M4lib/include/nav_msgs/msg/detail/map_meta_data__functions.c:91:1:nav_msgs__msg__MapMetaData__copy	16	static
../Core/M4lib/include/nav_msgs/msg/detail/map_meta_data__functions.c:120:1:nav_msgs__msg__MapMetaData__create	40	static
../Core/M4lib/include/nav_msgs/msg/detail/map_meta_data__functions.c:137:1:nav_msgs__msg__MapMetaData__destroy	40	static
../Core/M4lib/include/nav_msgs/msg/detail/map_meta_data__functions.c:148:1:nav_msgs__msg__MapMetaData__Sequence__init	48	static
../Core/M4lib/include/nav_msgs/msg/detail/map_meta_data__functions.c:185:1:nav_msgs__msg__MapMetaData__Sequence__fini	40	static
../Core/M4lib/include/nav_msgs/msg/detail/map_meta_data__functions.c:211:1:nav_msgs__msg__MapMetaData__Sequence__create	48	static
../Core/M4lib/include/nav_msgs/msg/detail/map_meta_data__functions.c:227:1:nav_msgs__msg__MapMetaData__Sequence__destroy	40	static
../Core/M4lib/include/nav_msgs/msg/detail/map_meta_data__functions.c:237:1:nav_msgs__msg__MapMetaData__Sequence__are_equal	24	static
../Core/M4lib/include/nav_msgs/msg/detail/map_meta_data__functions.c:254:1:nav_msgs__msg__MapMetaData__Sequence__copy	56	static
