../Core/M4lib/include/nav_msgs/msg/detail/path__functions.c:21:1:nav_msgs__msg__Path__init	16	static
../Core/M4lib/include/nav_msgs/msg/detail/path__functions.c:40:1:nav_msgs__msg__Path__fini	16	static
../Core/M4lib/include/nav_msgs/msg/detail/path__functions.c:52:1:nav_msgs__msg__Path__are_equal	16	static
../Core/M4lib/include/nav_msgs/msg/detail/path__functions.c:73:1:nav_msgs__msg__Path__copy	16	static
../Core/M4lib/include/nav_msgs/msg/detail/path__functions.c:96:1:nav_msgs__msg__Path__create	40	static
../Core/M4lib/include/nav_msgs/msg/detail/path__functions.c:113:1:nav_msgs__msg__Path__destroy	40	static
../Core/M4lib/include/nav_msgs/msg/detail/path__functions.c:124:1:nav_msgs__msg__Path__Sequence__init	48	static
../Core/M4lib/include/nav_msgs/msg/detail/path__functions.c:161:1:nav_msgs__msg__Path__Sequence__fini	40	static
../Core/M4lib/include/nav_msgs/msg/detail/path__functions.c:187:1:nav_msgs__msg__Path__Sequence__create	48	static
../Core/M4lib/include/nav_msgs/msg/detail/path__functions.c:203:1:nav_msgs__msg__Path__Sequence__destroy	40	static
../Core/M4lib/include/nav_msgs/msg/detail/path__functions.c:213:1:nav_msgs__msg__Path__Sequence__are_equal	24	static
../Core/M4lib/include/nav_msgs/msg/detail/path__functions.c:230:1:nav_msgs__msg__Path__Sequence__copy	56	static
