../Core/M4lib/include/visualization_msgs/msg/detail/interactive_marker_feedback__functions.c:27:1:visualization_msgs__msg__InteractiveMarkerFeedback__init	16	static
../Core/M4lib/include/visualization_msgs/msg/detail/interactive_marker_feedback__functions.c:69:1:visualization_msgs__msg__InteractiveMarkerFeedback__fini	16	static
../Core/M4lib/include/visualization_msgs/msg/detail/interactive_marker_feedback__functions.c:92:1:visualization_msgs__msg__InteractiveMarkerFeedback__are_equal	16	static
../Core/M4lib/include/visualization_msgs/msg/detail/interactive_marker_feedback__functions.c:149:1:visualization_msgs__msg__InteractiveMarkerFeedback__copy	16	static
../Core/M4lib/include/visualization_msgs/msg/detail/interactive_marker_feedback__functions.c:202:1:visualization_msgs__msg__InteractiveMarkerFeedback__create	40	static
../Core/M4lib/include/visualization_msgs/msg/detail/interactive_marker_feedback__functions.c:219:1:visualization_msgs__msg__InteractiveMarkerFeedback__destroy	40	static
../Core/M4lib/include/visualization_msgs/msg/detail/interactive_marker_feedback__functions.c:230:1:visualization_msgs__msg__InteractiveMarkerFeedback__Sequence__init	48	static
../Core/M4lib/include/visualization_msgs/msg/detail/interactive_marker_feedback__functions.c:267:1:visualization_msgs__msg__InteractiveMarkerFeedback__Sequence__fini	40	static
../Core/M4lib/include/visualization_msgs/msg/detail/interactive_marker_feedback__functions.c:293:1:visualization_msgs__msg__InteractiveMarkerFeedback__Sequence__create	48	static
../Core/M4lib/include/visualization_msgs/msg/detail/interactive_marker_feedback__functions.c:309:1:visualization_msgs__msg__InteractiveMarkerFeedback__Sequence__destroy	40	static
../Core/M4lib/include/visualization_msgs/msg/detail/interactive_marker_feedback__functions.c:319:1:visualization_msgs__msg__InteractiveMarkerFeedback__Sequence__are_equal	24	static
../Core/M4lib/include/visualization_msgs/msg/detail/interactive_marker_feedback__functions.c:336:1:visualization_msgs__msg__InteractiveMarkerFeedback__Sequence__copy	56	static
