../Core/M4lib/include/visualization_msgs/msg/detail/interactive_marker_update__functions.c:24:1:visualization_msgs__msg__InteractiveMarkerUpdate__init	16	static
../Core/M4lib/include/visualization_msgs/msg/detail/interactive_marker_update__functions.c:55:1:visualization_msgs__msg__InteractiveMarkerUpdate__fini	16	static
../Core/M4lib/include/visualization_msgs/msg/detail/interactive_marker_update__functions.c:73:1:visualization_msgs__msg__InteractiveMarkerUpdate__are_equal	16	static
../Core/M4lib/include/visualization_msgs/msg/detail/interactive_marker_update__functions.c:114:1:visualization_msgs__msg__InteractiveMarkerUpdate__copy	16	static
../Core/M4lib/include/visualization_msgs/msg/detail/interactive_marker_update__functions.c:153:1:visualization_msgs__msg__InteractiveMarkerUpdate__create	40	static
../Core/M4lib/include/visualization_msgs/msg/detail/interactive_marker_update__functions.c:170:1:visualization_msgs__msg__InteractiveMarkerUpdate__destroy	40	static
../Core/M4lib/include/visualization_msgs/msg/detail/interactive_marker_update__functions.c:181:1:visualization_msgs__msg__InteractiveMarkerUpdate__Sequence__init	48	static
../Core/M4lib/include/visualization_msgs/msg/detail/interactive_marker_update__functions.c:218:1:visualization_msgs__msg__InteractiveMarkerUpdate__Sequence__fini	40	static
../Core/M4lib/include/visualization_msgs/msg/detail/interactive_marker_update__functions.c:244:1:visualization_msgs__msg__InteractiveMarkerUpdate__Sequence__create	48	static
../Core/M4lib/include/visualization_msgs/msg/detail/interactive_marker_update__functions.c:260:1:visualization_msgs__msg__InteractiveMarkerUpdate__Sequence__destroy	40	static
../Core/M4lib/include/visualization_msgs/msg/detail/interactive_marker_update__functions.c:270:1:visualization_msgs__msg__InteractiveMarkerUpdate__Sequence__are_equal	24	static
../Core/M4lib/include/visualization_msgs/msg/detail/interactive_marker_update__functions.c:287:1:visualization_msgs__msg__InteractiveMarkerUpdate__Sequence__copy	56	static
