../Core/M4lib/include/visualization_msgs/msg/detail/interactive_marker__functions.c:28:1:visualization_msgs__msg__InteractiveMarker__init	16	static
../Core/M4lib/include/visualization_msgs/msg/detail/interactive_marker__functions.c:68:1:visualization_msgs__msg__InteractiveMarker__fini	16	static
../Core/M4lib/include/visualization_msgs/msg/detail/interactive_marker__functions.c:89:1:visualization_msgs__msg__InteractiveMarker__are_equal	16	static
../Core/M4lib/include/visualization_msgs/msg/detail/interactive_marker__functions.c:138:1:visualization_msgs__msg__InteractiveMarker__copy	16	static
../Core/M4lib/include/visualization_msgs/msg/detail/interactive_marker__functions.c:187:1:visualization_msgs__msg__InteractiveMarker__create	40	static
../Core/M4lib/include/visualization_msgs/msg/detail/interactive_marker__functions.c:204:1:visualization_msgs__msg__InteractiveMarker__destroy	40	static
../Core/M4lib/include/visualization_msgs/msg/detail/interactive_marker__functions.c:215:1:visualization_msgs__msg__InteractiveMarker__Sequence__init	48	static
../Core/M4lib/include/visualization_msgs/msg/detail/interactive_marker__functions.c:252:1:visualization_msgs__msg__InteractiveMarker__Sequence__fini	40	static
../Core/M4lib/include/visualization_msgs/msg/detail/interactive_marker__functions.c:278:1:visualization_msgs__msg__InteractiveMarker__Sequence__create	48	static
../Core/M4lib/include/visualization_msgs/msg/detail/interactive_marker__functions.c:294:1:visualization_msgs__msg__InteractiveMarker__Sequence__destroy	40	static
../Core/M4lib/include/visualization_msgs/msg/detail/interactive_marker__functions.c:304:1:visualization_msgs__msg__InteractiveMarker__Sequence__are_equal	24	static
../Core/M4lib/include/visualization_msgs/msg/detail/interactive_marker__functions.c:321:1:visualization_msgs__msg__InteractiveMarker__Sequence__copy	56	static
