Archive member included to satisfy reference by file (symbol)

d:/mounriver/mrs/mounriver/mounriver_studio/toolchain/risc-v embedded gcc/bin/../lib/gcc/riscv-none-embed/8.2.0/../../../../riscv-none-embed/lib/rv32imacxw/ilp32\libm.a(lib_a-w_pow.o)
                              ./User/main.o (pow)
d:/mounriver/mrs/mounriver/mounriver_studio/toolchain/risc-v embedded gcc/bin/../lib/gcc/riscv-none-embed/8.2.0/../../../../riscv-none-embed/lib/rv32imacxw/ilp32\libm.a(lib_a-e_pow.o)
                              d:/mounriver/mrs/mounriver/mounriver_studio/toolchain/risc-v embedded gcc/bin/../lib/gcc/riscv-none-embed/8.2.0/../../../../riscv-none-embed/lib/rv32imacxw/ilp32\libm.a(lib_a-w_pow.o) (__ieee754_pow)
d:/mounriver/mrs/mounriver/mounriver_studio/toolchain/risc-v embedded gcc/bin/../lib/gcc/riscv-none-embed/8.2.0/../../../../riscv-none-embed/lib/rv32imacxw/ilp32\libm.a(lib_a-e_sqrt.o)
                              d:/mounriver/mrs/mounriver/mounriver_studio/toolchain/risc-v embedded gcc/bin/../lib/gcc/riscv-none-embed/8.2.0/../../../../riscv-none-embed/lib/rv32imacxw/ilp32\libm.a(lib_a-e_pow.o) (__ieee754_sqrt)
d:/mounriver/mrs/mounriver/mounriver_studio/toolchain/risc-v embedded gcc/bin/../lib/gcc/riscv-none-embed/8.2.0/../../../../riscv-none-embed/lib/rv32imacxw/ilp32\libm.a(lib_a-s_fabs.o)
                              d:/mounriver/mrs/mounriver/mounriver_studio/toolchain/risc-v embedded gcc/bin/../lib/gcc/riscv-none-embed/8.2.0/../../../../riscv-none-embed/lib/rv32imacxw/ilp32\libm.a(lib_a-e_pow.o) (fabs)
d:/mounriver/mrs/mounriver/mounriver_studio/toolchain/risc-v embedded gcc/bin/../lib/gcc/riscv-none-embed/8.2.0/../../../../riscv-none-embed/lib/rv32imacxw/ilp32\libm.a(lib_a-s_finite.o)
                              d:/mounriver/mrs/mounriver/mounriver_studio/toolchain/risc-v embedded gcc/bin/../lib/gcc/riscv-none-embed/8.2.0/../../../../riscv-none-embed/lib/rv32imacxw/ilp32\libm.a(lib_a-w_pow.o) (finite)
d:/mounriver/mrs/mounriver/mounriver_studio/toolchain/risc-v embedded gcc/bin/../lib/gcc/riscv-none-embed/8.2.0/../../../../riscv-none-embed/lib/rv32imacxw/ilp32\libm.a(lib_a-s_lib_ver.o)
                              d:/mounriver/mrs/mounriver/mounriver_studio/toolchain/risc-v embedded gcc/bin/../lib/gcc/riscv-none-embed/8.2.0/../../../../riscv-none-embed/lib/rv32imacxw/ilp32\libm.a(lib_a-w_pow.o) (__fdlib_version)
d:/mounriver/mrs/mounriver/mounriver_studio/toolchain/risc-v embedded gcc/bin/../lib/gcc/riscv-none-embed/8.2.0/../../../../riscv-none-embed/lib/rv32imacxw/ilp32\libm.a(lib_a-s_matherr.o)
                              d:/mounriver/mrs/mounriver/mounriver_studio/toolchain/risc-v embedded gcc/bin/../lib/gcc/riscv-none-embed/8.2.0/../../../../riscv-none-embed/lib/rv32imacxw/ilp32\libm.a(lib_a-w_pow.o) (matherr)
d:/mounriver/mrs/mounriver/mounriver_studio/toolchain/risc-v embedded gcc/bin/../lib/gcc/riscv-none-embed/8.2.0/../../../../riscv-none-embed/lib/rv32imacxw/ilp32\libm.a(lib_a-s_nan.o)
                              d:/mounriver/mrs/mounriver/mounriver_studio/toolchain/risc-v embedded gcc/bin/../lib/gcc/riscv-none-embed/8.2.0/../../../../riscv-none-embed/lib/rv32imacxw/ilp32\libm.a(lib_a-e_pow.o) (nan)
d:/mounriver/mrs/mounriver/mounriver_studio/toolchain/risc-v embedded gcc/bin/../lib/gcc/riscv-none-embed/8.2.0/../../../../riscv-none-embed/lib/rv32imacxw/ilp32\libm.a(lib_a-s_rint.o)
                              d:/mounriver/mrs/mounriver/mounriver_studio/toolchain/risc-v embedded gcc/bin/../lib/gcc/riscv-none-embed/8.2.0/../../../../riscv-none-embed/lib/rv32imacxw/ilp32\libm.a(lib_a-w_pow.o) (rint)
d:/mounriver/mrs/mounriver/mounriver_studio/toolchain/risc-v embedded gcc/bin/../lib/gcc/riscv-none-embed/8.2.0/../../../../riscv-none-embed/lib/rv32imacxw/ilp32\libm.a(lib_a-s_scalbn.o)
                              d:/mounriver/mrs/mounriver/mounriver_studio/toolchain/risc-v embedded gcc/bin/../lib/gcc/riscv-none-embed/8.2.0/../../../../riscv-none-embed/lib/rv32imacxw/ilp32\libm.a(lib_a-e_pow.o) (scalbn)
d:/mounriver/mrs/mounriver/mounriver_studio/toolchain/risc-v embedded gcc/bin/../lib/gcc/riscv-none-embed/8.2.0/../../../../riscv-none-embed/lib/rv32imacxw/ilp32\libm.a(lib_a-s_copysign.o)
                              d:/mounriver/mrs/mounriver/mounriver_studio/toolchain/risc-v embedded gcc/bin/../lib/gcc/riscv-none-embed/8.2.0/../../../../riscv-none-embed/lib/rv32imacxw/ilp32\libm.a(lib_a-s_scalbn.o) (copysign)
d:/mounriver/mrs/mounriver/mounriver_studio/toolchain/risc-v embedded gcc/bin/../lib/gcc/riscv-none-embed/8.2.0/../../../../riscv-none-embed/lib/rv32imacxw/ilp32\libprintfloat.a(printfloat.o)
                              ./User/RC522.o (putchar)
d:/mounriver/mrs/mounriver/mounriver_studio/toolchain/risc-v embedded gcc/bin/../lib/gcc/riscv-none-embed/8.2.0/rv32imacxw/ilp32\libgcc.a(_udivdi3.o)
[...]
Memory Configuration

Name             Origin             Length             Attributes
FLASH            0x0000000000000000 0x0000000000048000 xr
RAM              0x0000000020000000 0x0000000000008000 xrw
*default*        0x0000000000000000 0xffffffffffffffff

Linker script and memory map

LOAD ./User/EC20.o
LOAD ./User/RC522.o
LOAD ./User/SPI.o
LOAD ./User/adc.o
LOAD ./User/beep.o
LOAD ./User/ch32v30x_it.o
LOAD ./User/dht11.o
LOAD ./User/gpio.o
LOAD ./User/lcd.o
LOAD ./User/main.o
LOAD ./User/system_ch32v30x.o
LOAD ./User/timer.o
LOAD ./User/usart.o
LOAD ./Startup/startup_ch32v30x_D8C.o
LOAD ./Peripheral/src/ch32v30x_adc.o
LOAD ./Peripheral/src/ch32v30x_bkp.o
LOAD ./Peripheral/src/ch32v30x_can.o
LOAD ./Peripheral/src/ch32v30x_crc.o
LOAD ./Peripheral/src/ch32v30x_dac.o
LOAD ./Peripheral/src/ch32v30x_dbgmcu.o
LOAD ./Peripheral/src/ch32v30x_dma.o
LOAD ./Peripheral/src/ch32v30x_dvp.o
LOAD ./Peripheral/src/ch32v30x_eth.o
LOAD ./Peripheral/src/ch32v30x_exti.o
LOAD ./Peripheral/src/ch32v30x_flash.o
LOAD ./Peripheral/src/ch32v30x_fsmc.o
LOAD ./Peripheral/src/ch32v30x_gpio.o
LOAD ./Peripheral/src/ch32v30x_i2c.o
LOAD ./Peripheral/src/ch32v30x_iwdg.o
LOAD ./Peripheral/src/ch32v30x_misc.o
LOAD ./Peripheral/src/ch32v30x_opa.o
LOAD ./Peripheral/src/ch32v30x_pwr.o
LOAD ./Peripheral/src/ch32v30x_rcc.o
LOAD ./Peripheral/src/ch32v30x_rng.o
LOAD ./Peripheral/src/ch32v30x_rtc.o
LOAD ./Peripheral/src/ch32v30x_sdio.o
LOAD ./Peripheral/src/ch32v30x_spi.o
LOAD ./Peripheral/src/ch32v30x_tim.o
LOAD ./Peripheral/src/ch32v30x_usart.o
LOAD ./Peripheral/src/ch32v30x_wwdg.o
LOAD ./Debug/debug.o
LOAD ./Core/core_riscv.o
LOAD d:/mounriver/mrs/mounriver/mounriver_studio/toolchain/risc-v embedded gcc/bin/../lib/gcc/riscv-none-embed/8.2.0/../../../../riscv-none-embed/lib/rv32imacxw/ilp32\libm.a
LOAD d:/mounriver/mrs/mounriver/mounriver_studio/toolchain/risc-v embedded gcc/bin/../lib/gcc/riscv-none-embed/8.2.0/../../../../riscv-none-embed/lib/rv32imacxw/ilp32\libprintfloat.a
LOAD d:/mounriver/mrs/mounriver/mounriver_studio/toolchain/risc-v embedded gcc/bin/../lib/gcc/riscv-none-embed/8.2.0/rv32imacxw/ilp32\libgcc.a
LOAD d:/mounriver/mrs/mounriver/mounriver_studio/toolchain/risc-v embedded gcc/bin/../lib/gcc/riscv-none-embed/8.2.0/../../../../riscv-none-embed/lib/rv32imacxw/ilp32\libg_nano.a
LOAD d:/mounriver/mrs/mounriver/mounriver_studio/toolchain/risc-v embedded gcc/bin/../lib/gcc/riscv-none-embed/8.2.0/../../../../riscv-none-embed/lib/rv32imacxw/ilp32\libc_nano.a
LOAD d:/mounriver/mrs/mounriver/mounriver_studio/toolchain/risc-v embedded gcc/bin/../lib/gcc/riscv-none-embed/8.2.0/rv32imacxw/ilp32\libgcc.a
START GROUP
LOAD d:/mounriver/mrs/mounriver/mounriver_studio/toolchain/risc-v embedded gcc/bin/../lib/gcc/riscv-none-embed/8.2.0/rv32imacxw/ilp32\libgcc.a
LOAD d:/mounriver/mrs/mounriver/mounriver_studio/toolchain/risc-v embedded gcc/bin/../lib/gcc/riscv-none-embed/8.2.0/../../../../riscv-none-embed/lib/rv32imacxw/ilp32\libc_nano.a
LOAD d:/mounriver/mrs/mounriver/mounriver_studio/toolchain/risc-v embedded gcc/bin/../lib/gcc/riscv-none-embed/8.2.0/../../../../riscv-none-embed/lib/rv32imacxw/ilp32\libnosys.a
END GROUP
START GROUP
LOAD d:/mounriver/mrs/mounriver/mounriver_studio/toolchain/risc-v embedded gcc/bin/../lib/gcc/riscv-none-embed/8.2.0/rv32imacxw/ilp32\libgcc.a
LOAD d:/mounriver/mrs/mounriver/mounriver_studio/toolchain/risc-v embedded gcc/bin/../lib/gcc/riscv-none-embed/8.2.0/../../../../riscv-none-embed/lib/rv32imacxw/ilp32\libc_nano.a
LOAD d:/mounriver/mrs/mounriver/mounriver_studio/toolchain/risc-v embedded gcc/bin/../lib/gcc/riscv-none-embed/8.2.0/../../../../riscv-none-embed/lib/rv32imacxw/ilp32\libnosys.a
END GROUP
                0x0000000000000800                __stack_size = 0x800
                [!provide]                        PROVIDE (_stack_size = __stack_size)

.init           0x0000000000000000       0x38
                0x0000000000000000                _sinit = .
                0x0000000000000000                . = ALIGN (0x4)
 *(SORT_NONE(.init))
 .init          0x0000000000000000       0x38 ./Startup/startup_ch32v30x_D8C.o
                0x0000000000000000                _start
                0x0000000000000038                . = ALIGN (0x4)
                0x0000000000000038                _einit = .

.vector         0x0000000000000038      0x1c8
 *(.vector)
 .vector        0x0000000000000038      0x1a0 ./Startup/startup_ch32v30x_D8C.o
                0x0000000000000200                . = ALIGN (0x40)
 *fill*         0x00000000000001d8       0x28 

.text           0x0000000000000200     0xa898
                0x0000000000000200                . = ALIGN (0x4)
 *(.text)
 .text          0x0000000000000200       0x60 d:/mounriver/mrs/mounriver/mounriver_studio/toolchain/risc-v embedded gcc/bin/../lib/gcc/riscv-none-embed/8.2.0/rv32imacxw/ilp32\libgcc.a(save-restore.o)
                0x0000000000000200                __riscv_save_12
                0x0000000000000208                __riscv_save_9
                0x0000000000000208                __riscv_save_11
                0x0000000000000208                __riscv_save_10
                0x0000000000000208                __riscv_save_8
                0x0000000000000216                __riscv_save_4
                0x0000000000000216                __riscv_save_6
                0x0000000000000216                __riscv_save_5
                0x0000000000000216                __riscv_save_7
                0x0000000000000230                __riscv_save_3
                0x0000000000000230                __riscv_save_2
                0x0000000000000230                __riscv_save_1
                0x0000000000000230                __riscv_save_0
                0x000000000000023c                __riscv_restore_12
                0x0000000000000240                __riscv_restore_11
                0x0000000000000240                __riscv_restore_9
                0x0000000000000240                __riscv_restore_10
                0x0000000000000240                __riscv_restore_8
                0x000000000000024a                __riscv_restore_5
                0x000000000000024a                __riscv_restore_7
                0x000000000000024a                __riscv_restore_6
                0x000000000000024a                __riscv_restore_4
                0x0000000000000254                __riscv_restore_3
                0x0000000000000254                __riscv_restore_0
                0x0000000000000254                __riscv_restore_2
                0x0000000000000254                __riscv_restore_1
 *(.text.*)
 .text.EC20_Init
                0x0000000000000260      0x21a ./User/EC20.o
                0x0000000000000260                EC20_Init
 .text.MQTT_Init
                0x000000000000047a       0x7c ./User/EC20.o
                0x000000000000047a                MQTT_Init
 .text.Mqtt_Savedata
                0x00000000000004f6       0x96 ./User/EC20.o
                0x00000000000004f6                Mqtt_Savedata
 .text.Read_GPS
                0x000000000000058c      0x414 ./User/EC20.o
                0x000000000000058c                Read_GPS
 .text.SPI_RC522_SendByte
                0x00000000000009a0       0x5c ./User/RC522.o
                0x00000000000009a0                SPI_RC522_SendByte
 .text.SPI_RC522_ReadByte
                0x00000000000009fc       0x58 ./User/RC522.o
                0x00000000000009fc                SPI_RC522_ReadByte
 .text.ReadRawRC
                0x0000000000000a54       0x36 ./User/RC522.o
                0x0000000000000a54                ReadRawRC
 .text.WriteRawRC
                0x0000000000000a8a       0x32 ./User/RC522.o
                0x0000000000000a8a                WriteRawRC
 .text.SetBitMask
                0x0000000000000abc       0x1e ./User/RC522.o
                0x0000000000000abc                SetBitMask
 .text.ClearBitMask
                0x0000000000000ada       0x22 ./User/RC522.o
                0x0000000000000ada                ClearBitMask
 .text.PcdAntennaOn
                0x0000000000000afc       0x16 ./User/RC522.o
                0x0000000000000afc                PcdAntennaOn
 .text.M500PcdConfigISOType.part.1
                0x0000000000000b12       0x54 ./User/RC522.o
 .text.PcdReset
                0x0000000000000b66       0x84 ./User/RC522.o
                0x0000000000000b66                PcdReset
 .text.RC522_Init
                0x0000000000000bea       0x26 ./User/RC522.o
                0x0000000000000bea                RC522_Init
 .text.PcdComMF522
                0x0000000000000c10      0x108 ./User/RC522.o
                0x0000000000000c10                PcdComMF522
 .text.PcdRequest
                0x0000000000000d18       0x46 ./User/RC522.o
                0x0000000000000d18                PcdRequest
 .text.PcdAnticoll
                0x0000000000000d5e       0x68 ./User/RC522.o
                0x0000000000000d5e                PcdAnticoll
 .text.CalulateCRC
                0x0000000000000dc6       0x60 ./User/RC522.o
                0x0000000000000dc6                CalulateCRC
 .text.PcdSelect
                0x0000000000000e26       0x66 ./User/RC522.o
                0x0000000000000e26                PcdSelect
 .text.PcdAuthState
                0x0000000000000e8c       0x60 ./User/RC522.o
                0x0000000000000e8c                PcdAuthState
 .text.PcdWrite
                0x0000000000000eec       0x8a ./User/RC522.o
                0x0000000000000eec                PcdWrite
 .text.PcdRead  0x0000000000000f76       0x54 ./User/RC522.o
                0x0000000000000f76                PcdRead
 .text.ShowID   0x0000000000000fca       0x46 ./User/RC522.o
                0x0000000000000fca                ShowID
 .text.RC522_Handle
                0x0000000000001010      0x1dc ./User/RC522.o
                0x0000000000001010                RC522_Handle
 .text.SPI2_Init
                0x00000000000011ec       0xb6 ./User/SPI.o
                0x00000000000011ec                SPI2_Init
 .text.Get_ADC_Val1
                0x00000000000012a2       0x30 ./User/adc.o
                0x00000000000012a2                Get_ADC_Val1
 .text.Get_ADC_Val2
                0x00000000000012d2       0x30 ./User/adc.o
                0x00000000000012d2                Get_ADC_Val2
 .text.BEEP_Init
                0x0000000000001302       0x3a ./User/beep.o
                0x0000000000001302                BEEP_Init
 .text.NMI_Handler
                0x000000000000133c        0x4 ./User/ch32v30x_it.o
                0x000000000000133c                NMI_Handler
 .text.HardFault_Handler
                0x0000000000001340        0x2 ./User/ch32v30x_it.o
                0x0000000000001340                HardFault_Handler
 .text.DHT11_Read_Bit
                0x0000000000001342       0x74 ./User/dht11.o
                0x0000000000001342                DHT11_Read_Bit
 .text.DHT11_Read_Byte
                0x00000000000013b6       0x22 ./User/dht11.o
                0x00000000000013b6                DHT11_Read_Byte
 .text.DHT11_IO_IN
                0x00000000000013d8       0x2e ./User/dht11.o
                0x00000000000013d8                DHT11_IO_IN
 .text.DHT11_Check
                0x0000000000001406       0x76 ./User/dht11.o
                0x0000000000001406                DHT11_Check
 .text.DHT11_IO_OUT
                0x000000000000147c       0x32 ./User/dht11.o
                0x000000000000147c                DHT11_IO_OUT
 .text.DHT11_Rst
                0x00000000000014ae       0x32 ./User/dht11.o
                0x00000000000014ae                DHT11_Rst
 .text.DHT11_Read_Data
                0x00000000000014e0       0x4a ./User/dht11.o
                0x00000000000014e0                DHT11_Read_Data
 .text.DHT11_Init
                0x000000000000152a       0x36 ./User/dht11.o
                0x000000000000152a                DHT11_Init
 .text.ultrasonic_GPIO_Init
                0x0000000000001560       0x4a ./User/gpio.o
                0x0000000000001560                ultrasonic_GPIO_Init
 .text.Start_Trig
                0x00000000000015aa       0x28 ./User/gpio.o
                0x00000000000015aa                Start_Trig
 .text.spi_readwrite
                0x00000000000015d2       0x62 ./User/lcd.o
                0x00000000000015d2                spi_readwrite
 .text.LCD_WR_DATA
                0x0000000000001634       0x38 ./User/lcd.o
                0x0000000000001634                LCD_WR_DATA
 .text.LCD_WR_REG
                0x000000000000166c       0x30 ./User/lcd.o
                0x000000000000166c                LCD_WR_REG
 .text.LCD_Address_Set
                0x000000000000169c       0x54 ./User/lcd.o
                0x000000000000169c                LCD_Address_Set
 .text.LCD_DrawPoint
                0x00000000000016f0       0x14 ./User/lcd.o
                0x00000000000016f0                LCD_DrawPoint
 .text.LCD_ShowChar
                0x0000000000001704       0xe4 ./User/lcd.o
                0x0000000000001704                LCD_ShowChar
 .text.LCD_ShowString
                0x00000000000017e8       0x38 ./User/lcd.o
                0x00000000000017e8                LCD_ShowString
 .text.LCD_ShowIntNum
                0x0000000000001820       0x94 ./User/lcd.o
                0x0000000000001820                LCD_ShowIntNum
 .text.Acquire_SensorDATE
                0x00000000000018b4      0x526 ./User/main.o
                0x00000000000018b4                Acquire_SensorDATE
 .text.LIGHT    0x0000000000001dda       0x3a ./User/main.o
                0x0000000000001dda                LIGHT
 .text.ATOMIZER
                0x0000000000001e14       0x3a ./User/main.o
                0x0000000000001e14                ATOMIZER
 .text.Pub_Msgdata
                0x0000000000001e4e       0xdc ./User/main.o
                0x0000000000001e4e                Pub_Msgdata
 .text.startup.main
                0x0000000000001f2a      0x374 ./User/main.o
                0x0000000000001f2a                main
 .text.SystemInit
                0x000000000000229e       0xfa ./User/system_ch32v30x.o
                0x000000000000229e                SystemInit
 .text.Input_Capture_Init
                0x0000000000002398       0x74 ./User/timer.o
                0x0000000000002398                Input_Capture_Init
 .text.ENABLE_TIM
                0x000000000000240c       0x20 ./User/timer.o
                0x000000000000240c                ENABLE_TIM
 .text.DISABLE_TIM
                0x000000000000242c       0x12 ./User/timer.o
                0x000000000000242c                DISABLE_TIM
 .text.Ultrasoniclength
                0x000000000000243e       0xa0 ./User/timer.o
                0x000000000000243e                Ultrasoniclength
 .text.TIM2_IRQHandler
                0x00000000000024de       0x24 ./User/timer.o
                0x00000000000024de                TIM2_IRQHandler
 .text._write   0x0000000000002502       0x3e ./User/usart.o
                0x0000000000002502                _write
 .text.USART1_Init
                0x0000000000002540       0x9c ./User/usart.o
                0x0000000000002540                USART1_Init
 .text.USART2_Init
                0x00000000000025dc       0xa0 ./User/usart.o
                0x00000000000025dc                USART2_Init
 .text.USART2_IRQHandler
                0x000000000000267c       0x3a ./User/usart.o
                0x000000000000267c                USART2_IRQHandler
 .text.USART3_Init
                0x00000000000026b6       0xb4 ./User/usart.o
                0x00000000000026b6                USART3_Init
 .text.USART3_IRQHandler
                0x000000000000276a       0x3a ./User/usart.o
                0x000000000000276a                USART3_IRQHandler
 .text.USART1_IRQHandler
                0x00000000000027a4       0x60 ./User/usart.o
                0x00000000000027a4                USART1_IRQHandler
 .text.Uart2_SendStr
                0x0000000000002804       0x22 ./User/usart.o
                0x0000000000002804                Uart2_SendStr
 .text.Clear_Buffer
                0x0000000000002826       0x56 ./User/usart.o
                0x0000000000002826                Clear_Buffer
 .text.vector_handler
                0x000000000000287c       0xbe ./Startup/startup_ch32v30x_D8C.o
                0x0000000000002880                Ecall_M_Mode_Handler
                0x0000000000002882                Ecall_U_Mode_Handler
                0x0000000000002884                Break_Point_Handler
                0x0000000000002886                SysTick_Handler
                0x0000000000002888                SW_Handler
                0x000000000000288a                WWDG_IRQHandler
                0x000000000000288c                PVD_IRQHandler
                0x000000000000288e                TAMPER_IRQHandler
                0x0000000000002890                RTC_IRQHandler
                0x0000000000002892                FLASH_IRQHandler
                0x0000000000002894                RCC_IRQHandler
                0x0000000000002896                EXTI0_IRQHandler
                0x0000000000002898                EXTI1_IRQHandler
                0x000000000000289a                EXTI2_IRQHandler
                0x000000000000289c                EXTI3_IRQHandler
                0x000000000000289e                EXTI4_IRQHandler
                0x00000000000028a0                DMA1_Channel1_IRQHandler
                0x00000000000028a2                DMA1_Channel2_IRQHandler
                0x00000000000028a4                DMA1_Channel3_IRQHandler
                0x00000000000028a6                DMA1_Channel4_IRQHandler
                0x00000000000028a8                DMA1_Channel5_IRQHandler
                0x00000000000028aa                DMA1_Channel6_IRQHandler
                0x00000000000028ac                DMA1_Channel7_IRQHandler
                0x00000000000028ae                ADC1_2_IRQHandler
                0x00000000000028b0                USB_HP_CAN1_TX_IRQHandler
                0x00000000000028b2                USB_LP_CAN1_RX0_IRQHandler
                0x00000000000028b4                CAN1_RX1_IRQHandler
                0x00000000000028b6                CAN1_SCE_IRQHandler
                0x00000000000028b8                EXTI9_5_IRQHandler
                0x00000000000028ba                TIM1_BRK_IRQHandler
                0x00000000000028bc                TIM1_UP_IRQHandler
                0x00000000000028be                TIM1_TRG_COM_IRQHandler
                0x00000000000028c0                TIM1_CC_IRQHandler
                0x00000000000028c4                TIM3_IRQHandler
                0x00000000000028c6                TIM4_IRQHandler
                0x00000000000028c8                I2C1_EV_IRQHandler
                0x00000000000028ca                I2C1_ER_IRQHandler
                0x00000000000028cc                I2C2_EV_IRQHandler
                0x00000000000028ce                I2C2_ER_IRQHandler
                0x00000000000028d0                SPI1_IRQHandler
                0x00000000000028d2                SPI2_IRQHandler
                0x00000000000028da                EXTI15_10_IRQHandler
                0x00000000000028dc                RTCAlarm_IRQHandler
                0x00000000000028de                USBWakeUp_IRQHandler
                0x00000000000028e0                TIM8_BRK_IRQHandler
                0x00000000000028e2                TIM8_UP_IRQHandler
                0x00000000000028e4                TIM8_TRG_COM_IRQHandler
                0x00000000000028e6                TIM8_CC_IRQHandler
                0x00000000000028e8                RNG_IRQHandler
                0x00000000000028ea                FSMC_IRQHandler
                0x00000000000028ec                SDIO_IRQHandler
                0x00000000000028ee                TIM5_IRQHandler
                0x00000000000028f0                SPI3_IRQHandler
                0x00000000000028f2                UART4_IRQHandler
                0x00000000000028f4                UART5_IRQHandler
                0x00000000000028f6                TIM6_IRQHandler
                0x00000000000028f8                TIM7_IRQHandler
                0x00000000000028fa                DMA2_Channel1_IRQHandler
                0x00000000000028fc                DMA2_Channel2_IRQHandler
                0x00000000000028fe                DMA2_Channel3_IRQHandler
                0x0000000000002900                DMA2_Channel4_IRQHandler
                0x0000000000002902                DMA2_Channel5_IRQHandler
                0x0000000000002904                ETH_IRQHandler
                0x0000000000002906                ETH_WKUP_IRQHandler
                0x0000000000002908                CAN2_TX_IRQHandler
                0x000000000000290a                CAN2_RX0_IRQHandler
                0x000000000000290c                CAN2_RX1_IRQHandler
                0x000000000000290e                CAN2_SCE_IRQHandler
                0x0000000000002910                OTG_FS_IRQHandler
                0x0000000000002912                USBHSWakeup_IRQHandler
                0x0000000000002914                USBHS_IRQHandler
                0x0000000000002916                DVP_IRQHandler
                0x0000000000002918                UART6_IRQHandler
                0x000000000000291a                UART7_IRQHandler
                0x000000000000291c                UART8_IRQHandler
                0x000000000000291e                TIM9_BRK_IRQHandler
                0x0000000000002920                TIM9_UP_IRQHandler
                0x0000000000002922                TIM9_TRG_COM_IRQHandler
                0x0000000000002924                TIM9_CC_IRQHandler
                0x0000000000002926                TIM10_BRK_IRQHandler
                0x0000000000002928                TIM10_UP_IRQHandler
                0x000000000000292a                TIM10_TRG_COM_IRQHandler
                0x000000000000292c                TIM10_CC_IRQHandler
                0x000000000000292e                DMA2_Channel6_IRQHandler
                0x0000000000002930                DMA2_Channel7_IRQHandler
                0x0000000000002932                DMA2_Channel8_IRQHandler
                0x0000000000002934                DMA2_Channel9_IRQHandler
                0x0000000000002936                DMA2_Channel10_IRQHandler
                0x0000000000002938                DMA2_Channel11_IRQHandler
 .text.handle_reset
                0x000000000000293a       0x8a ./Startup/startup_ch32v30x_D8C.o
                0x000000000000293a                handle_reset
 .text.ADC_SoftwareStartConvCmd
                0x00000000000029c4       0x18 ./Peripheral/src/ch32v30x_adc.o
                0x00000000000029c4                ADC_SoftwareStartConvCmd
 .text.ADC_GetConversionValue
                0x00000000000029dc        0x8 ./Peripheral/src/ch32v30x_adc.o
                0x00000000000029dc                ADC_GetConversionValue
 .text.ADC_GetFlagStatus
                0x00000000000029e4        0xa ./Peripheral/src/ch32v30x_adc.o
                0x00000000000029e4                ADC_GetFlagStatus
 .text.GPIO_Init
                0x00000000000029ee       0xc0 ./Peripheral/src/ch32v30x_gpio.o
                0x00000000000029ee                GPIO_Init
 .text.GPIO_ReadInputDataBit
                0x0000000000002aae        0xa ./Peripheral/src/ch32v30x_gpio.o
                0x0000000000002aae                GPIO_ReadInputDataBit
 .text.GPIO_SetBits
                0x0000000000002ab8        0x4 ./Peripheral/src/ch32v30x_gpio.o
                0x0000000000002ab8                GPIO_SetBits
 .text.GPIO_ResetBits
                0x0000000000002abc        0x4 ./Peripheral/src/ch32v30x_gpio.o
                0x0000000000002abc                GPIO_ResetBits
 .text.GPIO_PinRemapConfig
                0x0000000000002ac0       0xd6 ./Peripheral/src/ch32v30x_gpio.o
                0x0000000000002ac0                GPIO_PinRemapConfig
 .text.NVIC_PriorityGroupConfig
                0x0000000000002b96        0x6 ./Peripheral/src/ch32v30x_misc.o
                0x0000000000002b96                NVIC_PriorityGroupConfig
 .text.NVIC_Init
                0x0000000000002b9c       0xa6 ./Peripheral/src/ch32v30x_misc.o
                0x0000000000002b9c                NVIC_Init
 .text.RCC_GetClocksFreq
                0x0000000000002c42      0x176 ./Peripheral/src/ch32v30x_rcc.o
                0x0000000000002c42                RCC_GetClocksFreq
 .text.RCC_APB2PeriphClockCmd
                0x0000000000002db8       0x1e ./Peripheral/src/ch32v30x_rcc.o
                0x0000000000002db8                RCC_APB2PeriphClockCmd
 .text.RCC_APB1PeriphClockCmd
                0x0000000000002dd6       0x1e ./Peripheral/src/ch32v30x_rcc.o
                0x0000000000002dd6                RCC_APB1PeriphClockCmd
 .text.RCC_APB2PeriphResetCmd
                0x0000000000002df4       0x1e ./Peripheral/src/ch32v30x_rcc.o
                0x0000000000002df4                RCC_APB2PeriphResetCmd
 .text.RCC_APB1PeriphResetCmd
                0x0000000000002e12       0x1e ./Peripheral/src/ch32v30x_rcc.o
                0x0000000000002e12                RCC_APB1PeriphResetCmd
 .text.SPI_Init
                0x0000000000002e30       0x3e ./Peripheral/src/ch32v30x_spi.o
                0x0000000000002e30                SPI_Init
 .text.SPI_Cmd  0x0000000000002e6e       0x1a ./Peripheral/src/ch32v30x_spi.o
                0x0000000000002e6e                SPI_Cmd
 .text.SPI_I2S_SendData
                0x0000000000002e88        0x4 ./Peripheral/src/ch32v30x_spi.o
                0x0000000000002e88                SPI_I2S_SendData
 .text.SPI_I2S_ReceiveData
                0x0000000000002e8c        0x4 ./Peripheral/src/ch32v30x_spi.o
                0x0000000000002e8c                SPI_I2S_ReceiveData
 .text.SPI_I2S_GetFlagStatus
                0x0000000000002e90        0xa ./Peripheral/src/ch32v30x_spi.o
                0x0000000000002e90                SPI_I2S_GetFlagStatus
 .text.TIM_DeInit
                0x0000000000002e9a      0x100 ./Peripheral/src/ch32v30x_tim.o
                0x0000000000002e9a                TIM_DeInit
 .text.TIM_TimeBaseInit
                0x0000000000002f9a       0xaa ./Peripheral/src/ch32v30x_tim.o
                0x0000000000002f9a                TIM_TimeBaseInit
 .text.TIM_Cmd  0x0000000000003044       0x18 ./Peripheral/src/ch32v30x_tim.o
                0x0000000000003044                TIM_Cmd
 .text.TIM_ITConfig
                0x000000000000305c       0x12 ./Peripheral/src/ch32v30x_tim.o
                0x000000000000305c                TIM_ITConfig
 .text.TIM_SetCounter
                0x000000000000306e        0x4 ./Peripheral/src/ch32v30x_tim.o
                0x000000000000306e                TIM_SetCounter
 .text.TIM_GetCounter
                0x0000000000003072        0x4 ./Peripheral/src/ch32v30x_tim.o
                0x0000000000003072                TIM_GetCounter
 .text.TIM_ClearFlag
                0x0000000000003076        0xc ./Peripheral/src/ch32v30x_tim.o
                0x0000000000003076                TIM_ClearFlag
 .text.TIM_GetITStatus
                0x0000000000003082       0x18 ./Peripheral/src/ch32v30x_tim.o
                0x0000000000003082                TIM_GetITStatus
 .text.TIM_ClearITPendingBit
                0x000000000000309a        0xc ./Peripheral/src/ch32v30x_tim.o
                0x000000000000309a                TIM_ClearITPendingBit
 .text.USART_Init
                0x00000000000030a6       0xbc ./Peripheral/src/ch32v30x_usart.o
                0x00000000000030a6                USART_Init
 .text.USART_Cmd
                0x0000000000003162       0x16 ./Peripheral/src/ch32v30x_usart.o
                0x0000000000003162                USART_Cmd
 .text.USART_ITConfig
                0x0000000000003178       0x36 ./Peripheral/src/ch32v30x_usart.o
                0x0000000000003178                USART_ITConfig
 .text.USART_SendData
                0x00000000000031ae        0x8 ./Peripheral/src/ch32v30x_usart.o
                0x00000000000031ae                USART_SendData
 .text.USART_ReceiveData
                0x00000000000031b6        0x8 ./Peripheral/src/ch32v30x_usart.o
                0x00000000000031b6                USART_ReceiveData
 .text.USART_GetFlagStatus
                0x00000000000031be        0xa ./Peripheral/src/ch32v30x_usart.o
                0x00000000000031be                USART_GetFlagStatus
 .text.USART_GetITStatus
                0x00000000000031c8       0x3c ./Peripheral/src/ch32v30x_usart.o
                0x00000000000031c8                USART_GetITStatus
 .text.USART_ClearITPendingBit
                0x0000000000003204       0x14 ./Peripheral/src/ch32v30x_usart.o
                0x0000000000003204                USART_ClearITPendingBit
 .text.Delay_Init
                0x0000000000003218       0x26 ./Debug/debug.o
                0x0000000000003218                Delay_Init
 .text.delay_us
                0x000000000000323e       0x2e ./Debug/debug.o
                0x000000000000323e                delay_us
 .text.Delay_Us
                0x000000000000326c        0xc ./Debug/debug.o
                0x000000000000326c                Delay_Us
 .text.Delay_Ms
                0x0000000000003278       0x2e ./Debug/debug.o
                0x0000000000003278                Delay_Ms
 .text.pow      0x00000000000032a6      0x324 d:/mounriver/mrs/mounriver/mounriver_studio/toolchain/risc-v embedded gcc/bin/../lib/gcc/riscv-none-embed/8.2.0/../../../../riscv-none-embed/lib/rv32imacxw/ilp32\libm.a(lib_a-w_pow.o)
                0x00000000000032a6                pow
 .text.__ieee754_pow
                0x00000000000035ca      0xad6 d:/mounriver/mrs/mounriver/mounriver_studio/toolchain/risc-v embedded gcc/bin/../lib/gcc/riscv-none-embed/8.2.0/../../../../riscv-none-embed/lib/rv32imacxw/ilp32\libm.a(lib_a-e_pow.o)
                0x00000000000035ca                __ieee754_pow
 .text.__ieee754_sqrt
                0x00000000000040a0      0x1d6 d:/mounriver/mrs/mounriver/mounriver_studio/toolchain/risc-v embedded gcc/bin/../lib/gcc/riscv-none-embed/8.2.0/../../../../riscv-none-embed/lib/rv32imacxw/ilp32\libm.a(lib_a-e_sqrt.o)
                0x00000000000040a0                __ieee754_sqrt
 .text.fabs     0x0000000000004276        0x6 d:/mounriver/mrs/mounriver/mounriver_studio/toolchain/risc-v embedded gcc/bin/../lib/gcc/riscv-none-embed/8.2.0/../../../../riscv-none-embed/lib/rv32imacxw/ilp32\libm.a(lib_a-s_fabs.o)
                0x0000000000004276                fabs
 .text.finite   0x000000000000427c        0xe d:/mounriver/mrs/mounriver/mounriver_studio/toolchain/risc-v embedded gcc/bin/../lib/gcc/riscv-none-embed/8.2.0/../../../../riscv-none-embed/lib/rv32imacxw/ilp32\libm.a(lib_a-s_finite.o)
                0x000000000000427c                finite
 .text.matherr  0x000000000000428a        0x4 d:/mounriver/mrs/mounriver/mounriver_studio/toolchain/risc-v embedded gcc/bin/../lib/gcc/riscv-none-embed/8.2.0/../../../../riscv-none-embed/lib/rv32imacxw/ilp32\libm.a(lib_a-s_matherr.o)
                0x000000000000428a                matherr
 .text.nan      0x000000000000428e        0xe d:/mounriver/mrs/mounriver/mounriver_studio/toolchain/risc-v embedded gcc/bin/../lib/gcc/riscv-none-embed/8.2.0/../../../../riscv-none-embed/lib/rv32imacxw/ilp32\libm.a(lib_a-s_nan.o)
                0x000000000000428e                nan
 .text.rint     0x000000000000429c      0x18c d:/mounriver/mrs/mounriver/mounriver_studio/toolchain/risc-v embedded gcc/bin/../lib/gcc/riscv-none-embed/8.2.0/../../../../riscv-none-embed/lib/rv32imacxw/ilp32\libm.a(lib_a-s_rint.o)
                0x000000000000429c                rint
 .text.scalbn   0x0000000000004428      0x140 d:/mounriver/mrs/mounriver/mounriver_studio/toolchain/risc-v embedded gcc/bin/../lib/gcc/riscv-none-embed/8.2.0/../../../../riscv-none-embed/lib/rv32imacxw/ilp32\libm.a(lib_a-s_scalbn.o)
                0x0000000000004428                scalbn
 .text.copysign
                0x0000000000004568       0x16 d:/mounriver/mrs/mounriver/mounriver_studio/toolchain/risc-v embedded gcc/bin/../lib/gcc/riscv-none-embed/8.2.0/../../../../riscv-none-embed/lib/rv32imacxw/ilp32\libm.a(lib_a-s_copysign.o)
                0x0000000000004568                copysign
 .text.printchar
                0x000000000000457e       0x4a d:/mounriver/mrs/mounriver/mounriver_studio/toolchain/risc-v embedded gcc/bin/../lib/gcc/riscv-none-embed/8.2.0/../../../../riscv-none-embed/lib/rv32imacxw/ilp32\libprintfloat.a(printfloat.o)
                0x000000000000457e                printchar
 .text.prints   0x00000000000045c8       0xe0 d:/mounriver/mrs/mounriver/mounriver_studio/toolchain/risc-v embedded gcc/bin/../lib/gcc/riscv-none-embed/8.2.0/../../../../riscv-none-embed/lib/rv32imacxw/ilp32\libprintfloat.a(printfloat.o)
                0x00000000000045c8                prints
 .text.printInt
                0x00000000000046a8       0xf2 d:/mounriver/mrs/mounriver/mounriver_studio/toolchain/risc-v embedded gcc/bin/../lib/gcc/riscv-none-embed/8.2.0/../../../../riscv-none-embed/lib/rv32imacxw/ilp32\libprintfloat.a(printfloat.o)
                0x00000000000046a8                printInt
 .text.printLongLongInt
                0x000000000000479a      0x120 d:/mounriver/mrs/mounriver/mounriver_studio/toolchain/risc-v embedded gcc/bin/../lib/gcc/riscv-none-embed/8.2.0/../../../../riscv-none-embed/lib/rv32imacxw/ilp32\libprintfloat.a(printfloat.o)
                0x000000000000479a                printLongLongInt
 .text.printDouble
                0x00000000000048ba      0x100 d:/mounriver/mrs/mounriver/mounriver_studio/toolchain/risc-v embedded gcc/bin/../lib/gcc/riscv-none-embed/8.2.0/../../../../riscv-none-embed/lib/rv32imacxw/ilp32\libprintfloat.a(printfloat.o)
                0x00000000000048ba                printDouble
 .text.print    0x00000000000049ba      0x358 d:/mounriver/mrs/mounriver/mounriver_studio/toolchain/risc-v embedded gcc/bin/../lib/gcc/riscv-none-embed/8.2.0/../../../../riscv-none-embed/lib/rv32imacxw/ilp32\libprintfloat.a(printfloat.o)
                0x00000000000049ba                print
 .text.printf   0x0000000000004d12       0x24 d:/mounriver/mrs/mounriver/mounriver_studio/toolchain/risc-v embedded gcc/bin/../lib/gcc/riscv-none-embed/8.2.0/../../../../riscv-none-embed/lib/rv32imacxw/ilp32\libprintfloat.a(printfloat.o)
                0x0000000000004d12                printf
 .text.sprintf  0x0000000000004d36       0x28 d:/mounriver/mrs/mounriver/mounriver_studio/toolchain/risc-v embedded gcc/bin/../lib/gcc/riscv-none-embed/8.2.0/../../../../riscv-none-embed/lib/rv32imacxw/ilp32\libprintfloat.a(printfloat.o)
                0x0000000000004d36                sprintf
 .text.puts     0x0000000000004d5e       0x4a d:/mounriver/mrs/mounriver/mounriver_studio/toolchain/risc-v embedded gcc/bin/../lib/gcc/riscv-none-embed/8.2.0/../../../../riscv-none-embed/lib/rv32imacxw/ilp32\libprintfloat.a(printfloat.o)
                0x0000000000004d5e                puts
 .text.__udivdi3
                0x0000000000004da8      0x392 d:/mounriver/mrs/mounriver/mounriver_studio/toolchain/risc-v embedded gcc/bin/../lib/gcc/riscv-none-embed/8.2.0/rv32imacxw/ilp32\libgcc.a(_udivdi3.o)
                0x0000000000004da8                __udivdi3
 .text.__umoddi3
                0x000000000000513a      0x38a d:/mounriver/mrs/mounriver/mounriver_studio/toolchain/risc-v embedded gcc/bin/../lib/gcc/riscv-none-embed/8.2.0/rv32imacxw/ilp32\libgcc.a(_umoddi3.o)
                0x000000000000513a                __umoddi3
 .text.__adddf3
                0x00000000000054c4      0x730 d:/mounriver/mrs/mounriver/mounriver_studio/toolchain/risc-v embedded gcc/bin/../lib/gcc/riscv-none-embed/8.2.0/rv32imacxw/ilp32\libgcc.a(adddf3.o)
                0x00000000000054c4                __adddf3
 .text.__divdf3
                0x0000000000005bf4      0x5b4 d:/mounriver/mrs/mounriver/mounriver_studio/toolchain/risc-v embedded gcc/bin/../lib/gcc/riscv-none-embed/8.2.0/rv32imacxw/ilp32\libgcc.a(divdf3.o)
                0x0000000000005bf4                __divdf3
 .text.__eqdf2  0x00000000000061a8       0x6a d:/mounriver/mrs/mounriver/mounriver_studio/toolchain/risc-v embedded gcc/bin/../lib/gcc/riscv-none-embed/8.2.0/rv32imacxw/ilp32\libgcc.a(eqdf2.o)
                0x00000000000061a8                __nedf2
                0x00000000000061a8                __eqdf2
 .text.__gedf2  0x0000000000006212       0xae d:/mounriver/mrs/mounriver/mounriver_studio/toolchain/risc-v embedded gcc/bin/../lib/gcc/riscv-none-embed/8.2.0/rv32imacxw/ilp32\libgcc.a(gedf2.o)
                0x0000000000006212                __gedf2
                0x0000000000006212                __gtdf2
 .text.__ledf2  0x00000000000062c0       0xb6 d:/mounriver/mrs/mounriver/mounriver_studio/toolchain/risc-v embedded gcc/bin/../lib/gcc/riscv-none-embed/8.2.0/rv32imacxw/ilp32\libgcc.a(ledf2.o)
                0x00000000000062c0                __ledf2
                0x00000000000062c0                __ltdf2
 .text.__muldf3
                0x0000000000006376      0x4b8 d:/mounriver/mrs/mounriver/mounriver_studio/toolchain/risc-v embedded gcc/bin/../lib/gcc/riscv-none-embed/8.2.0/rv32imacxw/ilp32\libgcc.a(muldf3.o)
                0x0000000000006376                __muldf3
 .text.__subdf3
                0x000000000000682e      0x73e d:/mounriver/mrs/mounriver/mounriver_studio/toolchain/risc-v embedded gcc/bin/../lib/gcc/riscv-none-embed/8.2.0/rv32imacxw/ilp32\libgcc.a(subdf3.o)
                0x000000000000682e                __subdf3
 .text.__unorddf2
                0x0000000000006f6c       0x3c d:/mounriver/mrs/mounriver/mounriver_studio/toolchain/risc-v embedded gcc/bin/../lib/gcc/riscv-none-embed/8.2.0/rv32imacxw/ilp32\libgcc.a(unorddf2.o)
                0x0000000000006f6c                __unorddf2
 .text.__floatsidf
                0x0000000000006fa8       0x72 d:/mounriver/mrs/mounriver/mounriver_studio/toolchain/risc-v embedded gcc/bin/../lib/gcc/riscv-none-embed/8.2.0/rv32imacxw/ilp32\libgcc.a(floatsidf.o)
                0x0000000000006fa8                __floatsidf
 .text.__floatunsidf
                0x000000000000701a       0x68 d:/mounriver/mrs/mounriver/mounriver_studio/toolchain/risc-v embedded gcc/bin/../lib/gcc/riscv-none-embed/8.2.0/rv32imacxw/ilp32\libgcc.a(floatunsidf.o)
                0x000000000000701a                __floatunsidf
 .text.__fixdfdi
                0x0000000000007082       0xbc d:/mounriver/mrs/mounriver/mounriver_studio/toolchain/risc-v embedded gcc/bin/../lib/gcc/riscv-none-embed/8.2.0/rv32imacxw/ilp32\libgcc.a(fixdfdi.o)
                0x0000000000007082                __fixdfdi
 .text.__floatdidf
                0x000000000000713e      0x1b6 d:/mounriver/mrs/mounriver/mounriver_studio/toolchain/risc-v embedded gcc/bin/../lib/gcc/riscv-none-embed/8.2.0/rv32imacxw/ilp32\libgcc.a(floatdidf.o)
                0x000000000000713e                __floatdidf
 .text.__addsf3
                0x00000000000072f4      0x36a d:/mounriver/mrs/mounriver/mounriver_studio/toolchain/risc-v embedded gcc/bin/../lib/gcc/riscv-none-embed/8.2.0/rv32imacxw/ilp32\libgcc.a(addsf3.o)
                0x00000000000072f4                __addsf3
 .text.__divsf3
                0x000000000000765e      0x2b2 d:/mounriver/mrs/mounriver/mounriver_studio/toolchain/risc-v embedded gcc/bin/../lib/gcc/riscv-none-embed/8.2.0/rv32imacxw/ilp32\libgcc.a(divsf3.o)
                0x000000000000765e                __divsf3
 .text.__gesf2  0x0000000000007910       0x86 d:/mounriver/mrs/mounriver/mounriver_studio/toolchain/risc-v embedded gcc/bin/../lib/gcc/riscv-none-embed/8.2.0/rv32imacxw/ilp32\libgcc.a(gesf2.o)
                0x0000000000007910                __gesf2
                0x0000000000007910                __gtsf2
 .text.__lesf2  0x0000000000007996       0x8c d:/mounriver/mrs/mounriver/mounriver_studio/toolchain/risc-v embedded gcc/bin/../lib/gcc/riscv-none-embed/8.2.0/rv32imacxw/ilp32\libgcc.a(lesf2.o)
                0x0000000000007996                __ltsf2
                0x0000000000007996                __lesf2
 .text.__mulsf3
                0x0000000000007a22      0x294 d:/mounriver/mrs/mounriver/mounriver_studio/toolchain/risc-v embedded gcc/bin/../lib/gcc/riscv-none-embed/8.2.0/rv32imacxw/ilp32\libgcc.a(mulsf3.o)
                0x0000000000007a22                __mulsf3
 .text.__subsf3
                0x0000000000007cb6      0x388 d:/mounriver/mrs/mounriver/mounriver_studio/toolchain/risc-v embedded gcc/bin/../lib/gcc/riscv-none-embed/8.2.0/rv32imacxw/ilp32\libgcc.a(subsf3.o)
                0x0000000000007cb6                __subsf3
 .text.__fixsfsi
                0x000000000000803e       0x62 d:/mounriver/mrs/mounriver/mounriver_studio/toolchain/risc-v embedded gcc/bin/../lib/gcc/riscv-none-embed/8.2.0/rv32imacxw/ilp32\libgcc.a(fixsfsi.o)
                0x000000000000803e                __fixsfsi
 .text.__fixunssfsi
                0x00000000000080a0       0x56 d:/mounriver/mrs/mounriver/mounriver_studio/toolchain/risc-v embedded gcc/bin/../lib/gcc/riscv-none-embed/8.2.0/rv32imacxw/ilp32\libgcc.a(fixunssfsi.o)
                0x00000000000080a0                __fixunssfsi
 .text.__floatsisf
                0x00000000000080f6       0xc6 d:/mounriver/mrs/mounriver/mounriver_studio/toolchain/risc-v embedded gcc/bin/../lib/gcc/riscv-none-embed/8.2.0/rv32imacxw/ilp32\libgcc.a(floatsisf.o)
                0x00000000000080f6                __floatsisf
 .text.__floatunsisf
                0x00000000000081bc       0xce d:/mounriver/mrs/mounriver/mounriver_studio/toolchain/risc-v embedded gcc/bin/../lib/gcc/riscv-none-embed/8.2.0/rv32imacxw/ilp32\libgcc.a(floatunsisf.o)
                0x00000000000081bc                __floatunsisf
 .text.__extendsfdf2
                0x000000000000828a       0xac d:/mounriver/mrs/mounriver/mounriver_studio/toolchain/risc-v embedded gcc/bin/../lib/gcc/riscv-none-embed/8.2.0/rv32imacxw/ilp32\libgcc.a(extendsfdf2.o)
                0x000000000000828a                __extendsfdf2
 .text.__truncdfsf2
                0x0000000000008336      0x16a d:/mounriver/mrs/mounriver/mounriver_studio/toolchain/risc-v embedded gcc/bin/../lib/gcc/riscv-none-embed/8.2.0/rv32imacxw/ilp32\libgcc.a(truncdfsf2.o)
                0x0000000000008336                __truncdfsf2
 .text.__clzsi2
                0x00000000000084a0       0x6e d:/mounriver/mrs/mounriver/mounriver_studio/toolchain/risc-v embedded gcc/bin/../lib/gcc/riscv-none-embed/8.2.0/rv32imacxw/ilp32\libgcc.a(_clzsi2.o)
                0x00000000000084a0                __clzsi2
 .text.__errno  0x000000000000850e        0x8 d:/mounriver/mrs/mounriver/mounriver_studio/toolchain/risc-v embedded gcc/bin/../lib/gcc/riscv-none-embed/8.2.0/../../../../riscv-none-embed/lib/rv32imacxw/ilp32\libg_nano.a(lib_a-errno.o)
                0x000000000000850e                __errno
 .text.memcpy   0x0000000000008516       0xb2 d:/mounriver/mrs/mounriver/mounriver_studio/toolchain/risc-v embedded gcc/bin/../lib/gcc/riscv-none-embed/8.2.0/../../../../riscv-none-embed/lib/rv32imacxw/ilp32\libg_nano.a(lib_a-memcpy.o)
                0x0000000000008516                memcpy
 .text.strlen   0x00000000000085c8       0x12 d:/mounriver/mrs/mounriver/mounriver_studio/toolchain/risc-v embedded gcc/bin/../lib/gcc/riscv-none-embed/8.2.0/../../../../riscv-none-embed/lib/rv32imacxw/ilp32\libg_nano.a(lib_a-strlen.o)
                0x00000000000085c8                strlen
 .text.strstr   0x00000000000085da       0x34 d:/mounriver/mrs/mounriver/mounriver_studio/toolchain/risc-v embedded gcc/bin/../lib/gcc/riscv-none-embed/8.2.0/../../../../riscv-none-embed/lib/rv32imacxw/ilp32\libg_nano.a(lib_a-strstr.o)
                0x00000000000085da                strstr
 *(.rodata)
 *(.rodata*)
 *fill*         0x000000000000860e        0x2 
 .rodata.EC20_Init.str1.4
                0x0000000000008610       0xaa ./User/EC20.o
 *fill*         0x00000000000086ba        0x2 
 .rodata.MQTT_Init.str1.4
                0x00000000000086bc       0x70 ./User/EC20.o
 .rodata.Mqtt_Savedata.str1.4
                0x000000000000872c       0xa7 ./User/EC20.o
 *fill*         0x00000000000087d3        0x1 
 .rodata.Read_GPS.cst4
                0x00000000000087d4        0xc ./User/EC20.o
 *fill*         0x00000000000087e0        0x0 
 .rodata.Read_GPS.cst8
                0x00000000000087e0       0x28 ./User/EC20.o
 .rodata.Read_GPS.str1.4
                0x0000000000008808       0x14 ./User/EC20.o
 .rodata.RC522_Handle.str1.4
                0x000000000000881c        0x5 ./User/RC522.o
 *fill*         0x0000000000008821        0x3 
 .rodata.ascii_1608
                0x0000000000008824      0x5f0 ./User/lcd.o
                0x0000000000008824                ascii_1608
 .rodata.ascii_3216
                0x0000000000008e14     0x17c0 ./User/lcd.o
                0x0000000000008e14                ascii_3216
 .rodata.Acquire_SensorDATE.cst4
                0x000000000000a5d4       0x38 ./User/main.o
                                         0x3c (size before relaxing)
 *fill*         0x000000000000a60c        0x4 
 .rodata.Acquire_SensorDATE.cst8
                0x000000000000a610       0x40 ./User/main.o
                                         0x48 (size before relaxing)
 .rodata.Acquire_SensorDATE.str1.4
                0x000000000000a650       0x37 ./User/main.o
 *fill*         0x000000000000a687        0x1 
 .rodata.Pub_Msgdata.str1.4
                0x000000000000a688       0x39 ./User/main.o
 *fill*         0x000000000000a6c1        0x3 
 .rodata.main.str1.4
                0x000000000000a6c4       0x24 ./User/main.o
 .rodata.Ultrasoniclength.cst4
                0x000000000000a6e8        0x4 ./User/timer.o
 .rodata.Ultrasoniclength.cst8
                0x000000000000a6e8        0x8 ./User/timer.o
 .rodata.pow.cst8
                0x000000000000a6f0       0x30 d:/mounriver/mrs/mounriver/mounriver_studio/toolchain/risc-v embedded gcc/bin/../lib/gcc/riscv-none-embed/8.2.0/../../../../riscv-none-embed/lib/rv32imacxw/ilp32\libm.a(lib_a-w_pow.o)
 .rodata.pow.str1.4
                0x000000000000a720        0x4 d:/mounriver/mrs/mounriver/mounriver_studio/toolchain/risc-v embedded gcc/bin/../lib/gcc/riscv-none-embed/8.2.0/../../../../riscv-none-embed/lib/rv32imacxw/ilp32\libm.a(lib_a-w_pow.o)
 *fill*         0x000000000000a724        0x4 
 .rodata.__ieee754_pow.cst8
                0x000000000000a728      0x100 d:/mounriver/mrs/mounriver/mounriver_studio/toolchain/risc-v embedded gcc/bin/../lib/gcc/riscv-none-embed/8.2.0/../../../../riscv-none-embed/lib/rv32imacxw/ilp32\libm.a(lib_a-e_pow.o)
                                        0x110 (size before relaxing)
 .rodata.__ieee754_pow.str1.4
                0x000000000000a828        0x4 d:/mounriver/mrs/mounriver/mounriver_studio/toolchain/risc-v embedded gcc/bin/../lib/gcc/riscv-none-embed/8.2.0/../../../../riscv-none-embed/lib/rv32imacxw/ilp32\libm.a(lib_a-e_pow.o)
                                          0x1 (size before relaxing)
 .rodata.nan.cst8
                0x000000000000a828        0x8 d:/mounriver/mrs/mounriver/mounriver_studio/toolchain/risc-v embedded gcc/bin/../lib/gcc/riscv-none-embed/8.2.0/../../../../riscv-none-embed/lib/rv32imacxw/ilp32\libm.a(lib_a-s_nan.o)
 .rodata.TWO52  0x000000000000a830       0x10 d:/mounriver/mrs/mounriver/mounriver_studio/toolchain/risc-v embedded gcc/bin/../lib/gcc/riscv-none-embed/8.2.0/../../../../riscv-none-embed/lib/rv32imacxw/ilp32\libm.a(lib_a-s_rint.o)
 .rodata.scalbn.cst8
                0x000000000000a840       0x10 d:/mounriver/mrs/mounriver/mounriver_studio/toolchain/risc-v embedded gcc/bin/../lib/gcc/riscv-none-embed/8.2.0/../../../../riscv-none-embed/lib/rv32imacxw/ilp32\libm.a(lib_a-s_scalbn.o)
                                         0x20 (size before relaxing)
 .rodata.print.str1.4
                0x000000000000a850        0x8 d:/mounriver/mrs/mounriver/mounriver_studio/toolchain/risc-v embedded gcc/bin/../lib/gcc/riscv-none-embed/8.2.0/../../../../riscv-none-embed/lib/rv32imacxw/ilp32\libprintfloat.a(printfloat.o)
                                          0x7 (size before relaxing)
 .rodata.__divdf3
                0x000000000000a858       0x40 d:/mounriver/mrs/mounriver/mounriver_studio/toolchain/risc-v embedded gcc/bin/../lib/gcc/riscv-none-embed/8.2.0/rv32imacxw/ilp32\libgcc.a(divdf3.o)
 .rodata.__muldf3
                0x000000000000a898       0x40 d:/mounriver/mrs/mounriver/mounriver_studio/toolchain/risc-v embedded gcc/bin/../lib/gcc/riscv-none-embed/8.2.0/rv32imacxw/ilp32\libgcc.a(muldf3.o)
 .rodata.__divsf3
                0x000000000000a8d8       0x80 d:/mounriver/mrs/mounriver/mounriver_studio/toolchain/risc-v embedded gcc/bin/../lib/gcc/riscv-none-embed/8.2.0/rv32imacxw/ilp32\libgcc.a(divsf3.o)
 .rodata.__mulsf3
                0x000000000000a958       0x40 d:/mounriver/mrs/mounriver/mounriver_studio/toolchain/risc-v embedded gcc/bin/../lib/gcc/riscv-none-embed/8.2.0/rv32imacxw/ilp32\libgcc.a(mulsf3.o)
 .rodata.__clz_tab
                0x000000000000a998      0x100 d:/mounriver/mrs/mounriver/mounriver_studio/toolchain/risc-v embedded gcc/bin/../lib/gcc/riscv-none-embed/8.2.0/rv32imacxw/ilp32\libgcc.a(_clz.o)
                0x000000000000a998                __clz_tab
 *(.gnu.linkonce.t.*)
                0x000000000000aa98                . = ALIGN (0x4)

.rela.dyn       0x000000000000aa98        0x0
 .rela.text.EC20_Init
                0x000000000000aa98        0x0 ./User/EC20.o
 .rela.text.MQTT_Init
                0x000000000000aa98        0x0 ./User/EC20.o
 .rela.text.Read_GPS
                0x000000000000aa98        0x0 ./User/EC20.o
 .rela.text.RC522_Handle
                0x000000000000aa98        0x0 ./User/EC20.o
 .rela.text.Pub_Msgdata
                0x000000000000aa98        0x0 ./User/EC20.o
 .rela.init     0x000000000000aa98        0x0 ./User/EC20.o
 .rela.vector   0x000000000000aa98        0x0 ./User/EC20.o
 .rela.text.handle_reset
                0x000000000000aa98        0x0 ./User/EC20.o
 .rela.text.prints
                0x000000000000aa98        0x0 ./User/EC20.o
 .rela.text.printInt
                0x000000000000aa98        0x0 ./User/EC20.o
 .rela.text.printLongLongInt
                0x000000000000aa98        0x0 ./User/EC20.o
 .rela.text.printDouble
                0x000000000000aa98        0x0 ./User/EC20.o
 .rela.text.print
                0x000000000000aa98        0x0 ./User/EC20.o
 .rela.text.printf
                0x000000000000aa98        0x0 ./User/EC20.o
 .rela.text.sprintf
                0x000000000000aa98        0x0 ./User/EC20.o
 .rela.data.impure_data
                0x000000000000aa98        0x0 ./User/EC20.o

.fini           0x000000000000aa98        0x0
 *(SORT_NONE(.fini))
                0x000000000000aa98                . = ALIGN (0x4)
                [!provide]                        PROVIDE (_etext = .)
                [!provide]                        PROVIDE (_eitcm = .)

.preinit_array  0x000000000000aa98        0x0
                [!provide]                        PROVIDE (__preinit_array_start = .)
 *(.preinit_array)
                [!provide]                        PROVIDE (__preinit_array_end = .)

.init_array     0x000000000000aa98        0x0
                [!provide]                        PROVIDE (__init_array_start = .)
 *(SORT_BY_INIT_PRIORITY(.init_array.*) SORT_BY_INIT_PRIORITY(.ctors.*))
 *(.init_array EXCLUDE_FILE(*crtend?.o *crtend.o *crtbegin?.o *crtbegin.o) .ctors)
                [!provide]                        PROVIDE (__init_array_end = .)

.fini_array     0x000000000000aa98        0x0
                [!provide]                        PROVIDE (__fini_array_start = .)
 *(SORT_BY_INIT_PRIORITY(.fini_array.*) SORT_BY_INIT_PRIORITY(.dtors.*))
 *(.fini_array EXCLUDE_FILE(*crtend?.o *crtend.o *crtbegin?.o *crtbegin.o) .dtors)
                [!provide]                        PROVIDE (__fini_array_end = .)

.ctors
 *crtbegin.o(.ctors)
 *crtbegin?.o(.ctors)
 *(EXCLUDE_FILE(*crtend?.o *crtend.o) .ctors)
 *(SORT_BY_NAME(.ctors.*))
 *(.ctors)

.dtors
 *crtbegin.o(.dtors)
 *crtbegin?.o(.dtors)
 *(EXCLUDE_FILE(*crtend?.o *crtend.o) .dtors)
 *(SORT_BY_NAME(.dtors.*))
 *(.dtors)

.dalign         0x0000000020000000        0x0 load address 0x000000000000aa98
                0x0000000020000000                . = ALIGN (0x4)
                0x0000000020000000                PROVIDE (_data_vma = .)

.dlalign        0x000000000000aa98        0x0
                0x000000000000aa98                . = ALIGN (0x4)
                0x000000000000aa98                PROVIDE (_data_lma = .)

.data           0x0000000020000000       0xe0 load address 0x000000000000aa98
 *(.gnu.linkonce.r.*)
 *(.data .data.*)
 .data.DATA1    0x0000000020000000       0x10 ./User/RC522.o
                0x0000000020000000                DATA1
 .data.lat      0x0000000020000010       0x14 ./User/main.o
                0x0000000020000010                lat
 .data.lon      0x0000000020000024       0x14 ./User/main.o
                0x0000000020000024                lon
 .data.APBAHBPrescTable
                0x0000000020000038       0x10 ./Peripheral/src/ch32v30x_rcc.o
 .data.impure_data
                0x0000000020000048       0x60 d:/mounriver/mrs/mounriver/mounriver_studio/toolchain/risc-v embedded gcc/bin/../lib/gcc/riscv-none-embed/8.2.0/../../../../riscv-none-embed/lib/rv32imacxw/ilp32\libg_nano.a(lib_a-impure.o)
 *(.gnu.linkonce.d.*)
                0x00000000200000a8                . = ALIGN (0x8)
                0x00000000200008a8                PROVIDE (__global_pointer$ = (. + 0x800))
 *(.sdata .sdata.*)
 .sdata.KEY_A   0x00000000200000a8        0x6 ./User/RC522.o
                0x00000000200000a8                KEY_A
 *fill*         0x00000000200000ae        0x2 
 .sdata.KEY_B   0x00000000200000b0        0x6 ./User/RC522.o
                0x00000000200000b0                KEY_B
 .sdata.addr    0x00000000200000b6        0x1 ./User/RC522.o
                0x00000000200000b6                addr
 *fill*         0x00000000200000b7        0x1 
 .sdata.card_0  0x00000000200000b8        0x4 ./User/RC522.o
                0x00000000200000b8                card_0
 .sdata.card_1  0x00000000200000bc        0x4 ./User/RC522.o
                0x00000000200000bc                card_1
 .sdata.card_2  0x00000000200000c0        0x4 ./User/RC522.o
                0x00000000200000c0                card_2
 .sdata.card_3  0x00000000200000c4        0x4 ./User/RC522.o
                0x00000000200000c4                card_3
 .sdata.card_4  0x00000000200000c8        0x4 ./User/RC522.o
                0x00000000200000c8                card_4
 .sdata.SystemCoreClock
                0x00000000200000cc        0x4 ./User/system_ch32v30x.o
                0x00000000200000cc                SystemCoreClock
 .sdata.ADCPrescTable
                0x00000000200000d0        0x4 ./Peripheral/src/ch32v30x_rcc.o
 .sdata.__fdlib_version
                0x00000000200000d4        0x4 d:/mounriver/mrs/mounriver/mounriver_studio/toolchain/risc-v embedded gcc/bin/../lib/gcc/riscv-none-embed/8.2.0/../../../../riscv-none-embed/lib/rv32imacxw/ilp32\libm.a(lib_a-s_lib_ver.o)
                0x00000000200000d4                __fdlib_version
 .sdata._impure_ptr
                0x00000000200000d8        0x4 d:/mounriver/mrs/mounriver/mounriver_studio/toolchain/risc-v embedded gcc/bin/../lib/gcc/riscv-none-embed/8.2.0/../../../../riscv-none-embed/lib/rv32imacxw/ilp32\libg_nano.a(lib_a-impure.o)
                0x00000000200000d8                _impure_ptr
 *(.sdata2.*)
 *(.gnu.linkonce.s.*)
                0x00000000200000e0                . = ALIGN (0x8)
 *fill*         0x00000000200000dc        0x4 
 *(.srodata.cst16)
 *(.srodata.cst8)
 *(.srodata.cst4)
 *(.srodata.cst2)
 *(.srodata .srodata.*)
                0x00000000200000e0                . = ALIGN (0x4)
                0x00000000200000e0                PROVIDE (_edata = .)

.bss            0x00000000200000e0      0x2f8 load address 0x000000000000ab78
                0x00000000200000e0                . = ALIGN (0x4)
                0x00000000200000e0                PROVIDE (_sbss = .)
 *(.sbss*)
 .sbss.extstrx  0x00000000200000e0        0x4 ./User/EC20.o
                0x00000000200000e0                extstrx
 .sbss.strx     0x00000000200000e4        0x4 ./User/EC20.o
                0x00000000200000e4                strx
 .sbss.CT       0x00000000200000e8        0x2 ./User/RC522.o
                0x00000000200000e8                CT
 *fill*         0x00000000200000ea        0x2 
 .sbss.SN       0x00000000200000ec        0x4 ./User/RC522.o
                0x00000000200000ec                SN
 .sbss.card0_bit
                0x00000000200000f0        0x1 ./User/RC522.o
                0x00000000200000f0                card0_bit
 .sbss.card1_bit
                0x00000000200000f1        0x1 ./User/RC522.o
                0x00000000200000f1                card1_bit
 .sbss.card2_bit
                0x00000000200000f2        0x1 ./User/RC522.o
                0x00000000200000f2                card2_bit
 .sbss.card3_bit
                0x00000000200000f3        0x1 ./User/RC522.o
                0x00000000200000f3                card3_bit
 .sbss.card4_bit
                0x00000000200000f4        0x1 ./User/RC522.o
                0x00000000200000f4                card4_bit
 .sbss.status   0x00000000200000f5        0x1 ./User/RC522.o
                0x00000000200000f5                status
 *fill*         0x00000000200000f6        0x2 
 .sbss.LAT      0x00000000200000f8        0x4 ./User/main.o
                0x00000000200000f8                LAT
 .sbss.LATT     0x00000000200000fc        0x4 ./User/main.o
                0x00000000200000fc                LATT
 .sbss.LON      0x0000000020000100        0x4 ./User/main.o
                0x0000000020000100                LON
 .sbss.LONN     0x0000000020000104        0x4 ./User/main.o
                0x0000000020000104                LONN
 .sbss.Lux      0x0000000020000108        0x4 ./User/main.o
                0x0000000020000108                Lux
 .sbss.UV       0x000000002000010c        0x4 ./User/main.o
                0x000000002000010c                UV
 .sbss.WaterLevel
                0x0000000020000110        0x4 ./User/main.o
                0x0000000020000110                WaterLevel
 .sbss.card     0x0000000020000114        0x4 ./User/main.o
                0x0000000020000114                card
 .sbss.ci       0x0000000020000118        0x4 ./User/main.o
                0x0000000020000118                ci
 .sbss.data_len
                0x000000002000011c        0x1 ./User/main.o
                0x000000002000011c                data_len
 *fill*         0x000000002000011d        0x3 
 .sbss.db_temp  0x0000000020000120        0x4 ./User/main.o
                0x0000000020000120                db_temp
 .sbss.humidity
                0x0000000020000124        0x1 ./User/main.o
                0x0000000020000124                humidity
 *fill*         0x0000000020000125        0x3 
 .sbss.i        0x0000000020000128        0x4 ./User/main.o
                0x0000000020000128                i
 .sbss.ka       0x000000002000012c        0x4 ./User/main.o
                0x000000002000012c                ka
 .sbss.pm       0x0000000020000130        0x4 ./User/main.o
                0x0000000020000130                pm
 .sbss.stry     0x0000000020000134        0x4 ./User/main.o
                0x0000000020000134                stry
 .sbss.t        0x0000000020000138        0x4 ./User/main.o
                0x0000000020000138                t
 .sbss.temperature
                0x000000002000013c        0x1 ./User/main.o
                0x000000002000013c                temperature
 *fill*         0x000000002000013d        0x3 
 .sbss.uvconcentration
                0x0000000020000140        0x4 ./User/main.o
                0x0000000020000140                uvconcentration
 .sbss.water    0x0000000020000144        0x4 ./User/main.o
                0x0000000020000144                water
 .sbss.count    0x0000000020000148        0x2 ./User/timer.o
                0x0000000020000148                count
 .sbss.Rxcouter2
                0x000000002000014a        0x1 ./User/usart.o
                0x000000002000014a                Rxcouter2
 .sbss.Rxcouter3
                0x000000002000014b        0x1 ./User/usart.o
                0x000000002000014b                Rxcouter3
 .sbss.ucCnt    0x000000002000014c        0x1 ./User/usart.o
 .sbss.ucRxFinish
                0x000000002000014d        0x1 ./User/usart.o
                0x000000002000014d                ucRxFinish
 *fill*         0x000000002000014e        0x2 
 .sbss.NVIC_Priority_Group
                0x0000000020000150        0x4 ./Peripheral/src/ch32v30x_misc.o
                0x0000000020000150                NVIC_Priority_Group
 .sbss.p_ms     0x0000000020000154        0x2 ./Debug/debug.o
 .sbss.p_us     0x0000000020000156        0x1 ./Debug/debug.o
 *(.gnu.linkonce.sb.*)
 *(.bss*)
 *fill*         0x0000000020000157        0x1 
 .bss.Card_ID   0x0000000020000158        0x9 ./User/RC522.o
                0x0000000020000158                Card_ID
 *fill*         0x0000000020000161        0x3 
 .bss.DATA      0x0000000020000164       0x10 ./User/RC522.o
                0x0000000020000164                DATA
 .bss.datastr   0x0000000020000174        0xa ./User/main.o
                0x0000000020000174                datastr
 *fill*         0x000000002000017e        0x2 
 .bss.send_jason
                0x0000000020000180       0xc8 ./User/main.o
                0x0000000020000180                send_jason
 .bss.RxBuffer2
                0x0000000020000248       0xc8 ./User/usart.o
                0x0000000020000248                RxBuffer2
 .bss.RxBuffer3
                0x0000000020000310       0x64 ./User/usart.o
                0x0000000020000310                RxBuffer3
 .bss.ucRxData  0x0000000020000374       0x64 ./User/usart.o
                0x0000000020000374                ucRxData
 *(.gnu.linkonce.b.*)
 *(COMMON*)
                0x00000000200003d8                . = ALIGN (0x4)
                0x00000000200003d8                PROVIDE (_ebss = .)
                0x00000000200003d8                PROVIDE (_end = _ebss)
                [!provide]                        PROVIDE (end = .)

.stack          0x0000000020007800      0x800
                0x0000000020007800                PROVIDE (_heap_end = .)
                0x0000000020007800                . = ALIGN (0x4)
                [!provide]                        PROVIDE (_susrstack = .)
                0x0000000020008000                . = (. + __stack_size)
 *fill*         0x0000000020007800      0x800 
                0x0000000020008000                PROVIDE (_eusrstack = .)
OUTPUT(light.elf elf32-littleriscv)

.debug_info     0x0000000000000000    0x1affd
 .debug_info    0x0000000000000000     0x16d8 ./User/EC20.o
 .debug_info    0x00000000000016d8     0x260d ./User/RC522.o
 .debug_info    0x0000000000003ce5      0xdc2 ./User/SPI.o
 .debug_info    0x0000000000004aa7     0x1584 ./User/adc.o
 .debug_info    0x000000000000602b      0xb3a ./User/beep.o
 .debug_info    0x0000000000006b65      0x962 ./User/ch32v30x_it.o
 .debug_info    0x00000000000074c7      0xee5 ./User/dht11.o
 .debug_info    0x00000000000083ac      0xbc7 ./User/gpio.o
 .debug_info    0x0000000000008f73     0x2aa4 ./User/lcd.o
 .debug_info    0x000000000000ba17     0x1783 ./User/main.o
 .debug_info    0x000000000000d19a      0xb89 ./User/system_ch32v30x.o
 .debug_info    0x000000000000dd23     0x138e ./User/timer.o
 .debug_info    0x000000000000f0b1     0x1721 ./User/usart.o
 .debug_info    0x00000000000107d2       0x22 ./Startup/startup_ch32v30x_D8C.o
 .debug_info    0x00000000000107f4     0x16e9 ./Peripheral/src/ch32v30x_adc.o
 .debug_info    0x0000000000011edd     0x1093 ./Peripheral/src/ch32v30x_gpio.o
 .debug_info    0x0000000000012f70      0xf72 ./Peripheral/src/ch32v30x_misc.o
 .debug_info    0x0000000000013ee2     0x156e ./Peripheral/src/ch32v30x_rcc.o
 .debug_info    0x0000000000015450     0x12cd ./Peripheral/src/ch32v30x_spi.o
 .debug_info    0x000000000001671d     0x2a16 ./Peripheral/src/ch32v30x_tim.o
 .debug_info    0x0000000000019133     0x1420 ./Peripheral/src/ch32v30x_usart.o
 .debug_info    0x000000000001a553      0xaaa ./Debug/debug.o

.debug_abbrev   0x0000000000000000     0x40a1
 .debug_abbrev  0x0000000000000000      0x321 ./User/EC20.o
 .debug_abbrev  0x0000000000000321      0x459 ./User/RC522.o
 .debug_abbrev  0x000000000000077a      0x260 ./User/SPI.o
 .debug_abbrev  0x00000000000009da      0x2e8 ./User/adc.o
 .debug_abbrev  0x0000000000000cc2      0x260 ./User/beep.o
 .debug_abbrev  0x0000000000000f22      0x1cf ./User/ch32v30x_it.o
 .debug_abbrev  0x00000000000010f1      0x328 ./User/dht11.o
 .debug_abbrev  0x0000000000001419      0x260 ./User/gpio.o
 .debug_abbrev  0x0000000000001679      0x41c ./User/lcd.o
 .debug_abbrev  0x0000000000001a95      0x379 ./User/main.o
 .debug_abbrev  0x0000000000001e0e      0x2c0 ./User/system_ch32v30x.o
 .debug_abbrev  0x00000000000020ce      0x31a ./User/timer.o
 .debug_abbrev  0x00000000000023e8      0x318 ./User/usart.o
 .debug_abbrev  0x0000000000002700       0x12 ./Startup/startup_ch32v30x_D8C.o
 .debug_abbrev  0x0000000000002712      0x3a9 ./Peripheral/src/ch32v30x_adc.o
 .debug_abbrev  0x0000000000002abb      0x309 ./Peripheral/src/ch32v30x_gpio.o
 .debug_abbrev  0x0000000000002dc4      0x2fb ./Peripheral/src/ch32v30x_misc.o
 .debug_abbrev  0x00000000000030bf      0x351 ./Peripheral/src/ch32v30x_rcc.o
 .debug_abbrev  0x0000000000003410      0x312 ./Peripheral/src/ch32v30x_spi.o
 .debug_abbrev  0x0000000000003722      0x408 ./Peripheral/src/ch32v30x_tim.o
 .debug_abbrev  0x0000000000003b2a      0x312 ./Peripheral/src/ch32v30x_usart.o
 .debug_abbrev  0x0000000000003e3c      0x265 ./Debug/debug.o

.debug_loc      0x0000000000000000     0x6f35
 .debug_loc     0x0000000000000000      0x49f ./User/EC20.o
 .debug_loc     0x000000000000049f      0xb58 ./User/RC522.o
 .debug_loc     0x0000000000000ff7       0xb6 ./User/adc.o
 .debug_loc     0x00000000000010ad      0x13b ./User/dht11.o
 .debug_loc     0x00000000000011e8     0x14bb ./User/lcd.o
 .debug_loc     0x00000000000026a3       0xda ./User/system_ch32v30x.o
 .debug_loc     0x000000000000277d      0x14b ./User/timer.o
 .debug_loc     0x00000000000028c8      0x2af ./User/usart.o
 .debug_loc     0x0000000000002b77      0xab6 ./Peripheral/src/ch32v30x_adc.o
 .debug_loc     0x000000000000362d      0x657 ./Peripheral/src/ch32v30x_gpio.o
 .debug_loc     0x0000000000003c84       0xce ./Peripheral/src/ch32v30x_misc.o
 .debug_loc     0x0000000000003d52      0xadb ./Peripheral/src/ch32v30x_rcc.o
 .debug_loc     0x000000000000482d      0x598 ./Peripheral/src/ch32v30x_spi.o
 .debug_loc     0x0000000000004dc5     0x195e ./Peripheral/src/ch32v30x_tim.o
 .debug_loc     0x0000000000006723      0x7bb ./Peripheral/src/ch32v30x_usart.o
 .debug_loc     0x0000000000006ede       0x57 ./Debug/debug.o

.debug_aranges  0x0000000000000000      0xd20
 .debug_aranges
                0x0000000000000000       0x48 ./User/EC20.o
 .debug_aranges
                0x0000000000000048       0xf0 ./User/RC522.o
 .debug_aranges
                0x0000000000000138       0x20 ./User/SPI.o
 .debug_aranges
                0x0000000000000158       0x40 ./User/adc.o
 .debug_aranges
                0x0000000000000198       0x20 ./User/beep.o
 .debug_aranges
                0x00000000000001b8       0x28 ./User/ch32v30x_it.o
 .debug_aranges
                0x00000000000001e0       0x58 ./User/dht11.o
 .debug_aranges
                0x0000000000000238       0x28 ./User/gpio.o
 .debug_aranges
                0x0000000000000260       0xc8 ./User/lcd.o
 .debug_aranges
                0x0000000000000328       0x40 ./User/main.o
 .debug_aranges
                0x0000000000000368       0x28 ./User/system_ch32v30x.o
 .debug_aranges
                0x0000000000000390       0x48 ./User/timer.o
 .debug_aranges
                0x00000000000003d8       0x80 ./User/usart.o
 .debug_aranges
                0x0000000000000458       0x30 ./Startup/startup_ch32v30x_D8C.o
 .debug_aranges
                0x0000000000000488      0x150 ./Peripheral/src/ch32v30x_adc.o
 .debug_aranges
                0x00000000000005d8       0xa8 ./Peripheral/src/ch32v30x_gpio.o
 .debug_aranges
                0x0000000000000680       0x28 ./Peripheral/src/ch32v30x_misc.o
 .debug_aranges
                0x00000000000006a8      0x1a8 ./Peripheral/src/ch32v30x_rcc.o
 .debug_aranges
                0x0000000000000850       0xd0 ./Peripheral/src/ch32v30x_spi.o
 .debug_aranges
                0x0000000000000920      0x2d0 ./Peripheral/src/ch32v30x_tim.o
 .debug_aranges
                0x0000000000000bf0      0x100 ./Peripheral/src/ch32v30x_usart.o
 .debug_aranges
                0x0000000000000cf0       0x30 ./Debug/debug.o

.debug_ranges   0x0000000000000000      0xcc8
 .debug_ranges  0x0000000000000000       0x38 ./User/EC20.o
 .debug_ranges  0x0000000000000038       0xe0 ./User/RC522.o
 .debug_ranges  0x0000000000000118       0x10 ./User/SPI.o
 .debug_ranges  0x0000000000000128       0x30 ./User/adc.o
 .debug_ranges  0x0000000000000158       0x10 ./User/beep.o
 .debug_ranges  0x0000000000000168       0x18 ./User/ch32v30x_it.o
 .debug_ranges  0x0000000000000180       0x48 ./User/dht11.o
 .debug_ranges  0x00000000000001c8       0x18 ./User/gpio.o
 .debug_ranges  0x00000000000001e0      0x120 ./User/lcd.o
 .debug_ranges  0x0000000000000300       0x48 ./User/main.o
 .debug_ranges  0x0000000000000348       0x38 ./User/system_ch32v30x.o
 .debug_ranges  0x0000000000000380       0x38 ./User/timer.o
 .debug_ranges  0x00000000000003b8       0x70 ./User/usart.o
 .debug_ranges  0x0000000000000428       0x28 ./Startup/startup_ch32v30x_D8C.o
 .debug_ranges  0x0000000000000450      0x140 ./Peripheral/src/ch32v30x_adc.o
 .debug_ranges  0x0000000000000590       0x98 ./Peripheral/src/ch32v30x_gpio.o
 .debug_ranges  0x0000000000000628       0x48 ./Peripheral/src/ch32v30x_misc.o
 .debug_ranges  0x0000000000000670      0x198 ./Peripheral/src/ch32v30x_rcc.o
 .debug_ranges  0x0000000000000808       0xc0 ./Peripheral/src/ch32v30x_spi.o
 .debug_ranges  0x00000000000008c8      0x2f0 ./Peripheral/src/ch32v30x_tim.o
 .debug_ranges  0x0000000000000bb8       0xf0 ./Peripheral/src/ch32v30x_usart.o
 .debug_ranges  0x0000000000000ca8       0x20 ./Debug/debug.o

.debug_line     0x0000000000000000    0x14568
 .debug_line    0x0000000000000000     0x12c0 ./User/EC20.o
 .debug_line    0x00000000000012c0     0x2447 ./User/RC522.o
 .debug_line    0x0000000000003707      0x5c2 ./User/SPI.o
 .debug_line    0x0000000000003cc9      0x8cb ./User/adc.o
 .debug_line    0x0000000000004594      0x3dd ./User/beep.o
 .debug_line    0x0000000000004971      0x27a ./User/ch32v30x_it.o
 .debug_line    0x0000000000004beb      0x93f ./User/dht11.o
 .debug_line    0x000000000000552a      0x4b8 ./User/gpio.o
 .debug_line    0x00000000000059e2     0x1c31 ./User/lcd.o
 .debug_line    0x0000000000007613     0x10bd ./User/main.o
 .debug_line    0x00000000000086d0      0x7ea ./User/system_ch32v30x.o
 .debug_line    0x0000000000008eba      0x788 ./User/timer.o
 .debug_line    0x0000000000009642      0xec6 ./User/usart.o
 .debug_line    0x000000000000a508      0x356 ./Startup/startup_ch32v30x_D8C.o
 .debug_line    0x000000000000a85e     0x1904 ./Peripheral/src/ch32v30x_adc.o
 .debug_line    0x000000000000c162      0xe05 ./Peripheral/src/ch32v30x_gpio.o
 .debug_line    0x000000000000cf67      0x568 ./Peripheral/src/ch32v30x_misc.o
 .debug_line    0x000000000000d4cf     0x1a20 ./Peripheral/src/ch32v30x_rcc.o
 .debug_line    0x000000000000eeef      0xdc7 ./Peripheral/src/ch32v30x_spi.o
 .debug_line    0x000000000000fcb6     0x338d ./Peripheral/src/ch32v30x_tim.o
 .debug_line    0x0000000000013043     0x10be ./Peripheral/src/ch32v30x_usart.o
 .debug_line    0x0000000000014101      0x467 ./Debug/debug.o

.debug_str      0x0000000000000000     0x3c12
 .debug_str     0x0000000000000000      0x760 ./User/EC20.o
                                        0x80e (size before relaxing)
 .debug_str     0x0000000000000760      0x433 ./User/RC522.o
                                        0xa65 (size before relaxing)
 .debug_str     0x0000000000000b93      0x253 ./User/SPI.o
                                        0x8af (size before relaxing)
 .debug_str     0x0000000000000de6      0x8c1 ./User/adc.o
                                       0x1038 (size before relaxing)
 .debug_str     0x00000000000016a7       0x19 ./User/beep.o
                                        0x756 (size before relaxing)
 .debug_str     0x00000000000016c0       0x34 ./User/ch32v30x_it.o
                                        0x5d7 (size before relaxing)
 .debug_str     0x00000000000016f4       0x8d ./User/dht11.o
                                        0x80d (size before relaxing)
 .debug_str     0x0000000000001781       0x2f ./User/gpio.o
                                        0x782 (size before relaxing)
 .debug_str     0x00000000000017b0      0x25c ./User/lcd.o
                                        0xb57 (size before relaxing)
 .debug_str     0x0000000000001a0c      0x172 ./User/main.o
                                        0xa4e (size before relaxing)
 .debug_str     0x0000000000001b7e      0x10b ./User/system_ch32v30x.o
                                        0x6ed (size before relaxing)
 .debug_str     0x0000000000001c89      0x22f ./User/timer.o
                                        0xf2b (size before relaxing)
 .debug_str     0x0000000000001eb8      0x1bd ./User/usart.o
                                        0xff8 (size before relaxing)
 .debug_str     0x0000000000002075       0x2e ./Startup/startup_ch32v30x_D8C.o
                                         0x8b (size before relaxing)
 .debug_str     0x00000000000020a3      0x3ad ./Peripheral/src/ch32v30x_adc.o
                                        0xc38 (size before relaxing)
 .debug_str     0x0000000000002450      0x1eb ./Peripheral/src/ch32v30x_gpio.o
                                        0x992 (size before relaxing)
 .debug_str     0x000000000000263b       0xfa ./Peripheral/src/ch32v30x_misc.o
                                        0xcec (size before relaxing)
 .debug_str     0x0000000000002735      0x5a3 ./Peripheral/src/ch32v30x_rcc.o
                                        0xceb (size before relaxing)
 .debug_str     0x0000000000002cd8      0x24c ./Peripheral/src/ch32v30x_spi.o
                                        0xab0 (size before relaxing)
 .debug_str     0x0000000000002f24      0x9bc ./Peripheral/src/ch32v30x_tim.o
                                       0x129c (size before relaxing)
 .debug_str     0x00000000000038e0      0x2ff ./Peripheral/src/ch32v30x_usart.o
                                        0xb38 (size before relaxing)
 .debug_str     0x0000000000003bdf       0x33 ./Debug/debug.o
                                        0x630 (size before relaxing)

.comment        0x0000000000000000       0x33
 .comment       0x0000000000000000       0x33 ./User/EC20.o
                                         0x34 (size before relaxing)
 .comment       0x0000000000000033       0x34 ./User/RC522.o
 .comment       0x0000000000000033       0x34 ./User/SPI.o
 .comment       0x0000000000000033       0x34 ./User/adc.o
 .comment       0x0000000000000033       0x34 ./User/beep.o
 .comment       0x0000000000000033       0x34 ./User/ch32v30x_it.o
 .comment       0x0000000000000033       0x34 ./User/dht11.o
 .comment       0x0000000000000033       0x34 ./User/gpio.o
 .comment       0x0000000000000033       0x34 ./User/lcd.o
 .comment       0x0000000000000033       0x34 ./User/main.o
 .comment       0x0000000000000033       0x34 ./User/system_ch32v30x.o
 .comment       0x0000000000000033       0x34 ./User/timer.o
 .comment       0x0000000000000033       0x34 ./User/usart.o
 .comment       0x0000000000000033       0x34 ./Peripheral/src/ch32v30x_adc.o
 .comment       0x0000000000000033       0x34 ./Peripheral/src/ch32v30x_gpio.o
 .comment       0x0000000000000033       0x34 ./Peripheral/src/ch32v30x_misc.o
 .comment       0x0000000000000033       0x34 ./Peripheral/src/ch32v30x_rcc.o
 .comment       0x0000000000000033       0x34 ./Peripheral/src/ch32v30x_spi.o
 .comment       0x0000000000000033       0x34 ./Peripheral/src/ch32v30x_tim.o
 .comment       0x0000000000000033       0x34 ./Peripheral/src/ch32v30x_usart.o
 .comment       0x0000000000000033       0x34 ./Debug/debug.o
 .comment       0x0000000000000033       0x34 d:/mounriver/mrs/mounriver/mounriver_studio/toolchain/risc-v embedded gcc/bin/../lib/gcc/riscv-none-embed/8.2.0/../../../../riscv-none-embed/lib/rv32imacxw/ilp32\libprintfloat.a(printfloat.o)

.debug_frame    0x0000000000000000     0x2964
 .debug_frame   0x0000000000000000      0x134 ./User/EC20.o
 .debug_frame   0x0000000000000134      0x3f0 ./User/RC522.o
 .debug_frame   0x0000000000000524       0x3c ./User/SPI.o
 .debug_frame   0x0000000000000560       0x98 ./User/adc.o
 .debug_frame   0x00000000000005f8       0x34 ./User/beep.o
 .debug_frame   0x000000000000062c       0x30 ./User/ch32v30x_it.o
 .debug_frame   0x000000000000065c      0x124 ./User/dht11.o
 .debug_frame   0x0000000000000780       0x50 ./User/gpio.o
 .debug_frame   0x00000000000007d0      0x45c ./User/lcd.o
 .debug_frame   0x0000000000000c2c       0xec ./User/main.o
 .debug_frame   0x0000000000000d18       0x3c ./User/system_ch32v30x.o
 .debug_frame   0x0000000000000d54       0xd8 ./User/timer.o
 .debug_frame   0x0000000000000e2c      0x1a0 ./User/usart.o
 .debug_frame   0x0000000000000fcc      0x2b4 ./Peripheral/src/ch32v30x_adc.o
 .debug_frame   0x0000000000001280      0x148 ./Peripheral/src/ch32v30x_gpio.o
 .debug_frame   0x00000000000013c8       0x30 ./Peripheral/src/ch32v30x_misc.o
 .debug_frame   0x00000000000013f8      0x344 ./Peripheral/src/ch32v30x_rcc.o
 .debug_frame   0x000000000000173c      0x1a8 ./Peripheral/src/ch32v30x_spi.o
 .debug_frame   0x00000000000018e4      0x614 ./Peripheral/src/ch32v30x_tim.o
 .debug_frame   0x0000000000001ef8      0x204 ./Peripheral/src/ch32v30x_usart.o
 .debug_frame   0x00000000000020fc       0x5c ./Debug/debug.o
 .debug_frame   0x0000000000002158       0x50 d:/mounriver/mrs/mounriver/mounriver_studio/toolchain/risc-v embedded gcc/bin/../lib/gcc/riscv-none-embed/8.2.0/../../../../riscv-none-embed/lib/rv32imacxw/ilp32\libm.a(lib_a-w_pow.o)
 .debug_frame   0x00000000000021a8       0xa4 d:/mounriver/mrs/mounriver/mounriver_studio/toolchain/risc-v embedded gcc/bin/../lib/gcc/riscv-none-embed/8.2.0/../../../../riscv-none-embed/lib/rv32imacxw/ilp32\libm.a(lib_a-e_pow.o)
 .debug_frame   0x000000000000224c       0x48 d:/mounriver/mrs/mounriver/mounriver_studio/toolchain/risc-v embedded gcc/bin/../lib/gcc/riscv-none-embed/8.2.0/../../../../riscv-none-embed/lib/rv32imacxw/ilp32\libm.a(lib_a-e_sqrt.o)
 .debug_frame   0x0000000000002294       0x20 d:/mounriver/mrs/mounriver/mounriver_studio/toolchain/risc-v embedded gcc/bin/../lib/gcc/riscv-none-embed/8.2.0/../../../../riscv-none-embed/lib/rv32imacxw/ilp32\libm.a(lib_a-s_fabs.o)
 .debug_frame   0x00000000000022b4       0x20 d:/mounriver/mrs/mounriver/mounriver_studio/toolchain/risc-v embedded gcc/bin/../lib/gcc/riscv-none-embed/8.2.0/../../../../riscv-none-embed/lib/rv32imacxw/ilp32\libm.a(lib_a-s_finite.o)
 .debug_frame   0x00000000000022d4       0x20 d:/mounriver/mrs/mounriver/mounriver_studio/toolchain/risc-v embedded gcc/bin/../lib/gcc/riscv-none-embed/8.2.0/../../../../riscv-none-embed/lib/rv32imacxw/ilp32\libm.a(lib_a-s_matherr.o)
 .debug_frame   0x00000000000022f4       0x20 d:/mounriver/mrs/mounriver/mounriver_studio/toolchain/risc-v embedded gcc/bin/../lib/gcc/riscv-none-embed/8.2.0/../../../../riscv-none-embed/lib/rv32imacxw/ilp32\libm.a(lib_a-s_nan.o)
 .debug_frame   0x0000000000002314       0x40 d:/mounriver/mrs/mounriver/mounriver_studio/toolchain/risc-v embedded gcc/bin/../lib/gcc/riscv-none-embed/8.2.0/../../../../riscv-none-embed/lib/rv32imacxw/ilp32\libm.a(lib_a-s_rint.o)
 .debug_frame   0x0000000000002354       0x64 d:/mounriver/mrs/mounriver/mounriver_studio/toolchain/risc-v embedded gcc/bin/../lib/gcc/riscv-none-embed/8.2.0/../../../../riscv-none-embed/lib/rv32imacxw/ilp32\libm.a(lib_a-s_scalbn.o)
 .debug_frame   0x00000000000023b8       0x20 d:/mounriver/mrs/mounriver/mounriver_studio/toolchain/risc-v embedded gcc/bin/../lib/gcc/riscv-none-embed/8.2.0/../../../../riscv-none-embed/lib/rv32imacxw/ilp32\libm.a(lib_a-s_copysign.o)
 .debug_frame   0x00000000000023d8       0x44 d:/mounriver/mrs/mounriver/mounriver_studio/toolchain/risc-v embedded gcc/bin/../lib/gcc/riscv-none-embed/8.2.0/rv32imacxw/ilp32\libgcc.a(adddf3.o)
 .debug_frame   0x000000000000241c       0x50 d:/mounriver/mrs/mounriver/mounriver_studio/toolchain/risc-v embedded gcc/bin/../lib/gcc/riscv-none-embed/8.2.0/rv32imacxw/ilp32\libgcc.a(divdf3.o)
 .debug_frame   0x000000000000246c       0x20 d:/mounriver/mrs/mounriver/mounriver_studio/toolchain/risc-v embedded gcc/bin/../lib/gcc/riscv-none-embed/8.2.0/rv32imacxw/ilp32\libgcc.a(eqdf2.o)
 .debug_frame   0x000000000000248c       0x20 d:/mounriver/mrs/mounriver/mounriver_studio/toolchain/risc-v embedded gcc/bin/../lib/gcc/riscv-none-embed/8.2.0/rv32imacxw/ilp32\libgcc.a(gedf2.o)
 .debug_frame   0x00000000000024ac       0x20 d:/mounriver/mrs/mounriver/mounriver_studio/toolchain/risc-v embedded gcc/bin/../lib/gcc/riscv-none-embed/8.2.0/rv32imacxw/ilp32\libgcc.a(ledf2.o)
 .debug_frame   0x00000000000024cc       0x54 d:/mounriver/mrs/mounriver/mounriver_studio/toolchain/risc-v embedded gcc/bin/../lib/gcc/riscv-none-embed/8.2.0/rv32imacxw/ilp32\libgcc.a(muldf3.o)
 .debug_frame   0x0000000000002520       0x44 d:/mounriver/mrs/mounriver/mounriver_studio/toolchain/risc-v embedded gcc/bin/../lib/gcc/riscv-none-embed/8.2.0/rv32imacxw/ilp32\libgcc.a(subdf3.o)
 .debug_frame   0x0000000000002564       0x20 d:/mounriver/mrs/mounriver/mounriver_studio/toolchain/risc-v embedded gcc/bin/../lib/gcc/riscv-none-embed/8.2.0/rv32imacxw/ilp32\libgcc.a(unorddf2.o)
 .debug_frame   0x0000000000002584       0x38 d:/mounriver/mrs/mounriver/mounriver_studio/toolchain/risc-v embedded gcc/bin/../lib/gcc/riscv-none-embed/8.2.0/rv32imacxw/ilp32\libgcc.a(floatsidf.o)
 .debug_frame   0x00000000000025bc       0x38 d:/mounriver/mrs/mounriver/mounriver_studio/toolchain/risc-v embedded gcc/bin/../lib/gcc/riscv-none-embed/8.2.0/rv32imacxw/ilp32\libgcc.a(floatunsidf.o)
 .debug_frame   0x00000000000025f4       0x20 d:/mounriver/mrs/mounriver/mounriver_studio/toolchain/risc-v embedded gcc/bin/../lib/gcc/riscv-none-embed/8.2.0/rv32imacxw/ilp32\libgcc.a(fixdfdi.o)
 .debug_frame   0x0000000000002614       0x40 d:/mounriver/mrs/mounriver/mounriver_studio/toolchain/risc-v embedded gcc/bin/../lib/gcc/riscv-none-embed/8.2.0/rv32imacxw/ilp32\libgcc.a(floatdidf.o)
 .debug_frame   0x0000000000002654       0x40 d:/mounriver/mrs/mounriver/mounriver_studio/toolchain/risc-v embedded gcc/bin/../lib/gcc/riscv-none-embed/8.2.0/rv32imacxw/ilp32\libgcc.a(addsf3.o)
 .debug_frame   0x0000000000002694       0x50 d:/mounriver/mrs/mounriver/mounriver_studio/toolchain/risc-v embedded gcc/bin/../lib/gcc/riscv-none-embed/8.2.0/rv32imacxw/ilp32\libgcc.a(divsf3.o)
 .debug_frame   0x00000000000026e4       0x20 d:/mounriver/mrs/mounriver/mounriver_studio/toolchain/risc-v embedded gcc/bin/../lib/gcc/riscv-none-embed/8.2.0/rv32imacxw/ilp32\libgcc.a(gesf2.o)
 .debug_frame   0x0000000000002704       0x20 d:/mounriver/mrs/mounriver/mounriver_studio/toolchain/risc-v embedded gcc/bin/../lib/gcc/riscv-none-embed/8.2.0/rv32imacxw/ilp32\libgcc.a(lesf2.o)
 .debug_frame   0x0000000000002724       0x50 d:/mounriver/mrs/mounriver/mounriver_studio/toolchain/risc-v embedded gcc/bin/../lib/gcc/riscv-none-embed/8.2.0/rv32imacxw/ilp32\libgcc.a(mulsf3.o)
 .debug_frame   0x0000000000002774       0x3c d:/mounriver/mrs/mounriver/mounriver_studio/toolchain/risc-v embedded gcc/bin/../lib/gcc/riscv-none-embed/8.2.0/rv32imacxw/ilp32\libgcc.a(subsf3.o)
 .debug_frame   0x00000000000027b0       0x20 d:/mounriver/mrs/mounriver/mounriver_studio/toolchain/risc-v embedded gcc/bin/../lib/gcc/riscv-none-embed/8.2.0/rv32imacxw/ilp32\libgcc.a(fixsfsi.o)
 .debug_frame   0x00000000000027d0       0x20 d:/mounriver/mrs/mounriver/mounriver_studio/toolchain/risc-v embedded gcc/bin/../lib/gcc/riscv-none-embed/8.2.0/rv32imacxw/ilp32\libgcc.a(fixunssfsi.o)
 .debug_frame   0x00000000000027f0       0x38 d:/mounriver/mrs/mounriver/mounriver_studio/toolchain/risc-v embedded gcc/bin/../lib/gcc/riscv-none-embed/8.2.0/rv32imacxw/ilp32\libgcc.a(floatsisf.o)
 .debug_frame   0x0000000000002828       0x44 d:/mounriver/mrs/mounriver/mounriver_studio/toolchain/risc-v embedded gcc/bin/../lib/gcc/riscv-none-embed/8.2.0/rv32imacxw/ilp32\libgcc.a(floatunsisf.o)
 .debug_frame   0x000000000000286c       0x38 d:/mounriver/mrs/mounriver/mounriver_studio/toolchain/risc-v embedded gcc/bin/../lib/gcc/riscv-none-embed/8.2.0/rv32imacxw/ilp32\libgcc.a(extendsfdf2.o)
 .debug_frame   0x00000000000028a4       0x20 d:/mounriver/mrs/mounriver/mounriver_studio/toolchain/risc-v embedded gcc/bin/../lib/gcc/riscv-none-embed/8.2.0/rv32imacxw/ilp32\libgcc.a(truncdfsf2.o)
 .debug_frame   0x00000000000028c4       0x20 d:/mounriver/mrs/mounriver/mounriver_studio/toolchain/risc-v embedded gcc/bin/../lib/gcc/riscv-none-embed/8.2.0/rv32imacxw/ilp32\libgcc.a(_clzsi2.o)
 .debug_frame   0x00000000000028e4       0x20 d:/mounriver/mrs/mounriver/mounriver_studio/toolchain/risc-v embedded gcc/bin/../lib/gcc/riscv-none-embed/8.2.0/../../../../riscv-none-embed/lib/rv32imacxw/ilp32\libg_nano.a(lib_a-errno.o)
 .debug_frame   0x0000000000002904       0x20 d:/mounriver/mrs/mounriver/mounriver_studio/toolchain/risc-v embedded gcc/bin/../lib/gcc/riscv-none-embed/8.2.0/../../../../riscv-none-embed/lib/rv32imacxw/ilp32\libg_nano.a(lib_a-memcpy.o)
 .debug_frame   0x0000000000002924       0x20 d:/mounriver/mrs/mounriver/mounriver_studio/toolchain/risc-v embedded gcc/bin/../lib/gcc/riscv-none-embed/8.2.0/../../../../riscv-none-embed/lib/rv32imacxw/ilp32\libg_nano.a(lib_a-strlen.o)
 .debug_frame   0x0000000000002944       0x20 d:/mounriver/mrs/mounriver/mounriver_studio/toolchain/risc-v embedded gcc/bin/../lib/gcc/riscv-none-embed/8.2.0/../../../../riscv-none-embed/lib/rv32imacxw/ilp32\libg_nano.a(lib_a-strstr.o)
