../Core/M4lib/include/statistics_msgs/msg/detail/metrics_message__type_support.c:36:6:statistics_msgs__msg__MetricsMessage__rosidl_typesupport_introspection_c__MetricsMessage_init_function	16	static
../Core/M4lib/include/statistics_msgs/msg/detail/metrics_message__type_support.c:45:6:statistics_msgs__msg__MetricsMessage__rosidl_typesupport_introspection_c__MetricsMessage_fini_function	16	static
../Core/M4lib/include/statistics_msgs/msg/detail/metrics_message__type_support.c:50:8:statistics_msgs__msg__MetricsMessage__rosidl_typesupport_introspection_c__size_function__MetricsMessage__statistics	24	static
../Core/M4lib/include/statistics_msgs/msg/detail/metrics_message__type_support.c:58:14:statistics_msgs__msg__MetricsMessage__rosidl_typesupport_introspection_c__get_const_function__MetricsMessage__statistics	24	static
../Core/M4lib/include/statistics_msgs/msg/detail/metrics_message__type_support.c:66:8:statistics_msgs__msg__MetricsMessage__rosidl_typesupport_introspection_c__get_function__MetricsMessage__statistics	24	static
../Core/M4lib/include/statistics_msgs/msg/detail/metrics_message__type_support.c:74:6:statistics_msgs__msg__MetricsMessage__rosidl_typesupport_introspection_c__fetch_function__MetricsMessage__statistics	40	static
../Core/M4lib/include/statistics_msgs/msg/detail/metrics_message__type_support.c:85:6:statistics_msgs__msg__MetricsMessage__rosidl_typesupport_introspection_c__assign_function__MetricsMessage__statistics	40	static
../Core/M4lib/include/statistics_msgs/msg/detail/metrics_message__type_support.c:96:6:statistics_msgs__msg__MetricsMessage__rosidl_typesupport_introspection_c__resize_function__MetricsMessage__statistics	24	static
../Core/M4lib/include/statistics_msgs/msg/detail/metrics_message__type_support.c:233:1:rosidl_typesupport_introspection_c__get_message_type_support_handle__statistics_msgs__msg__MetricsMessage	8	static
