../Core/M4lib/include/statistics_msgs/msg/detail/statistic_data_type__functions.c:15:1:statistics_msgs__msg__StatisticDataType__init	16	static
../Core/M4lib/include/statistics_msgs/msg/detail/statistic_data_type__functions.c:25:1:statistics_msgs__msg__StatisticDataType__fini	16	static
../Core/M4lib/include/statistics_msgs/msg/detail/statistic_data_type__functions.c:34:1:statistics_msgs__msg__StatisticDataType__are_equal	16	static
../Core/M4lib/include/statistics_msgs/msg/detail/statistic_data_type__functions.c:47:1:statistics_msgs__msg__StatisticDataType__copy	16	static
../Core/M4lib/include/statistics_msgs/msg/detail/statistic_data_type__functions.c:60:1:statistics_msgs__msg__StatisticDataType__create	40	static
../Core/M4lib/include/statistics_msgs/msg/detail/statistic_data_type__functions.c:77:1:statistics_msgs__msg__StatisticDataType__destroy	40	static
../Core/M4lib/include/statistics_msgs/msg/detail/statistic_data_type__functions.c:88:1:statistics_msgs__msg__StatisticDataType__Sequence__init	48	static
../Core/M4lib/include/statistics_msgs/msg/detail/statistic_data_type__functions.c:125:1:statistics_msgs__msg__StatisticDataType__Sequence__fini	40	static
../Core/M4lib/include/statistics_msgs/msg/detail/statistic_data_type__functions.c:151:1:statistics_msgs__msg__StatisticDataType__Sequence__create	48	static
../Core/M4lib/include/statistics_msgs/msg/detail/statistic_data_type__functions.c:167:1:statistics_msgs__msg__StatisticDataType__Sequence__destroy	40	static
../Core/M4lib/include/statistics_msgs/msg/detail/statistic_data_type__functions.c:177:1:statistics_msgs__msg__StatisticDataType__Sequence__are_equal	24	static
../Core/M4lib/include/statistics_msgs/msg/detail/statistic_data_type__functions.c:194:1:statistics_msgs__msg__StatisticDataType__Sequence__copy	56	static
