../Core/M4lib/include/lifecycle_msgs/srv/detail/get_available_transitions__type_support.c:20:6:lifecycle_msgs__srv__GetAvailableTransitions_Request__rosidl_typesupport_introspection_c__GetAvailableTransitions_Request_init_function	16	static
../Core/M4lib/include/lifecycle_msgs/srv/detail/get_available_transitions__type_support.c:29:6:lifecycle_msgs__srv__GetAvailableTransitions_Request__rosidl_typesupport_introspection_c__GetAvailableTransitions_Request_fini_function	16	static
../Core/M4lib/include/lifecycle_msgs/srv/detail/get_available_transitions__type_support.c:77:1:rosidl_typesupport_introspection_c__get_message_type_support_handle__lifecycle_msgs__srv__GetAvailableTransitions_Request	4	static
../Core/M4lib/include/lifecycle_msgs/srv/detail/get_available_transitions__type_support.c:117:6:lifecycle_msgs__srv__GetAvailableTransitions_Response__rosidl_typesupport_introspection_c__GetAvailableTransitions_Response_init_function	16	static
../Core/M4lib/include/lifecycle_msgs/srv/detail/get_available_transitions__type_support.c:126:6:lifecycle_msgs__srv__GetAvailableTransitions_Response__rosidl_typesupport_introspection_c__GetAvailableTransitions_Response_fini_function	16	static
../Core/M4lib/include/lifecycle_msgs/srv/detail/get_available_transitions__type_support.c:131:8:lifecycle_msgs__srv__GetAvailableTransitions_Response__rosidl_typesupport_introspection_c__size_function__GetAvailableTransitions_Response__available_transitions	24	static
../Core/M4lib/include/lifecycle_msgs/srv/detail/get_available_transitions__type_support.c:139:14:lifecycle_msgs__srv__GetAvailableTransitions_Response__rosidl_typesupport_introspection_c__get_const_function__GetAvailableTransitions_Response__available_transitions	24	static
../Core/M4lib/include/lifecycle_msgs/srv/detail/get_available_transitions__type_support.c:147:8:lifecycle_msgs__srv__GetAvailableTransitions_Response__rosidl_typesupport_introspection_c__get_function__GetAvailableTransitions_Response__available_transitions	24	static
../Core/M4lib/include/lifecycle_msgs/srv/detail/get_available_transitions__type_support.c:155:6:lifecycle_msgs__srv__GetAvailableTransitions_Response__rosidl_typesupport_introspection_c__fetch_function__GetAvailableTransitions_Response__available_transitions	40	static
../Core/M4lib/include/lifecycle_msgs/srv/detail/get_available_transitions__type_support.c:166:6:lifecycle_msgs__srv__GetAvailableTransitions_Response__rosidl_typesupport_introspection_c__assign_function__GetAvailableTransitions_Response__available_transitions	40	static
../Core/M4lib/include/lifecycle_msgs/srv/detail/get_available_transitions__type_support.c:177:6:lifecycle_msgs__srv__GetAvailableTransitions_Response__rosidl_typesupport_introspection_c__resize_function__GetAvailableTransitions_Response__available_transitions	24	static
../Core/M4lib/include/lifecycle_msgs/srv/detail/get_available_transitions__type_support.c:229:1:rosidl_typesupport_introspection_c__get_message_type_support_handle__lifecycle_msgs__srv__GetAvailableTransitions_Response	8	static
../Core/M4lib/include/lifecycle_msgs/srv/detail/get_available_transitions__type_support.c:278:6:lifecycle_msgs__srv__GetAvailableTransitions_Event__rosidl_typesupport_introspection_c__GetAvailableTransitions_Event_init_function	16	static
../Core/M4lib/include/lifecycle_msgs/srv/detail/get_available_transitions__type_support.c:287:6:lifecycle_msgs__srv__GetAvailableTransitions_Event__rosidl_typesupport_introspection_c__GetAvailableTransitions_Event_fini_function	16	static
../Core/M4lib/include/lifecycle_msgs/srv/detail/get_available_transitions__type_support.c:292:8:lifecycle_msgs__srv__GetAvailableTransitions_Event__rosidl_typesupport_introspection_c__size_function__GetAvailableTransitions_Event__request	24	static
../Core/M4lib/include/lifecycle_msgs/srv/detail/get_available_transitions__type_support.c:300:14:lifecycle_msgs__srv__GetAvailableTransitions_Event__rosidl_typesupport_introspection_c__get_const_function__GetAvailableTransitions_Event__request	24	static
../Core/M4lib/include/lifecycle_msgs/srv/detail/get_available_transitions__type_support.c:308:8:lifecycle_msgs__srv__GetAvailableTransitions_Event__rosidl_typesupport_introspection_c__get_function__GetAvailableTransitions_Event__request	24	static
../Core/M4lib/include/lifecycle_msgs/srv/detail/get_available_transitions__type_support.c:316:6:lifecycle_msgs__srv__GetAvailableTransitions_Event__rosidl_typesupport_introspection_c__fetch_function__GetAvailableTransitions_Event__request	32	static
../Core/M4lib/include/lifecycle_msgs/srv/detail/get_available_transitions__type_support.c:327:6:lifecycle_msgs__srv__GetAvailableTransitions_Event__rosidl_typesupport_introspection_c__assign_function__GetAvailableTransitions_Event__request	32	static
../Core/M4lib/include/lifecycle_msgs/srv/detail/get_available_transitions__type_support.c:338:6:lifecycle_msgs__srv__GetAvailableTransitions_Event__rosidl_typesupport_introspection_c__resize_function__GetAvailableTransitions_Event__request	24	static
../Core/M4lib/include/lifecycle_msgs/srv/detail/get_available_transitions__type_support.c:347:8:lifecycle_msgs__srv__GetAvailableTransitions_Event__rosidl_typesupport_introspection_c__size_function__GetAvailableTransitions_Event__response	24	static
../Core/M4lib/include/lifecycle_msgs/srv/detail/get_available_transitions__type_support.c:355:14:lifecycle_msgs__srv__GetAvailableTransitions_Event__rosidl_typesupport_introspection_c__get_const_function__GetAvailableTransitions_Event__response	24	static
../Core/M4lib/include/lifecycle_msgs/srv/detail/get_available_transitions__type_support.c:363:8:lifecycle_msgs__srv__GetAvailableTransitions_Event__rosidl_typesupport_introspection_c__get_function__GetAvailableTransitions_Event__response	24	static
../Core/M4lib/include/lifecycle_msgs/srv/detail/get_available_transitions__type_support.c:371:6:lifecycle_msgs__srv__GetAvailableTransitions_Event__rosidl_typesupport_introspection_c__fetch_function__GetAvailableTransitions_Event__response	32	static
../Core/M4lib/include/lifecycle_msgs/srv/detail/get_available_transitions__type_support.c:382:6:lifecycle_msgs__srv__GetAvailableTransitions_Event__rosidl_typesupport_introspection_c__assign_function__GetAvailableTransitions_Event__response	32	static
../Core/M4lib/include/lifecycle_msgs/srv/detail/get_available_transitions__type_support.c:393:6:lifecycle_msgs__srv__GetAvailableTransitions_Event__rosidl_typesupport_introspection_c__resize_function__GetAvailableTransitions_Event__response	24	static
../Core/M4lib/include/lifecycle_msgs/srv/detail/get_available_transitions__type_support.c:479:1:rosidl_typesupport_introspection_c__get_message_type_support_handle__lifecycle_msgs__srv__GetAvailableTransitions_Event	8	static
../Core/M4lib/include/lifecycle_msgs/srv/detail/get_available_transitions__type_support.c:555:1:rosidl_typesupport_introspection_c__get_service_type_support_handle__lifecycle_msgs__srv__GetAvailableTransitions	16	static
