../Core/M4lib/include/test_msgs/action/detail/nested_message__description.c:9:1:test_msgs__action__NestedMessage__get_type_hash	16	static
../Core/M4lib/include/test_msgs/action/detail/nested_message__description.c:24:1:test_msgs__action__NestedMessage_Goal__get_type_hash	16	static
../Core/M4lib/include/test_msgs/action/detail/nested_message__description.c:39:1:test_msgs__action__NestedMessage_Result__get_type_hash	16	static
../Core/M4lib/include/test_msgs/action/detail/nested_message__description.c:54:1:test_msgs__action__NestedMessage_Feedback__get_type_hash	16	static
../Core/M4lib/include/test_msgs/action/detail/nested_message__description.c:69:1:test_msgs__action__NestedMessage_SendGoal__get_type_hash	16	static
../Core/M4lib/include/test_msgs/action/detail/nested_message__description.c:84:1:test_msgs__action__NestedMessage_SendGoal_Request__get_type_hash	16	static
../Core/M4lib/include/test_msgs/action/detail/nested_message__description.c:99:1:test_msgs__action__NestedMessage_SendGoal_Response__get_type_hash	16	static
../Core/M4lib/include/test_msgs/action/detail/nested_message__description.c:114:1:test_msgs__action__NestedMessage_SendGoal_Event__get_type_hash	16	static
../Core/M4lib/include/test_msgs/action/detail/nested_message__description.c:129:1:test_msgs__action__NestedMessage_GetResult__get_type_hash	16	static
../Core/M4lib/include/test_msgs/action/detail/nested_message__description.c:144:1:test_msgs__action__NestedMessage_GetResult_Request__get_type_hash	16	static
../Core/M4lib/include/test_msgs/action/detail/nested_message__description.c:159:1:test_msgs__action__NestedMessage_GetResult_Response__get_type_hash	16	static
../Core/M4lib/include/test_msgs/action/detail/nested_message__description.c:174:1:test_msgs__action__NestedMessage_GetResult_Event__get_type_hash	16	static
../Core/M4lib/include/test_msgs/action/detail/nested_message__description.c:189:1:test_msgs__action__NestedMessage_FeedbackMessage__get_type_hash	16	static
../Core/M4lib/include/test_msgs/action/detail/nested_message__description.c:420:1:test_msgs__action__NestedMessage__get_type_description	16	static
../Core/M4lib/include/test_msgs/action/detail/nested_message__description.c:519:1:test_msgs__action__NestedMessage_Goal__get_type_description	16	static
../Core/M4lib/include/test_msgs/action/detail/nested_message__description.c:602:1:test_msgs__action__NestedMessage_Result__get_type_description	16	static
../Core/M4lib/include/test_msgs/action/detail/nested_message__description.c:685:1:test_msgs__action__NestedMessage_Feedback__get_type_description	16	static
../Core/M4lib/include/test_msgs/action/detail/nested_message__description.c:792:1:test_msgs__action__NestedMessage_SendGoal__get_type_description	16	static
../Core/M4lib/include/test_msgs/action/detail/nested_message__description.c:880:1:test_msgs__action__NestedMessage_SendGoal_Request__get_type_description	16	static
../Core/M4lib/include/test_msgs/action/detail/nested_message__description.c:943:1:test_msgs__action__NestedMessage_SendGoal_Response__get_type_description	16	static
../Core/M4lib/include/test_msgs/action/detail/nested_message__description.c:1040:1:test_msgs__action__NestedMessage_SendGoal_Event__get_type_description	16	static
../Core/M4lib/include/test_msgs/action/detail/nested_message__description.c:1154:1:test_msgs__action__NestedMessage_GetResult__get_type_description	16	static
../Core/M4lib/include/test_msgs/action/detail/nested_message__description.c:1211:1:test_msgs__action__NestedMessage_GetResult_Request__get_type_description	16	static
../Core/M4lib/include/test_msgs/action/detail/nested_message__description.c:1281:1:test_msgs__action__NestedMessage_GetResult_Response__get_type_description	16	static
../Core/M4lib/include/test_msgs/action/detail/nested_message__description.c:1385:1:test_msgs__action__NestedMessage_GetResult_Event__get_type_description	16	static
../Core/M4lib/include/test_msgs/action/detail/nested_message__description.c:1472:1:test_msgs__action__NestedMessage_FeedbackMessage__get_type_description	16	static
../Core/M4lib/include/test_msgs/action/detail/nested_message__description.c:1523:1:test_msgs__action__NestedMessage__get_individual_type_description_source	16	static
../Core/M4lib/include/test_msgs/action/detail/nested_message__description.c:1536:1:test_msgs__action__NestedMessage_Goal__get_individual_type_description_source	16	static
../Core/M4lib/include/test_msgs/action/detail/nested_message__description.c:1549:1:test_msgs__action__NestedMessage_Result__get_individual_type_description_source	16	static
../Core/M4lib/include/test_msgs/action/detail/nested_message__description.c:1562:1:test_msgs__action__NestedMessage_Feedback__get_individual_type_description_source	16	static
../Core/M4lib/include/test_msgs/action/detail/nested_message__description.c:1575:1:test_msgs__action__NestedMessage_SendGoal__get_individual_type_description_source	16	static
../Core/M4lib/include/test_msgs/action/detail/nested_message__description.c:1588:1:test_msgs__action__NestedMessage_SendGoal_Request__get_individual_type_description_source	16	static
../Core/M4lib/include/test_msgs/action/detail/nested_message__description.c:1601:1:test_msgs__action__NestedMessage_SendGoal_Response__get_individual_type_description_source	16	static
../Core/M4lib/include/test_msgs/action/detail/nested_message__description.c:1614:1:test_msgs__action__NestedMessage_SendGoal_Event__get_individual_type_description_source	16	static
../Core/M4lib/include/test_msgs/action/detail/nested_message__description.c:1627:1:test_msgs__action__NestedMessage_GetResult__get_individual_type_description_source	16	static
../Core/M4lib/include/test_msgs/action/detail/nested_message__description.c:1640:1:test_msgs__action__NestedMessage_GetResult_Request__get_individual_type_description_source	16	static
../Core/M4lib/include/test_msgs/action/detail/nested_message__description.c:1653:1:test_msgs__action__NestedMessage_GetResult_Response__get_individual_type_description_source	16	static
../Core/M4lib/include/test_msgs/action/detail/nested_message__description.c:1666:1:test_msgs__action__NestedMessage_GetResult_Event__get_individual_type_description_source	16	static
../Core/M4lib/include/test_msgs/action/detail/nested_message__description.c:1679:1:test_msgs__action__NestedMessage_FeedbackMessage__get_individual_type_description_source	16	static
../Core/M4lib/include/test_msgs/action/detail/nested_message__description.c:1692:1:test_msgs__action__NestedMessage__get_type_description_sources	24	static
../Core/M4lib/include/test_msgs/action/detail/nested_message__description.c:1725:1:test_msgs__action__NestedMessage_Goal__get_type_description_sources	24	static
../Core/M4lib/include/test_msgs/action/detail/nested_message__description.c:1744:1:test_msgs__action__NestedMessage_Result__get_type_description_sources	24	static
../Core/M4lib/include/test_msgs/action/detail/nested_message__description.c:1763:1:test_msgs__action__NestedMessage_Feedback__get_type_description_sources	24	static
../Core/M4lib/include/test_msgs/action/detail/nested_message__description.c:1782:1:test_msgs__action__NestedMessage_SendGoal__get_type_description_sources	24	static
../Core/M4lib/include/test_msgs/action/detail/nested_message__description.c:1807:1:test_msgs__action__NestedMessage_SendGoal_Request__get_type_description_sources	24	static
../Core/M4lib/include/test_msgs/action/detail/nested_message__description.c:1828:1:test_msgs__action__NestedMessage_SendGoal_Response__get_type_description_sources	24	static
../Core/M4lib/include/test_msgs/action/detail/nested_message__description.c:1844:1:test_msgs__action__NestedMessage_SendGoal_Event__get_type_description_sources	24	static
../Core/M4lib/include/test_msgs/action/detail/nested_message__description.c:1868:1:test_msgs__action__NestedMessage_GetResult__get_type_description_sources	24	static
../Core/M4lib/include/test_msgs/action/detail/nested_message__description.c:1893:1:test_msgs__action__NestedMessage_GetResult_Request__get_type_description_sources	24	static
../Core/M4lib/include/test_msgs/action/detail/nested_message__description.c:1909:1:test_msgs__action__NestedMessage_GetResult_Response__get_type_description_sources	24	static
../Core/M4lib/include/test_msgs/action/detail/nested_message__description.c:1929:1:test_msgs__action__NestedMessage_GetResult_Event__get_type_description_sources	24	static
../Core/M4lib/include/test_msgs/action/detail/nested_message__description.c:1953:1:test_msgs__action__NestedMessage_FeedbackMessage__get_type_description_sources	24	static
