../Core/M4lib/include/diagnostic_msgs/msg/detail/diagnostic_status__functions.c:23:1:diagnostic_msgs__msg__DiagnosticStatus__init	16	static
../Core/M4lib/include/diagnostic_msgs/msg/detail/diagnostic_status__functions.c:53:1:diagnostic_msgs__msg__DiagnosticStatus__fini	16	static
../Core/M4lib/include/diagnostic_msgs/msg/detail/diagnostic_status__functions.c:70:1:diagnostic_msgs__msg__DiagnosticStatus__are_equal	16	static
../Core/M4lib/include/diagnostic_msgs/msg/detail/diagnostic_status__functions.c:107:1:diagnostic_msgs__msg__DiagnosticStatus__copy	16	static
../Core/M4lib/include/diagnostic_msgs/msg/detail/diagnostic_status__functions.c:144:1:diagnostic_msgs__msg__DiagnosticStatus__create	40	static
../Core/M4lib/include/diagnostic_msgs/msg/detail/diagnostic_status__functions.c:161:1:diagnostic_msgs__msg__DiagnosticStatus__destroy	40	static
../Core/M4lib/include/diagnostic_msgs/msg/detail/diagnostic_status__functions.c:172:1:diagnostic_msgs__msg__DiagnosticStatus__Sequence__init	48	static
../Core/M4lib/include/diagnostic_msgs/msg/detail/diagnostic_status__functions.c:209:1:diagnostic_msgs__msg__DiagnosticStatus__Sequence__fini	40	static
../Core/M4lib/include/diagnostic_msgs/msg/detail/diagnostic_status__functions.c:235:1:diagnostic_msgs__msg__DiagnosticStatus__Sequence__create	48	static
../Core/M4lib/include/diagnostic_msgs/msg/detail/diagnostic_status__functions.c:251:1:diagnostic_msgs__msg__DiagnosticStatus__Sequence__destroy	40	static
../Core/M4lib/include/diagnostic_msgs/msg/detail/diagnostic_status__functions.c:261:1:diagnostic_msgs__msg__DiagnosticStatus__Sequence__are_equal	24	static
../Core/M4lib/include/diagnostic_msgs/msg/detail/diagnostic_status__functions.c:278:1:diagnostic_msgs__msg__DiagnosticStatus__Sequence__copy	56	static
