../Core/M4lib/include/rcl_interfaces/msg/detail/floating_point_range__functions.c:15:1:rcl_interfaces__msg__FloatingPointRange__init	16	static
../Core/M4lib/include/rcl_interfaces/msg/detail/floating_point_range__functions.c:27:1:rcl_interfaces__msg__FloatingPointRange__fini	16	static
../Core/M4lib/include/rcl_interfaces/msg/detail/floating_point_range__functions.c:38:1:rcl_interfaces__msg__FloatingPointRange__are_equal	16	static
../Core/M4lib/include/rcl_interfaces/msg/detail/floating_point_range__functions.c:59:1:rcl_interfaces__msg__FloatingPointRange__copy	16	static
../Core/M4lib/include/rcl_interfaces/msg/detail/floating_point_range__functions.c:76:1:rcl_interfaces__msg__FloatingPointRange__create	40	static
../Core/M4lib/include/rcl_interfaces/msg/detail/floating_point_range__functions.c:93:1:rcl_interfaces__msg__FloatingPointRange__destroy	40	static
../Core/M4lib/include/rcl_interfaces/msg/detail/floating_point_range__functions.c:104:1:rcl_interfaces__msg__FloatingPointRange__Sequence__init	48	static
../Core/M4lib/include/rcl_interfaces/msg/detail/floating_point_range__functions.c:141:1:rcl_interfaces__msg__FloatingPointRange__Sequence__fini	40	static
../Core/M4lib/include/rcl_interfaces/msg/detail/floating_point_range__functions.c:167:1:rcl_interfaces__msg__FloatingPointRange__Sequence__create	48	static
../Core/M4lib/include/rcl_interfaces/msg/detail/floating_point_range__functions.c:183:1:rcl_interfaces__msg__FloatingPointRange__Sequence__destroy	40	static
../Core/M4lib/include/rcl_interfaces/msg/detail/floating_point_range__functions.c:193:1:rcl_interfaces__msg__FloatingPointRange__Sequence__are_equal	24	static
../Core/M4lib/include/rcl_interfaces/msg/detail/floating_point_range__functions.c:210:1:rcl_interfaces__msg__FloatingPointRange__Sequence__copy	56	static
