../Core/M4lib/include/rcl_interfaces/msg/detail/parameter_value__type_support.c:30:6:rcl_interfaces__msg__ParameterValue__rosidl_typesupport_introspection_c__ParameterValue_init_function	16	static
../Core/M4lib/include/rcl_interfaces/msg/detail/parameter_value__type_support.c:39:6:rcl_interfaces__msg__ParameterValue__rosidl_typesupport_introspection_c__ParameterValue_fini_function	16	static
../Core/M4lib/include/rcl_interfaces/msg/detail/parameter_value__type_support.c:44:8:rcl_interfaces__msg__ParameterValue__rosidl_typesupport_introspection_c__size_function__ParameterValue__byte_array_value	24	static
../Core/M4lib/include/rcl_interfaces/msg/detail/parameter_value__type_support.c:52:14:rcl_interfaces__msg__ParameterValue__rosidl_typesupport_introspection_c__get_const_function__ParameterValue__byte_array_value	24	static
../Core/M4lib/include/rcl_interfaces/msg/detail/parameter_value__type_support.c:60:8:rcl_interfaces__msg__ParameterValue__rosidl_typesupport_introspection_c__get_function__ParameterValue__byte_array_value	24	static
../Core/M4lib/include/rcl_interfaces/msg/detail/parameter_value__type_support.c:68:6:rcl_interfaces__msg__ParameterValue__rosidl_typesupport_introspection_c__fetch_function__ParameterValue__byte_array_value	32	static
../Core/M4lib/include/rcl_interfaces/msg/detail/parameter_value__type_support.c:79:6:rcl_interfaces__msg__ParameterValue__rosidl_typesupport_introspection_c__assign_function__ParameterValue__byte_array_value	32	static
../Core/M4lib/include/rcl_interfaces/msg/detail/parameter_value__type_support.c:90:6:rcl_interfaces__msg__ParameterValue__rosidl_typesupport_introspection_c__resize_function__ParameterValue__byte_array_value	24	static
../Core/M4lib/include/rcl_interfaces/msg/detail/parameter_value__type_support.c:99:8:rcl_interfaces__msg__ParameterValue__rosidl_typesupport_introspection_c__size_function__ParameterValue__bool_array_value	24	static
../Core/M4lib/include/rcl_interfaces/msg/detail/parameter_value__type_support.c:107:14:rcl_interfaces__msg__ParameterValue__rosidl_typesupport_introspection_c__get_const_function__ParameterValue__bool_array_value	24	static
../Core/M4lib/include/rcl_interfaces/msg/detail/parameter_value__type_support.c:115:8:rcl_interfaces__msg__ParameterValue__rosidl_typesupport_introspection_c__get_function__ParameterValue__bool_array_value	24	static
../Core/M4lib/include/rcl_interfaces/msg/detail/parameter_value__type_support.c:123:6:rcl_interfaces__msg__ParameterValue__rosidl_typesupport_introspection_c__fetch_function__ParameterValue__bool_array_value	32	static
../Core/M4lib/include/rcl_interfaces/msg/detail/parameter_value__type_support.c:134:6:rcl_interfaces__msg__ParameterValue__rosidl_typesupport_introspection_c__assign_function__ParameterValue__bool_array_value	32	static
../Core/M4lib/include/rcl_interfaces/msg/detail/parameter_value__type_support.c:145:6:rcl_interfaces__msg__ParameterValue__rosidl_typesupport_introspection_c__resize_function__ParameterValue__bool_array_value	24	static
../Core/M4lib/include/rcl_interfaces/msg/detail/parameter_value__type_support.c:154:8:rcl_interfaces__msg__ParameterValue__rosidl_typesupport_introspection_c__size_function__ParameterValue__integer_array_value	24	static
../Core/M4lib/include/rcl_interfaces/msg/detail/parameter_value__type_support.c:162:14:rcl_interfaces__msg__ParameterValue__rosidl_typesupport_introspection_c__get_const_function__ParameterValue__integer_array_value	24	static
../Core/M4lib/include/rcl_interfaces/msg/detail/parameter_value__type_support.c:170:8:rcl_interfaces__msg__ParameterValue__rosidl_typesupport_introspection_c__get_function__ParameterValue__integer_array_value	24	static
../Core/M4lib/include/rcl_interfaces/msg/detail/parameter_value__type_support.c:178:6:rcl_interfaces__msg__ParameterValue__rosidl_typesupport_introspection_c__fetch_function__ParameterValue__integer_array_value	32	static
../Core/M4lib/include/rcl_interfaces/msg/detail/parameter_value__type_support.c:189:6:rcl_interfaces__msg__ParameterValue__rosidl_typesupport_introspection_c__assign_function__ParameterValue__integer_array_value	32	static
../Core/M4lib/include/rcl_interfaces/msg/detail/parameter_value__type_support.c:200:6:rcl_interfaces__msg__ParameterValue__rosidl_typesupport_introspection_c__resize_function__ParameterValue__integer_array_value	24	static
../Core/M4lib/include/rcl_interfaces/msg/detail/parameter_value__type_support.c:209:8:rcl_interfaces__msg__ParameterValue__rosidl_typesupport_introspection_c__size_function__ParameterValue__double_array_value	24	static
../Core/M4lib/include/rcl_interfaces/msg/detail/parameter_value__type_support.c:217:14:rcl_interfaces__msg__ParameterValue__rosidl_typesupport_introspection_c__get_const_function__ParameterValue__double_array_value	24	static
../Core/M4lib/include/rcl_interfaces/msg/detail/parameter_value__type_support.c:225:8:rcl_interfaces__msg__ParameterValue__rosidl_typesupport_introspection_c__get_function__ParameterValue__double_array_value	24	static
../Core/M4lib/include/rcl_interfaces/msg/detail/parameter_value__type_support.c:233:6:rcl_interfaces__msg__ParameterValue__rosidl_typesupport_introspection_c__fetch_function__ParameterValue__double_array_value	32	static
../Core/M4lib/include/rcl_interfaces/msg/detail/parameter_value__type_support.c:244:6:rcl_interfaces__msg__ParameterValue__rosidl_typesupport_introspection_c__assign_function__ParameterValue__double_array_value	32	static
../Core/M4lib/include/rcl_interfaces/msg/detail/parameter_value__type_support.c:255:6:rcl_interfaces__msg__ParameterValue__rosidl_typesupport_introspection_c__resize_function__ParameterValue__double_array_value	24	static
../Core/M4lib/include/rcl_interfaces/msg/detail/parameter_value__type_support.c:264:8:rcl_interfaces__msg__ParameterValue__rosidl_typesupport_introspection_c__size_function__ParameterValue__string_array_value	24	static
../Core/M4lib/include/rcl_interfaces/msg/detail/parameter_value__type_support.c:272:14:rcl_interfaces__msg__ParameterValue__rosidl_typesupport_introspection_c__get_const_function__ParameterValue__string_array_value	24	static
../Core/M4lib/include/rcl_interfaces/msg/detail/parameter_value__type_support.c:280:8:rcl_interfaces__msg__ParameterValue__rosidl_typesupport_introspection_c__get_function__ParameterValue__string_array_value	24	static
../Core/M4lib/include/rcl_interfaces/msg/detail/parameter_value__type_support.c:288:6:rcl_interfaces__msg__ParameterValue__rosidl_typesupport_introspection_c__fetch_function__ParameterValue__string_array_value	32	static
../Core/M4lib/include/rcl_interfaces/msg/detail/parameter_value__type_support.c:299:6:rcl_interfaces__msg__ParameterValue__rosidl_typesupport_introspection_c__assign_function__ParameterValue__string_array_value	32	static
../Core/M4lib/include/rcl_interfaces/msg/detail/parameter_value__type_support.c:310:6:rcl_interfaces__msg__ParameterValue__rosidl_typesupport_introspection_c__resize_function__ParameterValue__string_array_value	24	static
../Core/M4lib/include/rcl_interfaces/msg/detail/parameter_value__type_support.c:515:1:rosidl_typesupport_introspection_c__get_message_type_support_handle__rcl_interfaces__msg__ParameterValue	4	static
