../Core/M4lib/include/geometry_msgs/msg/detail/point_stamped__type_support.c:30:6:geometry_msgs__msg__PointStamped__rosidl_typesupport_introspection_c__PointStamped_init_function	16	static
../Core/M4lib/include/geometry_msgs/msg/detail/point_stamped__type_support.c:39:6:geometry_msgs__msg__PointStamped__rosidl_typesupport_introspection_c__PointStamped_fini_function	16	static
../Core/M4lib/include/geometry_msgs/msg/detail/point_stamped__type_support.c:104:1:rosidl_typesupport_introspection_c__get_message_type_support_handle__geometry_msgs__msg__PointStamped	8	static
