../Core/M4lib/include/geometry_msgs/msg/detail/point_stamped__functions.c:21:1:geometry_msgs__msg__PointStamped__init	16	static
../Core/M4lib/include/geometry_msgs/msg/detail/point_stamped__functions.c:40:1:geometry_msgs__msg__PointStamped__fini	16	static
../Core/M4lib/include/geometry_msgs/msg/detail/point_stamped__functions.c:52:1:geometry_msgs__msg__PointStamped__are_equal	16	static
../Core/M4lib/include/geometry_msgs/msg/detail/point_stamped__functions.c:73:1:geometry_msgs__msg__PointStamped__copy	16	static
../Core/M4lib/include/geometry_msgs/msg/detail/point_stamped__functions.c:96:1:geometry_msgs__msg__PointStamped__create	40	static
../Core/M4lib/include/geometry_msgs/msg/detail/point_stamped__functions.c:113:1:geometry_msgs__msg__PointStamped__destroy	40	static
../Core/M4lib/include/geometry_msgs/msg/detail/point_stamped__functions.c:124:1:geometry_msgs__msg__PointStamped__Sequence__init	48	static
../Core/M4lib/include/geometry_msgs/msg/detail/point_stamped__functions.c:161:1:geometry_msgs__msg__PointStamped__Sequence__fini	40	static
../Core/M4lib/include/geometry_msgs/msg/detail/point_stamped__functions.c:187:1:geometry_msgs__msg__PointStamped__Sequence__create	48	static
../Core/M4lib/include/geometry_msgs/msg/detail/point_stamped__functions.c:203:1:geometry_msgs__msg__PointStamped__Sequence__destroy	40	static
../Core/M4lib/include/geometry_msgs/msg/detail/point_stamped__functions.c:213:1:geometry_msgs__msg__PointStamped__Sequence__are_equal	24	static
../Core/M4lib/include/geometry_msgs/msg/detail/point_stamped__functions.c:230:1:geometry_msgs__msg__PointStamped__Sequence__copy	56	static
