../Core/M4lib/include/geometry_msgs/msg/detail/twist_with_covariance__functions.c:19:1:geometry_msgs__msg__TwistWithCovariance__init	16	static
../Core/M4lib/include/geometry_msgs/msg/detail/twist_with_covariance__functions.c:34:1:geometry_msgs__msg__TwistWithCovariance__fini	16	static
../Core/M4lib/include/geometry_msgs/msg/detail/twist_with_covariance__functions.c:45:1:geometry_msgs__msg__TwistWithCovariance__are_equal	24	static
../Core/M4lib/include/geometry_msgs/msg/detail/twist_with_covariance__functions.c:66:1:geometry_msgs__msg__TwistWithCovariance__copy	24	static
../Core/M4lib/include/geometry_msgs/msg/detail/twist_with_covariance__functions.c:87:1:geometry_msgs__msg__TwistWithCovariance__create	40	static
../Core/M4lib/include/geometry_msgs/msg/detail/twist_with_covariance__functions.c:104:1:geometry_msgs__msg__TwistWithCovariance__destroy	40	static
../Core/M4lib/include/geometry_msgs/msg/detail/twist_with_covariance__functions.c:115:1:geometry_msgs__msg__TwistWithCovariance__Sequence__init	48	static
../Core/M4lib/include/geometry_msgs/msg/detail/twist_with_covariance__functions.c:152:1:geometry_msgs__msg__TwistWithCovariance__Sequence__fini	40	static
../Core/M4lib/include/geometry_msgs/msg/detail/twist_with_covariance__functions.c:178:1:geometry_msgs__msg__TwistWithCovariance__Sequence__create	48	static
../Core/M4lib/include/geometry_msgs/msg/detail/twist_with_covariance__functions.c:194:1:geometry_msgs__msg__TwistWithCovariance__Sequence__destroy	40	static
../Core/M4lib/include/geometry_msgs/msg/detail/twist_with_covariance__functions.c:204:1:geometry_msgs__msg__TwistWithCovariance__Sequence__are_equal	24	static
../Core/M4lib/include/geometry_msgs/msg/detail/twist_with_covariance__functions.c:221:1:geometry_msgs__msg__TwistWithCovariance__Sequence__copy	56	static
