../Core/M4lib/include/geometry_msgs/msg/detail/velocity_stamped__functions.c:24:1:geometry_msgs__msg__VelocityStamped__init	16	static
../Core/M4lib/include/geometry_msgs/msg/detail/velocity_stamped__functions.c:53:1:geometry_msgs__msg__VelocityStamped__fini	16	static
../Core/M4lib/include/geometry_msgs/msg/detail/velocity_stamped__functions.c:69:1:geometry_msgs__msg__VelocityStamped__are_equal	16	static
../Core/M4lib/include/geometry_msgs/msg/detail/velocity_stamped__functions.c:102:1:geometry_msgs__msg__VelocityStamped__copy	16	static
../Core/M4lib/include/geometry_msgs/msg/detail/velocity_stamped__functions.c:137:1:geometry_msgs__msg__VelocityStamped__create	40	static
../Core/M4lib/include/geometry_msgs/msg/detail/velocity_stamped__functions.c:154:1:geometry_msgs__msg__VelocityStamped__destroy	40	static
../Core/M4lib/include/geometry_msgs/msg/detail/velocity_stamped__functions.c:165:1:geometry_msgs__msg__VelocityStamped__Sequence__init	48	static
../Core/M4lib/include/geometry_msgs/msg/detail/velocity_stamped__functions.c:202:1:geometry_msgs__msg__VelocityStamped__Sequence__fini	40	static
../Core/M4lib/include/geometry_msgs/msg/detail/velocity_stamped__functions.c:228:1:geometry_msgs__msg__VelocityStamped__Sequence__create	48	static
../Core/M4lib/include/geometry_msgs/msg/detail/velocity_stamped__functions.c:244:1:geometry_msgs__msg__VelocityStamped__Sequence__destroy	40	static
../Core/M4lib/include/geometry_msgs/msg/detail/velocity_stamped__functions.c:254:1:geometry_msgs__msg__VelocityStamped__Sequence__are_equal	24	static
../Core/M4lib/include/geometry_msgs/msg/detail/velocity_stamped__functions.c:271:1:geometry_msgs__msg__VelocityStamped__Sequence__copy	56	static
