../Core/M4lib/include/std_msgs/msg/detail/float64_multi_array__functions.c:21:1:std_msgs__msg__Float64MultiArray__init	16	static
../Core/M4lib/include/std_msgs/msg/detail/float64_multi_array__functions.c:40:1:std_msgs__msg__Float64MultiArray__fini	16	static
../Core/M4lib/include/std_msgs/msg/detail/float64_multi_array__functions.c:52:1:std_msgs__msg__Float64MultiArray__are_equal	16	static
../Core/M4lib/include/std_msgs/msg/detail/float64_multi_array__functions.c:73:1:std_msgs__msg__Float64MultiArray__copy	16	static
../Core/M4lib/include/std_msgs/msg/detail/float64_multi_array__functions.c:96:1:std_msgs__msg__Float64MultiArray__create	40	static
../Core/M4lib/include/std_msgs/msg/detail/float64_multi_array__functions.c:113:1:std_msgs__msg__Float64MultiArray__destroy	40	static
../Core/M4lib/include/std_msgs/msg/detail/float64_multi_array__functions.c:124:1:std_msgs__msg__Float64MultiArray__Sequence__init	48	static
../Core/M4lib/include/std_msgs/msg/detail/float64_multi_array__functions.c:161:1:std_msgs__msg__Float64MultiArray__Sequence__fini	40	static
../Core/M4lib/include/std_msgs/msg/detail/float64_multi_array__functions.c:187:1:std_msgs__msg__Float64MultiArray__Sequence__create	48	static
../Core/M4lib/include/std_msgs/msg/detail/float64_multi_array__functions.c:203:1:std_msgs__msg__Float64MultiArray__Sequence__destroy	40	static
../Core/M4lib/include/std_msgs/msg/detail/float64_multi_array__functions.c:213:1:std_msgs__msg__Float64MultiArray__Sequence__are_equal	24	static
../Core/M4lib/include/std_msgs/msg/detail/float64_multi_array__functions.c:230:1:std_msgs__msg__Float64MultiArray__Sequence__copy	56	static
