../Core/M4lib/include/lifecycle_msgs/msg/detail/transition_description__functions.c:22:1:lifecycle_msgs__msg__TransitionDescription__init	16	static
../Core/M4lib/include/lifecycle_msgs/msg/detail/transition_description__functions.c:46:1:lifecycle_msgs__msg__TransitionDescription__fini	16	static
../Core/M4lib/include/lifecycle_msgs/msg/detail/transition_description__functions.c:60:1:lifecycle_msgs__msg__TransitionDescription__are_equal	16	static
../Core/M4lib/include/lifecycle_msgs/msg/detail/transition_description__functions.c:87:1:lifecycle_msgs__msg__TransitionDescription__copy	16	static
../Core/M4lib/include/lifecycle_msgs/msg/detail/transition_description__functions.c:116:1:lifecycle_msgs__msg__TransitionDescription__create	40	static
../Core/M4lib/include/lifecycle_msgs/msg/detail/transition_description__functions.c:133:1:lifecycle_msgs__msg__TransitionDescription__destroy	40	static
../Core/M4lib/include/lifecycle_msgs/msg/detail/transition_description__functions.c:144:1:lifecycle_msgs__msg__TransitionDescription__Sequence__init	48	static
../Core/M4lib/include/lifecycle_msgs/msg/detail/transition_description__functions.c:181:1:lifecycle_msgs__msg__TransitionDescription__Sequence__fini	40	static
../Core/M4lib/include/lifecycle_msgs/msg/detail/transition_description__functions.c:207:1:lifecycle_msgs__msg__TransitionDescription__Sequence__create	48	static
../Core/M4lib/include/lifecycle_msgs/msg/detail/transition_description__functions.c:223:1:lifecycle_msgs__msg__TransitionDescription__Sequence__destroy	40	static
../Core/M4lib/include/lifecycle_msgs/msg/detail/transition_description__functions.c:233:1:lifecycle_msgs__msg__TransitionDescription__Sequence__are_equal	24	static
../Core/M4lib/include/lifecycle_msgs/msg/detail/transition_description__functions.c:250:1:lifecycle_msgs__msg__TransitionDescription__Sequence__copy	56	static
