<html>
<body>
<pre>
<h1>礦ision Build Log</h1>
<h2>Tool Versions:</h2>
IDE-Version: μVision V5.24.2.0
Copyright (C) 2017 ARM Ltd and ARM Germany GmbH. All rights reserved.
License Information: F Lenovo, F, LIC=76F5U-SE906-HLCCL-0FR40-NT055-1Y3TY
 
Tool Versions:
Toolchain:       MDK-ARM Plus  Version: 5.24.1
Toolchain Path:  F:\stm32\Keil555\ARM\ARMCC\Bin
C Compiler:      Armcc.exe V5.06 update 5 (build 528)
Assembler:       Armasm.exe V5.06 update 5 (build 528)
Linker/Locator:  ArmLink.exe V5.06 update 5 (build 528)
Library Manager: ArmAr.exe V5.06 update 5 (build 528)
Hex Converter:   FromElf.exe V5.06 update 5 (build 528)
CPU DLL:         SARMCM3.DLL V5.24.1
Dialog DLL:      DCM.DLL V1.16.0.0
Target DLL:      STLink\ST-LINKIII-KEIL_SWO.dll V3.0.1.0
Dialog DLL:      TCM.DLL V1.32.0.0
 
<h2>Project:</h2>
G:\git\Surtr\microcomputer\sophomore\stm32f407\AED_UCOSII_RTK\Projects\MDK-ARM\atk_f407.uvprojx
Project File Date:  07/27/2024

<h2>Output:</h2>
*** Using Compiler 'V5.06 update 5 (build 528)', folder: 'F:\stm32\Keil555\ARM\ARMCC\Bin'
Rebuild target 'uC-OS2'
assembling startup_stm32f407xx.s...
compiling sys.c...
compiling stm32f4xx_hal_cortex.c...
compiling stm32f4xx_it.c...
compiling stm32f4xx_hal_rcc_ex.c...
compiling stm32f4xx_hal_rcc.c...
compiling system_stm32f4xx.c...
compiling stm32f4xx_hal_pwr.c...
compiling stm32f4xx_hal_usart.c...
compiling main.c...
compiling stm32f4xx_hal.c...
compiling stm32f4xx_hal_gpio.c...
compiling usart.c...
compiling delay.c...
compiling uc-os2_demo.c...
..\..\User\uc-os2_demo.c(256): warning:  #167-D: argument of type "u8 *" is incompatible with parameter of type "char *restrict"
  		sprintf(datastr,"%d",data_len);
..\..\User\uc-os2_demo.c(259): warning:  #167-D: argument of type "u8 *" is incompatible with parameter of type "const char *restrict"
  		printf(send_jason);
..\..\User\uc-os2_demo.c(351): warning:  #167-D: argument of type "u8 *" is incompatible with parameter of type "const char *"
  				start_index = strstr(RxBuffer4,"Unknown");
..\..\User\uc-os2_demo.c(352): warning:  #167-D: argument of type "u8 *" is incompatible with parameter of type "const char *"
  				end_index   = strstr(RxBuffer4,".jpg");
..\..\User\uc-os2_demo.c(353): warning:  #42-D: operand types are incompatible ("char *" and "u8 *")
  				strncat(picture, &RxBuffer4[start_index-RxBuffer4], end_index - start_index + 4);  // 将源字符串中指定范围内的字符拼接到目标字符串
..\..\User\uc-os2_demo.c(353): warning:  #993-D: subtraction of pointer types "char *" and "u8 *" is nonstandard
  				strncat(picture, &RxBuffer4[start_index-RxBuffer4], end_index - start_index + 4);  // 将源字符串中指定范围内的字符拼接到目标字符串
..\..\User\uc-os2_demo.c(353): warning:  #167-D: argument of type "u8 *" is incompatible with parameter of type "const char *restrict"
  				strncat(picture, &RxBuffer4[start_index-RxBuffer4], end_index - start_index + 4);  // 将源字符串中指定范围内的字符拼接到目标字符串
..\..\User\uc-os2_demo.c(365): warning:  #167-D: argument of type "u8 *" is incompatible with parameter of type "const char *"
  				start_index = strstr(RxBuffer4,"fan");
..\..\User\uc-os2_demo.c(366): warning:  #167-D: argument of type "u8 *" is incompatible with parameter of type "const char *"
  				end_index   = strstr(RxBuffer4,".jpg");
..\..\User\uc-os2_demo.c(367): warning:  #42-D: operand types are incompatible ("char *" and "u8 *")
  				strncat(picture, &RxBuffer4[start_index-RxBuffer4], end_index - start_index + 4);  // 将源字符串中指定范围内的字符拼接到目标字符串
..\..\User\uc-os2_demo.c(367): warning:  #993-D: subtraction of pointer types "char *" and "u8 *" is nonstandard
  				strncat(picture, &RxBuffer4[start_index-RxBuffer4], end_index - start_index + 4);  // 将源字符串中指定范围内的字符拼接到目标字符串
..\..\User\uc-os2_demo.c(367): warning:  #167-D: argument of type "u8 *" is incompatible with parameter of type "const char *restrict"
  				strncat(picture, &RxBuffer4[start_index-RxBuffer4], end_index - start_index + 4);  // 将源字符串中指定范围内的字符拼接到目标字符串
..\..\User\uc-os2_demo.c(379): warning:  #167-D: argument of type "u8 *" is incompatible with parameter of type "const char *"
  				start_index = strstr(RxBuffer4,"xzf");
..\..\User\uc-os2_demo.c(380): warning:  #167-D: argument of type "u8 *" is incompatible with parameter of type "const char *"
  				end_index   = strstr(RxBuffer4,".jpg");
..\..\User\uc-os2_demo.c(381): warning:  #42-D: operand types are incompatible ("char *" and "u8 *")
  				strncat(picture, &RxBuffer4[start_index-RxBuffer4], end_index - start_index + 4);  // 将源字符串中指定范围内的字符拼接到目标字符串
..\..\User\uc-os2_demo.c(381): warning:  #993-D: subtraction of pointer types "char *" and "u8 *" is nonstandard
  				strncat(picture, &RxBuffer4[start_index-RxBuffer4], end_index - start_index + 4);  // 将源字符串中指定范围内的字符拼接到目标字符串
..\..\User\uc-os2_demo.c(381): warning:  #167-D: argument of type "u8 *" is incompatible with parameter of type "const char *restrict"
  				strncat(picture, &RxBuffer4[start_index-RxBuffer4], end_index - start_index + 4);  // 将源字符串中指定范围内的字符拼接到目标字符串
..\..\User\uc-os2_demo.c(414): warning:  #1035-D: single-precision operand implicitly converted to double-precision
  			power = (power - 1080) / 0.24;
..\..\User\uc-os2_demo.c: 18 warnings, 0 errors
compiling bsp_cpu.c...
assembling cpu_a.asm...
compiling cpu_c.c...
compiling cpu_core.c...
compiling lib_ascii.c...
compiling lib_math.c...
compiling lib_mem.c...
compiling lib_str.c...
compiling app_hooks.c...
assembling os_cpu_a.asm...
compiling os_cpu_c.c...
compiling os_core.c...
compiling os_flag.c...
compiling os_mbox.c...
compiling os_mem.c...
compiling os_mutex.c...
compiling os_q.c...
compiling os_sem.c...
compiling os_task.c...
compiling os_time.c...
compiling os_tmr.c...
compiling os_dbg.c...
compiling stm32f4xx_hal_sram.c...
compiling stm32f4xx_hal_dma.c...
compiling stm32f4xx_hal_flash.c...
compiling stm32f4xx_hal_tim_ex.c...
compiling stm32f4xx_ll_fsmc.c...
compiling stm32f4xx_hal_pwr_ex.c...
compiling stm32f4xx_hal_adc_ex.c...
compiling malloc.c...
compiling stm32f4xx_hal_flash_ex.c...
compiling stm32f4xx_hal_uart.c...
compiling stm32f4xx_hal_dma_ex.c...
compiling stm32f4xx_hal_adc.c...
compiling stm32f4xx_hal_tim.c...
compiling key.c...
compiling adc.c...
compiling usmart_config.c...
compiling servor.c...
compiling mpuiic.c...
compiling mpu6050.c...
compiling PWM.c...
..\..\Drivers\BSP\PWM\PWM.c(53): warning:  #1-D: last line of file ends without a newline
  	
..\..\Drivers\BSP\PWM\PWM.c: 1 warning, 0 errors
compiling usmart.c...
compiling inv_mpu.c...
compiling usmart_str.c...
compiling RTK_Parse.c...
compiling EC20.c...
..\..\Drivers\BSP\EC20\EC20.c(208): warning:  #550-D: variable "payload_len"  was set but never used
          int payload_len;
..\..\Drivers\BSP\EC20\EC20.c(277): warning:  #1035-D: single-precision operand implicitly converted to double-precision
                         mm = mm/60.0;
..\..\Drivers\BSP\EC20\EC20.c(280): warning:  #1035-D: single-precision operand implicitly converted to double-precision
                            mm = 10.0*mm;
..\..\Drivers\BSP\EC20\EC20.c(301): warning:  #1035-D: single-precision operand implicitly converted to double-precision
                         mm = mm/60.0;
..\..\Drivers\BSP\EC20\EC20.c(304): warning:  #1035-D: single-precision operand implicitly converted to double-precision
                            mm = 10.0*mm;
..\..\Drivers\BSP\EC20\EC20.c(232): warning:  #550-D: variable "flag"  was set but never used
      int flag;
..\..\Drivers\BSP\EC20\EC20.c(236): warning:  #550-D: variable "shijian"  was set but never used
      char shijian[17]=":";
..\..\Drivers\BSP\EC20\EC20.c: 7 warnings, 0 errors
compiling inv_mpu_dmp_motion_driver.c...
linking...
Program Size: Code=49146 RO-data=5014 RW-data=620 ZI-data=1129628  
FromELF: creating hex file...
"..\..\Output\atk_f407.axf" - 0 Error(s), 26 Warning(s).

<h2>Software Packages used:</h2>

Package Vendor: Keil
                http://www.keil.com/pack/Keil.STM32F4xx_DFP.1.0.8.pack
                Keil.STM32F4xx_DFP.1.0.8
                STMicroelectronics STM32F4 Series Device Support, Drivers and Examples

<h2>Collection of Component include folders:</h2>
  .\RTE\_uC-OS2
  F:\stm32\Keil555\ARM\PACK\Keil\STM32F4xx_DFP\1.0.8\Device\Include

<h2>Collection of Component Files used:</h2>
Build Time Elapsed:  00:00:17
</pre>
</body>
</html>
