../Core/M4lib/include/test_msgs/msg/detail/constants__functions.c:15:1:test_msgs__msg__Constants__init	16	static
../Core/M4lib/include/test_msgs/msg/detail/constants__functions.c:25:1:test_msgs__msg__Constants__fini	16	static
../Core/M4lib/include/test_msgs/msg/detail/constants__functions.c:34:1:test_msgs__msg__Constants__are_equal	16	static
../Core/M4lib/include/test_msgs/msg/detail/constants__functions.c:47:1:test_msgs__msg__Constants__copy	16	static
../Core/M4lib/include/test_msgs/msg/detail/constants__functions.c:60:1:test_msgs__msg__Constants__create	40	static
../Core/M4lib/include/test_msgs/msg/detail/constants__functions.c:77:1:test_msgs__msg__Constants__destroy	40	static
../Core/M4lib/include/test_msgs/msg/detail/constants__functions.c:88:1:test_msgs__msg__Constants__Sequence__init	48	static
../Core/M4lib/include/test_msgs/msg/detail/constants__functions.c:125:1:test_msgs__msg__Constants__Sequence__fini	40	static
../Core/M4lib/include/test_msgs/msg/detail/constants__functions.c:151:1:test_msgs__msg__Constants__Sequence__create	48	static
../Core/M4lib/include/test_msgs/msg/detail/constants__functions.c:167:1:test_msgs__msg__Constants__Sequence__destroy	40	static
../Core/M4lib/include/test_msgs/msg/detail/constants__functions.c:177:1:test_msgs__msg__Constants__Sequence__are_equal	24	static
../Core/M4lib/include/test_msgs/msg/detail/constants__functions.c:194:1:test_msgs__msg__Constants__Sequence__copy	56	static
