../Core/M4lib/include/test_msgs/msg/detail/basic_types__functions.c:15:1:test_msgs__msg__BasicTypes__init	16	static
../Core/M4lib/include/test_msgs/msg/detail/basic_types__functions.c:37:1:test_msgs__msg__BasicTypes__fini	16	static
../Core/M4lib/include/test_msgs/msg/detail/basic_types__functions.c:58:1:test_msgs__msg__BasicTypes__are_equal	16	static
../Core/M4lib/include/test_msgs/msg/detail/basic_types__functions.c:119:1:test_msgs__msg__BasicTypes__copy	16	static
../Core/M4lib/include/test_msgs/msg/detail/basic_types__functions.c:156:1:test_msgs__msg__BasicTypes__create	40	static
../Core/M4lib/include/test_msgs/msg/detail/basic_types__functions.c:173:1:test_msgs__msg__BasicTypes__destroy	40	static
../Core/M4lib/include/test_msgs/msg/detail/basic_types__functions.c:184:1:test_msgs__msg__BasicTypes__Sequence__init	48	static
../Core/M4lib/include/test_msgs/msg/detail/basic_types__functions.c:221:1:test_msgs__msg__BasicTypes__Sequence__fini	40	static
../Core/M4lib/include/test_msgs/msg/detail/basic_types__functions.c:247:1:test_msgs__msg__BasicTypes__Sequence__create	48	static
../Core/M4lib/include/test_msgs/msg/detail/basic_types__functions.c:263:1:test_msgs__msg__BasicTypes__Sequence__destroy	40	static
../Core/M4lib/include/test_msgs/msg/detail/basic_types__functions.c:273:1:test_msgs__msg__BasicTypes__Sequence__are_equal	24	static
../Core/M4lib/include/test_msgs/msg/detail/basic_types__functions.c:290:1:test_msgs__msg__BasicTypes__Sequence__copy	56	static
