../Core/M4lib/include/test_msgs/msg/detail/bounded_plain_sequences__functions.c:50:1:test_msgs__msg__BoundedPlainSequences__init	32	static
../Core/M4lib/include/test_msgs/msg/detail/bounded_plain_sequences__functions.c:296:1:test_msgs__msg__BoundedPlainSequences__fini	16	static
../Core/M4lib/include/test_msgs/msg/detail/bounded_plain_sequences__functions.c:363:1:test_msgs__msg__BoundedPlainSequences__are_equal	16	static
../Core/M4lib/include/test_msgs/msg/detail/bounded_plain_sequences__functions.c:550:1:test_msgs__msg__BoundedPlainSequences__copy	16	static
../Core/M4lib/include/test_msgs/msg/detail/bounded_plain_sequences__functions.c:737:1:test_msgs__msg__BoundedPlainSequences__create	40	static
../Core/M4lib/include/test_msgs/msg/detail/bounded_plain_sequences__functions.c:754:1:test_msgs__msg__BoundedPlainSequences__destroy	40	static
../Core/M4lib/include/test_msgs/msg/detail/bounded_plain_sequences__functions.c:765:1:test_msgs__msg__BoundedPlainSequences__Sequence__init	48	static
../Core/M4lib/include/test_msgs/msg/detail/bounded_plain_sequences__functions.c:802:1:test_msgs__msg__BoundedPlainSequences__Sequence__fini	40	static
../Core/M4lib/include/test_msgs/msg/detail/bounded_plain_sequences__functions.c:828:1:test_msgs__msg__BoundedPlainSequences__Sequence__create	48	static
../Core/M4lib/include/test_msgs/msg/detail/bounded_plain_sequences__functions.c:844:1:test_msgs__msg__BoundedPlainSequences__Sequence__destroy	40	static
../Core/M4lib/include/test_msgs/msg/detail/bounded_plain_sequences__functions.c:854:1:test_msgs__msg__BoundedPlainSequences__Sequence__are_equal	24	static
../Core/M4lib/include/test_msgs/msg/detail/bounded_plain_sequences__functions.c:871:1:test_msgs__msg__BoundedPlainSequences__Sequence__copy	56	static
