../Core/M4lib/include/test_msgs/msg/detail/builtins__type_support.c:30:6:test_msgs__msg__Builtins__rosidl_typesupport_introspection_c__Builtins_init_function	16	static
../Core/M4lib/include/test_msgs/msg/detail/builtins__type_support.c:39:6:test_msgs__msg__Builtins__rosidl_typesupport_introspection_c__Builtins_fini_function	16	static
../Core/M4lib/include/test_msgs/msg/detail/builtins__type_support.c:104:1:rosidl_typesupport_introspection_c__get_message_type_support_handle__test_msgs__msg__Builtins	8	static
