../Core/M4lib/include/stereo_msgs/msg/detail/disparity_image__functions.c:23:1:stereo_msgs__msg__DisparityImage__init	16	static
../Core/M4lib/include/stereo_msgs/msg/detail/disparity_image__functions.c:52:1:stereo_msgs__msg__DisparityImage__fini	16	static
../Core/M4lib/include/stereo_msgs/msg/detail/disparity_image__functions.c:71:1:stereo_msgs__msg__DisparityImage__are_equal	16	static
../Core/M4lib/include/stereo_msgs/msg/detail/disparity_image__functions.c:118:1:stereo_msgs__msg__DisparityImage__copy	16	static
../Core/M4lib/include/stereo_msgs/msg/detail/disparity_image__functions.c:157:1:stereo_msgs__msg__DisparityImage__create	40	static
../Core/M4lib/include/stereo_msgs/msg/detail/disparity_image__functions.c:174:1:stereo_msgs__msg__DisparityImage__destroy	40	static
../Core/M4lib/include/stereo_msgs/msg/detail/disparity_image__functions.c:185:1:stereo_msgs__msg__DisparityImage__Sequence__init	48	static
../Core/M4lib/include/stereo_msgs/msg/detail/disparity_image__functions.c:222:1:stereo_msgs__msg__DisparityImage__Sequence__fini	40	static
../Core/M4lib/include/stereo_msgs/msg/detail/disparity_image__functions.c:248:1:stereo_msgs__msg__DisparityImage__Sequence__create	48	static
../Core/M4lib/include/stereo_msgs/msg/detail/disparity_image__functions.c:264:1:stereo_msgs__msg__DisparityImage__Sequence__destroy	40	static
../Core/M4lib/include/stereo_msgs/msg/detail/disparity_image__functions.c:274:1:stereo_msgs__msg__DisparityImage__Sequence__are_equal	24	static
../Core/M4lib/include/stereo_msgs/msg/detail/disparity_image__functions.c:291:1:stereo_msgs__msg__DisparityImage__Sequence__copy	56	static
