../Core/M4lib/include/rcl_interfaces/srv/detail/set_parameters_atomically__type_support.c:26:6:rcl_interfaces__srv__SetParametersAtomically_Request__rosidl_typesupport_introspection_c__SetParametersAtomically_Request_init_function	16	static
../Core/M4lib/include/rcl_interfaces/srv/detail/set_parameters_atomically__type_support.c:35:6:rcl_interfaces__srv__SetParametersAtomically_Request__rosidl_typesupport_introspection_c__SetParametersAtomically_Request_fini_function	16	static
../Core/M4lib/include/rcl_interfaces/srv/detail/set_parameters_atomically__type_support.c:40:8:rcl_interfaces__srv__SetParametersAtomically_Request__rosidl_typesupport_introspection_c__size_function__SetParametersAtomically_Request__parameters	24	static
../Core/M4lib/include/rcl_interfaces/srv/detail/set_parameters_atomically__type_support.c:48:14:rcl_interfaces__srv__SetParametersAtomically_Request__rosidl_typesupport_introspection_c__get_const_function__SetParametersAtomically_Request__parameters	24	static
../Core/M4lib/include/rcl_interfaces/srv/detail/set_parameters_atomically__type_support.c:56:8:rcl_interfaces__srv__SetParametersAtomically_Request__rosidl_typesupport_introspection_c__get_function__SetParametersAtomically_Request__parameters	24	static
../Core/M4lib/include/rcl_interfaces/srv/detail/set_parameters_atomically__type_support.c:64:6:rcl_interfaces__srv__SetParametersAtomically_Request__rosidl_typesupport_introspection_c__fetch_function__SetParametersAtomically_Request__parameters	32	static
../Core/M4lib/include/rcl_interfaces/srv/detail/set_parameters_atomically__type_support.c:75:6:rcl_interfaces__srv__SetParametersAtomically_Request__rosidl_typesupport_introspection_c__assign_function__SetParametersAtomically_Request__parameters	32	static
../Core/M4lib/include/rcl_interfaces/srv/detail/set_parameters_atomically__type_support.c:86:6:rcl_interfaces__srv__SetParametersAtomically_Request__rosidl_typesupport_introspection_c__resize_function__SetParametersAtomically_Request__parameters	24	static
../Core/M4lib/include/rcl_interfaces/srv/detail/set_parameters_atomically__type_support.c:138:1:rosidl_typesupport_introspection_c__get_message_type_support_handle__rcl_interfaces__srv__SetParametersAtomically_Request	8	static
../Core/M4lib/include/rcl_interfaces/srv/detail/set_parameters_atomically__type_support.c:180:6:rcl_interfaces__srv__SetParametersAtomically_Response__rosidl_typesupport_introspection_c__SetParametersAtomically_Response_init_function	16	static
../Core/M4lib/include/rcl_interfaces/srv/detail/set_parameters_atomically__type_support.c:189:6:rcl_interfaces__srv__SetParametersAtomically_Response__rosidl_typesupport_introspection_c__SetParametersAtomically_Response_fini_function	16	static
../Core/M4lib/include/rcl_interfaces/srv/detail/set_parameters_atomically__type_support.c:237:1:rosidl_typesupport_introspection_c__get_message_type_support_handle__rcl_interfaces__srv__SetParametersAtomically_Response	8	static
../Core/M4lib/include/rcl_interfaces/srv/detail/set_parameters_atomically__type_support.c:286:6:rcl_interfaces__srv__SetParametersAtomically_Event__rosidl_typesupport_introspection_c__SetParametersAtomically_Event_init_function	16	static
../Core/M4lib/include/rcl_interfaces/srv/detail/set_parameters_atomically__type_support.c:295:6:rcl_interfaces__srv__SetParametersAtomically_Event__rosidl_typesupport_introspection_c__SetParametersAtomically_Event_fini_function	16	static
../Core/M4lib/include/rcl_interfaces/srv/detail/set_parameters_atomically__type_support.c:300:8:rcl_interfaces__srv__SetParametersAtomically_Event__rosidl_typesupport_introspection_c__size_function__SetParametersAtomically_Event__request	24	static
../Core/M4lib/include/rcl_interfaces/srv/detail/set_parameters_atomically__type_support.c:308:14:rcl_interfaces__srv__SetParametersAtomically_Event__rosidl_typesupport_introspection_c__get_const_function__SetParametersAtomically_Event__request	24	static
../Core/M4lib/include/rcl_interfaces/srv/detail/set_parameters_atomically__type_support.c:316:8:rcl_interfaces__srv__SetParametersAtomically_Event__rosidl_typesupport_introspection_c__get_function__SetParametersAtomically_Event__request	24	static
../Core/M4lib/include/rcl_interfaces/srv/detail/set_parameters_atomically__type_support.c:324:6:rcl_interfaces__srv__SetParametersAtomically_Event__rosidl_typesupport_introspection_c__fetch_function__SetParametersAtomically_Event__request	32	static
../Core/M4lib/include/rcl_interfaces/srv/detail/set_parameters_atomically__type_support.c:335:6:rcl_interfaces__srv__SetParametersAtomically_Event__rosidl_typesupport_introspection_c__assign_function__SetParametersAtomically_Event__request	32	static
../Core/M4lib/include/rcl_interfaces/srv/detail/set_parameters_atomically__type_support.c:346:6:rcl_interfaces__srv__SetParametersAtomically_Event__rosidl_typesupport_introspection_c__resize_function__SetParametersAtomically_Event__request	24	static
../Core/M4lib/include/rcl_interfaces/srv/detail/set_parameters_atomically__type_support.c:355:8:rcl_interfaces__srv__SetParametersAtomically_Event__rosidl_typesupport_introspection_c__size_function__SetParametersAtomically_Event__response	24	static
../Core/M4lib/include/rcl_interfaces/srv/detail/set_parameters_atomically__type_support.c:363:14:rcl_interfaces__srv__SetParametersAtomically_Event__rosidl_typesupport_introspection_c__get_const_function__SetParametersAtomically_Event__response	24	static
../Core/M4lib/include/rcl_interfaces/srv/detail/set_parameters_atomically__type_support.c:371:8:rcl_interfaces__srv__SetParametersAtomically_Event__rosidl_typesupport_introspection_c__get_function__SetParametersAtomically_Event__response	24	static
../Core/M4lib/include/rcl_interfaces/srv/detail/set_parameters_atomically__type_support.c:379:6:rcl_interfaces__srv__SetParametersAtomically_Event__rosidl_typesupport_introspection_c__fetch_function__SetParametersAtomically_Event__response	40	static
../Core/M4lib/include/rcl_interfaces/srv/detail/set_parameters_atomically__type_support.c:390:6:rcl_interfaces__srv__SetParametersAtomically_Event__rosidl_typesupport_introspection_c__assign_function__SetParametersAtomically_Event__response	40	static
../Core/M4lib/include/rcl_interfaces/srv/detail/set_parameters_atomically__type_support.c:401:6:rcl_interfaces__srv__SetParametersAtomically_Event__rosidl_typesupport_introspection_c__resize_function__SetParametersAtomically_Event__response	24	static
../Core/M4lib/include/rcl_interfaces/srv/detail/set_parameters_atomically__type_support.c:487:1:rosidl_typesupport_introspection_c__get_message_type_support_handle__rcl_interfaces__srv__SetParametersAtomically_Event	8	static
../Core/M4lib/include/rcl_interfaces/srv/detail/set_parameters_atomically__type_support.c:563:1:rosidl_typesupport_introspection_c__get_service_type_support_handle__rcl_interfaces__srv__SetParametersAtomically	16	static
