../Core/M4lib/include/geometry_msgs/msg/detail/accel__type_support.c:28:6:geometry_msgs__msg__Accel__rosidl_typesupport_introspection_c__Accel_init_function	16	static
../Core/M4lib/include/geometry_msgs/msg/detail/accel__type_support.c:37:6:geometry_msgs__msg__Accel__rosidl_typesupport_introspection_c__Accel_fini_function	16	static
../Core/M4lib/include/geometry_msgs/msg/detail/accel__type_support.c:102:1:rosidl_typesupport_introspection_c__get_message_type_support_handle__geometry_msgs__msg__Accel	8	static
