../Core/M4lib/include/geometry_msgs/msg/detail/polygon__type_support.c:26:6:geometry_msgs__msg__Polygon__rosidl_typesupport_introspection_c__Polygon_init_function	16	static
../Core/M4lib/include/geometry_msgs/msg/detail/polygon__type_support.c:35:6:geometry_msgs__msg__Polygon__rosidl_typesupport_introspection_c__Polygon_fini_function	16	static
../Core/M4lib/include/geometry_msgs/msg/detail/polygon__type_support.c:40:8:geometry_msgs__msg__Polygon__rosidl_typesupport_introspection_c__size_function__Polygon__points	24	static
../Core/M4lib/include/geometry_msgs/msg/detail/polygon__type_support.c:48:14:geometry_msgs__msg__Polygon__rosidl_typesupport_introspection_c__get_const_function__Polygon__points	24	static
../Core/M4lib/include/geometry_msgs/msg/detail/polygon__type_support.c:56:8:geometry_msgs__msg__Polygon__rosidl_typesupport_introspection_c__get_function__Polygon__points	24	static
../Core/M4lib/include/geometry_msgs/msg/detail/polygon__type_support.c:64:6:geometry_msgs__msg__Polygon__rosidl_typesupport_introspection_c__fetch_function__Polygon__points	32	static
../Core/M4lib/include/geometry_msgs/msg/detail/polygon__type_support.c:75:6:geometry_msgs__msg__Polygon__rosidl_typesupport_introspection_c__assign_function__Polygon__points	32	static
../Core/M4lib/include/geometry_msgs/msg/detail/polygon__type_support.c:86:6:geometry_msgs__msg__Polygon__rosidl_typesupport_introspection_c__resize_function__Polygon__points	24	static
../Core/M4lib/include/geometry_msgs/msg/detail/polygon__type_support.c:138:1:rosidl_typesupport_introspection_c__get_message_type_support_handle__geometry_msgs__msg__Polygon	8	static
