../Core/M4lib/include/example_interfaces/srv/detail/add_two_ints__type_support.c:20:6:example_interfaces__srv__AddTwoInts_Request__rosidl_typesupport_introspection_c__AddTwoInts_Request_init_function	16	static
../Core/M4lib/include/example_interfaces/srv/detail/add_two_ints__type_support.c:29:6:example_interfaces__srv__AddTwoInts_Request__rosidl_typesupport_introspection_c__AddTwoInts_Request_fini_function	16	static
../Core/M4lib/include/example_interfaces/srv/detail/add_two_ints__type_support.c:94:1:rosidl_typesupport_introspection_c__get_message_type_support_handle__example_interfaces__srv__AddTwoInts_Request	4	static
../Core/M4lib/include/example_interfaces/srv/detail/add_two_ints__type_support.c:128:6:example_interfaces__srv__AddTwoInts_Response__rosidl_typesupport_introspection_c__AddTwoInts_Response_init_function	16	static
../Core/M4lib/include/example_interfaces/srv/detail/add_two_ints__type_support.c:137:6:example_interfaces__srv__AddTwoInts_Response__rosidl_typesupport_introspection_c__AddTwoInts_Response_fini_function	16	static
../Core/M4lib/include/example_interfaces/srv/detail/add_two_ints__type_support.c:185:1:rosidl_typesupport_introspection_c__get_message_type_support_handle__example_interfaces__srv__AddTwoInts_Response	4	static
../Core/M4lib/include/example_interfaces/srv/detail/add_two_ints__type_support.c:232:6:example_interfaces__srv__AddTwoInts_Event__rosidl_typesupport_introspection_c__AddTwoInts_Event_init_function	16	static
../Core/M4lib/include/example_interfaces/srv/detail/add_two_ints__type_support.c:241:6:example_interfaces__srv__AddTwoInts_Event__rosidl_typesupport_introspection_c__AddTwoInts_Event_fini_function	16	static
../Core/M4lib/include/example_interfaces/srv/detail/add_two_ints__type_support.c:246:8:example_interfaces__srv__AddTwoInts_Event__rosidl_typesupport_introspection_c__size_function__AddTwoInts_Event__request	24	static
../Core/M4lib/include/example_interfaces/srv/detail/add_two_ints__type_support.c:254:14:example_interfaces__srv__AddTwoInts_Event__rosidl_typesupport_introspection_c__get_const_function__AddTwoInts_Event__request	24	static
../Core/M4lib/include/example_interfaces/srv/detail/add_two_ints__type_support.c:262:8:example_interfaces__srv__AddTwoInts_Event__rosidl_typesupport_introspection_c__get_function__AddTwoInts_Event__request	24	static
../Core/M4lib/include/example_interfaces/srv/detail/add_two_ints__type_support.c:270:6:example_interfaces__srv__AddTwoInts_Event__rosidl_typesupport_introspection_c__fetch_function__AddTwoInts_Event__request	40	static
../Core/M4lib/include/example_interfaces/srv/detail/add_two_ints__type_support.c:281:6:example_interfaces__srv__AddTwoInts_Event__rosidl_typesupport_introspection_c__assign_function__AddTwoInts_Event__request	40	static
../Core/M4lib/include/example_interfaces/srv/detail/add_two_ints__type_support.c:292:6:example_interfaces__srv__AddTwoInts_Event__rosidl_typesupport_introspection_c__resize_function__AddTwoInts_Event__request	24	static
../Core/M4lib/include/example_interfaces/srv/detail/add_two_ints__type_support.c:301:8:example_interfaces__srv__AddTwoInts_Event__rosidl_typesupport_introspection_c__size_function__AddTwoInts_Event__response	24	static
../Core/M4lib/include/example_interfaces/srv/detail/add_two_ints__type_support.c:309:14:example_interfaces__srv__AddTwoInts_Event__rosidl_typesupport_introspection_c__get_const_function__AddTwoInts_Event__response	24	static
../Core/M4lib/include/example_interfaces/srv/detail/add_two_ints__type_support.c:317:8:example_interfaces__srv__AddTwoInts_Event__rosidl_typesupport_introspection_c__get_function__AddTwoInts_Event__response	24	static
../Core/M4lib/include/example_interfaces/srv/detail/add_two_ints__type_support.c:325:6:example_interfaces__srv__AddTwoInts_Event__rosidl_typesupport_introspection_c__fetch_function__AddTwoInts_Event__response	32	static
../Core/M4lib/include/example_interfaces/srv/detail/add_two_ints__type_support.c:336:6:example_interfaces__srv__AddTwoInts_Event__rosidl_typesupport_introspection_c__assign_function__AddTwoInts_Event__response	32	static
../Core/M4lib/include/example_interfaces/srv/detail/add_two_ints__type_support.c:347:6:example_interfaces__srv__AddTwoInts_Event__rosidl_typesupport_introspection_c__resize_function__AddTwoInts_Event__response	24	static
../Core/M4lib/include/example_interfaces/srv/detail/add_two_ints__type_support.c:433:1:rosidl_typesupport_introspection_c__get_message_type_support_handle__example_interfaces__srv__AddTwoInts_Event	8	static
../Core/M4lib/include/example_interfaces/srv/detail/add_two_ints__type_support.c:509:1:rosidl_typesupport_introspection_c__get_service_type_support_handle__example_interfaces__srv__AddTwoInts	16	static
