../Core/M4lib/include/example_interfaces/srv/detail/trigger__functions.c:14:1:example_interfaces__srv__Trigger_Request__init	16	static
../Core/M4lib/include/example_interfaces/srv/detail/trigger__functions.c:24:1:example_interfaces__srv__Trigger_Request__fini	16	static
../Core/M4lib/include/example_interfaces/srv/detail/trigger__functions.c:33:1:example_interfaces__srv__Trigger_Request__are_equal	16	static
../Core/M4lib/include/example_interfaces/srv/detail/trigger__functions.c:46:1:example_interfaces__srv__Trigger_Request__copy	16	static
../Core/M4lib/include/example_interfaces/srv/detail/trigger__functions.c:59:1:example_interfaces__srv__Trigger_Request__create	40	static
../Core/M4lib/include/example_interfaces/srv/detail/trigger__functions.c:76:1:example_interfaces__srv__Trigger_Request__destroy	40	static
../Core/M4lib/include/example_interfaces/srv/detail/trigger__functions.c:87:1:example_interfaces__srv__Trigger_Request__Sequence__init	48	static
../Core/M4lib/include/example_interfaces/srv/detail/trigger__functions.c:124:1:example_interfaces__srv__Trigger_Request__Sequence__fini	40	static
../Core/M4lib/include/example_interfaces/srv/detail/trigger__functions.c:150:1:example_interfaces__srv__Trigger_Request__Sequence__create	48	static
../Core/M4lib/include/example_interfaces/srv/detail/trigger__functions.c:166:1:example_interfaces__srv__Trigger_Request__Sequence__destroy	40	static
../Core/M4lib/include/example_interfaces/srv/detail/trigger__functions.c:176:1:example_interfaces__srv__Trigger_Request__Sequence__are_equal	24	static
../Core/M4lib/include/example_interfaces/srv/detail/trigger__functions.c:193:1:example_interfaces__srv__Trigger_Request__Sequence__copy	56	static
../Core/M4lib/include/example_interfaces/srv/detail/trigger__functions.c:243:1:example_interfaces__srv__Trigger_Response__init	16	static
../Core/M4lib/include/example_interfaces/srv/detail/trigger__functions.c:258:1:example_interfaces__srv__Trigger_Response__fini	16	static
../Core/M4lib/include/example_interfaces/srv/detail/trigger__functions.c:269:1:example_interfaces__srv__Trigger_Response__are_equal	16	static
../Core/M4lib/include/example_interfaces/srv/detail/trigger__functions.c:288:1:example_interfaces__srv__Trigger_Response__copy	16	static
../Core/M4lib/include/example_interfaces/srv/detail/trigger__functions.c:307:1:example_interfaces__srv__Trigger_Response__create	40	static
../Core/M4lib/include/example_interfaces/srv/detail/trigger__functions.c:324:1:example_interfaces__srv__Trigger_Response__destroy	40	static
../Core/M4lib/include/example_interfaces/srv/detail/trigger__functions.c:335:1:example_interfaces__srv__Trigger_Response__Sequence__init	48	static
../Core/M4lib/include/example_interfaces/srv/detail/trigger__functions.c:372:1:example_interfaces__srv__Trigger_Response__Sequence__fini	40	static
../Core/M4lib/include/example_interfaces/srv/detail/trigger__functions.c:398:1:example_interfaces__srv__Trigger_Response__Sequence__create	48	static
../Core/M4lib/include/example_interfaces/srv/detail/trigger__functions.c:414:1:example_interfaces__srv__Trigger_Response__Sequence__destroy	40	static
../Core/M4lib/include/example_interfaces/srv/detail/trigger__functions.c:424:1:example_interfaces__srv__Trigger_Response__Sequence__are_equal	24	static
../Core/M4lib/include/example_interfaces/srv/detail/trigger__functions.c:441:1:example_interfaces__srv__Trigger_Response__Sequence__copy	56	static
../Core/M4lib/include/example_interfaces/srv/detail/trigger__functions.c:495:1:example_interfaces__srv__Trigger_Event__init	16	static
../Core/M4lib/include/example_interfaces/srv/detail/trigger__functions.c:519:1:example_interfaces__srv__Trigger_Event__fini	16	static
../Core/M4lib/include/example_interfaces/srv/detail/trigger__functions.c:533:1:example_interfaces__srv__Trigger_Event__are_equal	16	static
../Core/M4lib/include/example_interfaces/srv/detail/trigger__functions.c:560:1:example_interfaces__srv__Trigger_Event__copy	16	static
../Core/M4lib/include/example_interfaces/srv/detail/trigger__functions.c:589:1:example_interfaces__srv__Trigger_Event__create	40	static
../Core/M4lib/include/example_interfaces/srv/detail/trigger__functions.c:606:1:example_interfaces__srv__Trigger_Event__destroy	40	static
../Core/M4lib/include/example_interfaces/srv/detail/trigger__functions.c:617:1:example_interfaces__srv__Trigger_Event__Sequence__init	48	static
../Core/M4lib/include/example_interfaces/srv/detail/trigger__functions.c:654:1:example_interfaces__srv__Trigger_Event__Sequence__fini	40	static
../Core/M4lib/include/example_interfaces/srv/detail/trigger__functions.c:680:1:example_interfaces__srv__Trigger_Event__Sequence__create	48	static
../Core/M4lib/include/example_interfaces/srv/detail/trigger__functions.c:696:1:example_interfaces__srv__Trigger_Event__Sequence__destroy	40	static
../Core/M4lib/include/example_interfaces/srv/detail/trigger__functions.c:706:1:example_interfaces__srv__Trigger_Event__Sequence__are_equal	24	static
../Core/M4lib/include/example_interfaces/srv/detail/trigger__functions.c:723:1:example_interfaces__srv__Trigger_Event__Sequence__copy	56	static
