../Core/M4lib/include/type_description_interfaces/msg/detail/type_description__functions.c:20:1:type_description_interfaces__msg__TypeDescription__init	16	static
../Core/M4lib/include/type_description_interfaces/msg/detail/type_description__functions.c:39:1:type_description_interfaces__msg__TypeDescription__fini	16	static
../Core/M4lib/include/type_description_interfaces/msg/detail/type_description__functions.c:51:1:type_description_interfaces__msg__TypeDescription__are_equal	16	static
../Core/M4lib/include/type_description_interfaces/msg/detail/type_description__functions.c:72:1:type_description_interfaces__msg__TypeDescription__copy	16	static
../Core/M4lib/include/type_description_interfaces/msg/detail/type_description__functions.c:95:1:type_description_interfaces__msg__TypeDescription__create	40	static
../Core/M4lib/include/type_description_interfaces/msg/detail/type_description__functions.c:112:1:type_description_interfaces__msg__TypeDescription__destroy	40	static
../Core/M4lib/include/type_description_interfaces/msg/detail/type_description__functions.c:123:1:type_description_interfaces__msg__TypeDescription__Sequence__init	48	static
../Core/M4lib/include/type_description_interfaces/msg/detail/type_description__functions.c:160:1:type_description_interfaces__msg__TypeDescription__Sequence__fini	40	static
../Core/M4lib/include/type_description_interfaces/msg/detail/type_description__functions.c:186:1:type_description_interfaces__msg__TypeDescription__Sequence__create	48	static
../Core/M4lib/include/type_description_interfaces/msg/detail/type_description__functions.c:202:1:type_description_interfaces__msg__TypeDescription__Sequence__destroy	40	static
../Core/M4lib/include/type_description_interfaces/msg/detail/type_description__functions.c:212:1:type_description_interfaces__msg__TypeDescription__Sequence__are_equal	24	static
../Core/M4lib/include/type_description_interfaces/msg/detail/type_description__functions.c:229:1:type_description_interfaces__msg__TypeDescription__Sequence__copy	56	static
