../Core/M4lib/include/lifecycle_msgs/srv/detail/get_available_transitions__functions.c:14:1:lifecycle_msgs__srv__GetAvailableTransitions_Request__init	16	static
../Core/M4lib/include/lifecycle_msgs/srv/detail/get_available_transitions__functions.c:24:1:lifecycle_msgs__srv__GetAvailableTransitions_Request__fini	16	static
../Core/M4lib/include/lifecycle_msgs/srv/detail/get_available_transitions__functions.c:33:1:lifecycle_msgs__srv__GetAvailableTransitions_Request__are_equal	16	static
../Core/M4lib/include/lifecycle_msgs/srv/detail/get_available_transitions__functions.c:46:1:lifecycle_msgs__srv__GetAvailableTransitions_Request__copy	16	static
../Core/M4lib/include/lifecycle_msgs/srv/detail/get_available_transitions__functions.c:59:1:lifecycle_msgs__srv__GetAvailableTransitions_Request__create	40	static
../Core/M4lib/include/lifecycle_msgs/srv/detail/get_available_transitions__functions.c:76:1:lifecycle_msgs__srv__GetAvailableTransitions_Request__destroy	40	static
../Core/M4lib/include/lifecycle_msgs/srv/detail/get_available_transitions__functions.c:87:1:lifecycle_msgs__srv__GetAvailableTransitions_Request__Sequence__init	48	static
../Core/M4lib/include/lifecycle_msgs/srv/detail/get_available_transitions__functions.c:124:1:lifecycle_msgs__srv__GetAvailableTransitions_Request__Sequence__fini	40	static
../Core/M4lib/include/lifecycle_msgs/srv/detail/get_available_transitions__functions.c:150:1:lifecycle_msgs__srv__GetAvailableTransitions_Request__Sequence__create	48	static
../Core/M4lib/include/lifecycle_msgs/srv/detail/get_available_transitions__functions.c:166:1:lifecycle_msgs__srv__GetAvailableTransitions_Request__Sequence__destroy	40	static
../Core/M4lib/include/lifecycle_msgs/srv/detail/get_available_transitions__functions.c:176:1:lifecycle_msgs__srv__GetAvailableTransitions_Request__Sequence__are_equal	24	static
../Core/M4lib/include/lifecycle_msgs/srv/detail/get_available_transitions__functions.c:193:1:lifecycle_msgs__srv__GetAvailableTransitions_Request__Sequence__copy	56	static
../Core/M4lib/include/lifecycle_msgs/srv/detail/get_available_transitions__functions.c:243:1:lifecycle_msgs__srv__GetAvailableTransitions_Response__init	16	static
../Core/M4lib/include/lifecycle_msgs/srv/detail/get_available_transitions__functions.c:257:1:lifecycle_msgs__srv__GetAvailableTransitions_Response__fini	16	static
../Core/M4lib/include/lifecycle_msgs/srv/detail/get_available_transitions__functions.c:267:1:lifecycle_msgs__srv__GetAvailableTransitions_Response__are_equal	16	static
../Core/M4lib/include/lifecycle_msgs/srv/detail/get_available_transitions__functions.c:282:1:lifecycle_msgs__srv__GetAvailableTransitions_Response__copy	16	static
../Core/M4lib/include/lifecycle_msgs/srv/detail/get_available_transitions__functions.c:299:1:lifecycle_msgs__srv__GetAvailableTransitions_Response__create	40	static
../Core/M4lib/include/lifecycle_msgs/srv/detail/get_available_transitions__functions.c:316:1:lifecycle_msgs__srv__GetAvailableTransitions_Response__destroy	40	static
../Core/M4lib/include/lifecycle_msgs/srv/detail/get_available_transitions__functions.c:327:1:lifecycle_msgs__srv__GetAvailableTransitions_Response__Sequence__init	48	static
../Core/M4lib/include/lifecycle_msgs/srv/detail/get_available_transitions__functions.c:364:1:lifecycle_msgs__srv__GetAvailableTransitions_Response__Sequence__fini	40	static
../Core/M4lib/include/lifecycle_msgs/srv/detail/get_available_transitions__functions.c:390:1:lifecycle_msgs__srv__GetAvailableTransitions_Response__Sequence__create	48	static
../Core/M4lib/include/lifecycle_msgs/srv/detail/get_available_transitions__functions.c:406:1:lifecycle_msgs__srv__GetAvailableTransitions_Response__Sequence__destroy	40	static
../Core/M4lib/include/lifecycle_msgs/srv/detail/get_available_transitions__functions.c:416:1:lifecycle_msgs__srv__GetAvailableTransitions_Response__Sequence__are_equal	24	static
../Core/M4lib/include/lifecycle_msgs/srv/detail/get_available_transitions__functions.c:433:1:lifecycle_msgs__srv__GetAvailableTransitions_Response__Sequence__copy	56	static
../Core/M4lib/include/lifecycle_msgs/srv/detail/get_available_transitions__functions.c:487:1:lifecycle_msgs__srv__GetAvailableTransitions_Event__init	16	static
../Core/M4lib/include/lifecycle_msgs/srv/detail/get_available_transitions__functions.c:511:1:lifecycle_msgs__srv__GetAvailableTransitions_Event__fini	16	static
../Core/M4lib/include/lifecycle_msgs/srv/detail/get_available_transitions__functions.c:525:1:lifecycle_msgs__srv__GetAvailableTransitions_Event__are_equal	16	static
../Core/M4lib/include/lifecycle_msgs/srv/detail/get_available_transitions__functions.c:552:1:lifecycle_msgs__srv__GetAvailableTransitions_Event__copy	16	static
../Core/M4lib/include/lifecycle_msgs/srv/detail/get_available_transitions__functions.c:581:1:lifecycle_msgs__srv__GetAvailableTransitions_Event__create	40	static
../Core/M4lib/include/lifecycle_msgs/srv/detail/get_available_transitions__functions.c:598:1:lifecycle_msgs__srv__GetAvailableTransitions_Event__destroy	40	static
../Core/M4lib/include/lifecycle_msgs/srv/detail/get_available_transitions__functions.c:609:1:lifecycle_msgs__srv__GetAvailableTransitions_Event__Sequence__init	48	static
../Core/M4lib/include/lifecycle_msgs/srv/detail/get_available_transitions__functions.c:646:1:lifecycle_msgs__srv__GetAvailableTransitions_Event__Sequence__fini	40	static
../Core/M4lib/include/lifecycle_msgs/srv/detail/get_available_transitions__functions.c:672:1:lifecycle_msgs__srv__GetAvailableTransitions_Event__Sequence__create	48	static
../Core/M4lib/include/lifecycle_msgs/srv/detail/get_available_transitions__functions.c:688:1:lifecycle_msgs__srv__GetAvailableTransitions_Event__Sequence__destroy	40	static
../Core/M4lib/include/lifecycle_msgs/srv/detail/get_available_transitions__functions.c:698:1:lifecycle_msgs__srv__GetAvailableTransitions_Event__Sequence__are_equal	24	static
../Core/M4lib/include/lifecycle_msgs/srv/detail/get_available_transitions__functions.c:715:1:lifecycle_msgs__srv__GetAvailableTransitions_Event__Sequence__copy	56	static
