../Core/M4lib/include/micro_ros_msgs/msg/detail/graph__type_support.c:26:6:micro_ros_msgs__msg__Graph__rosidl_typesupport_introspection_c__Graph_init_function	16	static
../Core/M4lib/include/micro_ros_msgs/msg/detail/graph__type_support.c:35:6:micro_ros_msgs__msg__Graph__rosidl_typesupport_introspection_c__Graph_fini_function	16	static
../Core/M4lib/include/micro_ros_msgs/msg/detail/graph__type_support.c:40:8:micro_ros_msgs__msg__Graph__rosidl_typesupport_introspection_c__size_function__Graph__nodes	24	static
../Core/M4lib/include/micro_ros_msgs/msg/detail/graph__type_support.c:48:14:micro_ros_msgs__msg__Graph__rosidl_typesupport_introspection_c__get_const_function__Graph__nodes	24	static
../Core/M4lib/include/micro_ros_msgs/msg/detail/graph__type_support.c:56:8:micro_ros_msgs__msg__Graph__rosidl_typesupport_introspection_c__get_function__Graph__nodes	24	static
../Core/M4lib/include/micro_ros_msgs/msg/detail/graph__type_support.c:64:6:micro_ros_msgs__msg__Graph__rosidl_typesupport_introspection_c__fetch_function__Graph__nodes	40	static
../Core/M4lib/include/micro_ros_msgs/msg/detail/graph__type_support.c:75:6:micro_ros_msgs__msg__Graph__rosidl_typesupport_introspection_c__assign_function__Graph__nodes	40	static
../Core/M4lib/include/micro_ros_msgs/msg/detail/graph__type_support.c:86:6:micro_ros_msgs__msg__Graph__rosidl_typesupport_introspection_c__resize_function__Graph__nodes	24	static
../Core/M4lib/include/micro_ros_msgs/msg/detail/graph__type_support.c:138:1:rosidl_typesupport_introspection_c__get_message_type_support_handle__micro_ros_msgs__msg__Graph	8	static
