../Core/M4lib/include/shape_msgs/msg/detail/solid_primitive__functions.c:21:1:shape_msgs__msg__SolidPrimitive__init	16	static
../Core/M4lib/include/shape_msgs/msg/detail/solid_primitive__functions.c:41:1:shape_msgs__msg__SolidPrimitive__fini	16	static
../Core/M4lib/include/shape_msgs/msg/detail/solid_primitive__functions.c:54:1:shape_msgs__msg__SolidPrimitive__are_equal	16	static
../Core/M4lib/include/shape_msgs/msg/detail/solid_primitive__functions.c:79:1:shape_msgs__msg__SolidPrimitive__copy	16	static
../Core/M4lib/include/shape_msgs/msg/detail/solid_primitive__functions.c:104:1:shape_msgs__msg__SolidPrimitive__create	40	static
../Core/M4lib/include/shape_msgs/msg/detail/solid_primitive__functions.c:121:1:shape_msgs__msg__SolidPrimitive__destroy	40	static
../Core/M4lib/include/shape_msgs/msg/detail/solid_primitive__functions.c:132:1:shape_msgs__msg__SolidPrimitive__Sequence__init	48	static
../Core/M4lib/include/shape_msgs/msg/detail/solid_primitive__functions.c:169:1:shape_msgs__msg__SolidPrimitive__Sequence__fini	40	static
../Core/M4lib/include/shape_msgs/msg/detail/solid_primitive__functions.c:195:1:shape_msgs__msg__SolidPrimitive__Sequence__create	48	static
../Core/M4lib/include/shape_msgs/msg/detail/solid_primitive__functions.c:211:1:shape_msgs__msg__SolidPrimitive__Sequence__destroy	40	static
../Core/M4lib/include/shape_msgs/msg/detail/solid_primitive__functions.c:221:1:shape_msgs__msg__SolidPrimitive__Sequence__are_equal	24	static
../Core/M4lib/include/shape_msgs/msg/detail/solid_primitive__functions.c:238:1:shape_msgs__msg__SolidPrimitive__Sequence__copy	56	static
