../Core/M4lib/include/rcl_interfaces/srv/detail/get_parameter_types__type_support.c:24:6:rcl_interfaces__srv__GetParameterTypes_Request__rosidl_typesupport_introspection_c__GetParameterTypes_Request_init_function	16	static
../Core/M4lib/include/rcl_interfaces/srv/detail/get_parameter_types__type_support.c:33:6:rcl_interfaces__srv__GetParameterTypes_Request__rosidl_typesupport_introspection_c__GetParameterTypes_Request_fini_function	16	static
../Core/M4lib/include/rcl_interfaces/srv/detail/get_parameter_types__type_support.c:38:8:rcl_interfaces__srv__GetParameterTypes_Request__rosidl_typesupport_introspection_c__size_function__GetParameterTypes_Request__names	24	static
../Core/M4lib/include/rcl_interfaces/srv/detail/get_parameter_types__type_support.c:46:14:rcl_interfaces__srv__GetParameterTypes_Request__rosidl_typesupport_introspection_c__get_const_function__GetParameterTypes_Request__names	24	static
../Core/M4lib/include/rcl_interfaces/srv/detail/get_parameter_types__type_support.c:54:8:rcl_interfaces__srv__GetParameterTypes_Request__rosidl_typesupport_introspection_c__get_function__GetParameterTypes_Request__names	24	static
../Core/M4lib/include/rcl_interfaces/srv/detail/get_parameter_types__type_support.c:62:6:rcl_interfaces__srv__GetParameterTypes_Request__rosidl_typesupport_introspection_c__fetch_function__GetParameterTypes_Request__names	32	static
../Core/M4lib/include/rcl_interfaces/srv/detail/get_parameter_types__type_support.c:73:6:rcl_interfaces__srv__GetParameterTypes_Request__rosidl_typesupport_introspection_c__assign_function__GetParameterTypes_Request__names	32	static
../Core/M4lib/include/rcl_interfaces/srv/detail/get_parameter_types__type_support.c:84:6:rcl_interfaces__srv__GetParameterTypes_Request__rosidl_typesupport_introspection_c__resize_function__GetParameterTypes_Request__names	24	static
../Core/M4lib/include/rcl_interfaces/srv/detail/get_parameter_types__type_support.c:136:1:rosidl_typesupport_introspection_c__get_message_type_support_handle__rcl_interfaces__srv__GetParameterTypes_Request	4	static
../Core/M4lib/include/rcl_interfaces/srv/detail/get_parameter_types__type_support.c:174:6:rcl_interfaces__srv__GetParameterTypes_Response__rosidl_typesupport_introspection_c__GetParameterTypes_Response_init_function	16	static
../Core/M4lib/include/rcl_interfaces/srv/detail/get_parameter_types__type_support.c:183:6:rcl_interfaces__srv__GetParameterTypes_Response__rosidl_typesupport_introspection_c__GetParameterTypes_Response_fini_function	16	static
../Core/M4lib/include/rcl_interfaces/srv/detail/get_parameter_types__type_support.c:188:8:rcl_interfaces__srv__GetParameterTypes_Response__rosidl_typesupport_introspection_c__size_function__GetParameterTypes_Response__types	24	static
../Core/M4lib/include/rcl_interfaces/srv/detail/get_parameter_types__type_support.c:196:14:rcl_interfaces__srv__GetParameterTypes_Response__rosidl_typesupport_introspection_c__get_const_function__GetParameterTypes_Response__types	24	static
../Core/M4lib/include/rcl_interfaces/srv/detail/get_parameter_types__type_support.c:204:8:rcl_interfaces__srv__GetParameterTypes_Response__rosidl_typesupport_introspection_c__get_function__GetParameterTypes_Response__types	24	static
../Core/M4lib/include/rcl_interfaces/srv/detail/get_parameter_types__type_support.c:212:6:rcl_interfaces__srv__GetParameterTypes_Response__rosidl_typesupport_introspection_c__fetch_function__GetParameterTypes_Response__types	32	static
../Core/M4lib/include/rcl_interfaces/srv/detail/get_parameter_types__type_support.c:223:6:rcl_interfaces__srv__GetParameterTypes_Response__rosidl_typesupport_introspection_c__assign_function__GetParameterTypes_Response__types	32	static
../Core/M4lib/include/rcl_interfaces/srv/detail/get_parameter_types__type_support.c:234:6:rcl_interfaces__srv__GetParameterTypes_Response__rosidl_typesupport_introspection_c__resize_function__GetParameterTypes_Response__types	24	static
../Core/M4lib/include/rcl_interfaces/srv/detail/get_parameter_types__type_support.c:286:1:rosidl_typesupport_introspection_c__get_message_type_support_handle__rcl_interfaces__srv__GetParameterTypes_Response	4	static
../Core/M4lib/include/rcl_interfaces/srv/detail/get_parameter_types__type_support.c:333:6:rcl_interfaces__srv__GetParameterTypes_Event__rosidl_typesupport_introspection_c__GetParameterTypes_Event_init_function	16	static
../Core/M4lib/include/rcl_interfaces/srv/detail/get_parameter_types__type_support.c:342:6:rcl_interfaces__srv__GetParameterTypes_Event__rosidl_typesupport_introspection_c__GetParameterTypes_Event_fini_function	16	static
../Core/M4lib/include/rcl_interfaces/srv/detail/get_parameter_types__type_support.c:347:8:rcl_interfaces__srv__GetParameterTypes_Event__rosidl_typesupport_introspection_c__size_function__GetParameterTypes_Event__request	24	static
../Core/M4lib/include/rcl_interfaces/srv/detail/get_parameter_types__type_support.c:355:14:rcl_interfaces__srv__GetParameterTypes_Event__rosidl_typesupport_introspection_c__get_const_function__GetParameterTypes_Event__request	24	static
../Core/M4lib/include/rcl_interfaces/srv/detail/get_parameter_types__type_support.c:363:8:rcl_interfaces__srv__GetParameterTypes_Event__rosidl_typesupport_introspection_c__get_function__GetParameterTypes_Event__request	24	static
../Core/M4lib/include/rcl_interfaces/srv/detail/get_parameter_types__type_support.c:371:6:rcl_interfaces__srv__GetParameterTypes_Event__rosidl_typesupport_introspection_c__fetch_function__GetParameterTypes_Event__request	32	static
../Core/M4lib/include/rcl_interfaces/srv/detail/get_parameter_types__type_support.c:382:6:rcl_interfaces__srv__GetParameterTypes_Event__rosidl_typesupport_introspection_c__assign_function__GetParameterTypes_Event__request	32	static
../Core/M4lib/include/rcl_interfaces/srv/detail/get_parameter_types__type_support.c:393:6:rcl_interfaces__srv__GetParameterTypes_Event__rosidl_typesupport_introspection_c__resize_function__GetParameterTypes_Event__request	24	static
../Core/M4lib/include/rcl_interfaces/srv/detail/get_parameter_types__type_support.c:402:8:rcl_interfaces__srv__GetParameterTypes_Event__rosidl_typesupport_introspection_c__size_function__GetParameterTypes_Event__response	24	static
../Core/M4lib/include/rcl_interfaces/srv/detail/get_parameter_types__type_support.c:410:14:rcl_interfaces__srv__GetParameterTypes_Event__rosidl_typesupport_introspection_c__get_const_function__GetParameterTypes_Event__response	24	static
../Core/M4lib/include/rcl_interfaces/srv/detail/get_parameter_types__type_support.c:418:8:rcl_interfaces__srv__GetParameterTypes_Event__rosidl_typesupport_introspection_c__get_function__GetParameterTypes_Event__response	24	static
../Core/M4lib/include/rcl_interfaces/srv/detail/get_parameter_types__type_support.c:426:6:rcl_interfaces__srv__GetParameterTypes_Event__rosidl_typesupport_introspection_c__fetch_function__GetParameterTypes_Event__response	32	static
../Core/M4lib/include/rcl_interfaces/srv/detail/get_parameter_types__type_support.c:437:6:rcl_interfaces__srv__GetParameterTypes_Event__rosidl_typesupport_introspection_c__assign_function__GetParameterTypes_Event__response	32	static
../Core/M4lib/include/rcl_interfaces/srv/detail/get_parameter_types__type_support.c:448:6:rcl_interfaces__srv__GetParameterTypes_Event__rosidl_typesupport_introspection_c__resize_function__GetParameterTypes_Event__response	24	static
../Core/M4lib/include/rcl_interfaces/srv/detail/get_parameter_types__type_support.c:534:1:rosidl_typesupport_introspection_c__get_message_type_support_handle__rcl_interfaces__srv__GetParameterTypes_Event	8	static
../Core/M4lib/include/rcl_interfaces/srv/detail/get_parameter_types__type_support.c:610:1:rosidl_typesupport_introspection_c__get_service_type_support_handle__rcl_interfaces__srv__GetParameterTypes	16	static
