../Core/M4lib/include/rcl_interfaces/srv/detail/set_parameters__description.c:9:1:rcl_interfaces__srv__SetParameters__get_type_hash	16	static
../Core/M4lib/include/rcl_interfaces/srv/detail/set_parameters__description.c:24:1:rcl_interfaces__srv__SetParameters_Request__get_type_hash	16	static
../Core/M4lib/include/rcl_interfaces/srv/detail/set_parameters__description.c:39:1:rcl_interfaces__srv__SetParameters_Response__get_type_hash	16	static
../Core/M4lib/include/rcl_interfaces/srv/detail/set_parameters__description.c:54:1:rcl_interfaces__srv__SetParameters_Event__get_type_hash	16	static
../Core/M4lib/include/rcl_interfaces/srv/detail/set_parameters__description.c:195:1:rcl_interfaces__srv__SetParameters__get_type_description	16	static
../Core/M4lib/include/rcl_interfaces/srv/detail/set_parameters__description.c:253:1:rcl_interfaces__srv__SetParameters_Request__get_type_description	16	static
../Core/M4lib/include/rcl_interfaces/srv/detail/set_parameters__description.c:298:1:rcl_interfaces__srv__SetParameters_Response__get_type_description	16	static
../Core/M4lib/include/rcl_interfaces/srv/detail/set_parameters__description.c:387:1:rcl_interfaces__srv__SetParameters_Event__get_type_description	16	static
../Core/M4lib/include/rcl_interfaces/srv/detail/set_parameters__description.c:431:1:rcl_interfaces__srv__SetParameters__get_individual_type_description_source	16	static
../Core/M4lib/include/rcl_interfaces/srv/detail/set_parameters__description.c:444:1:rcl_interfaces__srv__SetParameters_Request__get_individual_type_description_source	16	static
../Core/M4lib/include/rcl_interfaces/srv/detail/set_parameters__description.c:457:1:rcl_interfaces__srv__SetParameters_Response__get_individual_type_description_source	16	static
../Core/M4lib/include/rcl_interfaces/srv/detail/set_parameters__description.c:470:1:rcl_interfaces__srv__SetParameters_Event__get_individual_type_description_source	16	static
../Core/M4lib/include/rcl_interfaces/srv/detail/set_parameters__description.c:483:1:rcl_interfaces__srv__SetParameters__get_type_description_sources	24	static
../Core/M4lib/include/rcl_interfaces/srv/detail/set_parameters__description.c:506:1:rcl_interfaces__srv__SetParameters_Request__get_type_description_sources	24	static
../Core/M4lib/include/rcl_interfaces/srv/detail/set_parameters__description.c:523:1:rcl_interfaces__srv__SetParameters_Response__get_type_description_sources	24	static
../Core/M4lib/include/rcl_interfaces/srv/detail/set_parameters__description.c:539:1:rcl_interfaces__srv__SetParameters_Event__get_type_description_sources	24	static
