../Core/M4lib/include/lifecycle_msgs/msg/detail/transition_description__type_support.c:32:6:lifecycle_msgs__msg__TransitionDescription__rosidl_typesupport_introspection_c__TransitionDescription_init_function	16	static
../Core/M4lib/include/lifecycle_msgs/msg/detail/transition_description__type_support.c:41:6:lifecycle_msgs__msg__TransitionDescription__rosidl_typesupport_introspection_c__TransitionDescription_fini_function	16	static
../Core/M4lib/include/lifecycle_msgs/msg/detail/transition_description__type_support.c:123:1:rosidl_typesupport_introspection_c__get_message_type_support_handle__lifecycle_msgs__msg__TransitionDescription	8	static
