../Core/M4lib/include/lifecycle_msgs/msg/detail/transition_event__functions.c:22:1:lifecycle_msgs__msg__TransitionEvent__init	16	static
../Core/M4lib/include/lifecycle_msgs/msg/detail/transition_event__functions.c:47:1:lifecycle_msgs__msg__TransitionEvent__fini	16	static
../Core/M4lib/include/lifecycle_msgs/msg/detail/transition_event__functions.c:62:1:lifecycle_msgs__msg__TransitionEvent__are_equal	16	static
../Core/M4lib/include/lifecycle_msgs/msg/detail/transition_event__functions.c:93:1:lifecycle_msgs__msg__TransitionEvent__copy	16	static
../Core/M4lib/include/lifecycle_msgs/msg/detail/transition_event__functions.c:124:1:lifecycle_msgs__msg__TransitionEvent__create	40	static
../Core/M4lib/include/lifecycle_msgs/msg/detail/transition_event__functions.c:141:1:lifecycle_msgs__msg__TransitionEvent__destroy	40	static
../Core/M4lib/include/lifecycle_msgs/msg/detail/transition_event__functions.c:152:1:lifecycle_msgs__msg__TransitionEvent__Sequence__init	48	static
../Core/M4lib/include/lifecycle_msgs/msg/detail/transition_event__functions.c:189:1:lifecycle_msgs__msg__TransitionEvent__Sequence__fini	40	static
../Core/M4lib/include/lifecycle_msgs/msg/detail/transition_event__functions.c:215:1:lifecycle_msgs__msg__TransitionEvent__Sequence__create	48	static
../Core/M4lib/include/lifecycle_msgs/msg/detail/transition_event__functions.c:231:1:lifecycle_msgs__msg__TransitionEvent__Sequence__destroy	40	static
../Core/M4lib/include/lifecycle_msgs/msg/detail/transition_event__functions.c:241:1:lifecycle_msgs__msg__TransitionEvent__Sequence__are_equal	24	static
../Core/M4lib/include/lifecycle_msgs/msg/detail/transition_event__functions.c:258:1:lifecycle_msgs__msg__TransitionEvent__Sequence__copy	56	static
