../Core/M4lib/include/unique_identifier_msgs/msg/detail/uuid__functions.c:15:1:unique_identifier_msgs__msg__UUID__init	16	static
../Core/M4lib/include/unique_identifier_msgs/msg/detail/uuid__functions.c:25:1:unique_identifier_msgs__msg__UUID__fini	16	static
../Core/M4lib/include/unique_identifier_msgs/msg/detail/uuid__functions.c:34:1:unique_identifier_msgs__msg__UUID__are_equal	24	static
../Core/M4lib/include/unique_identifier_msgs/msg/detail/uuid__functions.c:49:1:unique_identifier_msgs__msg__UUID__copy	24	static
../Core/M4lib/include/unique_identifier_msgs/msg/detail/uuid__functions.c:64:1:unique_identifier_msgs__msg__UUID__create	40	static
../Core/M4lib/include/unique_identifier_msgs/msg/detail/uuid__functions.c:81:1:unique_identifier_msgs__msg__UUID__destroy	40	static
../Core/M4lib/include/unique_identifier_msgs/msg/detail/uuid__functions.c:92:1:unique_identifier_msgs__msg__UUID__Sequence__init	48	static
../Core/M4lib/include/unique_identifier_msgs/msg/detail/uuid__functions.c:129:1:unique_identifier_msgs__msg__UUID__Sequence__fini	40	static
../Core/M4lib/include/unique_identifier_msgs/msg/detail/uuid__functions.c:155:1:unique_identifier_msgs__msg__UUID__Sequence__create	48	static
../Core/M4lib/include/unique_identifier_msgs/msg/detail/uuid__functions.c:171:1:unique_identifier_msgs__msg__UUID__Sequence__destroy	40	static
../Core/M4lib/include/unique_identifier_msgs/msg/detail/uuid__functions.c:181:1:unique_identifier_msgs__msg__UUID__Sequence__are_equal	24	static
../Core/M4lib/include/unique_identifier_msgs/msg/detail/uuid__functions.c:198:1:unique_identifier_msgs__msg__UUID__Sequence__copy	56	static
