../Core/M4lib/include/nav_msgs/srv/detail/get_map__description.c:9:1:nav_msgs__srv__GetMap__get_type_hash	16	static
../Core/M4lib/include/nav_msgs/srv/detail/get_map__description.c:24:1:nav_msgs__srv__GetMap_Request__get_type_hash	16	static
../Core/M4lib/include/nav_msgs/srv/detail/get_map__description.c:39:1:nav_msgs__srv__GetMap_Response__get_type_hash	16	static
../Core/M4lib/include/nav_msgs/srv/detail/get_map__description.c:54:1:nav_msgs__srv__GetMap_Event__get_type_hash	16	static
../Core/M4lib/include/nav_msgs/srv/detail/get_map__description.c:231:1:nav_msgs__srv__GetMap__get_type_description	16	static
../Core/M4lib/include/nav_msgs/srv/detail/get_map__description.c:284:1:nav_msgs__srv__GetMap_Request__get_type_description	16	static
../Core/M4lib/include/nav_msgs/srv/detail/get_map__description.c:349:1:nav_msgs__srv__GetMap_Response__get_type_description	16	static
../Core/M4lib/include/nav_msgs/srv/detail/get_map__description.c:462:1:nav_msgs__srv__GetMap_Event__get_type_description	16	static
../Core/M4lib/include/nav_msgs/srv/detail/get_map__description.c:510:1:nav_msgs__srv__GetMap__get_individual_type_description_source	16	static
../Core/M4lib/include/nav_msgs/srv/detail/get_map__description.c:523:1:nav_msgs__srv__GetMap_Request__get_individual_type_description_source	16	static
../Core/M4lib/include/nav_msgs/srv/detail/get_map__description.c:536:1:nav_msgs__srv__GetMap_Response__get_individual_type_description_source	16	static
../Core/M4lib/include/nav_msgs/srv/detail/get_map__description.c:549:1:nav_msgs__srv__GetMap_Event__get_individual_type_description_source	16	static
../Core/M4lib/include/nav_msgs/srv/detail/get_map__description.c:562:1:nav_msgs__srv__GetMap__get_type_description_sources	24	static
../Core/M4lib/include/nav_msgs/srv/detail/get_map__description.c:588:1:nav_msgs__srv__GetMap_Request__get_type_description_sources	24	static
../Core/M4lib/include/nav_msgs/srv/detail/get_map__description.c:603:1:nav_msgs__srv__GetMap_Response__get_type_description_sources	24	static
../Core/M4lib/include/nav_msgs/srv/detail/get_map__description.c:625:1:nav_msgs__srv__GetMap_Event__get_type_description_sources	24	static
