../Core/M4lib/include/nav_msgs/srv/detail/set_map__description.c:9:1:nav_msgs__srv__SetMap__get_type_hash	16	static
../Core/M4lib/include/nav_msgs/srv/detail/set_map__description.c:24:1:nav_msgs__srv__SetMap_Request__get_type_hash	16	static
../Core/M4lib/include/nav_msgs/srv/detail/set_map__description.c:39:1:nav_msgs__srv__SetMap_Response__get_type_hash	16	static
../Core/M4lib/include/nav_msgs/srv/detail/set_map__description.c:54:1:nav_msgs__srv__SetMap_Event__get_type_hash	16	static
../Core/M4lib/include/nav_msgs/srv/detail/set_map__description.c:255:1:nav_msgs__srv__SetMap__get_type_description	16	static
../Core/M4lib/include/nav_msgs/srv/detail/set_map__description.c:362:1:nav_msgs__srv__SetMap_Request__get_type_description	16	static
../Core/M4lib/include/nav_msgs/srv/detail/set_map__description.c:414:1:nav_msgs__srv__SetMap_Response__get_type_description	16	static
../Core/M4lib/include/nav_msgs/srv/detail/set_map__description.c:521:1:nav_msgs__srv__SetMap_Event__get_type_description	16	static
../Core/M4lib/include/nav_msgs/srv/detail/set_map__description.c:580:1:nav_msgs__srv__SetMap__get_individual_type_description_source	16	static
../Core/M4lib/include/nav_msgs/srv/detail/set_map__description.c:593:1:nav_msgs__srv__SetMap_Request__get_individual_type_description_source	16	static
../Core/M4lib/include/nav_msgs/srv/detail/set_map__description.c:606:1:nav_msgs__srv__SetMap_Response__get_individual_type_description_source	16	static
../Core/M4lib/include/nav_msgs/srv/detail/set_map__description.c:619:1:nav_msgs__srv__SetMap_Event__get_individual_type_description_source	16	static
../Core/M4lib/include/nav_msgs/srv/detail/set_map__description.c:632:1:nav_msgs__srv__SetMap__get_type_description_sources	24	static
../Core/M4lib/include/nav_msgs/srv/detail/set_map__description.c:660:1:nav_msgs__srv__SetMap_Request__get_type_description_sources	24	static
../Core/M4lib/include/nav_msgs/srv/detail/set_map__description.c:684:1:nav_msgs__srv__SetMap_Response__get_type_description_sources	24	static
../Core/M4lib/include/nav_msgs/srv/detail/set_map__description.c:699:1:nav_msgs__srv__SetMap_Event__get_type_description_sources	24	static
