../Core/M4lib/include/sensor_msgs/msg/detail/camera_info__functions.c:25:1:sensor_msgs__msg__CameraInfo__init	16	static
../Core/M4lib/include/sensor_msgs/msg/detail/camera_info__functions.c:61:1:sensor_msgs__msg__CameraInfo__fini	16	static
../Core/M4lib/include/sensor_msgs/msg/detail/camera_info__functions.c:84:1:sensor_msgs__msg__CameraInfo__are_equal	32	static
../Core/M4lib/include/sensor_msgs/msg/detail/camera_info__functions.c:151:1:sensor_msgs__msg__CameraInfo__copy	32	static
../Core/M4lib/include/sensor_msgs/msg/detail/camera_info__functions.c:206:1:sensor_msgs__msg__CameraInfo__create	40	static
../Core/M4lib/include/sensor_msgs/msg/detail/camera_info__functions.c:223:1:sensor_msgs__msg__CameraInfo__destroy	40	static
../Core/M4lib/include/sensor_msgs/msg/detail/camera_info__functions.c:234:1:sensor_msgs__msg__CameraInfo__Sequence__init	48	static
../Core/M4lib/include/sensor_msgs/msg/detail/camera_info__functions.c:271:1:sensor_msgs__msg__CameraInfo__Sequence__fini	40	static
../Core/M4lib/include/sensor_msgs/msg/detail/camera_info__functions.c:297:1:sensor_msgs__msg__CameraInfo__Sequence__create	48	static
../Core/M4lib/include/sensor_msgs/msg/detail/camera_info__functions.c:313:1:sensor_msgs__msg__CameraInfo__Sequence__destroy	40	static
../Core/M4lib/include/sensor_msgs/msg/detail/camera_info__functions.c:323:1:sensor_msgs__msg__CameraInfo__Sequence__are_equal	24	static
../Core/M4lib/include/sensor_msgs/msg/detail/camera_info__functions.c:340:1:sensor_msgs__msg__CameraInfo__Sequence__copy	56	static
