../Core/M4lib/include/test_msgs/srv/detail/basic_types__type_support.c:24:6:test_msgs__srv__BasicTypes_Request__rosidl_typesupport_introspection_c__BasicTypes_Request_init_function	16	static
../Core/M4lib/include/test_msgs/srv/detail/basic_types__type_support.c:33:6:test_msgs__srv__BasicTypes_Request__rosidl_typesupport_introspection_c__BasicTypes_Request_fini_function	16	static
../Core/M4lib/include/test_msgs/srv/detail/basic_types__type_support.c:302:1:rosidl_typesupport_introspection_c__get_message_type_support_handle__test_msgs__srv__BasicTypes_Request	4	static
../Core/M4lib/include/test_msgs/srv/detail/basic_types__type_support.c:341:6:test_msgs__srv__BasicTypes_Response__rosidl_typesupport_introspection_c__BasicTypes_Response_init_function	16	static
../Core/M4lib/include/test_msgs/srv/detail/basic_types__type_support.c:350:6:test_msgs__srv__BasicTypes_Response__rosidl_typesupport_introspection_c__BasicTypes_Response_fini_function	16	static
../Core/M4lib/include/test_msgs/srv/detail/basic_types__type_support.c:619:1:rosidl_typesupport_introspection_c__get_message_type_support_handle__test_msgs__srv__BasicTypes_Response	4	static
../Core/M4lib/include/test_msgs/srv/detail/basic_types__type_support.c:666:6:test_msgs__srv__BasicTypes_Event__rosidl_typesupport_introspection_c__BasicTypes_Event_init_function	16	static
../Core/M4lib/include/test_msgs/srv/detail/basic_types__type_support.c:675:6:test_msgs__srv__BasicTypes_Event__rosidl_typesupport_introspection_c__BasicTypes_Event_fini_function	16	static
../Core/M4lib/include/test_msgs/srv/detail/basic_types__type_support.c:680:8:test_msgs__srv__BasicTypes_Event__rosidl_typesupport_introspection_c__size_function__BasicTypes_Event__request	24	static
../Core/M4lib/include/test_msgs/srv/detail/basic_types__type_support.c:688:14:test_msgs__srv__BasicTypes_Event__rosidl_typesupport_introspection_c__get_const_function__BasicTypes_Event__request	24	static
../Core/M4lib/include/test_msgs/srv/detail/basic_types__type_support.c:696:8:test_msgs__srv__BasicTypes_Event__rosidl_typesupport_introspection_c__get_function__BasicTypes_Event__request	24	static
../Core/M4lib/include/test_msgs/srv/detail/basic_types__type_support.c:704:6:test_msgs__srv__BasicTypes_Event__rosidl_typesupport_introspection_c__fetch_function__BasicTypes_Event__request	40	static
../Core/M4lib/include/test_msgs/srv/detail/basic_types__type_support.c:715:6:test_msgs__srv__BasicTypes_Event__rosidl_typesupport_introspection_c__assign_function__BasicTypes_Event__request	40	static
../Core/M4lib/include/test_msgs/srv/detail/basic_types__type_support.c:726:6:test_msgs__srv__BasicTypes_Event__rosidl_typesupport_introspection_c__resize_function__BasicTypes_Event__request	24	static
../Core/M4lib/include/test_msgs/srv/detail/basic_types__type_support.c:735:8:test_msgs__srv__BasicTypes_Event__rosidl_typesupport_introspection_c__size_function__BasicTypes_Event__response	24	static
../Core/M4lib/include/test_msgs/srv/detail/basic_types__type_support.c:743:14:test_msgs__srv__BasicTypes_Event__rosidl_typesupport_introspection_c__get_const_function__BasicTypes_Event__response	24	static
../Core/M4lib/include/test_msgs/srv/detail/basic_types__type_support.c:751:8:test_msgs__srv__BasicTypes_Event__rosidl_typesupport_introspection_c__get_function__BasicTypes_Event__response	24	static
../Core/M4lib/include/test_msgs/srv/detail/basic_types__type_support.c:759:6:test_msgs__srv__BasicTypes_Event__rosidl_typesupport_introspection_c__fetch_function__BasicTypes_Event__response	40	static
../Core/M4lib/include/test_msgs/srv/detail/basic_types__type_support.c:770:6:test_msgs__srv__BasicTypes_Event__rosidl_typesupport_introspection_c__assign_function__BasicTypes_Event__response	40	static
../Core/M4lib/include/test_msgs/srv/detail/basic_types__type_support.c:781:6:test_msgs__srv__BasicTypes_Event__rosidl_typesupport_introspection_c__resize_function__BasicTypes_Event__response	24	static
../Core/M4lib/include/test_msgs/srv/detail/basic_types__type_support.c:867:1:rosidl_typesupport_introspection_c__get_message_type_support_handle__test_msgs__srv__BasicTypes_Event	8	static
../Core/M4lib/include/test_msgs/srv/detail/basic_types__type_support.c:943:1:rosidl_typesupport_introspection_c__get_service_type_support_handle__test_msgs__srv__BasicTypes	16	static
