../Core/M4lib/include/test_msgs/srv/detail/empty__functions.c:14:1:test_msgs__srv__Empty_Request__init	16	static
../Core/M4lib/include/test_msgs/srv/detail/empty__functions.c:24:1:test_msgs__srv__Empty_Request__fini	16	static
../Core/M4lib/include/test_msgs/srv/detail/empty__functions.c:33:1:test_msgs__srv__Empty_Request__are_equal	16	static
../Core/M4lib/include/test_msgs/srv/detail/empty__functions.c:46:1:test_msgs__srv__Empty_Request__copy	16	static
../Core/M4lib/include/test_msgs/srv/detail/empty__functions.c:59:1:test_msgs__srv__Empty_Request__create	40	static
../Core/M4lib/include/test_msgs/srv/detail/empty__functions.c:76:1:test_msgs__srv__Empty_Request__destroy	40	static
../Core/M4lib/include/test_msgs/srv/detail/empty__functions.c:87:1:test_msgs__srv__Empty_Request__Sequence__init	48	static
../Core/M4lib/include/test_msgs/srv/detail/empty__functions.c:124:1:test_msgs__srv__Empty_Request__Sequence__fini	40	static
../Core/M4lib/include/test_msgs/srv/detail/empty__functions.c:150:1:test_msgs__srv__Empty_Request__Sequence__create	48	static
../Core/M4lib/include/test_msgs/srv/detail/empty__functions.c:166:1:test_msgs__srv__Empty_Request__Sequence__destroy	40	static
../Core/M4lib/include/test_msgs/srv/detail/empty__functions.c:176:1:test_msgs__srv__Empty_Request__Sequence__are_equal	24	static
../Core/M4lib/include/test_msgs/srv/detail/empty__functions.c:193:1:test_msgs__srv__Empty_Request__Sequence__copy	56	static
../Core/M4lib/include/test_msgs/srv/detail/empty__functions.c:239:1:test_msgs__srv__Empty_Response__init	16	static
../Core/M4lib/include/test_msgs/srv/detail/empty__functions.c:249:1:test_msgs__srv__Empty_Response__fini	16	static
../Core/M4lib/include/test_msgs/srv/detail/empty__functions.c:258:1:test_msgs__srv__Empty_Response__are_equal	16	static
../Core/M4lib/include/test_msgs/srv/detail/empty__functions.c:271:1:test_msgs__srv__Empty_Response__copy	16	static
../Core/M4lib/include/test_msgs/srv/detail/empty__functions.c:284:1:test_msgs__srv__Empty_Response__create	40	static
../Core/M4lib/include/test_msgs/srv/detail/empty__functions.c:301:1:test_msgs__srv__Empty_Response__destroy	40	static
../Core/M4lib/include/test_msgs/srv/detail/empty__functions.c:312:1:test_msgs__srv__Empty_Response__Sequence__init	48	static
../Core/M4lib/include/test_msgs/srv/detail/empty__functions.c:349:1:test_msgs__srv__Empty_Response__Sequence__fini	40	static
../Core/M4lib/include/test_msgs/srv/detail/empty__functions.c:375:1:test_msgs__srv__Empty_Response__Sequence__create	48	static
../Core/M4lib/include/test_msgs/srv/detail/empty__functions.c:391:1:test_msgs__srv__Empty_Response__Sequence__destroy	40	static
../Core/M4lib/include/test_msgs/srv/detail/empty__functions.c:401:1:test_msgs__srv__Empty_Response__Sequence__are_equal	24	static
../Core/M4lib/include/test_msgs/srv/detail/empty__functions.c:418:1:test_msgs__srv__Empty_Response__Sequence__copy	56	static
../Core/M4lib/include/test_msgs/srv/detail/empty__functions.c:472:1:test_msgs__srv__Empty_Event__init	16	static
../Core/M4lib/include/test_msgs/srv/detail/empty__functions.c:496:1:test_msgs__srv__Empty_Event__fini	16	static
../Core/M4lib/include/test_msgs/srv/detail/empty__functions.c:510:1:test_msgs__srv__Empty_Event__are_equal	16	static
../Core/M4lib/include/test_msgs/srv/detail/empty__functions.c:537:1:test_msgs__srv__Empty_Event__copy	16	static
../Core/M4lib/include/test_msgs/srv/detail/empty__functions.c:566:1:test_msgs__srv__Empty_Event__create	40	static
../Core/M4lib/include/test_msgs/srv/detail/empty__functions.c:583:1:test_msgs__srv__Empty_Event__destroy	40	static
../Core/M4lib/include/test_msgs/srv/detail/empty__functions.c:594:1:test_msgs__srv__Empty_Event__Sequence__init	48	static
../Core/M4lib/include/test_msgs/srv/detail/empty__functions.c:631:1:test_msgs__srv__Empty_Event__Sequence__fini	40	static
../Core/M4lib/include/test_msgs/srv/detail/empty__functions.c:657:1:test_msgs__srv__Empty_Event__Sequence__create	48	static
../Core/M4lib/include/test_msgs/srv/detail/empty__functions.c:673:1:test_msgs__srv__Empty_Event__Sequence__destroy	40	static
../Core/M4lib/include/test_msgs/srv/detail/empty__functions.c:683:1:test_msgs__srv__Empty_Event__Sequence__are_equal	24	static
../Core/M4lib/include/test_msgs/srv/detail/empty__functions.c:700:1:test_msgs__srv__Empty_Event__Sequence__copy	56	static
