../Core/M4lib/include/actionlib_msgs/msg/detail/goal_id__functions.c:21:1:actionlib_msgs__msg__GoalID__init	16	static
../Core/M4lib/include/actionlib_msgs/msg/detail/goal_id__functions.c:40:1:actionlib_msgs__msg__GoalID__fini	16	static
../Core/M4lib/include/actionlib_msgs/msg/detail/goal_id__functions.c:52:1:actionlib_msgs__msg__GoalID__are_equal	16	static
../Core/M4lib/include/actionlib_msgs/msg/detail/goal_id__functions.c:73:1:actionlib_msgs__msg__GoalID__copy	16	static
../Core/M4lib/include/actionlib_msgs/msg/detail/goal_id__functions.c:96:1:actionlib_msgs__msg__GoalID__create	40	static
../Core/M4lib/include/actionlib_msgs/msg/detail/goal_id__functions.c:113:1:actionlib_msgs__msg__GoalID__destroy	40	static
../Core/M4lib/include/actionlib_msgs/msg/detail/goal_id__functions.c:124:1:actionlib_msgs__msg__GoalID__Sequence__init	48	static
../Core/M4lib/include/actionlib_msgs/msg/detail/goal_id__functions.c:161:1:actionlib_msgs__msg__GoalID__Sequence__fini	40	static
../Core/M4lib/include/actionlib_msgs/msg/detail/goal_id__functions.c:187:1:actionlib_msgs__msg__GoalID__Sequence__create	48	static
../Core/M4lib/include/actionlib_msgs/msg/detail/goal_id__functions.c:203:1:actionlib_msgs__msg__GoalID__Sequence__destroy	40	static
../Core/M4lib/include/actionlib_msgs/msg/detail/goal_id__functions.c:213:1:actionlib_msgs__msg__GoalID__Sequence__are_equal	24	static
../Core/M4lib/include/actionlib_msgs/msg/detail/goal_id__functions.c:230:1:actionlib_msgs__msg__GoalID__Sequence__copy	56	static
