../Core/M4lib/include/shape_msgs/msg/detail/solid_primitive__type_support.c:28:6:shape_msgs__msg__SolidPrimitive__rosidl_typesupport_introspection_c__SolidPrimitive_init_function	16	static
../Core/M4lib/include/shape_msgs/msg/detail/solid_primitive__type_support.c:37:6:shape_msgs__msg__SolidPrimitive__rosidl_typesupport_introspection_c__SolidPrimitive_fini_function	16	static
../Core/M4lib/include/shape_msgs/msg/detail/solid_primitive__type_support.c:42:8:shape_msgs__msg__SolidPrimitive__rosidl_typesupport_introspection_c__size_function__SolidPrimitive__dimensions	24	static
../Core/M4lib/include/shape_msgs/msg/detail/solid_primitive__type_support.c:50:14:shape_msgs__msg__SolidPrimitive__rosidl_typesupport_introspection_c__get_const_function__SolidPrimitive__dimensions	24	static
../Core/M4lib/include/shape_msgs/msg/detail/solid_primitive__type_support.c:58:8:shape_msgs__msg__SolidPrimitive__rosidl_typesupport_introspection_c__get_function__SolidPrimitive__dimensions	24	static
../Core/M4lib/include/shape_msgs/msg/detail/solid_primitive__type_support.c:66:6:shape_msgs__msg__SolidPrimitive__rosidl_typesupport_introspection_c__fetch_function__SolidPrimitive__dimensions	32	static
../Core/M4lib/include/shape_msgs/msg/detail/solid_primitive__type_support.c:77:6:shape_msgs__msg__SolidPrimitive__rosidl_typesupport_introspection_c__assign_function__SolidPrimitive__dimensions	32	static
../Core/M4lib/include/shape_msgs/msg/detail/solid_primitive__type_support.c:88:6:shape_msgs__msg__SolidPrimitive__rosidl_typesupport_introspection_c__resize_function__SolidPrimitive__dimensions	24	static
../Core/M4lib/include/shape_msgs/msg/detail/solid_primitive__type_support.c:174:1:rosidl_typesupport_introspection_c__get_message_type_support_handle__shape_msgs__msg__SolidPrimitive	8	static
