../Core/M4lib/include/geometry_msgs/msg/detail/point32__functions.c:15:1:geometry_msgs__msg__Point32__init	16	static
../Core/M4lib/include/geometry_msgs/msg/detail/point32__functions.c:27:1:geometry_msgs__msg__Point32__fini	16	static
../Core/M4lib/include/geometry_msgs/msg/detail/point32__functions.c:38:1:geometry_msgs__msg__Point32__are_equal	16	static
../Core/M4lib/include/geometry_msgs/msg/detail/point32__functions.c:59:1:geometry_msgs__msg__Point32__copy	16	static
../Core/M4lib/include/geometry_msgs/msg/detail/point32__functions.c:76:1:geometry_msgs__msg__Point32__create	40	static
../Core/M4lib/include/geometry_msgs/msg/detail/point32__functions.c:93:1:geometry_msgs__msg__Point32__destroy	40	static
../Core/M4lib/include/geometry_msgs/msg/detail/point32__functions.c:104:1:geometry_msgs__msg__Point32__Sequence__init	48	static
../Core/M4lib/include/geometry_msgs/msg/detail/point32__functions.c:141:1:geometry_msgs__msg__Point32__Sequence__fini	40	static
../Core/M4lib/include/geometry_msgs/msg/detail/point32__functions.c:167:1:geometry_msgs__msg__Point32__Sequence__create	48	static
../Core/M4lib/include/geometry_msgs/msg/detail/point32__functions.c:183:1:geometry_msgs__msg__Point32__Sequence__destroy	40	static
../Core/M4lib/include/geometry_msgs/msg/detail/point32__functions.c:193:1:geometry_msgs__msg__Point32__Sequence__are_equal	24	static
../Core/M4lib/include/geometry_msgs/msg/detail/point32__functions.c:210:1:geometry_msgs__msg__Point32__Sequence__copy	56	static
