../Core/M4lib/include/geometry_msgs/msg/detail/pose2_d__functions.c:15:1:geometry_msgs__msg__Pose2D__init	16	static
../Core/M4lib/include/geometry_msgs/msg/detail/pose2_d__functions.c:27:1:geometry_msgs__msg__Pose2D__fini	16	static
../Core/M4lib/include/geometry_msgs/msg/detail/pose2_d__functions.c:38:1:geometry_msgs__msg__Pose2D__are_equal	16	static
../Core/M4lib/include/geometry_msgs/msg/detail/pose2_d__functions.c:59:1:geometry_msgs__msg__Pose2D__copy	16	static
../Core/M4lib/include/geometry_msgs/msg/detail/pose2_d__functions.c:76:1:geometry_msgs__msg__Pose2D__create	40	static
../Core/M4lib/include/geometry_msgs/msg/detail/pose2_d__functions.c:93:1:geometry_msgs__msg__Pose2D__destroy	40	static
../Core/M4lib/include/geometry_msgs/msg/detail/pose2_d__functions.c:104:1:geometry_msgs__msg__Pose2D__Sequence__init	48	static
../Core/M4lib/include/geometry_msgs/msg/detail/pose2_d__functions.c:141:1:geometry_msgs__msg__Pose2D__Sequence__fini	40	static
../Core/M4lib/include/geometry_msgs/msg/detail/pose2_d__functions.c:167:1:geometry_msgs__msg__Pose2D__Sequence__create	48	static
../Core/M4lib/include/geometry_msgs/msg/detail/pose2_d__functions.c:183:1:geometry_msgs__msg__Pose2D__Sequence__destroy	40	static
../Core/M4lib/include/geometry_msgs/msg/detail/pose2_d__functions.c:193:1:geometry_msgs__msg__Pose2D__Sequence__are_equal	24	static
../Core/M4lib/include/geometry_msgs/msg/detail/pose2_d__functions.c:210:1:geometry_msgs__msg__Pose2D__Sequence__copy	56	static
