../Core/M4lib/include/geometry_msgs/msg/detail/transform_stamped__type_support.c:32:6:geometry_msgs__msg__TransformStamped__rosidl_typesupport_introspection_c__TransformStamped_init_function	16	static
../Core/M4lib/include/geometry_msgs/msg/detail/transform_stamped__type_support.c:41:6:geometry_msgs__msg__TransformStamped__rosidl_typesupport_introspection_c__TransformStamped_fini_function	16	static
../Core/M4lib/include/geometry_msgs/msg/detail/transform_stamped__type_support.c:123:1:rosidl_typesupport_introspection_c__get_message_type_support_handle__geometry_msgs__msg__TransformStamped	8	static
