../Core/M4lib/include/geometry_msgs/msg/detail/wrench__functions.c:20:1:geometry_msgs__msg__Wrench__init	16	static
../Core/M4lib/include/geometry_msgs/msg/detail/wrench__functions.c:39:1:geometry_msgs__msg__Wrench__fini	16	static
../Core/M4lib/include/geometry_msgs/msg/detail/wrench__functions.c:51:1:geometry_msgs__msg__Wrench__are_equal	16	static
../Core/M4lib/include/geometry_msgs/msg/detail/wrench__functions.c:72:1:geometry_msgs__msg__Wrench__copy	16	static
../Core/M4lib/include/geometry_msgs/msg/detail/wrench__functions.c:95:1:geometry_msgs__msg__Wrench__create	40	static
../Core/M4lib/include/geometry_msgs/msg/detail/wrench__functions.c:112:1:geometry_msgs__msg__Wrench__destroy	40	static
../Core/M4lib/include/geometry_msgs/msg/detail/wrench__functions.c:123:1:geometry_msgs__msg__Wrench__Sequence__init	48	static
../Core/M4lib/include/geometry_msgs/msg/detail/wrench__functions.c:160:1:geometry_msgs__msg__Wrench__Sequence__fini	40	static
../Core/M4lib/include/geometry_msgs/msg/detail/wrench__functions.c:186:1:geometry_msgs__msg__Wrench__Sequence__create	48	static
../Core/M4lib/include/geometry_msgs/msg/detail/wrench__functions.c:202:1:geometry_msgs__msg__Wrench__Sequence__destroy	40	static
../Core/M4lib/include/geometry_msgs/msg/detail/wrench__functions.c:212:1:geometry_msgs__msg__Wrench__Sequence__are_equal	24	static
../Core/M4lib/include/geometry_msgs/msg/detail/wrench__functions.c:229:1:geometry_msgs__msg__Wrench__Sequence__copy	56	static
